******************************************************************************
                  TI ARM Linker PC v18.1.3                     
******************************************************************************
>> Linked Sat Dec  1 15:29:37 2018

OUTPUT FILE NAME:   <usb_keyb_dev.out>
ENTRY POINT SYMBOL: "_c_int00_noargs"  address: 00002dd5


MEMORY CONFIGURATION

         name            origin    length      used     unused   attr    fill
----------------------  --------  ---------  --------  --------  ----  --------
  FLASH                 00000000   00040000  00003cea  0003c316  R  X
  SRAM                  20000000   00008000  00000ef0  00007110  RW X


SEGMENT ALLOCATION MAP

run origin  load origin   length   init length attrs members
----------  ----------- ---------- ----------- ----- -------
00000000    00000000    00003cf0   00003cf0    r-x
  00000000    00000000    0000026c   0000026c    r-- .intvecs
  0000026c    0000026c    00003746   00003746    r-x .text
  000039b4    000039b4    00000260   00000260    r-- .const
  00003c18    00003c18    000000d8   000000d8    r-- .cinit
20000000    20000000    00000ef4   00000000    rw-
  20000000    20000000    00000974   00000000    rw- .bss
  20000978    20000978    00000400   00000000    rw- .stack
  20000d78    20000d78    0000017c   00000000    rw- .data


SECTION ALLOCATION MAP

 output                                  attributes/
section   page    origin      length       input sections
--------  ----  ----------  ----------   ----------------
.intvecs   0    00000000    0000026c     
                  00000000    0000026c     tm4c123gh6pm_startup_ccs.obj (.intvecs)

.text      0    0000026c    00003746     
                  0000026c    00000160     uartstdio.obj (.text:UARTStdioIntHandler)
                  000003cc    00000160     usblib.lib : usbdma.obj (.text:USBLibDMAInit)
                  0000052c    00000150                : usbdenum.obj (.text:USBDCDInit)
                  0000067c    00000150                : usbdenum.obj (.text:USBDEP0StateTxConfig)
                  000007cc    00000150                : usbdenum.obj (.text:USBDeviceIntHandlerInternal)
                  0000091c    00000148                : usbdconfig.obj (.text:USBDeviceConfig)
                  00000a64    00000134     main.obj (.text:configureUSB)
                  00000b98    000000f4     usblib.lib : usbdma.obj (.text:iDMAUSBTransfer)
                  00000c8c    000000e4                : usbdenum.obj (.text:USBDGetDescriptor)
                  00000d70    000000dc     usb_serial.obj (.text:ControlHandler)
                  00000e4c    000000d8     usblib.lib : usbdcdc.obj (.text:USBDCDCCompositeInit)
                  00000f24    000000d8                : usbdenum.obj (.text:USBDeviceEnumHandler)
                  00000ffc    000000d4                : usbdcdc.obj (.text:HandleRequests)
                  000010d0    000000c8     main.obj (.text:main)
                  00001198    000000c4     usblib.lib : usbdma.obj (.text:uDMAUSBChannelAllocate)
                  0000125c    000000be                : usbbuffer.obj (.text:HandleRxAvailable)
                  0000131a    000000bc                : usbdma.obj (.text:uDMAUSBTransfer)
                  000013d6    000000b4                : usbdcdc.obj (.text:HandleDevice)
                  0000148a    00000002     tm4c123gh6pm_startup_ccs.obj (.text:FaultISR)
                  0000148c    000000a8     uartstdio.obj (.text:UARTwrite)
                  00001534    0000009c     rtsv7M4_T_le_v4SPD16_eabi.lib : memcpy_t2.asm.obj (.text)
                  000015d0    00000098     usblib.lib : usbdenum.obj (.text:USBDSetInterface)
                  00001668    00000096                : usbdcdc.obj (.text:CDCTickHandler)
                  000016fe    00000094                : usbdcdc.obj (.text:SendSerialState)
                  00001792    00000092                : usbbuffer.obj (.text:ScheduleNextTransmission)
                  00001824    00000090                : usbdcdc.obj (.text:USBDCDCPacketRead)
                  000018b4    00000090                : usbdenum.obj (.text:USBDSetConfiguration)
                  00001944    0000008c     usb_serial.obj (.text:GetLineCoding)
                  000019d0    0000008c     uartstdio.obj (.text:UARTPrimeTransmit)
                  00001a5c    0000008c     usblib.lib : usbdconfig.obj (.text:USBDeviceConfigAlternate)
                  00001ae8    00000084     usb_serial.obj (.text:SetLineCoding)
                  00001b6c    00000084     usblib.lib : usbdma.obj (.text:iDMAUSBChannelAllocate)
                  00001bf0    00000084     driverlib.lib : udma.obj (.text:uDMAChannelTransferSet)
                  00001c74    00000080     usblib.lib : usbdenum.obj (.text:USBDClearFeature)
                  00001cf4    0000007a     driverlib.lib : usb.obj (.text:USBDevEndpointConfigSet)
                  00001d6e    0000007a     rtsv7M4_T_le_v4SPD16_eabi.lib : memset_t2.asm.obj (.text)
                  00001de8    00000078     usblib.lib : usbdenum.obj (.text:USBDGetStatus)
                  00001e60    00000072                : usbdcdc.obj (.text:ProcessDataFromHost)
                  00001ed2    00000002     tm4c123gh6pm_startup_ccs.obj (.text:IntDefaultHandler)
                  00001ed4    00000070     usblib.lib : usbdenum.obj (.text:USBDEP0StateTx)
                  00001f44    00000070                : usbdma.obj (.text:uDMAUSBArbSizeSet)
                  00001fb4    00000070                : usbdma.obj (.text:uDMAUSBUnitSizeSet)
                  00002024    0000006c                : usbdcdc.obj (.text:ProcessDataToHost)
                  00002090    0000006c     usb_serial.obj (.text:RxHandler)
                  000020fc    0000006c     usblib.lib : usbdenum.obj (.text:USBDSetFeature)
                  00002168    00000068     buttons.obj (.text:ButtonsInit)
                  000021d0    00000068     driverlib.lib : interrupt.obj (.text:IntDisable)
                  00002238    00000068                   : interrupt.obj (.text:IntEnable)
                  000022a0    00000068     rtsv7M4_T_le_v4SPD16_eabi.lib : copy_decompress_lzss.c.obj (.text:decompress:lzss:__TI_decompress_lzss)
                  00002308    00000064     driverlib.lib : interrupt.obj (.text:IntIsEnabled)
                  0000236c    00000064     usblib.lib : usbbuffer.obj (.text:USBBufferEventCallback)
                  000023d0    00000064                : usbdma.obj (.text:uDMAUSBChannelEnable)
                  00002434    00000060                : usbdcdc.obj (.text:USBDCDCPacketWrite)
                  00002494    00000060                : usbdenum.obj (.text:USBDReadAndDispatchRequest)
                  000024f4    0000005e     driverlib.lib : usb.obj (.text:USBDevEndpointStatusClear)
                  00002552    00000056     usblib.lib : usbdma.obj (.text:uDMAUSBChannelRelease)
                  000025a8    00000052                : usbulpi.obj (.text:ULPIConfigSet)
                  000025fa    00000002     tm4c123gh6pm_startup_ccs.obj (.text:NmiSR)
                  000025fc    00000050     driverlib.lib : sysctl.obj (.text:SysCtlPeripheralReset)
                  0000264c    00000050     usblib.lib : usbdcdc.obj (.text:USBDCDCInit)
                  0000269c    00000050                : usbdcdesc.obj (.text:USBDCDConfigDescGet)
                  000026ec    00000050                : usbdenum.obj (.text:USBDeviceResumeTickHandler)
                  0000273c    00000050     usb_serial.obj (.text:USBUARTPrimeTransmit)
                  0000278c    0000004c     usblib.lib : usbdconfig.obj (.text:GetEPDescriptorType)
                  000027d8    0000004c                : usbdenum.obj (.text:USBDStringIndexFromRequest)
                  00002824    0000004c     driverlib.lib : usb.obj (.text:USBEndpointDMAConfigSet)
                  00002870    0000004c     usblib.lib : usbdma.obj (.text:iDMAUSBChannelEnable)
                  000028bc    0000004a                : usbdcdesc.obj (.text:ConfigAlternateInterfaceGet)
                  00002906    0000004a                : usbdcdc.obj (.text:HandleEP0Data)
                  00002950    0000004a                : usbdcdc.obj (.text:HandleEndpoints)
                  0000299a    0000004a     driverlib.lib : usb.obj (.text:USBDevEndpointStallClear)
                  000029e4    0000004a     usblib.lib : usbdma.obj (.text:uDMAUSBChannelDisable)
                  00002a2e    00000002                : usbdma.obj (.text:iDMAUSBArbSizeSet)
                  00002a30    00000048                : usbdenum.obj (.text:USBDeviceEnumResetHandler)
                  00002a78    00000048     driverlib.lib : udma.obj (.text:uDMAChannelAttributeDisable)
                  00002ac0    00000046                   : usb.obj (.text:USBEndpointDataGet)
                  00002b06    00000002     usblib.lib : usbdma.obj (.text:iDMAUSBUnitSizeSet)
                  00002b08    00000044                : usbdenum.obj (.text:USBDCDDeviceInfoInit)
                  00002b4c    00000044                : usbdenum.obj (.text:USBDGetInterface)
                  00002b90    00000044     rtsv7M4_T_le_v4SPD16_eabi.lib : autoinit.c.obj (.text:__TI_auto_init_nobinit_nopinit:__TI_auto_init_nobinit_nopinit)
                  00002bd4    0000003c     usblib.lib : usbdma.obj (.text:iDMAUSBChannelRelease)
                  00002c10    0000003a     driverlib.lib : usb.obj (.text:USBFIFOConfigSet)
                  00002c4a    00000002     usblib.lib : usbdma.obj (.text:uDMAUSBChannelIntDisable)
                  00002c4c    00000038                : usbtick.obj (.text:InternalUSBRegisterTickHandler)
                  00002c84    00000038                : usbtick.obj (.text:InternalUSBStartOfFrameTick)
                  00002cbc    00000038     usb_serial.obj (.text:SendBreak)
                  00002cf4    00000038     usblib.lib : usbdcdc.obj (.text:SendBreak)
                  00002d2c    00000038                : usbdcdesc.obj (.text:USBDCDConfigGetInterfaceEndpoint)
                  00002d64    00000038     driverlib.lib : usb.obj (.text:USBIntStatusControl)
                  00002d9c    00000038     usblib.lib : usbringbuf.obj (.text:USBRingBufAdvanceWrite)
                  00002dd4    00000038     rtsv7M4_T_le_v4SPD16_eabi.lib : boot_cortex_m.c.obj (.text:_c_int00_noargs:_c_int00_noargs)
                  00002e0c    00000036     driverlib.lib : usb.obj (.text:USBEndpointDataPut)
                  00002e42    00000034     usblib.lib : usbdcdc.obj (.text:HandleConfigChange)
                  00002e76    00000002                : usbdma.obj (.text:uDMAUSBChannelIntEnable)
                  00002e78    00000034     driverlib.lib : sysctl.obj (.text:SysCtlPeripheralEnable)
                  00002eac    00000034                   : usb.obj (.text:USBEndpointDataSend)
                  00002ee0    00000034     usblib.lib : usbdma.obj (.text:iDMAUSBChannelStatus)
                  00002f14    00000032                : usbdcdesc.obj (.text:NextConfigDescGet)
                  00002f46    00000032                : usbdcdc.obj (.text:ProcessNotificationToHost)
                  00002f78    00000032     driverlib.lib : usb.obj (.text:USBDevEndpointStall)
                  00002faa    00000032     usblib.lib : usbdma.obj (.text:iDMAUSBChannelDisable)
                  00002fdc    00000030                : usbdma.obj (.text:DMAUSBIntHandler)
                  0000300c    00000030                : usbtick.obj (.text:InternalUSBTickInit)
                  0000303c    00000030                : usbdenum.obj (.text:USBDGetConfiguration)
                  0000306c    00000030                : usbringbuf.obj (.text:UpdateIndexAtomic)
                  0000309c    0000002e                : usbbuffer.obj (.text:USBBufferWrite)
                  000030ca    0000002e                : usbdcdc.obj (.text:USBDCDCRxPacketAvailable)
                  000030f8    0000002c                : usbdesc.obj (.text:USBDescGet)
                  00003124    0000002c                : usbdma.obj (.text:uDMAUSBIntStatus)
                  00003150    0000002a                : usbbuffer.obj (.text:HandleRequestBuffer)
                  0000317a    0000002a                : usbdcdesc.obj (.text:USBDCDConfigDescGetNum)
                  000031a4    0000002a                : usbdesc.obj (.text:USBDescGetNum)
                  000031ce    0000002a     driverlib.lib : usb.obj (.text:USBDevEndpointDataAck)
                  000031f8    00000028     usblib.lib : usbbuffer.obj (.text:USBBufferRead)
                  00003220    00000028                : usbdenum.obj (.text:USBDSetAddress)
                  00003248    00000028     driverlib.lib : usb.obj (.text:USBIntEnableControl)
                  00003270    00000028                   : udma.obj (.text:uDMAChannelModeGet)
                  00003298    00000024     usblib.lib : usbdcdc.obj (.text:HandleDisconnect)
                  000032bc    00000024                : usbdcdc.obj (.text:SendLineStateChange)
                  000032e0    00000024     driverlib.lib : usb.obj (.text:USBEndpointDMADisable)
                  00003304    00000024                   : usb.obj (.text:USBEndpointDMAEnable)
                  00003328    00000024     usblib.lib : usbmode.obj (.text:USBStackModeSet)
                  0000334c    00000024     driverlib.lib : udma.obj (.text:uDMAChannelControlSet)
                  00003370    00000022     usblib.lib : usbdcdc.obj (.text:SendLineCodingChange)
                  00003392    00000022                : usbdma.obj (.text:uDMAUSBChannelStatus)
                  000033b4    00000020                : usbdcdc.obj (.text:CheckAndSendBreak)
                  000033d4    00000020                : usbdconfig.obj (.text:GetEndpointFIFOSize)
                  000033f4    00000020                : usbbuffer.obj (.text:HandleDataRemaining)
                  00003414    00000020                : usbringbuf.obj (.text:USBRingBufAdvanceRead)
                  00003434    0000001e                : usbringbuf.obj (.text:USBRingBufContigFree)
                  00003452    0000001e     driverlib.lib : usb.obj (.text:USBULPIRegRead)
                  00003470    0000001e                   : usb.obj (.text:USBULPIRegWrite)
                  0000348e    0000001c     usblib.lib : usbdcdesc.obj (.text:USBDCDConfigGetInterface)
                  000034aa    00000002     --HOLE-- [fill = 0]
                  000034ac    0000001c                : usbdenum.obj (.text:USBDCDStallEP0)
                  000034c8    0000001c     driverlib.lib : usb.obj (.text:USBEndpointDataAvail)
                  000034e4    0000001c     usblib.lib : usbringbuf.obj (.text:USBRingBufRead)
                  00003500    0000001c                : usbringbuf.obj (.text:USBRingBufWrite)
                  0000351c    0000001a                : usbdcdc.obj (.text:DeviceConsumedAllData)
                  00003536    0000001a                : usbdcdesc.obj (.text:USBDCDConfigDescGetSize)
                  00003550    0000001a     driverlib.lib : usb.obj (.text:USBEndpointDMAChannel)
                  0000356a    00000018     uartstdio.obj (.text:IsBufferFull)
                  00003582    00000018     usblib.lib : usbdcdc.obj (.text:SetDeferredOpFlag)
                  0000359a    00000002     --HOLE-- [fill = 0]
                  0000359c    00000018                : usbdhandler.obj (.text:USB0DeviceIntHandler)
                  000035b4    00000018                : usbbuffer.obj (.text:USBBufferInit)
                  000035cc    00000018                : usbdenum.obj (.text:USBDCDFeatureGet)
                  000035e4    00000018                : usbdenum.obj (.text:USBDSetDescriptor)
                  000035fc    00000018                : usbdenum.obj (.text:USBDSyncFrame)
                  00003614    00000018     driverlib.lib : udma.obj (.text:uDMAChannelDisable)
                  0000362c    00000018                   : udma.obj (.text:uDMAChannelEnable)
                  00003644    00000016     usblib.lib : usbdcdc.obj (.text:CheckAndSendLineCodingChange)
                  0000365a    00000016                : usbdcdc.obj (.text:CheckAndSendLineStateChange)
                  00003670    00000016     driverlib.lib : usb.obj (.text:USBIntEnableEndpoint)
                  00003686    00000016     usblib.lib : usbringbuf.obj (.text:USBRingBufFlush)
                  0000369c    00000016                : usbringbuf.obj (.text:USBRingBufReadOne)
                  000036b2    00000016                : usbringbuf.obj (.text:USBRingBufUsed)
                  000036c8    00000014                : usbbuffer.obj (.text:HandleTxComplete)
                  000036dc    00000014     driverlib.lib : sysctl.obj (.text:SysCtlUSBPLLEnable)
                  000036f0    00000014     usblib.lib : usbdcdc.obj (.text:USBDCDCTxPacketAvailable)
                  00003704    00000014                : usbdenum.obj (.text:USBDCDRequestDataEP0)
                  00003718    00000014                : usbdenum.obj (.text:USBDCDSendDataEP0)
                  0000372c    00000014     driverlib.lib : usb.obj (.text:USBDMAChannelConfigSet)
                  00003740    00000014                   : usb.obj (.text:USBHostResume)
                  00003754    00000014                   : usb.obj (.text:_USBIndexWrite)
                  00003768    00000012     usblib.lib : usbdcdc.obj (.text:HandleResume)
                  0000377a    00000012                : usbdcdc.obj (.text:HandleSuspend)
                  0000378c    00000012     driverlib.lib : usb.obj (.text:USBDMAChannelDisable)
                  0000379e    00000012                   : usb.obj (.text:USBDMAChannelEnable)
                  000037b0    00000012                   : usb.obj (.text:USBDMAChannelIntDisable)
                  000037c2    00000012                   : usb.obj (.text:USBDMAChannelIntEnable)
                  000037d4    00000012     usblib.lib : usbringbuf.obj (.text:USBRingBufFree)
                  000037e6    00000010     driverlib.lib : interrupt.obj (.text:IntMasterDisable)
                  000037f6    00000010                   : interrupt.obj (.text:IntMasterEnable)
                  00003806    00000002     --HOLE-- [fill = 0]
                  00003808    00000010     main.obj (.text:SysTickIntHandler)
                  00003818    00000010     driverlib.lib : usb.obj (.text:USBEndpointStatus)
                  00003828    00000010     usblib.lib : usbringbuf.obj (.text:USBRingBufContigUsed)
                  00003838    00000010                : usbringbuf.obj (.text:USBRingBufWriteOne)
                  00003848    0000000e                : usbdma.obj (.text:DMAUSBIntStatusClear)
                  00003856    0000000e     uartstdio.obj (.text:IsBufferEmpty)
                  00003864    0000000e     driverlib.lib : usb.obj (.text:USBDMAChannelStatus)
                  00003872    0000000e                   : usb.obj (.text:USBDevLPMDisable)
                  00003880    0000000e                   : usb.obj (.text:USBDevLPMEnable)
                  0000388e    0000000e                   : usb.obj (.text:USBULPIDisable)
                  0000389c    0000000e                   : usb.obj (.text:USBULPIEnable)
                  000038aa    0000000e     rtsv7M4_T_le_v4SPD16_eabi.lib : copy_decompress_none.c.obj (.text:decompress:none:__TI_decompress_none)
                  000038b8    0000000c     driverlib.lib : cpu.obj (.text:CPUcpsid)
                  000038c4    0000000c                   : cpu.obj (.text:CPUcpsie)
                  000038d0    0000000c                   : usb.obj (.text:USBEndpointPacketCountSet)
                  000038dc    0000000c                   : usb.obj (.text:USBLPMIntEnable)
                  000038e8    0000000c     usblib.lib : usbringbuf.obj (.text:USBRingBufInit)
                  000038f4    0000000c     rtsv7M4_T_le_v4SPD16_eabi.lib : copy_zero_init.c.obj (.text:decompress:ZI:__TI_zero_init)
                  00003900    0000000a     driverlib.lib : usb.obj (.text:USBClockEnable)
                  0000390a    0000000a                   : usb.obj (.text:USBControllerVersion)
                  00003914    0000000a                   : usb.obj (.text:USBDMAChannelAddressSet)
                  0000391e    0000000a                   : usb.obj (.text:USBDMAChannelCountSet)
                  00003928    0000000a                   : usb.obj (.text:USBDevConnect)
                  00003932    0000000a                   : usb.obj (.text:USBDevDisconnect)
                  0000393c    0000000a                   : usb.obj (.text:USBIntStatusEndpoint)
                  00003946    00000008                   : usb.obj (.text:USBDevMode)
                  0000394e    00000008                   : usb.obj (.text:USBFIFOAddrGet)
                  00003956    00000008                   : usb.obj (.text:USBOTGMode)
                  0000395e    00000008     usblib.lib : usbdma.obj (.text:iDMAUSBChannelIntDisable)
                  00003966    00000008                : usbdma.obj (.text:iDMAUSBChannelIntEnable)
                  0000396e    00000006     driverlib.lib : gpio.obj (.text:GPIOPinWrite)
                  00003974    00000006     tm4c123gh6pm_startup_ccs.obj (.text:ResetISR)
                  0000397a    00000006     driverlib.lib : sysctl.obj (.text:SysCtlDelay)
                  00003980    00000006     usblib.lib : usbbuffer.obj (.text:USBBufferFlush)
                  00003986    00000006     driverlib.lib : usb.obj (.text:USBDMAChannelIntStatus)
                  0000398c    00000006                   : usb.obj (.text:USBDevLPMConfig)
                  00003992    00000006                   : usb.obj (.text:USBLPMIntStatus)
                  00003998    00000006     usblib.lib : usbdma.obj (.text:iDMAUSBIntStatus)
                  0000399e    00000004                : usbdma.obj (.text:DMAUSBStatus)
                  000039a2    00000004     usb_serial.obj (.text:TxHandler)
                  000039a6    00000004     driverlib.lib : usb.obj (.text:USBDevAddrSet)
                  000039aa    00000004     rtsv7M4_T_le_v4SPD16_eabi.lib : pre_init.c.obj (.text:_system_pre_init)
                  000039ae    00000004                                   : exit.c.obj (.text:abort:abort)

.const     0    000039b4    00000260     
                  000039b4    00000070     driverlib.lib : interrupt.obj (.const)
                  00003a24    00000058     usblib.lib : usbdcdc.obj (.const)
                  00003a7c    00000036     usb_structs.obj (.const:.string:g_pui8ConfigString)
                  00003ab2    00000002     --HOLE-- [fill = 0]
                  00003ab4    00000034     usblib.lib : usbdenum.obj (.const:g_psUSBDStdRequests)
                  00003ae8    00000030                : usbdcdc.obj (.const:g_sCDCHandlers)
                  00003b18    0000002e                : usbdcdc.obj (.const:.string)
                  00003b46    0000002c     usb_structs.obj (.const:.string:g_pui8ControlInterfaceString)
                  00003b72    00000024     usb_structs.obj (.const:.string:g_pui8ManufacturerString)
                  00003b96    00000023     usblib.lib : usbdcdc.obj (.const:.string:g_pui8CDCSerCommInterface)
                  00003bb9    0000001c     usb_structs.obj (.const:.string:g_pui8ProductString)
                  00003bd5    00000003     --HOLE-- [fill = 0]
                  00003bd8    00000018     usb_structs.obj (.const:g_pui8StringDescriptors)
                  00003bf0    00000012     usb_structs.obj (.const:.string:g_pui8SerialNumberString)
                  00003c02    00000002     --HOLE-- [fill = 0]
                  00003c04    0000000c     uartstdio.obj (.const:g_ui32UARTInt)
                  00003c10    00000004     usb_structs.obj (.const:.string:g_pui8LangDescriptor)

.cinit     0    00003c18    000000d8     
                  00003c18    000000af     (.cinit..data.load) [load image, compression = lzss]
                  00003cc7    00000001     --HOLE-- [fill = 0]
                  00003cc8    0000000c     (__TI_handler_table)
                  00003cd4    00000004     --HOLE-- [fill = 0]
                  00003cd8    00000008     (.cinit..bss.load) [load image, compression = zero_init]
                  00003ce0    00000010     (__TI_cinit_table)

.init_array 
*          0    00000000    00000000     UNINITIALIZED

.bss       0    20000000    00000974     UNINITIALIZED
                  20000000    00000400     uartstdio.obj (.bss:g_pcUARTTxBuffer)
                  20000400    00000110     usblib.lib : usbdma.obj (.bss:g_psUSBDMAInst)
                  20000510    00000100     (.common:g_pui8USBRxBuffer)
                  20000610    00000100     (.common:g_pui8USBTxBuffer)
                  20000710    00000100     (.common:ui8ReceiveBuffer)
                  20000810    00000080     uartstdio.obj (.bss:g_pcUARTRxBuffer)
                  20000890    00000050     usblib.lib : usbdenum.obj (.bss:g_psDCDInst)
                  200008e0    00000040                : usbdenum.obj (.bss:g_pui8DataBufferIn)
                  20000920    00000018     (.common:g_pfnTickHandlers)
                  20000938    00000018     (.common:g_pvTickInstance)
                  20000950    00000008     uartstdio.obj (.bss)
                  20000958    00000004     (.common:g_pcStatus)
                  2000095c    00000004     (.common:g_pfnUSBModeCallback)
                  20000960    00000004     (.common:g_ppsDevInfo)
                  20000964    00000004     (.common:g_ui32SysTickCount)
                  20000968    00000004     (.common:g_ui32ULPISupport)
                  2000096c    00000004     (.common:ui32RxCount)
                  20000970    00000004     (.common:ui32TxCount)

.data      0    20000d78    0000017c     UNINITIALIZED
                  20000d78    00000060     usb_structs.obj (.data:g_sCDCDevice)
                  20000dd8    0000005e     usblib.lib : usbdcdc.obj (.data)
                  20000e36    00000002     --HOLE--
                  20000e38    00000038     usb_structs.obj (.data:g_sRxBuffer)
                  20000e70    00000038     usb_structs.obj (.data:g_sTxBuffer)
                  20000ea8    00000015     uartstdio.obj (.data)
                  20000ebd    00000003     buttons.obj (.data)
                  20000ec0    00000014     usb_serial.obj (.data)
                  20000ed4    0000000c     usblib.lib : usbtick.obj (.data)
                  20000ee0    00000009                : usbmode.obj (.data)
                  20000ee9    00000003     --HOLE--
                  20000eec    00000008                : usbdenum.obj (.data)

.stack     0    20000978    00000400     UNINITIALIZED
                  20000978    00000004     rtsv7M4_T_le_v4SPD16_eabi.lib : boot_cortex_m.c.obj (.stack)
                  2000097c    000003fc     --HOLE--

MODULE SUMMARY

       Module                         code    ro data   rw data
       ------                         ----    -------   -------
    .\
       usb_serial.obj                 740     0         280    
       usb_structs.obj                0       208       720    
       tm4c123gh6pm_startup_ccs.obj   12      620       0      
       main.obj                       524     0         12     
    +--+------------------------------+-------+---------+---------+
       Total:                         1276    828       1012   
                                                               
    .\drivers\
       buttons.obj                    104     0         3      
    +--+------------------------------+-------+---------+---------+
       Total:                         104     0         3      
                                                               
    .\utils\
       uartstdio.obj                  698     12        1181   
    +--+------------------------------+-------+---------+---------+
       Total:                         698     12        1181   
                                                               
    C:/ti/tivaware_c_series_2_1_4_178/driverlib/ccs/Debug/driverlib.lib
       usb.obj                        1354    0         0      
       interrupt.obj                  340     112       0      
       udma.obj                       328     0         0      
       sysctl.obj                     158     0         0      
       cpu.obj                        24      0         0      
       gpio.obj                       6       0         0      
    +--+------------------------------+-------+---------+---------+
       Total:                         2210    112       0      
                                                               
    C:/ti/tivaware_c_series_2_1_4_178/usblib/ccs/Debug/usblib.lib
       usbdenum.obj                   2904    52        160    
       usbdcdc.obj                    2088    217       94     
       usbdma.obj                     2008    0         272    
       usbbuffer.obj                  646     0         0      
       usbdconfig.obj                 576     0         0      
       usbdcdesc.obj                  356     0         0      
       usbringbuf.obj                 350     0         0      
       usbtick.obj                    160     0         60     
       usbdesc.obj                    86      0         0      
       usbulpi.obj                    82      0         0      
       usbmode.obj                    36      0         13     
       usbdhandler.obj                24      0         0      
    +--+------------------------------+-------+---------+---------+
       Total:                         9316    269       599    
                                                               
    C:\ti\ccsv8\tools\compiler\ti-cgt-arm_18.1.3.LTS\lib\rtsv7M4_T_le_v4SPD16_eabi.lib
       memcpy_t2.asm.obj              156     0         0      
       memset_t2.asm.obj              122     0         0      
       copy_decompress_lzss.c.obj     104     0         0      
       autoinit.c.obj                 68      0         0      
       boot_cortex_m.c.obj            56      0         0      
       copy_decompress_none.c.obj     14      0         0      
       copy_zero_init.c.obj           12      0         0      
       exit.c.obj                     4       0         0      
       pre_init.c.obj                 4       0         0      
    +--+------------------------------+-------+---------+---------+
       Total:                         540     0         0      
                                                               
       Stack:                         0       0         1024   
       Linker Generated:              0       211       0      
    +--+------------------------------+-------+---------+---------+
       Grand Total:                   14144   1432      3819   


LINKER GENERATED COPY TABLES

__TI_cinit_table @ 00003ce0 records: 2, size/record: 8, table size: 16
	.data: load addr=00003c18, load size=000000af bytes, run addr=20000d78, run size=0000017c bytes, compression=lzss
	.bss: load addr=00003cd8, load size=00000008 bytes, run addr=20000000, run size=00000974 bytes, compression=zero_init


LINKER GENERATED HANDLER TABLE

__TI_handler_table @ 00003cc8 records: 3, size/record: 4, table size: 12
	index: 0, handler: __TI_decompress_lzss
	index: 1, handler: __TI_decompress_none
	index: 2, handler: __TI_zero_init


GLOBAL SYMBOLS: SORTED ALPHABETICALLY BY Name 

address   name                            
-------   ----                            
00002169  ButtonsInit                     
000039af  C$$EXIT                         
000038b9  CPUcpsid                        
000038c5  CPUcpsie                        
00000d71  ControlHandler                  
0000396f  GPIOPinWrite                    
00001945  GetLineCoding                   
000021d1  IntDisable                      
00002239  IntEnable                       
00002309  IntIsEnabled                    
000037e7  IntMasterDisable                
000037f7  IntMasterEnable                 
00002c4d  InternalUSBRegisterTickHandler  
00002c85  InternalUSBStartOfFrameTick     
0000300d  InternalUSBTickInit             
00001e61  ProcessDataFromHost             
00002025  ProcessDataToHost               
00002f47  ProcessNotificationToHost       
00003975  ResetISR                        
00002091  RxHandler                       
00002cbd  SendBreak                       
00001ae9  SetLineCoding                   
0000397b  SysCtlDelay                     
00002e79  SysCtlPeripheralEnable          
000025fd  SysCtlPeripheralReset           
000036dd  SysCtlUSBPLLEnable              
00003809  SysTickIntHandler               
000039a3  TxHandler                       
0000026d  UARTStdioIntHandler             
0000148d  UARTwrite                       
000025a9  ULPIConfigSet                   
0000359d  USB0DeviceIntHandler            
0000236d  USBBufferEventCallback          
00003981  USBBufferFlush                  
000035b5  USBBufferInit                   
000031f9  USBBufferRead                   
0000309d  USBBufferWrite                  
00003901  USBClockEnable                  
0000390b  USBControllerVersion            
00000e4d  USBDCDCCompositeInit            
0000264d  USBDCDCInit                     
00001825  USBDCDCPacketRead               
00002435  USBDCDCPacketWrite              
000030cb  USBDCDCRxPacketAvailable        
000036f1  USBDCDCTxPacketAvailable        
0000269d  USBDCDConfigDescGet             
0000317b  USBDCDConfigDescGetNum          
00003537  USBDCDConfigDescGetSize         
0000348f  USBDCDConfigGetInterface        
00002d2d  USBDCDConfigGetInterfaceEndpoint
00002b09  USBDCDDeviceInfoInit            
000035cd  USBDCDFeatureGet                
0000052d  USBDCDInit                      
00003705  USBDCDRequestDataEP0            
00003719  USBDCDSendDataEP0               
000034ad  USBDCDStallEP0                  
00003915  USBDMAChannelAddressSet         
0000372d  USBDMAChannelConfigSet          
0000391f  USBDMAChannelCountSet           
0000378d  USBDMAChannelDisable            
0000379f  USBDMAChannelEnable             
000037b1  USBDMAChannelIntDisable         
000037c3  USBDMAChannelIntEnable          
00003987  USBDMAChannelIntStatus          
00003865  USBDMAChannelStatus             
000030f9  USBDescGet                      
000031a5  USBDescGetNum                   
000039a7  USBDevAddrSet                   
00003929  USBDevConnect                   
00003933  USBDevDisconnect                
00001cf5  USBDevEndpointConfigSet         
000031cf  USBDevEndpointDataAck           
00002f79  USBDevEndpointStall             
0000299b  USBDevEndpointStallClear        
000024f5  USBDevEndpointStatusClear       
0000398d  USBDevLPMConfig                 
00003873  USBDevLPMDisable                
00003881  USBDevLPMEnable                 
00003947  USBDevMode                      
0000091d  USBDeviceConfig                 
00001a5d  USBDeviceConfigAlternate        
00000f25  USBDeviceEnumHandler            
00002a31  USBDeviceEnumResetHandler       
000007cd  USBDeviceIntHandlerInternal     
000026ed  USBDeviceResumeTickHandler      
00003551  USBEndpointDMAChannel           
00002825  USBEndpointDMAConfigSet         
000032e1  USBEndpointDMADisable           
00003305  USBEndpointDMAEnable            
000034c9  USBEndpointDataAvail            
00002ac1  USBEndpointDataGet              
00002e0d  USBEndpointDataPut              
00002ead  USBEndpointDataSend             
000038d1  USBEndpointPacketCountSet       
00003819  USBEndpointStatus               
0000394f  USBFIFOAddrGet                  
00002c11  USBFIFOConfigSet                
00003741  USBHostResume                   
00003249  USBIntEnableControl             
00003671  USBIntEnableEndpoint            
00002d65  USBIntStatusControl             
0000393d  USBIntStatusEndpoint            
000038dd  USBLPMIntEnable                 
00003993  USBLPMIntStatus                 
000003cd  USBLibDMAInit                   
00003957  USBOTGMode                      
00003415  USBRingBufAdvanceRead           
00002d9d  USBRingBufAdvanceWrite          
00003435  USBRingBufContigFree            
00003829  USBRingBufContigUsed            
00003687  USBRingBufFlush                 
000037d5  USBRingBufFree                  
000038e9  USBRingBufInit                  
000034e5  USBRingBufRead                  
0000369d  USBRingBufReadOne               
000036b3  USBRingBufUsed                  
00003501  USBRingBufWrite                 
00003839  USBRingBufWriteOne              
00003329  USBStackModeSet                 
0000273d  USBUARTPrimeTransmit            
0000388f  USBULPIDisable                  
0000389d  USBULPIEnable                   
00003453  USBULPIRegRead                  
00003471  USBULPIRegWrite                 
20000d78  __STACK_END                     
00000400  __STACK_SIZE                    
20000b78  __STACK_TOP                     
00003ce0  __TI_CINIT_Base                 
00003cf0  __TI_CINIT_Limit                
00003cc8  __TI_Handler_Table_Base         
00003cd4  __TI_Handler_Table_Limit        
00002b91  __TI_auto_init_nobinit_nopinit  
000022a1  __TI_decompress_lzss            
000038ab  __TI_decompress_none            
ffffffff  __TI_pprof_out_hndl             
ffffffff  __TI_prof_data_size             
ffffffff  __TI_prof_data_start            
00000000  __TI_static_base__              
000038f5  __TI_zero_init                  
00001d6f  __aeabi_memclr                  
00001d6f  __aeabi_memclr4                 
00001d6f  __aeabi_memclr8                 
00001535  __aeabi_memcpy                  
00001535  __aeabi_memcpy4                 
00001535  __aeabi_memcpy8                 
00001d71  __aeabi_memset                  
00001d71  __aeabi_memset4                 
00001d71  __aeabi_memset8                 
ffffffff  __binit__                       
ffffffff  __c_args__                      
UNDEFED   __mpu_init                      
20000978  __stack                         
00002dd5  _c_int00_noargs                 
UNDEFED   _system_post_cinit              
000039ab  _system_pre_init                
000039af  abort                           
ffffffff  binit                           
00000a65  configureUSB                    
20000ecd  g_bSendingBreak                 
20000ecc  g_bUSBConfigured                
20000ed4  g_bUSBTimerInitialized          
20000ee0  g_iUSBMode                      
00003a74  g_pCDCCompSerConfigDescriptors  
00003a78  g_pCDCCompSerConfigDescriptorsHS
20000958  g_pcStatus                      
20000920  g_pfnTickHandlers               
00000000  g_pfnVectors                    
00003a6c  g_ppCDCSerConfigDescriptors     
00003a70  g_ppCDCSerConfigDescriptorsHS   
20000960  g_ppsDevInfo                    
20000e14  g_psCDCCompSerSections          
20000e24  g_psCDCCompSerSectionsHS        
20000dfc  g_psCDCSerSections              
20000e08  g_psCDCSerSectionsHS            
20000890  g_psDCDInst                     
00003b96  g_pui8CDCSerCommInterface       
00003b18  g_pui8CDCSerDataInterface       
00003b2f  g_pui8CDCSerDataInterfaceHS     
20000dea  g_pui8CDCSerDescriptor          
20000dd8  g_pui8CDCSerDeviceDescriptor    
00003a7c  g_pui8ConfigString              
00003b46  g_pui8ControlInterfaceString    
20000df3  g_pui8IADSerDescriptor          
00003c10  g_pui8LangDescriptor            
00003b72  g_pui8ManufacturerString        
00003bb9  g_pui8ProductString             
00003bf0  g_pui8SerialNumberString        
00003bd8  g_pui8StringDescriptors         
20000510  g_pui8USBRxBuffer               
20000610  g_pui8USBTxBuffer               
20000938  g_pvTickInstance                
00003a5c  g_sCDCCompSerConfigHeader       
00003a64  g_sCDCCompSerConfigHeaderHS     
20000d78  g_sCDCDevice                    
00003ae8  g_sCDCHandlers                  
00003a34  g_sCDCSerCommInterfaceSection   
00003a4c  g_sCDCSerConfigHeader           
00003a54  g_sCDCSerConfigHeaderHS         
00003a24  g_sCDCSerConfigSection          
00003a3c  g_sCDCSerDataInterfaceSection   
00003a44  g_sCDCSerDataInterfaceSectionHS 
00003a2c  g_sIADSerConfigSection          
20000e38  g_sRxBuffer                     
20000e70  g_sTxBuffer                     
20000ed8  g_ui32CurrentUSBTick            
20000ed0  g_ui32Flags                     
20000964  g_ui32SysTickCount              
20000ec4  g_ui32UARTRxCount               
20000ec0  g_ui32UARTTxCount               
20000edc  g_ui32USBSOFCount               
20000ee4  g_ui32WaitTicks                 
000010d1  main                            
00001535  memcpy                          
00001d77  memset                          
00002a79  uDMAChannelAttributeDisable     
0000334d  uDMAChannelControlSet           
00003615  uDMAChannelDisable              
0000362d  uDMAChannelEnable               
00003271  uDMAChannelModeGet              
00001bf1  uDMAChannelTransferSet          
20000ec8  ui32ReceiveBufferEnd            
2000096c  ui32RxCount                     
20000970  ui32TxCount                     
20000710  ui8ReceiveBuffer                


GLOBAL SYMBOLS: SORTED BY Symbol Address 

address   name                            
-------   ----                            
00000000  __TI_static_base__              
00000000  g_pfnVectors                    
0000026d  UARTStdioIntHandler             
000003cd  USBLibDMAInit                   
00000400  __STACK_SIZE                    
0000052d  USBDCDInit                      
000007cd  USBDeviceIntHandlerInternal     
0000091d  USBDeviceConfig                 
00000a65  configureUSB                    
00000d71  ControlHandler                  
00000e4d  USBDCDCCompositeInit            
00000f25  USBDeviceEnumHandler            
000010d1  main                            
0000148d  UARTwrite                       
00001535  __aeabi_memcpy                  
00001535  __aeabi_memcpy4                 
00001535  __aeabi_memcpy8                 
00001535  memcpy                          
00001825  USBDCDCPacketRead               
00001945  GetLineCoding                   
00001a5d  USBDeviceConfigAlternate        
00001ae9  SetLineCoding                   
00001bf1  uDMAChannelTransferSet          
00001cf5  USBDevEndpointConfigSet         
00001d6f  __aeabi_memclr                  
00001d6f  __aeabi_memclr4                 
00001d6f  __aeabi_memclr8                 
00001d71  __aeabi_memset                  
00001d71  __aeabi_memset4                 
00001d71  __aeabi_memset8                 
00001d77  memset                          
00001e61  ProcessDataFromHost             
00002025  ProcessDataToHost               
00002091  RxHandler                       
00002169  ButtonsInit                     
000021d1  IntDisable                      
00002239  IntEnable                       
000022a1  __TI_decompress_lzss            
00002309  IntIsEnabled                    
0000236d  USBBufferEventCallback          
00002435  USBDCDCPacketWrite              
000024f5  USBDevEndpointStatusClear       
000025a9  ULPIConfigSet                   
000025fd  SysCtlPeripheralReset           
0000264d  USBDCDCInit                     
0000269d  USBDCDConfigDescGet             
000026ed  USBDeviceResumeTickHandler      
0000273d  USBUARTPrimeTransmit            
00002825  USBEndpointDMAConfigSet         
0000299b  USBDevEndpointStallClear        
00002a31  USBDeviceEnumResetHandler       
00002a79  uDMAChannelAttributeDisable     
00002ac1  USBEndpointDataGet              
00002b09  USBDCDDeviceInfoInit            
00002b91  __TI_auto_init_nobinit_nopinit  
00002c11  USBFIFOConfigSet                
00002c4d  InternalUSBRegisterTickHandler  
00002c85  InternalUSBStartOfFrameTick     
00002cbd  SendBreak                       
00002d2d  USBDCDConfigGetInterfaceEndpoint
00002d65  USBIntStatusControl             
00002d9d  USBRingBufAdvanceWrite          
00002dd5  _c_int00_noargs                 
00002e0d  USBEndpointDataPut              
00002e79  SysCtlPeripheralEnable          
00002ead  USBEndpointDataSend             
00002f47  ProcessNotificationToHost       
00002f79  USBDevEndpointStall             
0000300d  InternalUSBTickInit             
0000309d  USBBufferWrite                  
000030cb  USBDCDCRxPacketAvailable        
000030f9  USBDescGet                      
0000317b  USBDCDConfigDescGetNum          
000031a5  USBDescGetNum                   
000031cf  USBDevEndpointDataAck           
000031f9  USBBufferRead                   
00003249  USBIntEnableControl             
00003271  uDMAChannelModeGet              
000032e1  USBEndpointDMADisable           
00003305  USBEndpointDMAEnable            
00003329  USBStackModeSet                 
0000334d  uDMAChannelControlSet           
00003415  USBRingBufAdvanceRead           
00003435  USBRingBufContigFree            
00003453  USBULPIRegRead                  
00003471  USBULPIRegWrite                 
0000348f  USBDCDConfigGetInterface        
000034ad  USBDCDStallEP0                  
000034c9  USBEndpointDataAvail            
000034e5  USBRingBufRead                  
00003501  USBRingBufWrite                 
00003537  USBDCDConfigDescGetSize         
00003551  USBEndpointDMAChannel           
0000359d  USB0DeviceIntHandler            
000035b5  USBBufferInit                   
000035cd  USBDCDFeatureGet                
00003615  uDMAChannelDisable              
0000362d  uDMAChannelEnable               
00003671  USBIntEnableEndpoint            
00003687  USBRingBufFlush                 
0000369d  USBRingBufReadOne               
000036b3  USBRingBufUsed                  
000036dd  SysCtlUSBPLLEnable              
000036f1  USBDCDCTxPacketAvailable        
00003705  USBDCDRequestDataEP0            
00003719  USBDCDSendDataEP0               
0000372d  USBDMAChannelConfigSet          
00003741  USBHostResume                   
0000378d  USBDMAChannelDisable            
0000379f  USBDMAChannelEnable             
000037b1  USBDMAChannelIntDisable         
000037c3  USBDMAChannelIntEnable          
000037d5  USBRingBufFree                  
000037e7  IntMasterDisable                
000037f7  IntMasterEnable                 
00003809  SysTickIntHandler               
00003819  USBEndpointStatus               
00003829  USBRingBufContigUsed            
00003839  USBRingBufWriteOne              
00003865  USBDMAChannelStatus             
00003873  USBDevLPMDisable                
00003881  USBDevLPMEnable                 
0000388f  USBULPIDisable                  
0000389d  USBULPIEnable                   
000038ab  __TI_decompress_none            
000038b9  CPUcpsid                        
000038c5  CPUcpsie                        
000038d1  USBEndpointPacketCountSet       
000038dd  USBLPMIntEnable                 
000038e9  USBRingBufInit                  
000038f5  __TI_zero_init                  
00003901  USBClockEnable                  
0000390b  USBControllerVersion            
00003915  USBDMAChannelAddressSet         
0000391f  USBDMAChannelCountSet           
00003929  USBDevConnect                   
00003933  USBDevDisconnect                
0000393d  USBIntStatusEndpoint            
00003947  USBDevMode                      
0000394f  USBFIFOAddrGet                  
00003957  USBOTGMode                      
0000396f  GPIOPinWrite                    
00003975  ResetISR                        
0000397b  SysCtlDelay                     
00003981  USBBufferFlush                  
00003987  USBDMAChannelIntStatus          
0000398d  USBDevLPMConfig                 
00003993  USBLPMIntStatus                 
000039a3  TxHandler                       
000039a7  USBDevAddrSet                   
000039ab  _system_pre_init                
000039af  C$$EXIT                         
000039af  abort                           
00003a24  g_sCDCSerConfigSection          
00003a2c  g_sIADSerConfigSection          
00003a34  g_sCDCSerCommInterfaceSection   
00003a3c  g_sCDCSerDataInterfaceSection   
00003a44  g_sCDCSerDataInterfaceSectionHS 
00003a4c  g_sCDCSerConfigHeader           
00003a54  g_sCDCSerConfigHeaderHS         
00003a5c  g_sCDCCompSerConfigHeader       
00003a64  g_sCDCCompSerConfigHeaderHS     
00003a6c  g_ppCDCSerConfigDescriptors     
00003a70  g_ppCDCSerConfigDescriptorsHS   
00003a74  g_pCDCCompSerConfigDescriptors  
00003a78  g_pCDCCompSerConfigDescriptorsHS
00003a7c  g_pui8ConfigString              
00003ae8  g_sCDCHandlers                  
00003b18  g_pui8CDCSerDataInterface       
00003b2f  g_pui8CDCSerDataInterfaceHS     
00003b46  g_pui8ControlInterfaceString    
00003b72  g_pui8ManufacturerString        
00003b96  g_pui8CDCSerCommInterface       
00003bb9  g_pui8ProductString             
00003bd8  g_pui8StringDescriptors         
00003bf0  g_pui8SerialNumberString        
00003c10  g_pui8LangDescriptor            
00003cc8  __TI_Handler_Table_Base         
00003cd4  __TI_Handler_Table_Limit        
00003ce0  __TI_CINIT_Base                 
00003cf0  __TI_CINIT_Limit                
20000510  g_pui8USBRxBuffer               
20000610  g_pui8USBTxBuffer               
20000710  ui8ReceiveBuffer                
20000890  g_psDCDInst                     
20000920  g_pfnTickHandlers               
20000938  g_pvTickInstance                
20000958  g_pcStatus                      
20000960  g_ppsDevInfo                    
20000964  g_ui32SysTickCount              
2000096c  ui32RxCount                     
20000970  ui32TxCount                     
20000978  __stack                         
20000b78  __STACK_TOP                     
20000d78  __STACK_END                     
20000d78  g_sCDCDevice                    
20000dd8  g_pui8CDCSerDeviceDescriptor    
20000dea  g_pui8CDCSerDescriptor          
20000df3  g_pui8IADSerDescriptor          
20000dfc  g_psCDCSerSections              
20000e08  g_psCDCSerSectionsHS            
20000e14  g_psCDCCompSerSections          
20000e24  g_psCDCCompSerSectionsHS        
20000e38  g_sRxBuffer                     
20000e70  g_sTxBuffer                     
20000ec0  g_ui32UARTTxCount               
20000ec4  g_ui32UARTRxCount               
20000ec8  ui32ReceiveBufferEnd            
20000ecc  g_bUSBConfigured                
20000ecd  g_bSendingBreak                 
20000ed0  g_ui32Flags                     
20000ed4  g_bUSBTimerInitialized          
20000ed8  g_ui32CurrentUSBTick            
20000edc  g_ui32USBSOFCount               
20000ee0  g_iUSBMode                      
20000ee4  g_ui32WaitTicks                 
ffffffff  __TI_pprof_out_hndl             
ffffffff  __TI_prof_data_size             
ffffffff  __TI_prof_data_start            
ffffffff  __binit__                       
ffffffff  __c_args__                      
ffffffff  binit                           
UNDEFED   __mpu_init                      
UNDEFED   _system_post_cinit              

[224 symbols]
