******************************************************************************
                  TI ARM Linker PC v18.1.3                     
******************************************************************************
>> Linked Fri Dec 14 13:52:07 2018

OUTPUT FILE NAME:   <usb_keyb_dev.out>
ENTRY POINT SYMBOL: "_c_int00_noargs"  address: 00003ecd


MEMORY CONFIGURATION

         name            origin    length      used     unused   attr    fill
----------------------  --------  ---------  --------  --------  ----  --------
  FLASH                 00000000   00040000  00005458  0003aba8  R  X
  SRAM                  20000000   00008000  0000111c  00006ee4  RW X


SEGMENT ALLOCATION MAP

run origin  load origin   length   init length attrs members
----------  ----------- ---------- ----------- ----- -------
00000000    00000000    00005458   00005458    r-x
  00000000    00000000    0000026c   0000026c    r-- .intvecs
  0000026c    0000026c    00004d48   00004d48    r-x .text
  00004fb4    00004fb4    000003e0   000003e0    r-- .const
  00005394    00005394    00000004   00000004    r-- .init_array
  00005398    00005398    000000c0   000000c0    r-- .cinit
20000000    20000000    00001120   00000000    rw-
  20000000    20000000    00000c04   00000000    rw- .bss
  20000c08    20000c08    00000400   00000000    rw- .stack
  20001008    20001008    00000118   00000000    rw- .data


SECTION ALLOCATION MAP

 output                                  attributes/
section   page    origin      length       input sections
--------  ----  ----------  ----------   ----------------
.intvecs   0    00000000    0000026c     
                  00000000    0000026c     tm4c123gh6pm_startup_ccs.obj (.intvecs)

.text      0    0000026c    00004d48     
                  0000026c    000001f6     usblib.lib : usbdcomp.obj (.text:BuildCompositeDescriptor)
                  00000462    00000002     tm4c123gh6pm_startup_ccs.obj (.text:FaultISR)
                  00000464    0000017c     main.obj (.text:main)
                  000005e0    00000160     uartstdio.obj (.text:UARTStdioIntHandler)
                  00000740    00000160     usblib.lib : usbdma.obj (.text:USBLibDMAInit)
                  000008a0    00000150                : usbdenum.obj (.text:USBDCDInit)
                  000009f0    00000150                : usbdenum.obj (.text:USBDEP0StateTxConfig)
                  00000b40    00000150                : usbdenum.obj (.text:USBDeviceIntHandlerInternal)
                  00000c90    00000148                : usbdconfig.obj (.text:USBDeviceConfig)
                  00000dd8    00000124     main.obj (.text:_Z12configureUSBv)
                  00000efc    00000114     usblib.lib : usbdhid.obj (.text:HandleRequest)
                  00001010    000000f4                : usbdma.obj (.text:iDMAUSBTransfer)
                  00001104    000000e4                : usbdenum.obj (.text:USBDGetDescriptor)
                  000011e8    000000e0                : usbdhid.obj (.text:USBDHIDCompositeInit)
                  000012c8    000000d8                : usbdcdc.obj (.text:USBDCDCCompositeInit)
                  000013a0    000000d8                : usbdenum.obj (.text:USBDeviceEnumHandler)
                  00001478    000000d4                : usbdcdc.obj (.text:HandleRequests)
                  0000154c    000000d4                : usbdcomp.obj (.text:USBDCompositeInit)
                  00001620    000000c4                : usbdma.obj (.text:uDMAUSBChannelAllocate)
                  000016e4    000000be                : usbbuffer.obj (.text:HandleRxAvailable)
                  000017a2    00000002     tm4c123gh6pm_startup_ccs.obj (.text:IntDefaultHandler)
                  000017a4    000000bc     USBSerialDevice.obj (.text:_ZN9usbdevice15USBSerialDeviceC1EPFYjPvjjS1_ES3_S3_)
                  00001860    000000bc     usblib.lib : usbdma.obj (.text:uDMAUSBTransfer)
                  0000191c    000000b4                : usbdcdc.obj (.text:HandleDevice)
                  000019d0    000000a8     uartstdio.obj (.text:UARTwrite)
                  00001a78    000000a6     usblib.lib : usbdhidkeyb.obj (.text:HIDKeyboardRxHandler)
                  00001b1e    00000002     tm4c123gh6pm_startup_ccs.obj (.text:NmiSR)
                  00001b20    0000009c     usblib.lib : usbdhidkeyb.obj (.text:USBDHIDKeyboardCompositeInit)
                  00001bbc    0000009c     rtsv7M4_T_le_v4SPD16_eabi.lib : memcpy_t2.asm.obj (.text)
                  00001c58    00000098     usblib.lib : usbdenum.obj (.text:USBDSetInterface)
                  00001cf0    00000098     USBKeyboardDevice.obj (.text:_ZN9usbdevice17USBKeyboardDevice14USBWriteStringEPKci)
                  00001d88    00000096     usblib.lib : usbdcdc.obj (.text:CDCTickHandler)
                  00001e1e    00000094                : usbdcdc.obj (.text:SendSerialState)
                  00001eb2    00000092                : usbbuffer.obj (.text:ScheduleNextTransmission)
                  00001f44    00000090                : usbdcdc.obj (.text:USBDCDCPacketRead)
                  00001fd4    00000090                : usbdenum.obj (.text:USBDSetConfiguration)
                  00002064    0000008c     uartstdio.obj (.text:UARTPrimeTransmit)
                  000020f0    0000008c     usblib.lib : usbdconfig.obj (.text:USBDeviceConfigAlternate)
                  0000217c    0000008c     USBSerialDevice.obj (.text:_ZN9usbdevice15USBSerialDevice13GetLineCodingEP11tLineCoding)
                  00002208    0000008c     USBKeyboardDevice.obj (.text:_ZN9usbdevice17USBKeyboardDevice22USBPressKeyCombinationEhPKhi)
                  00002294    00000088     buttons.obj (.text:ButtonsPoll)
                  0000231c    00000088     usblib.lib : usbdhid.obj (.text:ProcessIdleTimers)
                  000023a4    00000086                : usbdhidkeyb.obj (.text:USBDHIDKeyboardKeyStateChange)
                  0000242a    00000002     USBSerialDevice.obj (.text:_ZN9usbdevice15USBSerialDevice15getSerialDeviceEv)
                  0000242c    00000084     USBSerialDevice.obj (.text:_ZN9usbdevice15USBSerialDevice13SetLineCodingEP11tLineCoding)
                  000024b0    00000084     usblib.lib : usbdma.obj (.text:iDMAUSBChannelAllocate)
                  00002534    00000084     driverlib.lib : udma.obj (.text:uDMAChannelTransferSet)
                  000025b8    00000080     usblib.lib : usbdenum.obj (.text:USBDClearFeature)
                  00002638    0000007a     driverlib.lib : usb.obj (.text:USBDevEndpointConfigSet)
                  000026b2    0000007a     rtsv7M4_T_le_v4SPD16_eabi.lib : memset_t2.asm.obj (.text)
                  0000272c    00000078     usblib.lib : usbdenum.obj (.text:USBDGetStatus)
                  000027a4    00000078     USBKeyboardDevice.obj (.text:_ZN9usbdevice17USBKeyboardDevice17USBKeyboardUpdateEhhb)
                  0000281c    00000074     main.obj (.text:_Z14ControlHandlerPvjjS_)
                  00002890    00000072     usblib.lib : usbdcdc.obj (.text:ProcessDataFromHost)
                  00002902    00000002     USBSerialDevice.obj (.text:_ZN9usbdevice15USBSerialDevice19SetControlLineStateEt)
                  00002904    00000070     usblib.lib : usbdenum.obj (.text:USBDEP0StateTx)
                  00002974    00000070                : usbdma.obj (.text:uDMAUSBArbSizeSet)
                  000029e4    00000070                : usbdma.obj (.text:uDMAUSBUnitSizeSet)
                  00002a54    0000006c                : usbdcdc.obj (.text:ProcessDataToHost)
                  00002ac0    0000006c                : usbdenum.obj (.text:USBDSetFeature)
                  00002b2c    00000068     buttons.obj (.text:ButtonsInit)
                  00002b94    00000068     driverlib.lib : interrupt.obj (.text:IntDisable)
                  00002bfc    00000068                   : interrupt.obj (.text:IntEnable)
                  00002c64    00000068     rtsv7M4_T_le_v4SPD16_eabi.lib : copy_decompress_lzss.c.obj (.text:decompress:lzss:__TI_decompress_lzss)
                  00002ccc    00000064     usblib.lib : usbdcomp.obj (.text:GetDescriptor)
                  00002d30    00000064                : usbdhid.obj (.text:HandleGetDescriptor)
                  00002d94    00000064                : usbdcomp.obj (.text:HandleRequests)
                  00002df8    00000064     driverlib.lib : interrupt.obj (.text:IntIsEnabled)
                  00002e5c    00000064     usblib.lib : usbbuffer.obj (.text:USBBufferEventCallback)
                  00002ec0    00000064                : usbdma.obj (.text:uDMAUSBChannelEnable)
                  00002f24    00000060                : usbdcomp.obj (.text:HandleDevice)
                  00002f84    00000060                : usbdhid.obj (.text:HandleDevice)
                  00002fe4    00000060                : usbdhid.obj (.text:ProcessDataFromHost)
                  00003044    00000060                : usbdcdc.obj (.text:USBDCDCPacketWrite)
                  000030a4    00000060                : usbdenum.obj (.text:USBDReadAndDispatchRequest)
                  00003104    00000060     rtsv7M4_T_le_v4SPD16_eabi.lib : autoinit.c.obj (.text:__TI_auto_init_nobinit:__TI_auto_init_nobinit)
                  00003164    0000005e     driverlib.lib : usb.obj (.text:USBDevEndpointStatusClear)
                  000031c2    0000005c     usblib.lib : usbdhid.obj (.text:FindHIDDescriptor)
                  0000321e    00000002     USBKeyboardDevice.obj (.text:_ZN9usbdevice17USBKeyboardDevice17getKeyboardDeviceEv)
                  00003220    00000058     USBCompDevice.obj (.text:_ZN9usbdevice13USBCompDeviceC1EPFYjPvjjS1_E)
                  00003278    00000056     usblib.lib : usbdhidkeyb.obj (.text:RemoveKeyFromPressedList)
                  000032ce    00000056                : usbdma.obj (.text:uDMAUSBChannelRelease)
                  00003324    00000054                : usbdhid.obj (.text:ProcessDataToHost)
                  00003378    00000052                : usbulpi.obj (.text:ULPIConfigSet)
                  000033ca    00000002                : usbdma.obj (.text:iDMAUSBArbSizeSet)
                  000033cc    00000050     driverlib.lib : sysctl.obj (.text:SysCtlPeripheralReset)
                  0000341c    00000050     usblib.lib : usbdcdesc.obj (.text:USBDCDConfigDescGet)
                  0000346c    00000050                : usbdenum.obj (.text:USBDeviceResumeTickHandler)
                  000034bc    00000050     USBSerialDevice.obj (.text:_ZN9usbdevice15USBSerialDevice20USBUARTPrimeTransmitEv)
                  0000350c    0000004e     USBSerialDevice.obj (.text:_ZN9usbdevice15USBSerialDevice9connectedEv)
                  0000355a    0000004c     usblib.lib : usbdconfig.obj (.text:GetEPDescriptorType)
                  000035a6    00000002                : usbdma.obj (.text:iDMAUSBUnitSizeSet)
                  000035a8    0000004c                : usbdenum.obj (.text:USBDStringIndexFromRequest)
                  000035f4    0000004c     driverlib.lib : usb.obj (.text:USBEndpointDMAConfigSet)
                  00003640    0000004c     usblib.lib : usbdma.obj (.text:iDMAUSBChannelEnable)
                  0000368c    0000004a                : usbdcdesc.obj (.text:ConfigAlternateInterfaceGet)
                  000036d6    0000004a                : usbdcdc.obj (.text:HandleEP0Data)
                  00003720    0000004a                : usbdcdc.obj (.text:HandleEndpoints)
                  0000376a    0000004a                : usbdhid.obj (.text:USBDHIDReportWrite)
                  000037b4    0000004a     driverlib.lib : usb.obj (.text:USBDevEndpointStallClear)
                  000037fe    0000004a     usblib.lib : usbdma.obj (.text:uDMAUSBChannelDisable)
                  00003848    00000048                : usbdhid.obj (.text:SetIdleTimeout)
                  00003890    00000048                : usbdenum.obj (.text:USBDeviceEnumResetHandler)
                  000038d8    00000048     driverlib.lib : udma.obj (.text:uDMAChannelAttributeDisable)
                  00003920    00000046                   : usb.obj (.text:USBEndpointDataGet)
                  00003966    00000002     usblib.lib : usbdma.obj (.text:uDMAUSBChannelIntDisable)
                  00003968    00000044                : usbdenum.obj (.text:USBDCDDeviceInfoInit)
                  000039ac    00000044                : usbdenum.obj (.text:USBDGetInterface)
                  000039f0    00000044     main.obj (.text:_Z9RxHandlerPvjjS_)
                  00003a34    00000044     USBSerialDevice.obj (.text:_ZN9usbdevice15USBSerialDevice11getInstanceEv)
                  00003a78    00000041     USBSerialDevice.obj (.text:_ZN9usbdevice15USBSerialDevice12disconnectedEv)
                  00003ab9    00000001     --HOLE-- [fill = 0]
                  00003aba    00000040     usblib.lib : usbdcomp.obj (.text:ConfigChangeHandler)
                  00003afa    00000040                : usbdhid.obj (.text:ScheduleReportTransmission)
                  00003b3a    0000003e                : usbdhidkeyb.obj (.text:HIDKeyboardTxHandler)
                  00003b78    0000003c     USBCompDevice.obj (.text:_ZN9usbdevice13USBCompDevice4initEv)
                  00003bb4    0000003c     usblib.lib : usbdma.obj (.text:iDMAUSBChannelRelease)
                  00003bf0    0000003a                : usbdcomp.obj (.text:EndpointToIndex)
                  00003c2a    0000003a     driverlib.lib : usb.obj (.text:USBFIFOConfigSet)
                  00003c64    00000038     usblib.lib : usbdcomp.obj (.text:HandleDisconnect)
                  00003c9c    00000038                : usbtick.obj (.text:InternalUSBRegisterTickHandler)
                  00003cd4    00000038                : usbtick.obj (.text:InternalUSBStartOfFrameTick)
                  00003d0c    00000038                : usbdcomp.obj (.text:ResetHandler)
                  00003d44    00000038                : usbdcomp.obj (.text:ResumeHandler)
                  00003d7c    00000038                : usbdcdc.obj (.text:SendBreak)
                  00003db4    00000038                : usbdcomp.obj (.text:SuspendHandler)
                  00003dec    00000038                : usbdcdesc.obj (.text:USBDCDConfigGetInterfaceEndpoint)
                  00003e24    00000038     driverlib.lib : usb.obj (.text:USBIntStatusControl)
                  00003e5c    00000038     usblib.lib : usbringbuf.obj (.text:USBRingBufAdvanceWrite)
                  00003e94    00000038     USBSerialDevice.obj (.text:_ZN9usbdevice15USBSerialDevice9SendBreakEb)
                  00003ecc    00000038     rtsv7M4_T_le_v4SPD16_eabi.lib : boot_cortex_m.c.obj (.text:_c_int00_noargs:_c_int00_noargs)
                  00003f04    00000036     usblib.lib : usbdhid.obj (.text:HandleEndpoints)
                  00003f3a    00000036                : usbdcomp.obj (.text:InterfaceChange)
                  00003f70    00000036     driverlib.lib : usb.obj (.text:USBEndpointDataPut)
                  00003fa6    00000002     usblib.lib : usbdma.obj (.text:uDMAUSBChannelIntEnable)
                  00003fa8    00000034                : usbdhid.obj (.text:HIDTickHandler)
                  00003fdc    00000034                : usbdcdc.obj (.text:HandleConfigChange)
                  00004010    00000034     driverlib.lib : sysctl.obj (.text:SysCtlPeripheralEnable)
                  00004044    00000034                   : usb.obj (.text:USBEndpointDataSend)
                  00004078    00000034     USBCompDevice.obj (.text:_ZN9usbdevice13USBCompDevice11getInstanceEv)
                  000040ac    00000034     USBKeyboardDevice.obj (.text:_ZN9usbdevice17USBKeyboardDevice11getInstanceEv)
                  000040e0    00000034     usblib.lib : usbdma.obj (.text:iDMAUSBChannelStatus)
                  00004114    00000032                : usbdhid.obj (.text:ClearReportTimer)
                  00004146    00000032                : usbdhid.obj (.text:HandleConfigChange)
                  00004178    00000032                : usbdcdesc.obj (.text:NextConfigDescGet)
                  000041aa    00000032                : usbdcdc.obj (.text:ProcessNotificationToHost)
                  000041dc    00000032     driverlib.lib : usb.obj (.text:USBDevEndpointStall)
                  0000420e    00000032     USBKeyboardDevice.obj (.text:_ZN9usbdevice17USBKeyboardDeviceC1EPFYjPvjjS1_E)
                  00004240    00000032     usblib.lib : usbdma.obj (.text:iDMAUSBChannelDisable)
                  00004272    00000030                : usbdhidkeyb.obj (.text:AddKeyToPressedList)
                  000042a2    00000030                : usbdma.obj (.text:DMAUSBIntHandler)
                  000042d2    00000002     --HOLE-- [fill = 0]
                  000042d4    00000030                : usbtick.obj (.text:InternalUSBTickInit)
                  00004304    00000030                : usbdenum.obj (.text:USBDGetConfiguration)
                  00004334    00000030                : usbringbuf.obj (.text:UpdateIndexAtomic)
                  00004364    0000002e                : usbdcomp.obj (.text:HandleEndpoints)
                  00004392    0000002e                : usbbuffer.obj (.text:USBBufferWrite)
                  000043c0    0000002e                : usbdcdc.obj (.text:USBDCDCRxPacketAvailable)
                  000043ee    0000002e     USBSerialDevice.obj (.text:_ZN9usbdevice15USBSerialDevice10readBufferEv)
                  0000441c    0000002c     usblib.lib : usbdcomp.obj (.text:InterfaceToIndex)
                  00004448    0000002c                : usbdesc.obj (.text:USBDescGet)
                  00004474    0000002c                : usbdma.obj (.text:uDMAUSBIntStatus)
                  000044a0    0000002a                : usbbuffer.obj (.text:HandleRequestBuffer)
                  000044ca    0000002a                : usbdcdesc.obj (.text:USBDCDConfigDescGetNum)
                  000044f4    0000002a                : usbdesc.obj (.text:USBDescGetNum)
                  0000451e    0000002a     driverlib.lib : usb.obj (.text:USBDevEndpointDataAck)
                  00004548    00000028     usblib.lib : usbdhid.obj (.text:GetIdleTimeout)
                  00004570    00000028                : usbdhid.obj (.text:HandleEP0DataReceived)
                  00004598    00000028                : usbbuffer.obj (.text:USBBufferRead)
                  000045c0    00000028                : usbdenum.obj (.text:USBDSetAddress)
                  000045e8    00000028     driverlib.lib : usb.obj (.text:USBIntEnableControl)
                  00004610    00000028     main.obj (.text:_Z18USBKeyboardHandlerPvjjS_)
                  00004638    00000028     USBKeyboardDevice.obj (.text:_ZN9usbdevice17USBKeyboardDevice12GetUsageCodeEcb)
                  00004660    00000028     driverlib.lib : udma.obj (.text:uDMAChannelModeGet)
                  00004688    00000024     usblib.lib : usbdcdc.obj (.text:HandleDisconnect)
                  000046ac    00000024                : usbdcdc.obj (.text:SendLineStateChange)
                  000046d0    00000024     driverlib.lib : usb.obj (.text:USBEndpointDMADisable)
                  000046f4    00000024                   : usb.obj (.text:USBEndpointDMAEnable)
                  00004718    00000024     usblib.lib : usbmode.obj (.text:USBStackModeSet)
                  0000473c    00000024     main.obj (.text:_Z5delayi)
                  00004760    00000024     driverlib.lib : udma.obj (.text:uDMAChannelControlSet)
                  00004784    00000022     usblib.lib : usbdcomp.obj (.text:DataReceived)
                  000047a6    00000022                : usbdcomp.obj (.text:DataSent)
                  000047c8    00000022                : usbdhid.obj (.text:HandleDisconnect)
                  000047ea    00000022                : usbdcdc.obj (.text:SendLineCodingChange)
                  0000480c    00000022                : usbdma.obj (.text:uDMAUSBChannelStatus)
                  0000482e    00000020                : usbdcdc.obj (.text:CheckAndSendBreak)
                  0000484e    00000020                : usbdconfig.obj (.text:GetEndpointFIFOSize)
                  0000486e    00000020                : usbbuffer.obj (.text:HandleDataRemaining)
                  0000488e    00000020                : usbdhid.obj (.text:HandleEP0DataSent)
                  000048ae    00000020                : usbringbuf.obj (.text:USBRingBufAdvanceRead)
                  000048ce    0000001e                : usbringbuf.obj (.text:USBRingBufContigFree)
                  000048ec    0000001e     driverlib.lib : usb.obj (.text:USBULPIRegRead)
                  0000490a    0000001e                   : usb.obj (.text:USBULPIRegWrite)
                  00004928    0000001c     usblib.lib : usbdcomp.obj (.text:CompositeEPChange)
                  00004944    0000001c                : usbdcomp.obj (.text:CompositeIfaceChange)
                  00004960    0000001c                : usbdcdesc.obj (.text:USBDCDConfigGetInterface)
                  0000497c    0000001c                : usbdenum.obj (.text:USBDCDStallEP0)
                  00004998    0000001c     driverlib.lib : usb.obj (.text:USBEndpointDataAvail)
                  000049b4    0000001c     usblib.lib : usbringbuf.obj (.text:USBRingBufRead)
                  000049d0    0000001c                : usbringbuf.obj (.text:USBRingBufWrite)
                  000049ec    0000001a                : usbdhid.obj (.text:ClearIdleTimers)
                  00004a06    0000001a                : usbdcdc.obj (.text:DeviceConsumedAllData)
                  00004a20    0000001a                : usbdcdesc.obj (.text:USBDCDConfigDescGetSize)
                  00004a3a    0000001a     driverlib.lib : usb.obj (.text:USBEndpointDMAChannel)
                  00004a54    00000018     uartstdio.obj (.text:IsBufferFull)
                  00004a6c    00000018     usblib.lib : usbdcdc.obj (.text:SetDeferredOpFlag)
                  00004a84    00000018                : usbdhid.obj (.text:SetDeferredOpFlag)
                  00004a9c    00000018                : usbdhandler.obj (.text:USB0DeviceIntHandler)
                  00004ab4    00000018                : usbbuffer.obj (.text:USBBufferInit)
                  00004acc    00000018                : usbdenum.obj (.text:USBDCDFeatureGet)
                  00004ae4    00000018                : usbdenum.obj (.text:USBDSetDescriptor)
                  00004afc    00000018                : usbdenum.obj (.text:USBDSyncFrame)
                  00004b14    00000018     USBKeyboardDevice.obj (.text:_ZN9usbdevice17USBKeyboardDevice17releaseSpecialKeyEv)
                  00004b2c    00000018     driverlib.lib : udma.obj (.text:uDMAChannelDisable)
                  00004b44    00000018                   : udma.obj (.text:uDMAChannelEnable)
                  00004b5c    00000016     usblib.lib : usbdcdc.obj (.text:CheckAndSendLineCodingChange)
                  00004b72    00000016                : usbdcdc.obj (.text:CheckAndSendLineStateChange)
                  00004b88    00000016     driverlib.lib : usb.obj (.text:USBIntEnableEndpoint)
                  00004b9e    00000016     usblib.lib : usbringbuf.obj (.text:USBRingBufFlush)
                  00004bb4    00000016                : usbringbuf.obj (.text:USBRingBufReadOne)
                  00004bca    00000016                : usbringbuf.obj (.text:USBRingBufUsed)
                  00004be0    00000016     USBSerialDevice.obj (.text:_ZN9usbdevice15USBSerialDevice10initBufferEv)
                  00004bf6    00000014     usblib.lib : usbbuffer.obj (.text:HandleTxComplete)
                  00004c0a    00000002     --HOLE-- [fill = 0]
                  00004c0c    00000014     driverlib.lib : sysctl.obj (.text:SysCtlUSBPLLEnable)
                  00004c20    00000014     usblib.lib : usbdcdc.obj (.text:USBDCDCTxPacketAvailable)
                  00004c34    00000014                : usbdenum.obj (.text:USBDCDRequestDataEP0)
                  00004c48    00000014                : usbdenum.obj (.text:USBDCDSendDataEP0)
                  00004c5c    00000014     driverlib.lib : usb.obj (.text:USBDMAChannelConfigSet)
                  00004c70    00000014                   : usb.obj (.text:USBHostResume)
                  00004c84    00000014                   : usb.obj (.text:_USBIndexWrite)
                  00004c98    00000012     usblib.lib : usbdcdc.obj (.text:HandleResume)
                  00004caa    00000012                : usbdhid.obj (.text:HandleResume)
                  00004cbc    00000012                : usbdcdc.obj (.text:HandleSuspend)
                  00004cce    00000012                : usbdhid.obj (.text:HandleSuspend)
                  00004ce0    00000012     driverlib.lib : usb.obj (.text:USBDMAChannelDisable)
                  00004cf2    00000012                   : usb.obj (.text:USBDMAChannelEnable)
                  00004d04    00000012                   : usb.obj (.text:USBDMAChannelIntDisable)
                  00004d16    00000012                   : usb.obj (.text:USBDMAChannelIntEnable)
                  00004d28    00000012     usblib.lib : usbringbuf.obj (.text:USBRingBufFree)
                  00004d3a    00000010     driverlib.lib : interrupt.obj (.text:IntMasterDisable)
                  00004d4a    00000010                   : interrupt.obj (.text:IntMasterEnable)
                  00004d5a    00000002     --HOLE-- [fill = 0]
                  00004d5c    00000010     tm4c123gh6pm_startup_ccs.obj (.text:SysTickIntHandler)
                  00004d6c    00000010     driverlib.lib : usb.obj (.text:USBEndpointStatus)
                  00004d7c    00000010     usblib.lib : usbringbuf.obj (.text:USBRingBufContigUsed)
                  00004d8c    00000010                : usbringbuf.obj (.text:USBRingBufWriteOne)
                  00004d9c    0000000e                : usbdma.obj (.text:DMAUSBIntStatusClear)
                  00004daa    0000000e     uartstdio.obj (.text:IsBufferEmpty)
                  00004db8    0000000e     usblib.lib : usbdhid.obj (.text:USBDHIDTxPacketAvailable)
                  00004dc6    0000000e     driverlib.lib : usb.obj (.text:USBDMAChannelStatus)
                  00004dd4    0000000e                   : usb.obj (.text:USBDevLPMDisable)
                  00004de2    0000000e                   : usb.obj (.text:USBDevLPMEnable)
                  00004df0    0000000e                   : usb.obj (.text:USBULPIDisable)
                  00004dfe    0000000e                   : usb.obj (.text:USBULPIEnable)
                  00004e0c    0000000e     USBSerialDevice.obj (.text:_ZN9usbdevice15USBSerialDevice22resetCommandStatusFlagEv)
                  00004e1a    0000000e     rtsv7M4_T_le_v4SPD16_eabi.lib : copy_decompress_none.c.obj (.text:decompress:none:__TI_decompress_none)
                  00004e28    0000000c     driverlib.lib : cpu.obj (.text:CPUcpsid)
                  00004e34    0000000c                   : cpu.obj (.text:CPUcpsie)
                  00004e40    0000000c                   : usb.obj (.text:USBEndpointPacketCountSet)
                  00004e4c    0000000c                   : usb.obj (.text:USBLPMIntEnable)
                  00004e58    0000000c     usblib.lib : usbringbuf.obj (.text:USBRingBufInit)
                  00004e64    0000000c     USBCompDevice.obj (.text:_ZN9usbdevice13USBCompDevice20registerEventHandlerEPFYjPvjjS1_E)
                  00004e70    0000000c     USBSerialDevice.obj (.text:_ZN9usbdevice15USBSerialDevice17registerRxHandlerEPFYjPvjjS1_E)
                  00004e7c    0000000c     USBSerialDevice.obj (.text:_ZN9usbdevice15USBSerialDevice17registerTxHandlerEPFYjPvjjS1_E)
                  00004e88    0000000c     USBSerialDevice.obj (.text:_ZN9usbdevice15USBSerialDevice22registerControlHandlerEPFYjPvjjS1_E)
                  00004e94    0000000c     USBKeyboardDevice.obj (.text:_ZN9usbdevice17USBKeyboardDevice23registerKeyboardHandlerEPFYjPvjjS1_E)
                  00004ea0    0000000c     rtsv7M4_T_le_v4SPD16_eabi.lib : guard.c.obj (.text:__cxa_guard_acquire)
                  00004eac    0000000c     SPI.obj (.text:__sti___7_SPI_cpp_230ca784)
                  00004eb8    0000000c     rtsv7M4_T_le_v4SPD16_eabi.lib : copy_zero_init.c.obj (.text:decompress:ZI:__TI_zero_init)
                  00004ec4    0000000a     driverlib.lib : usb.obj (.text:USBClockEnable)
                  00004ece    0000000a                   : usb.obj (.text:USBControllerVersion)
                  00004ed8    0000000a                   : usb.obj (.text:USBDMAChannelAddressSet)
                  00004ee2    0000000a                   : usb.obj (.text:USBDMAChannelCountSet)
                  00004eec    0000000a                   : usb.obj (.text:USBDevConnect)
                  00004ef6    0000000a                   : usb.obj (.text:USBDevDisconnect)
                  00004f00    0000000a                   : usb.obj (.text:USBIntStatusEndpoint)
                  00004f0a    0000000a     SPI.obj (.text:_ZN8SPIClassC1Ev)
                  00004f14    0000000a     USBSerialDevice.obj (.text:_ZN9usbdevice15USBSerialDevice20commandStatusUpdatedEv)
                  00004f1e    0000000a     rtsv7M4_T_le_v4SPD16_eabi.lib : guard.c.obj (.text:__cxa_guard_release)
                  00004f28    00000008     driverlib.lib : usb.obj (.text:USBDevMode)
                  00004f30    00000008                   : usb.obj (.text:USBFIFOAddrGet)
                  00004f38    00000008                   : usb.obj (.text:USBOTGMode)
                  00004f40    00000008     usblib.lib : usbdma.obj (.text:iDMAUSBChannelIntDisable)
                  00004f48    00000008                : usbdma.obj (.text:iDMAUSBChannelIntEnable)
                  00004f50    00000006     driverlib.lib : gpio.obj (.text:GPIOPinWrite)
                  00004f56    00000006     tm4c123gh6pm_startup_ccs.obj (.text:ResetISR)
                  00004f5c    00000006     driverlib.lib : sysctl.obj (.text:SysCtlDelay)
                  00004f62    00000006     usblib.lib : usbbuffer.obj (.text:USBBufferFlush)
                  00004f68    00000006     driverlib.lib : usb.obj (.text:USBDMAChannelIntStatus)
                  00004f6e    00000006                   : usb.obj (.text:USBDevLPMConfig)
                  00004f74    00000006                   : usb.obj (.text:USBLPMIntStatus)
                  00004f7a    00000006     USBSerialDevice.obj (.text:_ZN9usbdevice15USBSerialDevice15getRxEventCountEv)
                  00004f80    00000006     USBSerialDevice.obj (.text:_ZN9usbdevice15USBSerialDevice16getReceiveBufferEv)
                  00004f86    00000006     USBSerialDevice.obj (.text:_ZN9usbdevice15USBSerialDevice19getReceiveBufferEndEv)
                  00004f8c    00000006     USBSerialDevice.obj (.text:_ZN9usbdevice15USBSerialDevice5writeEPhj)
                  00004f92    00000006     usblib.lib : usbdma.obj (.text:iDMAUSBIntStatus)
                  00004f98    00000004                : usbdma.obj (.text:DMAUSBStatus)
                  00004f9c    00000004                : usbdhid.obj (.text:HandleReset)
                  00004fa0    00000004     driverlib.lib : usb.obj (.text:USBDevAddrSet)
                  00004fa4    00000004     main.obj (.text:_Z15USBEventHandlerPvjjS_)
                  00004fa8    00000004     main.obj (.text:_Z9TxHandlerPvjjS_)
                  00004fac    00000004     rtsv7M4_T_le_v4SPD16_eabi.lib : pre_init.c.obj (.text:_system_pre_init)
                  00004fb0    00000004                                   : exit.c.obj (.text:abort:abort)

.const     0    00004fb4    000003e0     
                  00004fb4    00000070     driverlib.lib : interrupt.obj (.const)
                  00005024    00000068     USBKeyboardDevice.obj (.const:_ZN43_INTERNAL_21_USBKeyboardDevice_cpp_497fa7839usbdevice14g_pcUsageCodesE)
                  0000508c    00000058     usblib.lib : usbdcdc.obj (.const)
                  000050e4    0000003f                : usbdhidkeyb.obj (.const:.string:g_pui8KeybReportDescriptor)
                  00005123    00000036     usb_structs.obj (.const:.string:g_pui8ConfigString)
                  00005159    00000002     main.obj (.const)
                  0000515b    00000001     --HOLE-- [fill = 0]
                  0000515c    00000034     usblib.lib : usbdenum.obj (.const:g_psUSBDStdRequests)
                  00005190    00000034                : usbdhidkeyb.obj (.const)
                  000051c4    00000030                : usbdcdc.obj (.const:g_sCDCHandlers)
                  000051f4    00000030                : usbdcomp.obj (.const:g_sCompHandlers)
                  00005224    00000030                : usbdhid.obj (.const:g_sHIDHandlers)
                  00005254    0000002e                : usbdcdc.obj (.const:.string)
                  00005282    0000002c     usb_structs.obj (.const:.string:g_pui8ControlInterfaceString)
                  000052ae    00000024     usb_structs.obj (.const:.string:g_pui8ManufacturerString)
                  000052d2    00000023     usblib.lib : usbdcdc.obj (.const:.string:g_pui8CDCSerCommInterface)
                  000052f5    00000022     USBKeyboardDevice.obj (.const:_ZN43_INTERNAL_21_USBKeyboardDevice_cpp_497fa7839usbdevice19g_pcUsageCodesShiftE)
                  00005317    0000001c     usb_structs.obj (.const:.string:g_pui8ProductString)
                  00005333    00000001     --HOLE-- [fill = 0]
                  00005334    00000018     usb_structs.obj (.const:g_pui8StringDescriptors)
                  0000534c    00000012     usb_structs.obj (.const:.string:g_pui8SerialNumberString)
                  0000535e    0000000e     usblib.lib : usbdhidkeyb.obj (.const:.string)
                  0000536c    0000000c     uartstdio.obj (.const:g_ui32UARTInt)
                  00005378    00000009     main.obj (.const:.string:password)
                  00005381    00000009     usblib.lib : usbdcomp.obj (.const:.string)
                  0000538a    00000004     usb_structs.obj (.const:.string:g_pui8LangDescriptor)
                  0000538e    00000002     --HOLE-- [fill = 0]
                  00005390    00000004     usb_structs.obj (.const)

.cinit     0    00005398    000000c0     
                  00005398    0000009c     (.cinit..data.load) [load image, compression = lzss]
                  00005434    0000000c     (__TI_handler_table)
                  00005440    00000008     (.cinit..bss.load) [load image, compression = zero_init]
                  00005448    00000010     (__TI_cinit_table)

.init_array 
*          0    00005394    00000004     
                  00005394    00000004     SPI.obj (.init_array)

.bss       0    20000000    00000c04     UNINITIALIZED
                  20000000    00000400     uartstdio.obj (.bss:g_pcUARTTxBuffer)
                  20000400    000003e8     USBSerialDevice.obj (.bss:instance$2)
                  200007e8    00000110     usblib.lib : usbdma.obj (.bss:g_psUSBDMAInst)
                  200008f8    000000f8     USBCompDevice.obj (.bss:instance$2)
                  200009f0    000000a4     USBKeyboardDevice.obj (.bss:instance$2)
                  20000a94    00000080     uartstdio.obj (.bss:g_pcUARTRxBuffer)
                  20000b14    00000050     usblib.lib : usbdenum.obj (.bss:g_psDCDInst)
                  20000b64    00000040                : usbdenum.obj (.bss:g_pui8DataBufferIn)
                  20000ba4    00000018     (.common:g_pfnTickHandlers)
                  20000bbc    00000018     (.common:g_pvTickInstance)
                  20000bd4    00000008     uartstdio.obj (.bss)
                  20000bdc    00000004     USBCompDevice.obj (.bss)
                  20000be0    00000004     USBKeyboardDevice.obj (.bss)
                  20000be4    00000004     USBSerialDevice.obj (.bss)
                  20000be8    00000004     (.common:g_pfnUSBModeCallback)
                  20000bec    00000004     (.common:g_ppCompConfigDescriptors)
                  20000bf0    00000004     (.common:g_ppsDevInfo)
                  20000bf4    00000004     (.common:g_ui32ULPISupport)
                  20000bf8    00000004     (.common:ui32RxCount)
                  20000bfc    00000004     (.common:ui32TxCount)
                  20000c00    00000002     SPI.obj (.bss:SPI)
                  20000c02    00000002     (.common:_ZN9usbdevice16g_sKeyboardStateE)

.data      0    20001008    00000118     UNINITIALIZED
                  20001008    0000005e     usblib.lib : usbdcdc.obj (.data)
                  20001066    00000002     --HOLE--
                  20001068    00000038                : usbdhidkeyb.obj (.data)
                  200010a0    00000015     uartstdio.obj (.data)
                  200010b5    00000012     usblib.lib : usbdcomp.obj (.data)
                  200010c7    00000012                : usbdhid.obj (.data)
                  200010d9    00000003     buttons.obj (.data)
                  200010dc    00000010     USBKeyboardDevice.obj (.data)
                  200010ec    0000000c     USBSerialDevice.obj (.data)
                  200010f8    0000000c     usblib.lib : usbtick.obj (.data)
                  20001104    00000009                : usbmode.obj (.data)
                  2000110d    00000003     --HOLE--
                  20001110    00000008                : usbdenum.obj (.data)
                  20001118    00000004     USBCompDevice.obj (.data)
                  2000111c    00000004     tm4c123gh6pm_startup_ccs.obj (.data)

.stack     0    20000c08    00000400     UNINITIALIZED
                  20000c08    00000004     rtsv7M4_T_le_v4SPD16_eabi.lib : boot_cortex_m.c.obj (.stack)
                  20000c0c    000003fc     --HOLE--

MODULE SUMMARY

       Module                         code    ro data   rw data
       ------                         ----    -------   -------
    .\
       USBSerialDevice.obj            963     0         1016   
       main.obj                       940     11        8      
       USBKeyboardDevice.obj          592     138       184    
       tm4c123gh6pm_startup_ccs.obj   28      620       4      
       USBCompDevice.obj              212     0         258    
       usb_structs.obj                0       212       0      
       SPI.obj                        22      4         2      
    +--+------------------------------+-------+---------+---------+
       Total:                         2757    985       1472   
                                                               
    .\drivers\
       buttons.obj                    240     0         3      
    +--+------------------------------+-------+---------+---------+
       Total:                         240     0         3      
                                                               
    .\utils\
       uartstdio.obj                  698     12        1181   
    +--+------------------------------+-------+---------+---------+
       Total:                         698     12        1181   
                                                               
    C:/ti/tivaware_c_series_2_1_4_178/driverlib/ccs/Debug/driverlib.lib
       usb.obj                        1354    0         0      
       interrupt.obj                  340     112       0      
       udma.obj                       328     0         0      
       sysctl.obj                     158     0         0      
       cpu.obj                        24      0         0      
       gpio.obj                       6       0         0      
    +--+------------------------------+-------+---------+---------+
       Total:                         2210    112       0      
                                                               
    C:/ti/tivaware_c_series_2_1_4_178/usblib/ccs/Debug/usblib.lib
       usbdenum.obj                   2904    52        160    
       usbdcdc.obj                    2008    217       94     
       usbdma.obj                     2008    0         272    
       usbdhid.obj                    1770    48        18     
       usbdcomp.obj                   1624    57        22     
       usbdhidkeyb.obj                652     129       56     
       usbbuffer.obj                  646     0         0      
       usbdconfig.obj                 576     0         0      
       usbdcdesc.obj                  356     0         0      
       usbringbuf.obj                 350     0         0      
       usbtick.obj                    160     0         60     
       usbdesc.obj                    86      0         0      
       usbulpi.obj                    82      0         0      
       usbmode.obj                    36      0         13     
       usbdhandler.obj                24      0         0      
    +--+------------------------------+-------+---------+---------+
       Total:                         13282   503       695    
                                                               
    C:\ti\ccsv8\tools\compiler\ti-cgt-arm_18.1.3.LTS\lib\rtsv7M4_T_le_v4SPD16_eabi.lib
       memcpy_t2.asm.obj              156     0         0      
       memset_t2.asm.obj              122     0         0      
       copy_decompress_lzss.c.obj     104     0         0      
       autoinit.c.obj                 96      0         0      
       boot_cortex_m.c.obj            56      0         0      
       guard.c.obj                    22      0         0      
       copy_decompress_none.c.obj     14      0         0      
       copy_zero_init.c.obj           12      0         0      
       exit.c.obj                     4       0         0      
       pre_init.c.obj                 4       0         0      
    +--+------------------------------+-------+---------+---------+
       Total:                         590     0         0      
                                                               
       Stack:                         0       0         1024   
       Linker Generated:              0       192       0      
    +--+------------------------------+-------+---------+---------+
       Grand Total:                   19777   1804      4375   


LINKER GENERATED COPY TABLES

__TI_cinit_table @ 00005448 records: 2, size/record: 8, table size: 16
	.data: load addr=00005398, load size=0000009c bytes, run addr=20001008, run size=00000118 bytes, compression=lzss
	.bss: load addr=00005440, load size=00000008 bytes, run addr=20000000, run size=00000c04 bytes, compression=zero_init


LINKER GENERATED HANDLER TABLE

__TI_handler_table @ 00005434 records: 3, size/record: 4, table size: 12
	index: 0, handler: __TI_decompress_lzss
	index: 1, handler: __TI_decompress_none
	index: 2, handler: __TI_zero_init


GLOBAL SYMBOLS: SORTED ALPHABETICALLY BY Name 

address   name                                                                  
-------   ----                                                                  
0000026d  BuildCompositeDescriptor                                              
00002b2d  ButtonsInit                                                           
00002295  ButtonsPoll                                                           
00004fb1  C$$EXIT                                                               
00004e29  CPUcpsid                                                              
00004e35  CPUcpsie                                                              
00004f51  GPIOPinWrite                                                          
00002b95  IntDisable                                                            
00002bfd  IntEnable                                                             
00002df9  IntIsEnabled                                                          
00004d3b  IntMasterDisable                                                      
00004d4b  IntMasterEnable                                                       
00003c9d  InternalUSBRegisterTickHandler                                        
00003cd5  InternalUSBStartOfFrameTick                                           
000042d5  InternalUSBTickInit                                                   
00005390  NUM_STRING_DESCRIPTORS                                                
00002891  ProcessDataFromHost                                                   
00002a55  ProcessDataToHost                                                     
000041ab  ProcessNotificationToHost                                             
00004f57  ResetISR                                                              
00005394  SHT$$INIT_ARRAY$$Base                                                 
00005398  SHT$$INIT_ARRAY$$Limit                                                
20000c00  SPI                                                                   
00004f5d  SysCtlDelay                                                           
00004011  SysCtlPeripheralEnable                                                
000033cd  SysCtlPeripheralReset                                                 
00004c0d  SysCtlUSBPLLEnable                                                    
00004d5d  SysTickIntHandler                                                     
000005e1  UARTStdioIntHandler                                                   
000019d1  UARTwrite                                                             
00003379  ULPIConfigSet                                                         
00004a9d  USB0DeviceIntHandler                                                  
00002e5d  USBBufferEventCallback                                                
00004f63  USBBufferFlush                                                        
00004ab5  USBBufferInit                                                         
00004599  USBBufferRead                                                         
00004393  USBBufferWrite                                                        
00004ec5  USBClockEnable                                                        
00004ecf  USBControllerVersion                                                  
000012c9  USBDCDCCompositeInit                                                  
00001f45  USBDCDCPacketRead                                                     
00003045  USBDCDCPacketWrite                                                    
000043c1  USBDCDCRxPacketAvailable                                              
00004c21  USBDCDCTxPacketAvailable                                              
0000341d  USBDCDConfigDescGet                                                   
000044cb  USBDCDConfigDescGetNum                                                
00004a21  USBDCDConfigDescGetSize                                               
00004961  USBDCDConfigGetInterface                                              
00003ded  USBDCDConfigGetInterfaceEndpoint                                      
00003969  USBDCDDeviceInfoInit                                                  
00004acd  USBDCDFeatureGet                                                      
000008a1  USBDCDInit                                                            
00004c35  USBDCDRequestDataEP0                                                  
00004c49  USBDCDSendDataEP0                                                     
0000497d  USBDCDStallEP0                                                        
0000154d  USBDCompositeInit                                                     
000011e9  USBDHIDCompositeInit                                                  
00001b21  USBDHIDKeyboardCompositeInit                                          
000023a5  USBDHIDKeyboardKeyStateChange                                         
0000376b  USBDHIDReportWrite                                                    
00004db9  USBDHIDTxPacketAvailable                                              
00004ed9  USBDMAChannelAddressSet                                               
00004c5d  USBDMAChannelConfigSet                                                
00004ee3  USBDMAChannelCountSet                                                 
00004ce1  USBDMAChannelDisable                                                  
00004cf3  USBDMAChannelEnable                                                   
00004d05  USBDMAChannelIntDisable                                               
00004d17  USBDMAChannelIntEnable                                                
00004f69  USBDMAChannelIntStatus                                                
00004dc7  USBDMAChannelStatus                                                   
00004449  USBDescGet                                                            
000044f5  USBDescGetNum                                                         
00004fa1  USBDevAddrSet                                                         
00004eed  USBDevConnect                                                         
00004ef7  USBDevDisconnect                                                      
00002639  USBDevEndpointConfigSet                                               
0000451f  USBDevEndpointDataAck                                                 
000041dd  USBDevEndpointStall                                                   
000037b5  USBDevEndpointStallClear                                              
00003165  USBDevEndpointStatusClear                                             
00004f6f  USBDevLPMConfig                                                       
00004dd5  USBDevLPMDisable                                                      
00004de3  USBDevLPMEnable                                                       
00004f29  USBDevMode                                                            
00000c91  USBDeviceConfig                                                       
000020f1  USBDeviceConfigAlternate                                              
000013a1  USBDeviceEnumHandler                                                  
00003891  USBDeviceEnumResetHandler                                             
00000b41  USBDeviceIntHandlerInternal                                           
0000346d  USBDeviceResumeTickHandler                                            
00004a3b  USBEndpointDMAChannel                                                 
000035f5  USBEndpointDMAConfigSet                                               
000046d1  USBEndpointDMADisable                                                 
000046f5  USBEndpointDMAEnable                                                  
00004999  USBEndpointDataAvail                                                  
00003921  USBEndpointDataGet                                                    
00003f71  USBEndpointDataPut                                                    
00004045  USBEndpointDataSend                                                   
00004e41  USBEndpointPacketCountSet                                             
00004d6d  USBEndpointStatus                                                     
00004f31  USBFIFOAddrGet                                                        
00003c2b  USBFIFOConfigSet                                                      
00004c71  USBHostResume                                                         
000045e9  USBIntEnableControl                                                   
00004b89  USBIntEnableEndpoint                                                  
00003e25  USBIntStatusControl                                                   
00004f01  USBIntStatusEndpoint                                                  
00004e4d  USBLPMIntEnable                                                       
00004f75  USBLPMIntStatus                                                       
00000741  USBLibDMAInit                                                         
00004f39  USBOTGMode                                                            
000048af  USBRingBufAdvanceRead                                                 
00003e5d  USBRingBufAdvanceWrite                                                
000048cf  USBRingBufContigFree                                                  
00004d7d  USBRingBufContigUsed                                                  
00004b9f  USBRingBufFlush                                                       
00004d29  USBRingBufFree                                                        
00004e59  USBRingBufInit                                                        
000049b5  USBRingBufRead                                                        
00004bb5  USBRingBufReadOne                                                     
00004bcb  USBRingBufUsed                                                        
000049d1  USBRingBufWrite                                                       
00004d8d  USBRingBufWriteOne                                                    
00004719  USBStackModeSet                                                       
00004df1  USBULPIDisable                                                        
00004dff  USBULPIEnable                                                         
000048ed  USBULPIRegRead                                                        
0000490b  USBULPIRegWrite                                                       
00000dd9  _Z12configureUSBv                                                     
0000281d  _Z14ControlHandlerPvjjS_                                              
00004fa5  _Z15USBEventHandlerPvjjS_                                             
00004611  _Z18USBKeyboardHandlerPvjjS_                                          
0000473d  _Z5delayi                                                             
000039f1  _Z9RxHandlerPvjjS_                                                    
00004fa9  _Z9TxHandlerPvjjS_                                                    
00004f0b  _ZN8SPIClassC1Ev                                                      
00004f0b  _ZN8SPIClassC2Ev                                                      
00004079  _ZN9usbdevice13USBCompDevice11getInstanceEv                           
20001118  _ZN9usbdevice13USBCompDevice12eventHandlerE                           
00004e65  _ZN9usbdevice13USBCompDevice20registerEventHandlerEPFYjPvjjS1_E       
00003b79  _ZN9usbdevice13USBCompDevice4initEv                                   
00003221  _ZN9usbdevice13USBCompDeviceC1EPFYjPvjjS1_E                           
00003221  _ZN9usbdevice13USBCompDeviceC2EPFYjPvjjS1_E                           
00004be1  _ZN9usbdevice15USBSerialDevice10initBufferEv                          
000043ef  _ZN9usbdevice15USBSerialDevice10readBufferEv                          
00003a35  _ZN9usbdevice15USBSerialDevice11getInstanceEv                         
00003a79  _ZN9usbdevice15USBSerialDevice12disconnectedEv                        
0000217d  _ZN9usbdevice15USBSerialDevice13GetLineCodingEP11tLineCoding          
0000242d  _ZN9usbdevice15USBSerialDevice13SetLineCodingEP11tLineCoding          
200010ec  _ZN9usbdevice15USBSerialDevice14controlHandlerE                       
00004f7b  _ZN9usbdevice15USBSerialDevice15getRxEventCountEv                     
0000242b  _ZN9usbdevice15USBSerialDevice15getSerialDeviceEv                     
00004f81  _ZN9usbdevice15USBSerialDevice16getReceiveBufferEv                    
00004e71  _ZN9usbdevice15USBSerialDevice17registerRxHandlerEPFYjPvjjS1_E        
00004e7d  _ZN9usbdevice15USBSerialDevice17registerTxHandlerEPFYjPvjjS1_E        
00002903  _ZN9usbdevice15USBSerialDevice19SetControlLineStateEt                 
00004f87  _ZN9usbdevice15USBSerialDevice19getReceiveBufferEndEv                 
000034bd  _ZN9usbdevice15USBSerialDevice20USBUARTPrimeTransmitEv                
00004f15  _ZN9usbdevice15USBSerialDevice20commandStatusUpdatedEv                
00004e89  _ZN9usbdevice15USBSerialDevice22registerControlHandlerEPFYjPvjjS1_E   
00004e0d  _ZN9usbdevice15USBSerialDevice22resetCommandStatusFlagEv              
00004f8d  _ZN9usbdevice15USBSerialDevice5writeEPhj                              
00003e95  _ZN9usbdevice15USBSerialDevice9SendBreakEb                            
0000350d  _ZN9usbdevice15USBSerialDevice9connectedEv                            
200010f0  _ZN9usbdevice15USBSerialDevice9rxHandlerE                             
200010f4  _ZN9usbdevice15USBSerialDevice9txHandlerE                             
000017a5  _ZN9usbdevice15USBSerialDeviceC1EPFYjPvjjS1_ES3_S3_                   
000017a5  _ZN9usbdevice15USBSerialDeviceC2EPFYjPvjjS1_ES3_S3_                   
20000c02  _ZN9usbdevice16g_sKeyboardStateE                                      
000040ad  _ZN9usbdevice17USBKeyboardDevice11getInstanceEv                       
00004639  _ZN9usbdevice17USBKeyboardDevice12GetUsageCodeEcb                     
00001cf1  _ZN9usbdevice17USBKeyboardDevice14USBWriteStringEPKci                 
200010dc  _ZN9usbdevice17USBKeyboardDevice15keyboardHandlerE                    
000027a5  _ZN9usbdevice17USBKeyboardDevice17USBKeyboardUpdateEhhb               
0000321f  _ZN9usbdevice17USBKeyboardDevice17getKeyboardDeviceEv                 
00004b15  _ZN9usbdevice17USBKeyboardDevice17releaseSpecialKeyEv                 
00002209  _ZN9usbdevice17USBKeyboardDevice22USBPressKeyCombinationEhPKhi        
00004e95  _ZN9usbdevice17USBKeyboardDevice23registerKeyboardHandlerEPFYjPvjjS1_E
0000420f  _ZN9usbdevice17USBKeyboardDeviceC1EPFYjPvjjS1_E                       
0000420f  _ZN9usbdevice17USBKeyboardDeviceC2EPFYjPvjjS1_E                       
20001008  __STACK_END                                                           
00000400  __STACK_SIZE                                                          
20000e08  __STACK_TOP                                                           
00005448  __TI_CINIT_Base                                                       
00005458  __TI_CINIT_Limit                                                      
00005434  __TI_Handler_Table_Base                                               
00005440  __TI_Handler_Table_Limit                                              
00003105  __TI_auto_init_nobinit                                                
00002c65  __TI_decompress_lzss                                                  
00004e1b  __TI_decompress_none                                                  
ffffffff  __TI_pprof_out_hndl                                                   
ffffffff  __TI_prof_data_size                                                   
ffffffff  __TI_prof_data_start                                                  
00000000  __TI_static_base__                                                    
00004eb9  __TI_zero_init                                                        
000026b3  __aeabi_memclr                                                        
000026b3  __aeabi_memclr4                                                       
000026b3  __aeabi_memclr8                                                       
00001bbd  __aeabi_memcpy                                                        
00001bbd  __aeabi_memcpy4                                                       
00001bbd  __aeabi_memcpy8                                                       
000026b5  __aeabi_memset                                                        
000026b5  __aeabi_memset4                                                       
000026b5  __aeabi_memset8                                                       
ffffffff  __binit__                                                             
ffffffff  __c_args__                                                            
00004ea1  __cxa_guard_acquire                                                   
00004f1f  __cxa_guard_release                                                   
UNDEFED   __mpu_init                                                            
20000c08  __stack                                                               
00004ead  __sti___7_SPI_cpp_230ca784                                            
00003ecd  _c_int00_noargs                                                       
UNDEFED   _system_post_cinit                                                    
00004fad  _system_pre_init                                                      
00004fb1  abort                                                                 
ffffffff  binit                                                                 
200010f8  g_bUSBTimerInitialized                                                
20001104  g_iUSBMode                                                            
000050dc  g_pCDCCompSerConfigDescriptors                                        
000050e0  g_pCDCCompSerConfigDescriptorsHS                                      
20000ba4  g_pfnTickHandlers                                                     
00000000  g_pfnVectors                                                          
000050d4  g_ppCDCSerConfigDescriptors                                           
000050d8  g_ppCDCSerConfigDescriptorsHS                                         
20000bec  g_ppCompConfigDescriptors                                             
20000bf0  g_ppsDevInfo                                                          
20001044  g_psCDCCompSerSections                                                
20001054  g_psCDCCompSerSectionsHS                                              
2000102c  g_psCDCSerSections                                                    
20001038  g_psCDCSerSectionsHS                                                  
20000b14  g_psDCDInst                                                           
000052d2  g_pui8CDCSerCommInterface                                             
00005254  g_pui8CDCSerDataInterface                                             
0000526b  g_pui8CDCSerDataInterfaceHS                                           
2000101a  g_pui8CDCSerDescriptor                                                
20001008  g_pui8CDCSerDeviceDescriptor                                          
00005123  g_pui8ConfigString                                                    
00005282  g_pui8ControlInterfaceString                                          
200010c7  g_pui8HIDDeviceDescriptor                                             
20001023  g_pui8IADSerDescriptor                                                
0000538a  g_pui8LangDescriptor                                                  
000052ae  g_pui8ManufacturerString                                              
00005317  g_pui8ProductString                                                   
0000534c  g_pui8SerialNumberString                                              
00005334  g_pui8StringDescriptors                                               
20000bbc  g_pvTickInstance                                                      
000050c4  g_sCDCCompSerConfigHeader                                             
000050cc  g_sCDCCompSerConfigHeaderHS                                           
000051c4  g_sCDCHandlers                                                        
0000509c  g_sCDCSerCommInterfaceSection                                         
000050b4  g_sCDCSerConfigHeader                                                 
000050bc  g_sCDCSerConfigHeaderHS                                               
0000508c  g_sCDCSerConfigSection                                                
000050a4  g_sCDCSerDataInterfaceSection                                         
000050ac  g_sCDCSerDataInterfaceSectionHS                                       
000051f4  g_sCompHandlers                                                       
00005224  g_sHIDHandlers                                                        
00005094  g_sIADSerConfigSection                                                
200010fc  g_ui32CurrentUSBTick                                                  
2000111c  g_ui32SysTickCount                                                    
20001100  g_ui32USBSOFCount                                                     
20001108  g_ui32WaitTicks                                                       
00000465  main                                                                  
00001bbd  memcpy                                                                
000026bb  memset                                                                
000038d9  uDMAChannelAttributeDisable                                           
00004761  uDMAChannelControlSet                                                 
00004b2d  uDMAChannelDisable                                                    
00004b45  uDMAChannelEnable                                                     
00004661  uDMAChannelModeGet                                                    
00002535  uDMAChannelTransferSet                                                
20000bf8  ui32RxCount                                                           
20000bfc  ui32TxCount                                                           


GLOBAL SYMBOLS: SORTED BY Symbol Address 

address   name                                                                  
-------   ----                                                                  
00000000  __TI_static_base__                                                    
00000000  g_pfnVectors                                                          
0000026d  BuildCompositeDescriptor                                              
00000400  __STACK_SIZE                                                          
00000465  main                                                                  
000005e1  UARTStdioIntHandler                                                   
00000741  USBLibDMAInit                                                         
000008a1  USBDCDInit                                                            
00000b41  USBDeviceIntHandlerInternal                                           
00000c91  USBDeviceConfig                                                       
00000dd9  _Z12configureUSBv                                                     
000011e9  USBDHIDCompositeInit                                                  
000012c9  USBDCDCCompositeInit                                                  
000013a1  USBDeviceEnumHandler                                                  
0000154d  USBDCompositeInit                                                     
000017a5  _ZN9usbdevice15USBSerialDeviceC1EPFYjPvjjS1_ES3_S3_                   
000017a5  _ZN9usbdevice15USBSerialDeviceC2EPFYjPvjjS1_ES3_S3_                   
000019d1  UARTwrite                                                             
00001b21  USBDHIDKeyboardCompositeInit                                          
00001bbd  __aeabi_memcpy                                                        
00001bbd  __aeabi_memcpy4                                                       
00001bbd  __aeabi_memcpy8                                                       
00001bbd  memcpy                                                                
00001cf1  _ZN9usbdevice17USBKeyboardDevice14USBWriteStringEPKci                 
00001f45  USBDCDCPacketRead                                                     
000020f1  USBDeviceConfigAlternate                                              
0000217d  _ZN9usbdevice15USBSerialDevice13GetLineCodingEP11tLineCoding          
00002209  _ZN9usbdevice17USBKeyboardDevice22USBPressKeyCombinationEhPKhi        
00002295  ButtonsPoll                                                           
000023a5  USBDHIDKeyboardKeyStateChange                                         
0000242b  _ZN9usbdevice15USBSerialDevice15getSerialDeviceEv                     
0000242d  _ZN9usbdevice15USBSerialDevice13SetLineCodingEP11tLineCoding          
00002535  uDMAChannelTransferSet                                                
00002639  USBDevEndpointConfigSet                                               
000026b3  __aeabi_memclr                                                        
000026b3  __aeabi_memclr4                                                       
000026b3  __aeabi_memclr8                                                       
000026b5  __aeabi_memset                                                        
000026b5  __aeabi_memset4                                                       
000026b5  __aeabi_memset8                                                       
000026bb  memset                                                                
000027a5  _ZN9usbdevice17USBKeyboardDevice17USBKeyboardUpdateEhhb               
0000281d  _Z14ControlHandlerPvjjS_                                              
00002891  ProcessDataFromHost                                                   
00002903  _ZN9usbdevice15USBSerialDevice19SetControlLineStateEt                 
00002a55  ProcessDataToHost                                                     
00002b2d  ButtonsInit                                                           
00002b95  IntDisable                                                            
00002bfd  IntEnable                                                             
00002c65  __TI_decompress_lzss                                                  
00002df9  IntIsEnabled                                                          
00002e5d  USBBufferEventCallback                                                
00003045  USBDCDCPacketWrite                                                    
00003105  __TI_auto_init_nobinit                                                
00003165  USBDevEndpointStatusClear                                             
0000321f  _ZN9usbdevice17USBKeyboardDevice17getKeyboardDeviceEv                 
00003221  _ZN9usbdevice13USBCompDeviceC1EPFYjPvjjS1_E                           
00003221  _ZN9usbdevice13USBCompDeviceC2EPFYjPvjjS1_E                           
00003379  ULPIConfigSet                                                         
000033cd  SysCtlPeripheralReset                                                 
0000341d  USBDCDConfigDescGet                                                   
0000346d  USBDeviceResumeTickHandler                                            
000034bd  _ZN9usbdevice15USBSerialDevice20USBUARTPrimeTransmitEv                
0000350d  _ZN9usbdevice15USBSerialDevice9connectedEv                            
000035f5  USBEndpointDMAConfigSet                                               
0000376b  USBDHIDReportWrite                                                    
000037b5  USBDevEndpointStallClear                                              
00003891  USBDeviceEnumResetHandler                                             
000038d9  uDMAChannelAttributeDisable                                           
00003921  USBEndpointDataGet                                                    
00003969  USBDCDDeviceInfoInit                                                  
000039f1  _Z9RxHandlerPvjjS_                                                    
00003a35  _ZN9usbdevice15USBSerialDevice11getInstanceEv                         
00003a79  _ZN9usbdevice15USBSerialDevice12disconnectedEv                        
00003b79  _ZN9usbdevice13USBCompDevice4initEv                                   
00003c2b  USBFIFOConfigSet                                                      
00003c9d  InternalUSBRegisterTickHandler                                        
00003cd5  InternalUSBStartOfFrameTick                                           
00003ded  USBDCDConfigGetInterfaceEndpoint                                      
00003e25  USBIntStatusControl                                                   
00003e5d  USBRingBufAdvanceWrite                                                
00003e95  _ZN9usbdevice15USBSerialDevice9SendBreakEb                            
00003ecd  _c_int00_noargs                                                       
00003f71  USBEndpointDataPut                                                    
00004011  SysCtlPeripheralEnable                                                
00004045  USBEndpointDataSend                                                   
00004079  _ZN9usbdevice13USBCompDevice11getInstanceEv                           
000040ad  _ZN9usbdevice17USBKeyboardDevice11getInstanceEv                       
000041ab  ProcessNotificationToHost                                             
000041dd  USBDevEndpointStall                                                   
0000420f  _ZN9usbdevice17USBKeyboardDeviceC1EPFYjPvjjS1_E                       
0000420f  _ZN9usbdevice17USBKeyboardDeviceC2EPFYjPvjjS1_E                       
000042d5  InternalUSBTickInit                                                   
00004393  USBBufferWrite                                                        
000043c1  USBDCDCRxPacketAvailable                                              
000043ef  _ZN9usbdevice15USBSerialDevice10readBufferEv                          
00004449  USBDescGet                                                            
000044cb  USBDCDConfigDescGetNum                                                
000044f5  USBDescGetNum                                                         
0000451f  USBDevEndpointDataAck                                                 
00004599  USBBufferRead                                                         
000045e9  USBIntEnableControl                                                   
00004611  _Z18USBKeyboardHandlerPvjjS_                                          
00004639  _ZN9usbdevice17USBKeyboardDevice12GetUsageCodeEcb                     
00004661  uDMAChannelModeGet                                                    
000046d1  USBEndpointDMADisable                                                 
000046f5  USBEndpointDMAEnable                                                  
00004719  USBStackModeSet                                                       
0000473d  _Z5delayi                                                             
00004761  uDMAChannelControlSet                                                 
000048af  USBRingBufAdvanceRead                                                 
000048cf  USBRingBufContigFree                                                  
000048ed  USBULPIRegRead                                                        
0000490b  USBULPIRegWrite                                                       
00004961  USBDCDConfigGetInterface                                              
0000497d  USBDCDStallEP0                                                        
00004999  USBEndpointDataAvail                                                  
000049b5  USBRingBufRead                                                        
000049d1  USBRingBufWrite                                                       
00004a21  USBDCDConfigDescGetSize                                               
00004a3b  USBEndpointDMAChannel                                                 
00004a9d  USB0DeviceIntHandler                                                  
00004ab5  USBBufferInit                                                         
00004acd  USBDCDFeatureGet                                                      
00004b15  _ZN9usbdevice17USBKeyboardDevice17releaseSpecialKeyEv                 
00004b2d  uDMAChannelDisable                                                    
00004b45  uDMAChannelEnable                                                     
00004b89  USBIntEnableEndpoint                                                  
00004b9f  USBRingBufFlush                                                       
00004bb5  USBRingBufReadOne                                                     
00004bcb  USBRingBufUsed                                                        
00004be1  _ZN9usbdevice15USBSerialDevice10initBufferEv                          
00004c0d  SysCtlUSBPLLEnable                                                    
00004c21  USBDCDCTxPacketAvailable                                              
00004c35  USBDCDRequestDataEP0                                                  
00004c49  USBDCDSendDataEP0                                                     
00004c5d  USBDMAChannelConfigSet                                                
00004c71  USBHostResume                                                         
00004ce1  USBDMAChannelDisable                                                  
00004cf3  USBDMAChannelEnable                                                   
00004d05  USBDMAChannelIntDisable                                               
00004d17  USBDMAChannelIntEnable                                                
00004d29  USBRingBufFree                                                        
00004d3b  IntMasterDisable                                                      
00004d4b  IntMasterEnable                                                       
00004d5d  SysTickIntHandler                                                     
00004d6d  USBEndpointStatus                                                     
00004d7d  USBRingBufContigUsed                                                  
00004d8d  USBRingBufWriteOne                                                    
00004db9  USBDHIDTxPacketAvailable                                              
00004dc7  USBDMAChannelStatus                                                   
00004dd5  USBDevLPMDisable                                                      
00004de3  USBDevLPMEnable                                                       
00004df1  USBULPIDisable                                                        
00004dff  USBULPIEnable                                                         
00004e0d  _ZN9usbdevice15USBSerialDevice22resetCommandStatusFlagEv              
00004e1b  __TI_decompress_none                                                  
00004e29  CPUcpsid                                                              
00004e35  CPUcpsie                                                              
00004e41  USBEndpointPacketCountSet                                             
00004e4d  USBLPMIntEnable                                                       
00004e59  USBRingBufInit                                                        
00004e65  _ZN9usbdevice13USBCompDevice20registerEventHandlerEPFYjPvjjS1_E       
00004e71  _ZN9usbdevice15USBSerialDevice17registerRxHandlerEPFYjPvjjS1_E        
00004e7d  _ZN9usbdevice15USBSerialDevice17registerTxHandlerEPFYjPvjjS1_E        
00004e89  _ZN9usbdevice15USBSerialDevice22registerControlHandlerEPFYjPvjjS1_E   
00004e95  _ZN9usbdevice17USBKeyboardDevice23registerKeyboardHandlerEPFYjPvjjS1_E
00004ea1  __cxa_guard_acquire                                                   
00004ead  __sti___7_SPI_cpp_230ca784                                            
00004eb9  __TI_zero_init                                                        
00004ec5  USBClockEnable                                                        
00004ecf  USBControllerVersion                                                  
00004ed9  USBDMAChannelAddressSet                                               
00004ee3  USBDMAChannelCountSet                                                 
00004eed  USBDevConnect                                                         
00004ef7  USBDevDisconnect                                                      
00004f01  USBIntStatusEndpoint                                                  
00004f0b  _ZN8SPIClassC1Ev                                                      
00004f0b  _ZN8SPIClassC2Ev                                                      
00004f15  _ZN9usbdevice15USBSerialDevice20commandStatusUpdatedEv                
00004f1f  __cxa_guard_release                                                   
00004f29  USBDevMode                                                            
00004f31  USBFIFOAddrGet                                                        
00004f39  USBOTGMode                                                            
00004f51  GPIOPinWrite                                                          
00004f57  ResetISR                                                              
00004f5d  SysCtlDelay                                                           
00004f63  USBBufferFlush                                                        
00004f69  USBDMAChannelIntStatus                                                
00004f6f  USBDevLPMConfig                                                       
00004f75  USBLPMIntStatus                                                       
00004f7b  _ZN9usbdevice15USBSerialDevice15getRxEventCountEv                     
00004f81  _ZN9usbdevice15USBSerialDevice16getReceiveBufferEv                    
00004f87  _ZN9usbdevice15USBSerialDevice19getReceiveBufferEndEv                 
00004f8d  _ZN9usbdevice15USBSerialDevice5writeEPhj                              
00004fa1  USBDevAddrSet                                                         
00004fa5  _Z15USBEventHandlerPvjjS_                                             
00004fa9  _Z9TxHandlerPvjjS_                                                    
00004fad  _system_pre_init                                                      
00004fb1  C$$EXIT                                                               
00004fb1  abort                                                                 
0000508c  g_sCDCSerConfigSection                                                
00005094  g_sIADSerConfigSection                                                
0000509c  g_sCDCSerCommInterfaceSection                                         
000050a4  g_sCDCSerDataInterfaceSection                                         
000050ac  g_sCDCSerDataInterfaceSectionHS                                       
000050b4  g_sCDCSerConfigHeader                                                 
000050bc  g_sCDCSerConfigHeaderHS                                               
000050c4  g_sCDCCompSerConfigHeader                                             
000050cc  g_sCDCCompSerConfigHeaderHS                                           
000050d4  g_ppCDCSerConfigDescriptors                                           
000050d8  g_ppCDCSerConfigDescriptorsHS                                         
000050dc  g_pCDCCompSerConfigDescriptors                                        
000050e0  g_pCDCCompSerConfigDescriptorsHS                                      
00005123  g_pui8ConfigString                                                    
000051c4  g_sCDCHandlers                                                        
000051f4  g_sCompHandlers                                                       
00005224  g_sHIDHandlers                                                        
00005254  g_pui8CDCSerDataInterface                                             
0000526b  g_pui8CDCSerDataInterfaceHS                                           
00005282  g_pui8ControlInterfaceString                                          
000052ae  g_pui8ManufacturerString                                              
000052d2  g_pui8CDCSerCommInterface                                             
00005317  g_pui8ProductString                                                   
00005334  g_pui8StringDescriptors                                               
0000534c  g_pui8SerialNumberString                                              
0000538a  g_pui8LangDescriptor                                                  
00005390  NUM_STRING_DESCRIPTORS                                                
00005394  SHT$$INIT_ARRAY$$Base                                                 
00005398  SHT$$INIT_ARRAY$$Limit                                                
00005434  __TI_Handler_Table_Base                                               
00005440  __TI_Handler_Table_Limit                                              
00005448  __TI_CINIT_Base                                                       
00005458  __TI_CINIT_Limit                                                      
20000b14  g_psDCDInst                                                           
20000ba4  g_pfnTickHandlers                                                     
20000bbc  g_pvTickInstance                                                      
20000bec  g_ppCompConfigDescriptors                                             
20000bf0  g_ppsDevInfo                                                          
20000bf8  ui32RxCount                                                           
20000bfc  ui32TxCount                                                           
20000c00  SPI                                                                   
20000c02  _ZN9usbdevice16g_sKeyboardStateE                                      
20000c08  __stack                                                               
20000e08  __STACK_TOP                                                           
20001008  __STACK_END                                                           
20001008  g_pui8CDCSerDeviceDescriptor                                          
2000101a  g_pui8CDCSerDescriptor                                                
20001023  g_pui8IADSerDescriptor                                                
2000102c  g_psCDCSerSections                                                    
20001038  g_psCDCSerSectionsHS                                                  
20001044  g_psCDCCompSerSections                                                
20001054  g_psCDCCompSerSectionsHS                                              
200010c7  g_pui8HIDDeviceDescriptor                                             
200010dc  _ZN9usbdevice17USBKeyboardDevice15keyboardHandlerE                    
200010ec  _ZN9usbdevice15USBSerialDevice14controlHandlerE                       
200010f0  _ZN9usbdevice15USBSerialDevice9rxHandlerE                             
200010f4  _ZN9usbdevice15USBSerialDevice9txHandlerE                             
200010f8  g_bUSBTimerInitialized                                                
200010fc  g_ui32CurrentUSBTick                                                  
20001100  g_ui32USBSOFCount                                                     
20001104  g_iUSBMode                                                            
20001108  g_ui32WaitTicks                                                       
20001118  _ZN9usbdevice13USBCompDevice12eventHandlerE                           
2000111c  g_ui32SysTickCount                                                    
ffffffff  __TI_pprof_out_hndl                                                   
ffffffff  __TI_prof_data_size                                                   
ffffffff  __TI_prof_data_start                                                  
ffffffff  __binit__                                                             
ffffffff  __c_args__                                                            
ffffffff  binit                                                                 
UNDEFED   __mpu_init                                                            
UNDEFED   _system_post_cinit                                                    

[273 symbols]
