******************************************************************************
                  TI ARM Linker PC v18.1.3                     
******************************************************************************
>> Linked Tue Nov 20 11:30:18 2018

OUTPUT FILE NAME:   <usb_dev_gamepad.out>
ENTRY POINT SYMBOL: "_c_int00_noargs"  address: 00003c2d


MEMORY CONFIGURATION

         name            origin    length      used     unused   attr    fill
----------------------  --------  ---------  --------  --------  ----  --------
  FLASH                 00000000   00040000  00008cc4  0003733c  R  X
  SRAM                  20000000   00008000  0000636b  00001c95  RW X


SEGMENT ALLOCATION MAP

run origin  load origin   length   init length attrs members
----------  ----------- ---------- ----------- ----- -------
00000000    00000000    00008cc8   00008cc8    r-x
  00000000    00000000    0000026c   0000026c    r-- .intvecs
  0000026c    0000026c    000045c4   000045c4    r-x .text
  00004830    00004830    000043d4   000043d4    r-- .const
  00008c08    00008c08    000000c0   000000c0    r-- .cinit
20000000    20000000    00005b06   00000000    rw-
  20000000    20000000    00005b06   00000000    rw- .bss
20005b10    20005b10    00000868   00000000    rw-
  20005b10    20005b10    00000465   00000000    rw- .data
  20005f78    20005f78    00000400   00000000    rw- .stack


SECTION ALLOCATION MAP

 output                                  attributes/
section   page    origin      length       input sections
--------  ----  ----------  ----------   ----------------
.intvecs   0    00000000    0000026c     
                  00000000    0000026c     tm4c123gh6pm_startup_ccs.obj (.intvecs)

.text      0    0000026c    000045c4     
                  0000026c    00000640     main.obj (.text:main)
                  000008ac    00000324     main.obj (.text:ADC00IntHandler)
                  00000bd0    000001f6     usblib.lib : usbdcomp.obj (.text:BuildCompositeDescriptor)
                  00000dc6    00000002     tm4c123gh6pm_startup_ccs.obj (.text:FaultISR)
                  00000dc8    000001ea     uartstdio.obj (.text:UARTvprintf)
                  00000fb2    00000002     tm4c123gh6pm_startup_ccs.obj (.text:IntDefaultHandler)
                  00000fb4    00000164     main.obj (.text:InitADC00)
                  00001118    00000160     uartstdio.obj (.text:UARTStdioIntHandler)
                  00001278    00000160     usblib.lib : usbdma.obj (.text:USBLibDMAInit)
                  000013d8    00000150                : usbdenum.obj (.text:USBDCDInit)
                  00001528    00000150                : usbdenum.obj (.text:USBDEP0StateTxConfig)
                  00001678    00000150                : usbdenum.obj (.text:USBDeviceIntHandlerInternal)
                  000017c8    00000148                : usbdconfig.obj (.text:USBDeviceConfig)
                  00001910    00000114                : usbdhid.obj (.text:HandleRequest)
                  00001a24    000000f4                : usbdma.obj (.text:iDMAUSBTransfer)
                  00001b18    000000e4                : usbdenum.obj (.text:USBDGetDescriptor)
                  00001bfc    000000e0                : usbdhid.obj (.text:USBDHIDCompositeInit)
                  00001cdc    000000d8                : usbdenum.obj (.text:USBDeviceEnumHandler)
                  00001db4    000000d4                : usbdcomp.obj (.text:USBDCompositeInit)
                  00001e88    000000c4                : usbdma.obj (.text:uDMAUSBChannelAllocate)
                  00001f4c    000000bc                : usbdma.obj (.text:uDMAUSBTransfer)
                  00002008    000000b0     uartstdio.obj (.text:UARTStdioConfig)
                  000020b8    000000a8     uartstdio.obj (.text:UARTwrite)
                  00002160    000000a6     usblib.lib : usbdhidkeyb.obj (.text:HIDKeyboardRxHandler)
                  00002206    00000002     tm4c123gh6pm_startup_ccs.obj (.text:NmiSR)
                  00002208    0000009c     usblib.lib : usbdhidkeyb.obj (.text:USBDHIDKeyboardCompositeInit)
                  000022a4    0000009c     rtsv7M4_T_le_v4SPD16_eabi.lib : memcpy_t2.asm.obj (.text)
                  00002340    00000098     usblib.lib : usbdenum.obj (.text:USBDSetInterface)
                  000023d8    00000090                : usbdenum.obj (.text:USBDSetConfiguration)
                  00002468    0000008c     uartstdio.obj (.text:UARTPrimeTransmit)
                  000024f4    0000008c     usblib.lib : usbdconfig.obj (.text:USBDeviceConfigAlternate)
                  00002580    00000088                : usbdhid.obj (.text:ProcessIdleTimers)
                  00002608    00000086                : usbdhidkeyb.obj (.text:USBDHIDKeyboardKeyStateChange)
                  0000268e    00000084                : usbdma.obj (.text:iDMAUSBChannelAllocate)
                  00002712    00000002                : usbdma.obj (.text:iDMAUSBArbSizeSet)
                  00002714    00000084     driverlib.lib : udma.obj (.text:uDMAChannelTransferSet)
                  00002798    00000080     usblib.lib : usbdenum.obj (.text:USBDClearFeature)
                  00002818    00000080     usb_keyboard.obj (.text:USBKeyboardUpdate)
                  00002898    0000007a     driverlib.lib : usb.obj (.text:USBDevEndpointConfigSet)
                  00002912    0000007a     rtsv7M4_T_le_v4SPD16_eabi.lib : memset_t2.asm.obj (.text)
                  0000298c    00000078     usblib.lib : usbdenum.obj (.text:USBDGetStatus)
                  00002a04    00000070                : usbdenum.obj (.text:USBDEP0StateTx)
                  00002a74    00000070                : usbdma.obj (.text:uDMAUSBArbSizeSet)
                  00002ae4    00000070                : usbdma.obj (.text:uDMAUSBUnitSizeSet)
                  00002b54    0000006d     main.obj (.text:USBEventHandler)
                  00002bc1    00000001     --HOLE-- [fill = 0]
                  00002bc2    00000002     usblib.lib : usbdma.obj (.text:iDMAUSBUnitSizeSet)
                  00002bc4    0000006c                : usbdenum.obj (.text:USBDSetFeature)
                  00002c30    00000068     driverlib.lib : interrupt.obj (.text:IntDisable)
                  00002c98    00000068                   : interrupt.obj (.text:IntEnable)
                  00002d00    00000068     rtsv7M4_T_le_v4SPD16_eabi.lib : copy_decompress_lzss.c.obj (.text:decompress:lzss:__TI_decompress_lzss)
                  00002d68    00000064     main.obj (.text:ConfigureUART)
                  00002dcc    00000064     usblib.lib : usbdcomp.obj (.text:GetDescriptor)
                  00002e30    00000064                : usbdhid.obj (.text:HandleGetDescriptor)
                  00002e94    00000064                : usbdcomp.obj (.text:HandleRequests)
                  00002ef8    00000064     driverlib.lib : interrupt.obj (.text:IntIsEnabled)
                  00002f5c    00000064     usblib.lib : usbdma.obj (.text:uDMAUSBChannelEnable)
                  00002fc0    00000060                : usbdcomp.obj (.text:HandleDevice)
                  00003020    00000060                : usbdhid.obj (.text:HandleDevice)
                  00003080    00000060                : usbdhid.obj (.text:ProcessDataFromHost)
                  000030e0    00000060                : usbdenum.obj (.text:USBDReadAndDispatchRequest)
                  00003140    0000005e     driverlib.lib : usb.obj (.text:USBDevEndpointStatusClear)
                  0000319e    0000005c     usblib.lib : usbdhid.obj (.text:FindHIDDescriptor)
                  000031fa    00000056                : usbdhidkeyb.obj (.text:RemoveKeyFromPressedList)
                  00003250    00000056                : usbdma.obj (.text:uDMAUSBChannelRelease)
                  000032a6    00000054                : usbdhid.obj (.text:ProcessDataToHost)
                  000032fa    00000052                : usbulpi.obj (.text:ULPIConfigSet)
                  0000334c    00000050     driverlib.lib : sysctl.obj (.text:SysCtlPeripheralReset)
                  0000339c    00000050     usblib.lib : usbdcdesc.obj (.text:USBDCDConfigDescGet)
                  000033ec    00000050                : usbdenum.obj (.text:USBDeviceResumeTickHandler)
                  0000343c    0000004c                : usbdconfig.obj (.text:GetEPDescriptorType)
                  00003488    0000004c                : usbdenum.obj (.text:USBDStringIndexFromRequest)
                  000034d4    0000004c     driverlib.lib : usb.obj (.text:USBEndpointDMAConfigSet)
                  00003520    0000004c     usblib.lib : usbdma.obj (.text:iDMAUSBChannelEnable)
                  0000356c    0000004a                : usbdcdesc.obj (.text:ConfigAlternateInterfaceGet)
                  000035b6    0000004a                : usbdhid.obj (.text:USBDHIDReportWrite)
                  00003600    0000004a     driverlib.lib : usb.obj (.text:USBDevEndpointStallClear)
                  0000364a    0000004a     usblib.lib : usbdma.obj (.text:uDMAUSBChannelDisable)
                  00003694    00000048                : usbdhid.obj (.text:SetIdleTimeout)
                  000036dc    00000048                : usbdenum.obj (.text:USBDeviceEnumResetHandler)
                  00003724    00000048     driverlib.lib : udma.obj (.text:uDMAChannelAttributeDisable)
                  0000376c    00000046                   : usb.obj (.text:USBEndpointDataGet)
                  000037b2    00000002     rtsv7M4_T_le_v4SPD16_eabi.lib : div0.asm.obj (.text)
                  000037b4    00000044     usblib.lib : usbdenum.obj (.text:USBDCDDeviceInfoInit)
                  000037f8    00000044                : usbdenum.obj (.text:USBDGetInterface)
                  0000383c    00000044     rtsv7M4_T_le_v4SPD16_eabi.lib : autoinit.c.obj (.text:__TI_auto_init_nobinit_nopinit:__TI_auto_init_nobinit_nopinit)
                  00003880    00000040     usblib.lib : usbdcomp.obj (.text:ConfigChangeHandler)
                  000038c0    00000040                : usbdhid.obj (.text:ScheduleReportTransmission)
                  00003900    00000040     rtsv7M4_T_le_v4SPD16_eabi.lib : u_divt2.asm.obj (.text)
                  00003940    0000003e     usblib.lib : usbdhidkeyb.obj (.text:HIDKeyboardTxHandler)
                  0000397e    00000002                : usbdma.obj (.text:uDMAUSBChannelIntDisable)
                  00003980    0000003c     uartstdio.obj (.text:UARTFlushTx)
                  000039bc    0000003c     usblib.lib : usbdma.obj (.text:iDMAUSBChannelRelease)
                  000039f8    0000003a                : usbdcomp.obj (.text:EndpointToIndex)
                  00003a32    0000003a     driverlib.lib : usb.obj (.text:USBFIFOConfigSet)
                  00003a6c    00000038     usblib.lib : usbdcomp.obj (.text:HandleDisconnect)
                  00003aa4    00000038                : usbtick.obj (.text:InternalUSBRegisterTickHandler)
                  00003adc    00000038                : usbtick.obj (.text:InternalUSBStartOfFrameTick)
                  00003b14    00000038                : usbdcomp.obj (.text:ResetHandler)
                  00003b4c    00000038                : usbdcomp.obj (.text:ResumeHandler)
                  00003b84    00000038                : usbdcomp.obj (.text:SuspendHandler)
                  00003bbc    00000038                : usbdcdesc.obj (.text:USBDCDConfigGetInterfaceEndpoint)
                  00003bf4    00000038     driverlib.lib : usb.obj (.text:USBIntStatusControl)
                  00003c2c    00000038     rtsv7M4_T_le_v4SPD16_eabi.lib : boot_cortex_m.c.obj (.text:_c_int00_noargs:_c_int00_noargs)
                  00003c64    00000036     usblib.lib : usbdhid.obj (.text:HandleEndpoints)
                  00003c9a    00000036                : usbdcomp.obj (.text:InterfaceChange)
                  00003cd0    00000036     driverlib.lib : usb.obj (.text:USBEndpointDataPut)
                  00003d06    00000002     usblib.lib : usbdma.obj (.text:uDMAUSBChannelIntEnable)
                  00003d08    00000034                : usbdhid.obj (.text:HIDTickHandler)
                  00003d3c    00000034     driverlib.lib : sysctl.obj (.text:SysCtlPeripheralEnable)
                  00003d70    00000034                   : usb.obj (.text:USBEndpointDataSend)
                  00003da4    00000034     usb_keyboard.obj (.text:USBKeyboardHandler)
                  00003dd8    00000034     usblib.lib : usbdma.obj (.text:iDMAUSBChannelStatus)
                  00003e0c    00000032                : usbdhid.obj (.text:ClearReportTimer)
                  00003e3e    00000032                : usbdhid.obj (.text:HandleConfigChange)
                  00003e70    00000032                : usbdcdesc.obj (.text:NextConfigDescGet)
                  00003ea2    00000032     driverlib.lib : usb.obj (.text:USBDevEndpointStall)
                  00003ed4    00000032     usblib.lib : usbdma.obj (.text:iDMAUSBChannelDisable)
                  00003f06    00000030                : usbdhidkeyb.obj (.text:AddKeyToPressedList)
                  00003f36    00000030                : usbdma.obj (.text:DMAUSBIntHandler)
                  00003f66    00000002     --HOLE-- [fill = 0]
                  00003f68    00000030                : usbtick.obj (.text:InternalUSBTickInit)
                  00003f98    00000030                : usbdenum.obj (.text:USBDGetConfiguration)
                  00003fc8    0000002e                : usbdcomp.obj (.text:HandleEndpoints)
                  00003ff6    0000002c                : usbdcomp.obj (.text:InterfaceToIndex)
                  00004022    00000002     --HOLE-- [fill = 0]
                  00004024    0000002c     uartstdio.obj (.text:UARTFlushRx)
                  00004050    0000002c     usblib.lib : usbdesc.obj (.text:USBDescGet)
                  0000407c    0000002c                : usbdma.obj (.text:uDMAUSBIntStatus)
                  000040a8    0000002a                : usbdcdesc.obj (.text:USBDCDConfigDescGetNum)
                  000040d2    0000002a                : usbdesc.obj (.text:USBDescGetNum)
                  000040fc    0000002a     driverlib.lib : usb.obj (.text:USBDevEndpointDataAck)
                  00004126    00000028     usblib.lib : usbdhid.obj (.text:GetIdleTimeout)
                  0000414e    00000002     --HOLE-- [fill = 0]
                  00004150    00000028     usb_keyboard.obj (.text:GetUsageCode)
                  00004178    00000028     usblib.lib : usbdhid.obj (.text:HandleEP0DataReceived)
                  000041a0    00000028                : usbdenum.obj (.text:USBDSetAddress)
                  000041c8    00000028     driverlib.lib : usb.obj (.text:USBIntEnableControl)
                  000041f0    00000028                   : udma.obj (.text:uDMAChannelModeGet)
                  00004218    00000024                   : usb.obj (.text:USBEndpointDMADisable)
                  0000423c    00000024                   : usb.obj (.text:USBEndpointDMAEnable)
                  00004260    00000024     usblib.lib : usbmode.obj (.text:USBStackModeSet)
                  00004284    00000024     driverlib.lib : udma.obj (.text:uDMAChannelControlSet)
                  000042a8    00000024     main.obj (.text:uDMAErrorHandler)
                  000042cc    00000022     usblib.lib : usbdcomp.obj (.text:DataReceived)
                  000042ee    00000022                : usbdcomp.obj (.text:DataSent)
                  00004310    00000022                : usbdhid.obj (.text:HandleDisconnect)
                  00004332    00000022                : usbdma.obj (.text:uDMAUSBChannelStatus)
                  00004354    00000020                : usbdconfig.obj (.text:GetEndpointFIFOSize)
                  00004374    00000020                : usbdhid.obj (.text:HandleEP0DataSent)
                  00004394    0000001e     driverlib.lib : usb.obj (.text:USBULPIRegRead)
                  000043b2    0000001e                   : usb.obj (.text:USBULPIRegWrite)
                  000043d0    0000001c     usblib.lib : usbdcomp.obj (.text:CompositeEPChange)
                  000043ec    0000001c                : usbdcomp.obj (.text:CompositeIfaceChange)
                  00004408    0000001c                : usbdcdesc.obj (.text:USBDCDConfigGetInterface)
                  00004424    0000001c                : usbdenum.obj (.text:USBDCDStallEP0)
                  00004440    0000001c     driverlib.lib : usb.obj (.text:USBEndpointDataAvail)
                  0000445c    0000001a     usblib.lib : usbdhid.obj (.text:ClearIdleTimers)
                  00004476    0000001a     uartstdio.obj (.text:UARTprintf)
                  00004490    0000001a     usblib.lib : usbdcdesc.obj (.text:USBDCDConfigDescGetSize)
                  000044aa    0000001a     driverlib.lib : usb.obj (.text:USBEndpointDMAChannel)
                  000044c4    00000018     uartstdio.obj (.text:IsBufferFull)
                  000044dc    00000018     usblib.lib : usbdhid.obj (.text:SetDeferredOpFlag)
                  000044f4    00000018                : usbdhandler.obj (.text:USB0DeviceIntHandler)
                  0000450c    00000018                : usbdenum.obj (.text:USBDSetDescriptor)
                  00004524    00000018                : usbdenum.obj (.text:USBDSyncFrame)
                  0000453c    00000018     driverlib.lib : udma.obj (.text:uDMAChannelDisable)
                  00004554    00000018                   : udma.obj (.text:uDMAChannelEnable)
                  0000456c    00000016                   : usb.obj (.text:USBIntEnableEndpoint)
                  00004582    00000002     --HOLE-- [fill = 0]
                  00004584    00000014     usb_keyboard.obj (.text:IsKeyboardPending)
                  00004598    00000014     driverlib.lib : sysctl.obj (.text:SysCtlUSBPLLEnable)
                  000045ac    00000014     usblib.lib : usbdenum.obj (.text:USBDCDRequestDataEP0)
                  000045c0    00000014                : usbdenum.obj (.text:USBDCDSendDataEP0)
                  000045d4    00000014     driverlib.lib : usb.obj (.text:USBDMAChannelConfigSet)
                  000045e8    00000014                   : usb.obj (.text:USBHostResume)
                  000045fc    00000014                   : usb.obj (.text:_USBIndexWrite)
                  00004610    00000012     usblib.lib : usbdhid.obj (.text:HandleResume)
                  00004622    00000012                : usbdhid.obj (.text:HandleSuspend)
                  00004634    00000012     driverlib.lib : usb.obj (.text:USBDMAChannelDisable)
                  00004646    00000012                   : usb.obj (.text:USBDMAChannelEnable)
                  00004658    00000012                   : usb.obj (.text:USBDMAChannelIntDisable)
                  0000466a    00000012                   : usb.obj (.text:USBDMAChannelIntEnable)
                  0000467c    00000010                   : adc.obj (.text:ADCSequenceDMAEnable)
                  0000468c    00000010                   : interrupt.obj (.text:IntMasterEnable)
                  0000469c    00000010     main.obj (.text:SysTickIntHandler)
                  000046ac    00000010     driverlib.lib : usb.obj (.text:USBEndpointStatus)
                  000046bc    0000000e                   : adc.obj (.text:ADCSequenceEnable)
                  000046ca    0000000e     usblib.lib : usbdma.obj (.text:DMAUSBIntStatusClear)
                  000046d8    0000000e     uartstdio.obj (.text:IsBufferEmpty)
                  000046e6    0000000e     usblib.lib : usbdhid.obj (.text:USBDHIDTxPacketAvailable)
                  000046f4    0000000e     driverlib.lib : usb.obj (.text:USBDMAChannelStatus)
                  00004702    0000000e                   : usb.obj (.text:USBDevLPMDisable)
                  00004710    0000000e                   : usb.obj (.text:USBDevLPMEnable)
                  0000471e    0000000e                   : usb.obj (.text:USBULPIDisable)
                  0000472c    0000000e                   : usb.obj (.text:USBULPIEnable)
                  0000473a    0000000e     rtsv7M4_T_le_v4SPD16_eabi.lib : copy_decompress_none.c.obj (.text:decompress:none:__TI_decompress_none)
                  00004748    0000000c     driverlib.lib : cpu.obj (.text:CPUcpsie)
                  00004754    0000000c                   : usb.obj (.text:USBEndpointPacketCountSet)
                  00004760    0000000c     usb_keyboard.obj (.text:USBKeyboardInit)
                  0000476c    0000000c     driverlib.lib : usb.obj (.text:USBLPMIntEnable)
                  00004778    0000000c     rtsv7M4_T_le_v4SPD16_eabi.lib : copy_zero_init.c.obj (.text:decompress:ZI:__TI_zero_init)
                  00004784    0000000a     driverlib.lib : usb.obj (.text:USBClockEnable)
                  0000478e    0000000a                   : usb.obj (.text:USBControllerVersion)
                  00004798    0000000a                   : usb.obj (.text:USBDMAChannelAddressSet)
                  000047a2    0000000a                   : usb.obj (.text:USBDMAChannelCountSet)
                  000047ac    0000000a                   : usb.obj (.text:USBDevConnect)
                  000047b6    0000000a                   : usb.obj (.text:USBDevDisconnect)
                  000047c0    0000000a                   : usb.obj (.text:USBIntStatusEndpoint)
                  000047ca    00000008                   : usb.obj (.text:USBDevMode)
                  000047d2    00000008                   : usb.obj (.text:USBFIFOAddrGet)
                  000047da    00000008                   : usb.obj (.text:USBOTGMode)
                  000047e2    00000008     usblib.lib : usbdma.obj (.text:iDMAUSBChannelIntDisable)
                  000047ea    00000008                : usbdma.obj (.text:iDMAUSBChannelIntEnable)
                  000047f2    00000006     driverlib.lib : gpio.obj (.text:GPIOPinWrite)
                  000047f8    00000006     tm4c123gh6pm_startup_ccs.obj (.text:ResetISR)
                  000047fe    00000006     driverlib.lib : uart.obj (.text:UARTClockSourceSet)
                  00004804    00000006                   : usb.obj (.text:USBDMAChannelIntStatus)
                  0000480a    00000006                   : usb.obj (.text:USBDevLPMConfig)
                  00004810    00000006                   : usb.obj (.text:USBLPMIntStatus)
                  00004816    00000006     usblib.lib : usbdma.obj (.text:iDMAUSBIntStatus)
                  0000481c    00000004                : usbdma.obj (.text:DMAUSBStatus)
                  00004820    00000004                : usbdhid.obj (.text:HandleReset)
                  00004824    00000004     driverlib.lib : usb.obj (.text:USBDevAddrSet)
                  00004828    00000004     rtsv7M4_T_le_v4SPD16_eabi.lib : pre_init.c.obj (.text:_system_pre_init)
                  0000482c    00000004                                   : exit.c.obj (.text:abort:abort)

.const     0    00004830    000043d4     
                  00004830    00001000     data.obj (.const:g_fftSignalA)
                  00005830    00001000     data.obj (.const:g_fftSignalB)
                  00006830    00001000     data.obj (.const:g_fftSignalC)
                  00007830    00001000     data.obj (.const:g_fftSignalD)
                  00008830    00000128     data.obj (.const:g_filter)
                  00008958    00000070     driverlib.lib : interrupt.obj (.const)
                  000089c8    00000068     usb_keyboard.obj (.const:g_pcUsageCodes)
                  00008a30    0000003f     usblib.lib : usbdhidkeyb.obj (.const:.string:g_pui8KeybReportDescriptor)
                  00008a6f    00000001     --HOLE-- [fill = 0]
                  00008a70    00000034                : usbdenum.obj (.const:g_psUSBDStdRequests)
                  00008aa4    00000034                : usbdhidkeyb.obj (.const)
                  00008ad8    00000030                : usbdcomp.obj (.const:g_sCompHandlers)
                  00008b08    00000030                : usbdhid.obj (.const:g_sHIDHandlers)
                  00008b38    00000024     usb_structs.obj (.const:.string:g_pui8ManufacturerString)
                  00008b5c    00000022     usb_keyboard.obj (.const:g_pcUsageCodesShift)
                  00008b7e    0000001c     usb_structs.obj (.const:.string:g_pui8ProductString)
                  00008b9a    00000012     usb_structs.obj (.const:.string:g_pui8SerialNumberString)
                  00008bac    00000010     usb_structs.obj (.const:g_pui8StringDescriptors)
                  00008bbc    0000000e     usblib.lib : usbdhidkeyb.obj (.const:.string)
                  00008bca    00000002     main.obj (.const:.string:g_message)
                  00008bcc    0000000c     uartstdio.obj (.const:g_ui32UARTBase)
                  00008bd8    0000000c     uartstdio.obj (.const:g_ui32UARTInt)
                  00008be4    0000000c     uartstdio.obj (.const:g_ui32UARTPeriph)
                  00008bf0    00000009     usblib.lib : usbdcomp.obj (.const:.string)
                  00008bf9    00000007     main.obj (.const:.string:g_spooky_message)
                  00008c00    00000004     usb_structs.obj (.const:.string:g_pui8LangDescriptor)

.cinit     0    00008c08    000000c0     
                  00008c08    0000009c     (.cinit..data.load) [load image, compression = lzss]
                  00008ca4    0000000c     (__TI_handler_table)
                  00008cb0    00000008     (.cinit..bss.load) [load image, compression = zero_init]
                  00008cb8    00000010     (__TI_cinit_table)

.init_array 
*          0    00000000    00000000     UNINITIALIZED

.bss       0    20000000    00005b06     UNINITIALIZED
                  20000000    00002000     main.obj (.bss:g_adcBuffer)
                  20002000    00001000     main.obj (.bss:g_fftBuffer)
                  20003000    00001000     main.obj (.bss:g_fftInvBuffer)
                  20004000    00001000     main.obj (.bss:g_fftMultiplyBuffer)
                  20005000    00000400     uartstdio.obj (.bss:g_pcUARTTxBuffer)
                  20005400    00000400     (.common:pui8ControlTable)
                  20005800    00000110     usblib.lib : usbdma.obj (.bss:g_psUSBDMAInst)
                  20005910    00000080     uartstdio.obj (.bss:g_pcUARTRxBuffer)
                  20005990    00000050     usblib.lib : usbdenum.obj (.bss:g_psDCDInst)
                  200059e0    00000040                : usbdenum.obj (.bss:g_pui8DataBufferIn)
                  20005a20    00000040     (.common:g_pui8DescriptorData)
                  20005a60    00000020     main.obj (.bss:g_adcPing)
                  20005a80    00000020     main.obj (.bss:g_adcPong)
                  20005aa0    00000018     (.common:g_pfnTickHandlers)
                  20005ab8    00000018     (.common:g_psCompDevices)
                  20005ad0    00000018     (.common:g_pvTickInstance)
                  20005ae8    00000008     uartstdio.obj (.bss)
                  20005af0    00000004     (.common:g_pfnUSBModeCallback)
                  20005af4    00000004     (.common:g_ppCompConfigDescriptors)
                  20005af8    00000004     (.common:g_ppsDevInfo)
                  20005afc    00000004     (.common:g_ui32SysTickCount)
                  20005b00    00000004     (.common:g_ui32ULPISupport)
                  20005b04    00000002     (.common:g_sKeyboardState)

.data      0    20005b10    00000465     UNINITIALIZED
                  20005b10    00000138     main.obj (.data:g_filterBufferImag)
                  20005c48    00000008     usblib.lib : usbdenum.obj (.data)
                  20005c50    00000138     main.obj (.data:g_filterBufferReal)
                  20005d88    000000a4     usb_structs.obj (.data:g_sKeyboardDevice)
                  20005e2c    0000007c     usb_structs.obj (.data:g_sCompDevice)
                  20005ea8    00000041     main.obj (.data)
                  20005ee9    00000003     --HOLE--
                  20005eec    00000038     usblib.lib : usbdhidkeyb.obj (.data)
                  20005f24    00000015     uartstdio.obj (.data)
                  20005f39    00000012     usblib.lib : usbdcomp.obj (.data)
                  20005f4b    00000012                : usbdhid.obj (.data)
                  20005f5d    00000003     --HOLE--
                  20005f60    0000000c                : usbtick.obj (.data)
                  20005f6c    00000009                : usbmode.obj (.data)

.stack     0    20005f78    00000400     UNINITIALIZED
                  20005f78    00000004     rtsv7M4_T_le_v4SPD16_eabi.lib : boot_cortex_m.c.obj (.stack)
                  20005f7c    000003fc     --HOLE--

MODULE SUMMARY

       Module                         code    ro data   rw data
       ------                         ----    -------   -------
    .\
       main.obj                       3021    9         22261  
       data.obj                       0       16680     0      
       tm4c123gh6pm_startup_ccs.obj   12      620       0      
       usb_structs.obj                0       102       376    
       usb_keyboard.obj               252     138       2      
    +--+------------------------------+-------+---------+---------+
       Total:                         3285    17549     22639  
                                                               
    .\utils\
       uartstdio.obj                  1494    36        1181   
    +--+------------------------------+-------+---------+---------+
       Total:                         1494    36        1181   
                                                               
    C:/ti/tivaware_c_series_2_1_4_178/driverlib/ccs/Debug/driverlib.lib
       usb.obj                        1354    0         0      
       interrupt.obj                  324     112       0      
       udma.obj                       328     0         0      
       sysctl.obj                     152     0         0      
       adc.obj                        30      0         0      
       cpu.obj                        12      0         0      
       gpio.obj                       6       0         0      
       uart.obj                       6       0         0      
    +--+------------------------------+-------+---------+---------+
       Total:                         2212    112       0      
                                                               
    C:/ti/tivaware_c_series_2_1_4_178/usblib/ccs/Debug/usblib.lib
       usbdenum.obj                   2880    52        160    
       usbdma.obj                     2008    0         272    
       usbdhid.obj                    1770    48        18     
       usbdcomp.obj                   1624    57        22     
       usbdhidkeyb.obj                652     129       56     
       usbdconfig.obj                 576     0         0      
       usbdcdesc.obj                  356     0         0      
       usbtick.obj                    160     0         60     
       usbdesc.obj                    86      0         0      
       usbulpi.obj                    82      0         0      
       usbmode.obj                    36      0         13     
       usbdhandler.obj                24      0         0      
    +--+------------------------------+-------+---------+---------+
       Total:                         10254   286       601    
                                                               
    C:\ti\ccsv8\tools\compiler\ti-cgt-arm_18.1.3.LTS\lib\rtsv7M4_T_le_v4SPD16_eabi.lib
       memcpy_t2.asm.obj              156     0         0      
       memset_t2.asm.obj              122     0         0      
       copy_decompress_lzss.c.obj     104     0         0      
       autoinit.c.obj                 68      0         0      
       u_divt2.asm.obj                64      0         0      
       boot_cortex_m.c.obj            56      0         0      
       copy_decompress_none.c.obj     14      0         0      
       copy_zero_init.c.obj           12      0         0      
       exit.c.obj                     4       0         0      
       pre_init.c.obj                 4       0         0      
       div0.asm.obj                   2       0         0      
    +--+------------------------------+-------+---------+---------+
       Total:                         606     0         0      
                                                               
       Stack:                         0       0         1024   
       Linker Generated:              0       192       0      
    +--+------------------------------+-------+---------+---------+
       Grand Total:                   17851   18175     25445  


LINKER GENERATED COPY TABLES

__TI_cinit_table @ 00008cb8 records: 2, size/record: 8, table size: 16
	.data: load addr=00008c08, load size=0000009c bytes, run addr=20005b10, run size=00000465 bytes, compression=lzss
	.bss: load addr=00008cb0, load size=00000008 bytes, run addr=20000000, run size=00005b06 bytes, compression=zero_init


LINKER GENERATED HANDLER TABLE

__TI_handler_table @ 00008ca4 records: 3, size/record: 4, table size: 12
	index: 0, handler: __TI_decompress_lzss
	index: 1, handler: __TI_decompress_none
	index: 2, handler: __TI_zero_init


GLOBAL SYMBOLS: SORTED ALPHABETICALLY BY Name 

address   name                            
-------   ----                            
000008ad  ADC00IntHandler                 
0000467d  ADCSequenceDMAEnable            
000046bd  ADCSequenceEnable               
00000bd1  BuildCompositeDescriptor        
0000482d  C$$EXIT                         
00004749  CPUcpsie                        
00002d69  ConfigureUART                   
000047f3  GPIOPinWrite                    
00000fb5  InitADC00                       
00002c31  IntDisable                      
00002c99  IntEnable                       
00002ef9  IntIsEnabled                    
0000468d  IntMasterEnable                 
00003aa5  InternalUSBRegisterTickHandler  
00003add  InternalUSBStartOfFrameTick     
00003f69  InternalUSBTickInit             
00004585  IsKeyboardPending               
000047f9  ResetISR                        
00003d3d  SysCtlPeripheralEnable          
0000334d  SysCtlPeripheralReset           
00004599  SysCtlUSBPLLEnable              
0000469d  SysTickIntHandler               
000047ff  UARTClockSourceSet              
00004025  UARTFlushRx                     
00003981  UARTFlushTx                     
00002009  UARTStdioConfig                 
00001119  UARTStdioIntHandler             
00004477  UARTprintf                      
00000dc9  UARTvprintf                     
000020b9  UARTwrite                       
000032fb  ULPIConfigSet                   
000044f5  USB0DeviceIntHandler            
00004785  USBClockEnable                  
0000478f  USBControllerVersion            
0000339d  USBDCDConfigDescGet             
000040a9  USBDCDConfigDescGetNum          
00004491  USBDCDConfigDescGetSize         
00004409  USBDCDConfigGetInterface        
00003bbd  USBDCDConfigGetInterfaceEndpoint
000037b5  USBDCDDeviceInfoInit            
000013d9  USBDCDInit                      
000045ad  USBDCDRequestDataEP0            
000045c1  USBDCDSendDataEP0               
00004425  USBDCDStallEP0                  
00001db5  USBDCompositeInit               
00001bfd  USBDHIDCompositeInit            
00002209  USBDHIDKeyboardCompositeInit    
00002609  USBDHIDKeyboardKeyStateChange   
000035b7  USBDHIDReportWrite              
000046e7  USBDHIDTxPacketAvailable        
00004799  USBDMAChannelAddressSet         
000045d5  USBDMAChannelConfigSet          
000047a3  USBDMAChannelCountSet           
00004635  USBDMAChannelDisable            
00004647  USBDMAChannelEnable             
00004659  USBDMAChannelIntDisable         
0000466b  USBDMAChannelIntEnable          
00004805  USBDMAChannelIntStatus          
000046f5  USBDMAChannelStatus             
00004051  USBDescGet                      
000040d3  USBDescGetNum                   
00004825  USBDevAddrSet                   
000047ad  USBDevConnect                   
000047b7  USBDevDisconnect                
00002899  USBDevEndpointConfigSet         
000040fd  USBDevEndpointDataAck           
00003ea3  USBDevEndpointStall             
00003601  USBDevEndpointStallClear        
00003141  USBDevEndpointStatusClear       
0000480b  USBDevLPMConfig                 
00004703  USBDevLPMDisable                
00004711  USBDevLPMEnable                 
000047cb  USBDevMode                      
000017c9  USBDeviceConfig                 
000024f5  USBDeviceConfigAlternate        
00001cdd  USBDeviceEnumHandler            
000036dd  USBDeviceEnumResetHandler       
00001679  USBDeviceIntHandlerInternal     
000033ed  USBDeviceResumeTickHandler      
000044ab  USBEndpointDMAChannel           
000034d5  USBEndpointDMAConfigSet         
00004219  USBEndpointDMADisable           
0000423d  USBEndpointDMAEnable            
00004441  USBEndpointDataAvail            
0000376d  USBEndpointDataGet              
00003cd1  USBEndpointDataPut              
00003d71  USBEndpointDataSend             
00004755  USBEndpointPacketCountSet       
000046ad  USBEndpointStatus               
00002b55  USBEventHandler                 
000047d3  USBFIFOAddrGet                  
00003a33  USBFIFOConfigSet                
000045e9  USBHostResume                   
000041c9  USBIntEnableControl             
0000456d  USBIntEnableEndpoint            
00003bf5  USBIntStatusControl             
000047c1  USBIntStatusEndpoint            
00003da5  USBKeyboardHandler              
00004761  USBKeyboardInit                 
00002819  USBKeyboardUpdate               
0000476d  USBLPMIntEnable                 
00004811  USBLPMIntStatus                 
00001279  USBLibDMAInit                   
000047db  USBOTGMode                      
00004261  USBStackModeSet                 
0000471f  USBULPIDisable                  
0000472d  USBULPIEnable                   
00004395  USBULPIRegRead                  
000043b3  USBULPIRegWrite                 
20006378  __STACK_END                     
00000400  __STACK_SIZE                    
20006178  __STACK_TOP                     
00008cb8  __TI_CINIT_Base                 
00008cc8  __TI_CINIT_Limit                
00008ca4  __TI_Handler_Table_Base         
00008cb0  __TI_Handler_Table_Limit        
0000383d  __TI_auto_init_nobinit_nopinit  
00002d01  __TI_decompress_lzss            
0000473b  __TI_decompress_none            
ffffffff  __TI_pprof_out_hndl             
ffffffff  __TI_prof_data_size             
ffffffff  __TI_prof_data_start            
00000000  __TI_static_base__              
00004779  __TI_zero_init                  
000037b3  __aeabi_idiv0                   
000037b3  __aeabi_ldiv0                   
00002913  __aeabi_memclr                  
00002913  __aeabi_memclr4                 
00002913  __aeabi_memclr8                 
000022a5  __aeabi_memcpy                  
000022a5  __aeabi_memcpy4                 
000022a5  __aeabi_memcpy8                 
00002915  __aeabi_memset                  
00002915  __aeabi_memset4                 
00002915  __aeabi_memset8                 
00003901  __aeabi_uidiv                   
00003901  __aeabi_uidivmod                
ffffffff  __binit__                       
ffffffff  __c_args__                      
UNDEFED   __mpu_init                      
20005f78  __stack                         
00003c2d  _c_int00_noargs                 
UNDEFED   _system_post_cinit              
00004829  _system_pre_init                
0000482d  abort                           
ffffffff  binit                           
20005f60  g_bUSBTimerInitialized          
00004830  g_fftSignalA                    
00005830  g_fftSignalB                    
00006830  g_fftSignalC                    
00007830  g_fftSignalD                    
00008830  g_filter                        
20005f6c  g_iUSBMode                      
20005ee8  g_keyDown                       
20005ee4  g_keyTick                       
00008bca  g_message                       
20005ed9  g_message_index                 
20005ed8  g_message_last_char             
20005aa0  g_pfnTickHandlers               
00000000  g_pfnVectors                    
20005af4  g_ppCompConfigDescriptors       
20005af8  g_ppsDevInfo                    
20005ab8  g_psCompDevices                 
20005990  g_psDCDInst                     
20005a20  g_pui8DescriptorData            
20005f4b  g_pui8HIDDeviceDescriptor       
00008c00  g_pui8LangDescriptor            
00008b38  g_pui8ManufacturerString        
00008b7e  g_pui8ProductString             
00008b9a  g_pui8SerialNumberString        
00008bac  g_pui8StringDescriptors         
20005ad0  g_pvTickInstance                
20005e2c  g_sCompDevice                   
00008ad8  g_sCompHandlers                 
00008b08  g_sHIDHandlers                  
20005d88  g_sKeyboardDevice               
20005b04  g_sKeyboardState                
20005ee0  g_spooky_last_tick              
00008bf9  g_spooky_message                
20005edc  g_spooky_message_index          
20005f64  g_ui32CurrentUSBTick            
20005afc  g_ui32SysTickCount              
20005f68  g_ui32USBSOFCount               
20005f70  g_ui32WaitTicks                 
0000026d  main                            
000022a5  memcpy                          
0000291b  memset                          
20005400  pui8ControlTable                
00003725  uDMAChannelAttributeDisable     
00004285  uDMAChannelControlSet           
0000453d  uDMAChannelDisable              
00004555  uDMAChannelEnable               
000041f1  uDMAChannelModeGet              
00002715  uDMAChannelTransferSet          
000042a9  uDMAErrorHandler                


GLOBAL SYMBOLS: SORTED BY Symbol Address 

address   name                            
-------   ----                            
00000000  __TI_static_base__              
00000000  g_pfnVectors                    
0000026d  main                            
00000400  __STACK_SIZE                    
000008ad  ADC00IntHandler                 
00000bd1  BuildCompositeDescriptor        
00000dc9  UARTvprintf                     
00000fb5  InitADC00                       
00001119  UARTStdioIntHandler             
00001279  USBLibDMAInit                   
000013d9  USBDCDInit                      
00001679  USBDeviceIntHandlerInternal     
000017c9  USBDeviceConfig                 
00001bfd  USBDHIDCompositeInit            
00001cdd  USBDeviceEnumHandler            
00001db5  USBDCompositeInit               
00002009  UARTStdioConfig                 
000020b9  UARTwrite                       
00002209  USBDHIDKeyboardCompositeInit    
000022a5  __aeabi_memcpy                  
000022a5  __aeabi_memcpy4                 
000022a5  __aeabi_memcpy8                 
000022a5  memcpy                          
000024f5  USBDeviceConfigAlternate        
00002609  USBDHIDKeyboardKeyStateChange   
00002715  uDMAChannelTransferSet          
00002819  USBKeyboardUpdate               
00002899  USBDevEndpointConfigSet         
00002913  __aeabi_memclr                  
00002913  __aeabi_memclr4                 
00002913  __aeabi_memclr8                 
00002915  __aeabi_memset                  
00002915  __aeabi_memset4                 
00002915  __aeabi_memset8                 
0000291b  memset                          
00002b55  USBEventHandler                 
00002c31  IntDisable                      
00002c99  IntEnable                       
00002d01  __TI_decompress_lzss            
00002d69  ConfigureUART                   
00002ef9  IntIsEnabled                    
00003141  USBDevEndpointStatusClear       
000032fb  ULPIConfigSet                   
0000334d  SysCtlPeripheralReset           
0000339d  USBDCDConfigDescGet             
000033ed  USBDeviceResumeTickHandler      
000034d5  USBEndpointDMAConfigSet         
000035b7  USBDHIDReportWrite              
00003601  USBDevEndpointStallClear        
000036dd  USBDeviceEnumResetHandler       
00003725  uDMAChannelAttributeDisable     
0000376d  USBEndpointDataGet              
000037b3  __aeabi_idiv0                   
000037b3  __aeabi_ldiv0                   
000037b5  USBDCDDeviceInfoInit            
0000383d  __TI_auto_init_nobinit_nopinit  
00003901  __aeabi_uidiv                   
00003901  __aeabi_uidivmod                
00003981  UARTFlushTx                     
00003a33  USBFIFOConfigSet                
00003aa5  InternalUSBRegisterTickHandler  
00003add  InternalUSBStartOfFrameTick     
00003bbd  USBDCDConfigGetInterfaceEndpoint
00003bf5  USBIntStatusControl             
00003c2d  _c_int00_noargs                 
00003cd1  USBEndpointDataPut              
00003d3d  SysCtlPeripheralEnable          
00003d71  USBEndpointDataSend             
00003da5  USBKeyboardHandler              
00003ea3  USBDevEndpointStall             
00003f69  InternalUSBTickInit             
00004025  UARTFlushRx                     
00004051  USBDescGet                      
000040a9  USBDCDConfigDescGetNum          
000040d3  USBDescGetNum                   
000040fd  USBDevEndpointDataAck           
000041c9  USBIntEnableControl             
000041f1  uDMAChannelModeGet              
00004219  USBEndpointDMADisable           
0000423d  USBEndpointDMAEnable            
00004261  USBStackModeSet                 
00004285  uDMAChannelControlSet           
000042a9  uDMAErrorHandler                
00004395  USBULPIRegRead                  
000043b3  USBULPIRegWrite                 
00004409  USBDCDConfigGetInterface        
00004425  USBDCDStallEP0                  
00004441  USBEndpointDataAvail            
00004477  UARTprintf                      
00004491  USBDCDConfigDescGetSize         
000044ab  USBEndpointDMAChannel           
000044f5  USB0DeviceIntHandler            
0000453d  uDMAChannelDisable              
00004555  uDMAChannelEnable               
0000456d  USBIntEnableEndpoint            
00004585  IsKeyboardPending               
00004599  SysCtlUSBPLLEnable              
000045ad  USBDCDRequestDataEP0            
000045c1  USBDCDSendDataEP0               
000045d5  USBDMAChannelConfigSet          
000045e9  USBHostResume                   
00004635  USBDMAChannelDisable            
00004647  USBDMAChannelEnable             
00004659  USBDMAChannelIntDisable         
0000466b  USBDMAChannelIntEnable          
0000467d  ADCSequenceDMAEnable            
0000468d  IntMasterEnable                 
0000469d  SysTickIntHandler               
000046ad  USBEndpointStatus               
000046bd  ADCSequenceEnable               
000046e7  USBDHIDTxPacketAvailable        
000046f5  USBDMAChannelStatus             
00004703  USBDevLPMDisable                
00004711  USBDevLPMEnable                 
0000471f  USBULPIDisable                  
0000472d  USBULPIEnable                   
0000473b  __TI_decompress_none            
00004749  CPUcpsie                        
00004755  USBEndpointPacketCountSet       
00004761  USBKeyboardInit                 
0000476d  USBLPMIntEnable                 
00004779  __TI_zero_init                  
00004785  USBClockEnable                  
0000478f  USBControllerVersion            
00004799  USBDMAChannelAddressSet         
000047a3  USBDMAChannelCountSet           
000047ad  USBDevConnect                   
000047b7  USBDevDisconnect                
000047c1  USBIntStatusEndpoint            
000047cb  USBDevMode                      
000047d3  USBFIFOAddrGet                  
000047db  USBOTGMode                      
000047f3  GPIOPinWrite                    
000047f9  ResetISR                        
000047ff  UARTClockSourceSet              
00004805  USBDMAChannelIntStatus          
0000480b  USBDevLPMConfig                 
00004811  USBLPMIntStatus                 
00004825  USBDevAddrSet                   
00004829  _system_pre_init                
0000482d  C$$EXIT                         
0000482d  abort                           
00004830  g_fftSignalA                    
00005830  g_fftSignalB                    
00006830  g_fftSignalC                    
00007830  g_fftSignalD                    
00008830  g_filter                        
00008ad8  g_sCompHandlers                 
00008b08  g_sHIDHandlers                  
00008b38  g_pui8ManufacturerString        
00008b7e  g_pui8ProductString             
00008b9a  g_pui8SerialNumberString        
00008bac  g_pui8StringDescriptors         
00008bca  g_message                       
00008bf9  g_spooky_message                
00008c00  g_pui8LangDescriptor            
00008ca4  __TI_Handler_Table_Base         
00008cb0  __TI_Handler_Table_Limit        
00008cb8  __TI_CINIT_Base                 
00008cc8  __TI_CINIT_Limit                
20005400  pui8ControlTable                
20005990  g_psDCDInst                     
20005a20  g_pui8DescriptorData            
20005aa0  g_pfnTickHandlers               
20005ab8  g_psCompDevices                 
20005ad0  g_pvTickInstance                
20005af4  g_ppCompConfigDescriptors       
20005af8  g_ppsDevInfo                    
20005afc  g_ui32SysTickCount              
20005b04  g_sKeyboardState                
20005d88  g_sKeyboardDevice               
20005e2c  g_sCompDevice                   
20005ed8  g_message_last_char             
20005ed9  g_message_index                 
20005edc  g_spooky_message_index          
20005ee0  g_spooky_last_tick              
20005ee4  g_keyTick                       
20005ee8  g_keyDown                       
20005f4b  g_pui8HIDDeviceDescriptor       
20005f60  g_bUSBTimerInitialized          
20005f64  g_ui32CurrentUSBTick            
20005f68  g_ui32USBSOFCount               
20005f6c  g_iUSBMode                      
20005f70  g_ui32WaitTicks                 
20005f78  __stack                         
20006178  __STACK_TOP                     
20006378  __STACK_END                     
ffffffff  __TI_pprof_out_hndl             
ffffffff  __TI_prof_data_size             
ffffffff  __TI_prof_data_start            
ffffffff  __binit__                       
ffffffff  __c_args__                      
ffffffff  binit                           
UNDEFED   __mpu_init                      
UNDEFED   _system_post_cinit              

[195 symbols]
