******************************************************************************
                  TI ARM Linker PC v18.1.3                     
******************************************************************************
>> Linked Thu Jan  3 16:26:25 2019

OUTPUT FILE NAME:   <usb_keyb_dev.out>
ENTRY POINT SYMBOL: "_c_int00_noargs"  address: 00005031


MEMORY CONFIGURATION

         name            origin    length      used     unused   attr    fill
----------------------  --------  ---------  --------  --------  ----  --------
  FLASH                 00000000   00040000  00006c7e  00039382  R  X
  SRAM                  20000000   00008000  000013a0  00006c60  RW X


SEGMENT ALLOCATION MAP

run origin  load origin   length   init length attrs members
----------  ----------- ---------- ----------- ----- -------
00000000    00000000    00006c80   00006c80    r-x
  00000000    00000000    0000026c   0000026c    r-- .intvecs
  0000026c    0000026c    00006216   00006216    r-x .text
  00006484    00006484    00000710   00000710    r-- .const
  00006b94    00006b94    0000000c   0000000c    r-- .init_array
  00006ba0    00006ba0    000000e0   000000e0    r-- .cinit
20000000    20000000    000013a8   00000000    rw-
  20000000    20000000    00000e54   00000000    rw- .bss
  20000e58    20000e58    00000400   00000000    rw- .stack
  20001258    20001258    00000144   00000000    rw- .data
  200013a0    200013a0    00000008   00000000    rw- .sysmem


SECTION ALLOCATION MAP

 output                                  attributes/
section   page    origin      length       input sections
--------  ----  ----------  ----------   ----------------
.intvecs   0    00000000    0000026c     
                  00000000    0000026c     tm4c123gh6pm_startup_ccs.obj (.intvecs)

.text      0    0000026c    00006216     
                  0000026c    00000360     main.obj (.text:main)
                  000005cc    00000282     MFRC522.obj (.text:_ZN11rfid_reader7MFRC52211select_PICCEPNS_3UidEh)
                  0000084e    000001f6     usblib.lib : usbdcomp.obj (.text:BuildCompositeDescriptor)
                  00000a44    000001a0     Wire.obj (.text:_ZN7TwoWire5beginEv)
                  00000be4    00000160     uartstdio.obj (.text:UARTStdioIntHandler)
                  00000d44    00000160     usblib.lib : usbdma.obj (.text:USBLibDMAInit)
                  00000ea4    00000150                : usbdenum.obj (.text:USBDCDInit)
                  00000ff4    00000150                : usbdenum.obj (.text:USBDEP0StateTxConfig)
                  00001144    00000150                : usbdenum.obj (.text:USBDeviceIntHandlerInternal)
                  00001294    00000148                : usbdconfig.obj (.text:USBDeviceConfig)
                  000013dc    00000126     MFRC522.obj (.text:_ZN11rfid_reader7MFRC52219communicateWithPICCEhhPhhS1_S1_S1_hb)
                  00001502    00000002     tm4c123gh6pm_startup_ccs.obj (.text:FaultISR)
                  00001504    00000124     main.obj (.text:_Z12configureUSBv)
                  00001628    00000114     usblib.lib : usbdhid.obj (.text:HandleRequest)
                  0000173c    00000110     driverlib.lib : sysctl.obj (.text:SysCtlClockGet)
                  0000184c    00000108     SPI.obj (.text:_ZN8SPIClass5beginEv)
                  00001954    000000f4     usblib.lib : usbdma.obj (.text:iDMAUSBTransfer)
                  00001a48    000000ec     Wire.obj (.text:_ZN7TwoWire5beginEh)
                  00001b34    000000e4     usblib.lib : usbdenum.obj (.text:USBDGetDescriptor)
                  00001c18    000000e0                : usbdhid.obj (.text:USBDHIDCompositeInit)
                  00001cf8    000000d8                : usbdcdc.obj (.text:USBDCDCCompositeInit)
                  00001dd0    000000d8                : usbdenum.obj (.text:USBDeviceEnumHandler)
                  00001ea8    000000d8     Wire.obj (.text:_ZN7TwoWire9forceStopEv)
                  00001f80    000000d8     rtsv7M4_T_le_v4SPD16_eabi.lib : memory.c.obj (.text:free)
                  00002058    000000d4     usblib.lib : usbdcdc.obj (.text:HandleRequests)
                  0000212c    000000d4                : usbdcomp.obj (.text:USBDCompositeInit)
                  00002200    000000cc     MFRC522.obj (.text:_ZN11rfid_reader7MFRC52212readRegisterENS_12PCD_RegisterEhPhh)
                  000022cc    000000c4     usblib.lib : usbdma.obj (.text:uDMAUSBChannelAllocate)
                  00002390    000000be                : usbbuffer.obj (.text:HandleRxAvailable)
                  0000244e    00000002     tm4c123gh6pm_startup_ccs.obj (.text:IntDefaultHandler)
                  00002450    000000bc     USBSerialDevice.obj (.text:_ZN9usbdevice15USBSerialDeviceC1EPFYjPvjjS1_ES3_S3_)
                  0000250c    000000bc     usblib.lib : usbdma.obj (.text:uDMAUSBTransfer)
                  000025c8    000000b4                : usbdcdc.obj (.text:HandleDevice)
                  0000267c    000000a8     uartstdio.obj (.text:UARTwrite)
                  00002724    000000a6     usblib.lib : usbdhidkeyb.obj (.text:HIDKeyboardRxHandler)
                  000027ca    00000002     tm4c123gh6pm_startup_ccs.obj (.text:NmiSR)
                  000027cc    0000009c     usblib.lib : usbdhidkeyb.obj (.text:USBDHIDKeyboardCompositeInit)
                  00002868    0000009c     rtsv7M4_T_le_v4SPD16_eabi.lib : memcpy_t2.asm.obj (.text)
                  00002904    00000098     usblib.lib : usbdenum.obj (.text:USBDSetInterface)
                  0000299c    00000098     USBKeyboardDevice.obj (.text:_ZN9usbdevice17USBKeyboardDevice14USBWriteStringEPKci)
                  00002a34    00000096     usblib.lib : usbdcdc.obj (.text:CDCTickHandler)
                  00002aca    00000094                : usbdcdc.obj (.text:SendSerialState)
                  00002b5e    00000092                : usbbuffer.obj (.text:ScheduleNextTransmission)
                  00002bf0    00000090                : usbdcdc.obj (.text:USBDCDCPacketRead)
                  00002c80    00000090                : usbdenum.obj (.text:USBDSetConfiguration)
                  00002d10    0000008c     uartstdio.obj (.text:UARTPrimeTransmit)
                  00002d9c    0000008c     usblib.lib : usbdconfig.obj (.text:USBDeviceConfigAlternate)
                  00002e28    0000008c     USBSerialDevice.obj (.text:_ZN9usbdevice15USBSerialDevice13GetLineCodingEP11tLineCoding)
                  00002eb4    0000008c     USBKeyboardDevice.obj (.text:_ZN9usbdevice17USBKeyboardDevice22USBPressKeyCombinationEhPKhi)
                  00002f40    00000088     usblib.lib : usbdhid.obj (.text:ProcessIdleTimers)
                  00002fc8    00000086                : usbdhidkeyb.obj (.text:USBDHIDKeyboardKeyStateChange)
                  0000304e    00000002     HardwareSerial.obj (.text:_ZN5Print5flushEv)
                  00003050    00000084     Wire.obj (.text:_ZN7TwoWire5writeEh)
                  000030d4    00000084     USBSerialDevice.obj (.text:_ZN9usbdevice15USBSerialDevice13SetLineCodingEP11tLineCoding)
                  00003158    00000084     usblib.lib : usbdma.obj (.text:iDMAUSBChannelAllocate)
                  000031dc    00000084     driverlib.lib : udma.obj (.text:uDMAChannelTransferSet)
                  00003260    00000080     usblib.lib : usbdenum.obj (.text:USBDClearFeature)
                  000032e0    0000007a     driverlib.lib : usb.obj (.text:USBDevEndpointConfigSet)
                  0000335a    0000007a     rtsv7M4_T_le_v4SPD16_eabi.lib : memset_t2.asm.obj (.text)
                  000033d4    00000078     usblib.lib : usbdenum.obj (.text:USBDGetStatus)
                  0000344c    00000078     HardwareSerial.obj (.text:_ZN14HardwareSerial13primeTransmitEm)
                  000034c4    00000078     USBKeyboardDevice.obj (.text:_ZN9usbdevice17USBKeyboardDevice17USBKeyboardUpdateEhhb)
                  0000353c    00000074     main.obj (.text:_Z14ControlHandlerPvjjS_)
                  000035b0    00000072     usblib.lib : usbdcdc.obj (.text:ProcessDataFromHost)
                  00003622    00000002     USBSerialDevice.obj (.text:_ZN9usbdevice15USBSerialDevice15getSerialDeviceEv)
                  00003624    00000070     usblib.lib : usbdenum.obj (.text:USBDEP0StateTx)
                  00003694    00000070                : usbdma.obj (.text:uDMAUSBArbSizeSet)
                  00003704    00000070                : usbdma.obj (.text:uDMAUSBUnitSizeSet)
                  00003774    0000006c                : usbdcdc.obj (.text:ProcessDataToHost)
                  000037e0    0000006c                : usbdenum.obj (.text:USBDSetFeature)
                  0000384c    0000006a     MFRC522.obj (.text:_ZN11rfid_reader7MFRC5224initEv)
                  000038b6    00000002     USBSerialDevice.obj (.text:_ZN9usbdevice15USBSerialDevice19SetControlLineStateEt)
                  000038b8    00000068     buttons.obj (.text:ButtonsInit)
                  00003920    00000068     driverlib.lib : interrupt.obj (.text:IntDisable)
                  00003988    00000068                   : interrupt.obj (.text:IntEnable)
                  000039f0    00000068     rtsv7M4_T_le_v4SPD16_eabi.lib : copy_decompress_lzss.c.obj (.text:decompress:lzss:__TI_decompress_lzss)
                  00003a58    00000066     MFRC522.obj (.text:_ZN11rfid_reader7MFRC52212REQA_or_WUPAEhPhS1_)
                  00003abe    00000066     MFRC522.obj (.text:_ZN11rfid_reader7MFRC52212calculateCRCEPhhS1_)
                  00003b24    00000064     usblib.lib : usbdcomp.obj (.text:GetDescriptor)
                  00003b88    00000064                : usbdhid.obj (.text:HandleGetDescriptor)
                  00003bec    00000064                : usbdcomp.obj (.text:HandleRequests)
                  00003c50    00000064     driverlib.lib : interrupt.obj (.text:IntIsEnabled)
                  00003cb4    00000064     usblib.lib : usbbuffer.obj (.text:USBBufferEventCallback)
                  00003d18    00000064     HardwareSerial.obj (.text:__sti___18_HardwareSerial_cpp_5fc7db02)
                  00003d7c    00000064     usblib.lib : usbdma.obj (.text:uDMAUSBChannelEnable)
                  00003de0    00000060                : usbdcomp.obj (.text:HandleDevice)
                  00003e40    00000060                : usbdhid.obj (.text:HandleDevice)
                  00003ea0    00000060                : usbdhid.obj (.text:ProcessDataFromHost)
                  00003f00    00000060                : usbdcdc.obj (.text:USBDCDCPacketWrite)
                  00003f60    00000060                : usbdenum.obj (.text:USBDReadAndDispatchRequest)
                  00003fc0    00000060     HardwareSerial.obj (.text:_ZN14HardwareSerial5writeEh)
                  00004020    00000060     rtsv7M4_T_le_v4SPD16_eabi.lib : autoinit.c.obj (.text:__TI_auto_init_nobinit:__TI_auto_init_nobinit)
                  00004080    0000005e     driverlib.lib : usb.obj (.text:USBDevEndpointStatusClear)
                  000040de    0000005c     usblib.lib : usbdhid.obj (.text:FindHIDDescriptor)
                  0000413a    00000002     USBKeyboardDevice.obj (.text:_ZN9usbdevice17USBKeyboardDevice17getKeyboardDeviceEv)
                  0000413c    0000005c     MFRC522.obj (.text:_ZN11rfid_reader7MFRC52213writeRegisterEhhPh)
                  00004198    00000058     USBCompDevice.obj (.text:_ZN9usbdevice13USBCompDeviceC1EPFYjPvjjS1_E)
                  000041f0    00000056     usblib.lib : usbdhidkeyb.obj (.text:RemoveKeyFromPressedList)
                  00004246    00000056                : usbdma.obj (.text:uDMAUSBChannelRelease)
                  0000429c    00000054                : usbdhid.obj (.text:ProcessDataToHost)
                  000042f0    00000052                : usbulpi.obj (.text:ULPIConfigSet)
                  00004342    00000002     rtsv7M4_T_le_v4SPD16_eabi.lib : stdlib_typeinfo.cpp.obj (.text:_ZNSt9type_infoD1Ev)
                  00004344    00000050     driverlib.lib : sysctl.obj (.text:SysCtlPeripheralReset)
                  00004394    00000050     usblib.lib : usbdcdesc.obj (.text:USBDCDConfigDescGet)
                  000043e4    00000050                : usbdenum.obj (.text:USBDeviceResumeTickHandler)
                  00004434    00000050     MFRC522.obj (.text:_ZN11rfid_reader7MFRC522C1Ev)
                  00004484    00000050     USBSerialDevice.obj (.text:_ZN9usbdevice15USBSerialDevice20USBUARTPrimeTransmitEv)
                  000044d4    0000004e     USBSerialDevice.obj (.text:_ZN9usbdevice15USBSerialDevice9connectedEv)
                  00004522    0000004c     usblib.lib : usbdconfig.obj (.text:GetEPDescriptorType)
                  0000456e    00000002     rtsv7M4_T_le_v4SPD16_eabi.lib : _lock.c.obj (.text:_nop)
                  00004570    0000004c     usblib.lib : usbdenum.obj (.text:USBDStringIndexFromRequest)
                  000045bc    0000004c     driverlib.lib : usb.obj (.text:USBEndpointDMAConfigSet)
                  00004608    0000004c     MFRC522.obj (.text:_ZN11rfid_reader7MFRC52212readRegisterEh)
                  00004654    0000004c     usblib.lib : usbdma.obj (.text:iDMAUSBChannelEnable)
                  000046a0    0000004a                : usbdcdesc.obj (.text:ConfigAlternateInterfaceGet)
                  000046ea    0000004a                : usbdcdc.obj (.text:HandleEP0Data)
                  00004734    0000004a                : usbdcdc.obj (.text:HandleEndpoints)
                  0000477e    0000004a                : usbdhid.obj (.text:USBDHIDReportWrite)
                  000047c8    0000004a     driverlib.lib : usb.obj (.text:USBDevEndpointStallClear)
                  00004812    0000004a     usblib.lib : usbdma.obj (.text:uDMAUSBChannelDisable)
                  0000485c    00000048                : usbdhid.obj (.text:SetIdleTimeout)
                  000048a4    00000048                : usbdenum.obj (.text:USBDeviceEnumResetHandler)
                  000048ec    00000048     MFRC522.obj (.text:_ZN11rfid_reader7MFRC52213writeRegisterEhh)
                  00004934    00000048     SPI.obj (.text:_ZN8SPIClass8transferEh)
                  0000497c    00000048     driverlib.lib : udma.obj (.text:uDMAChannelAttributeDisable)
                  000049c4    00000046                   : usb.obj (.text:USBEndpointDataGet)
                  00004a0a    00000002     usblib.lib : usbdma.obj (.text:iDMAUSBArbSizeSet)
                  00004a0c    00000044                : usbdenum.obj (.text:USBDCDDeviceInfoInit)
                  00004a50    00000044                : usbdenum.obj (.text:USBDGetInterface)
                  00004a94    00000044     main.obj (.text:_Z9RxHandlerPvjjS_)
                  00004ad8    00000044     USBSerialDevice.obj (.text:_ZN9usbdevice15USBSerialDevice11getInstanceEv)
                  00004b1c    00000041     USBSerialDevice.obj (.text:_ZN9usbdevice15USBSerialDevice12disconnectedEv)
                  00004b5d    00000001     --HOLE-- [fill = 0]
                  00004b5e    00000040     usblib.lib : usbdcomp.obj (.text:ConfigChangeHandler)
                  00004b9e    00000040                : usbdhid.obj (.text:ScheduleReportTransmission)
                  00004bde    00000002                : usbdma.obj (.text:iDMAUSBUnitSizeSet)
                  00004be0    00000040     HardwareSerial.obj (.text:_ZN14HardwareSerialC1Em)
                  00004c20    00000040     HardwareSerial.obj (.text:_ZN14HardwareSerialC1Ev)
                  00004c60    0000003e     usblib.lib : usbdhidkeyb.obj (.text:HIDKeyboardTxHandler)
                  00004c9e    0000003c     USBCompDevice.obj (.text:_ZN9usbdevice13USBCompDevice4initEv)
                  00004cda    0000003c     usblib.lib : usbdma.obj (.text:iDMAUSBChannelRelease)
                  00004d16    00000002                : usbdma.obj (.text:uDMAUSBChannelIntDisable)
                  00004d18    0000003c     rtsv7M4_T_le_v4SPD16_eabi.lib : memory.c.obj (.text:minsert)
                  00004d54    0000003a     usblib.lib : usbdcomp.obj (.text:EndpointToIndex)
                  00004d8e    0000003a     driverlib.lib : usb.obj (.text:USBFIFOConfigSet)
                  00004dc8    00000038     usblib.lib : usbdcomp.obj (.text:HandleDisconnect)
                  00004e00    00000038                : usbtick.obj (.text:InternalUSBRegisterTickHandler)
                  00004e38    00000038                : usbtick.obj (.text:InternalUSBStartOfFrameTick)
                  00004e70    00000038                : usbdcomp.obj (.text:ResetHandler)
                  00004ea8    00000038                : usbdcomp.obj (.text:ResumeHandler)
                  00004ee0    00000038                : usbdcdc.obj (.text:SendBreak)
                  00004f18    00000038                : usbdcomp.obj (.text:SuspendHandler)
                  00004f50    00000038                : usbdcdesc.obj (.text:USBDCDConfigGetInterfaceEndpoint)
                  00004f88    00000038     driverlib.lib : usb.obj (.text:USBIntStatusControl)
                  00004fc0    00000038     usblib.lib : usbringbuf.obj (.text:USBRingBufAdvanceWrite)
                  00004ff8    00000038     USBSerialDevice.obj (.text:_ZN9usbdevice15USBSerialDevice9SendBreakEb)
                  00005030    00000038     rtsv7M4_T_le_v4SPD16_eabi.lib : boot_cortex_m.c.obj (.text:_c_int00_noargs:_c_int00_noargs)
                  00005068    00000038                                   : memory.c.obj (.text:minit)
                  000050a0    00000036     usblib.lib : usbdhid.obj (.text:HandleEndpoints)
                  000050d6    00000036                : usbdcomp.obj (.text:InterfaceChange)
                  0000510c    00000036     driverlib.lib : usb.obj (.text:USBEndpointDataPut)
                  00005142    00000002     usblib.lib : usbdma.obj (.text:uDMAUSBChannelIntEnable)
                  00005144    00000034                : usbdhid.obj (.text:HIDTickHandler)
                  00005178    00000034                : usbdcdc.obj (.text:HandleConfigChange)
                  000051ac    00000034     driverlib.lib : sysctl.obj (.text:SysCtlPeripheralEnable)
                  000051e0    00000034                   : usb.obj (.text:USBEndpointDataSend)
                  00005214    00000034     Wire.obj (.text:_ZN7TwoWire4readEv)
                  00005248    00000034     USBCompDevice.obj (.text:_ZN9usbdevice13USBCompDevice11getInstanceEv)
                  0000527c    00000034     USBKeyboardDevice.obj (.text:_ZN9usbdevice17USBKeyboardDevice11getInstanceEv)
                  000052b0    00000034     usblib.lib : usbdma.obj (.text:iDMAUSBChannelStatus)
                  000052e4    00000032                : usbdhid.obj (.text:ClearReportTimer)
                  00005316    00000032                : usbdhid.obj (.text:HandleConfigChange)
                  00005348    00000032                : usbdcdesc.obj (.text:NextConfigDescGet)
                  0000537a    00000032                : usbdcdc.obj (.text:ProcessNotificationToHost)
                  000053ac    00000032     driverlib.lib : usb.obj (.text:USBDevEndpointStall)
                  000053de    00000032     USBKeyboardDevice.obj (.text:_ZN9usbdevice17USBKeyboardDeviceC1EPFYjPvjjS1_E)
                  00005410    00000032     usblib.lib : usbdma.obj (.text:iDMAUSBChannelDisable)
                  00005442    00000030                : usbdhidkeyb.obj (.text:AddKeyToPressedList)
                  00005472    00000030                : usbdma.obj (.text:DMAUSBIntHandler)
                  000054a2    00000002     --HOLE-- [fill = 0]
                  000054a4    00000030                : usbtick.obj (.text:InternalUSBTickInit)
                  000054d4    00000030                : usbdenum.obj (.text:USBDGetConfiguration)
                  00005504    00000030                : usbringbuf.obj (.text:UpdateIndexAtomic)
                  00005534    0000002e                : usbdcomp.obj (.text:HandleEndpoints)
                  00005562    0000002e                : usbbuffer.obj (.text:USBBufferWrite)
                  00005590    0000002e                : usbdcdc.obj (.text:USBDCDCRxPacketAvailable)
                  000055be    0000002e     Print.obj (.text:_ZN5Print5writeEPKhj)
                  000055ec    0000002e     USBSerialDevice.obj (.text:_ZN9usbdevice15USBSerialDevice10readBufferEv)
                  0000561a    0000002c     usblib.lib : usbdcomp.obj (.text:InterfaceToIndex)
                  00005646    0000002c                : usbdesc.obj (.text:USBDescGet)
                  00005672    00000002     --HOLE-- [fill = 0]
                  00005674    0000002c     HardwareSerial.obj (.text:_ZN14HardwareSerial5flushEv)
                  000056a0    0000002c     usblib.lib : usbdma.obj (.text:uDMAUSBIntStatus)
                  000056cc    0000002a                : usbbuffer.obj (.text:HandleRequestBuffer)
                  000056f6    0000002a                : usbdcdesc.obj (.text:USBDCDConfigDescGetNum)
                  00005720    0000002a                : usbdesc.obj (.text:USBDescGetNum)
                  0000574a    0000002a     driverlib.lib : usb.obj (.text:USBDevEndpointDataAck)
                  00005774    0000002a     MFRC522.obj (.text:_ZN11rfid_reader7MFRC52214transceiveDataEPhhS1_S1_S1_hb)
                  0000579e    00000028     usblib.lib : usbdhid.obj (.text:GetIdleTimeout)
                  000057c6    00000028                : usbdhid.obj (.text:HandleEP0DataReceived)
                  000057ee    00000028                : usbbuffer.obj (.text:USBBufferRead)
                  00005816    00000002     --HOLE-- [fill = 0]
                  00005818    00000028                : usbdenum.obj (.text:USBDSetAddress)
                  00005840    00000028     driverlib.lib : usb.obj (.text:USBIntEnableControl)
                  00005868    00000028     main.obj (.text:_Z18USBKeyboardHandlerPvjjS_)
                  00005890    00000028     USBKeyboardDevice.obj (.text:_ZN9usbdevice17USBKeyboardDevice12GetUsageCodeEcb)
                  000058b8    00000028     rtsv7M4_T_le_v4SPD16_eabi.lib : memory.c.obj (.text:mremove)
                  000058e0    00000028     driverlib.lib : udma.obj (.text:uDMAChannelModeGet)
                  00005908    00000026     HardwareSerial.obj (.text:_ZN14HardwareSerial4readEv)
                  0000592e    00000024     usblib.lib : usbdcdc.obj (.text:HandleDisconnect)
                  00005952    00000024                : usbdcdc.obj (.text:SendLineStateChange)
                  00005976    00000024     driverlib.lib : usb.obj (.text:USBEndpointDMADisable)
                  0000599a    00000024                   : usb.obj (.text:USBEndpointDMAEnable)
                  000059be    00000002     --HOLE-- [fill = 0]
                  000059c0    00000024     usblib.lib : usbmode.obj (.text:USBStackModeSet)
                  000059e4    00000024     main.obj (.text:_Z5delayi)
                  00005a08    00000024     Wire.obj (.text:_ZN7TwoWire4peekEv)
                  00005a2c    00000024     Wire.obj (.text:_ZN7TwoWireC1Ev)
                  00005a50    00000024     driverlib.lib : udma.obj (.text:uDMAChannelControlSet)
                  00005a74    00000022     usblib.lib : usbdcomp.obj (.text:DataReceived)
                  00005a96    00000022                : usbdcomp.obj (.text:DataSent)
                  00005ab8    00000022                : usbdhid.obj (.text:HandleDisconnect)
                  00005ada    00000022                : usbdcdc.obj (.text:SendLineCodingChange)
                  00005afc    00000022     Wire.obj (.text:_ZN7TwoWire5writeEPKhj)
                  00005b1e    00000022     usblib.lib : usbdma.obj (.text:uDMAUSBChannelStatus)
                  00005b40    00000020                : usbdcdc.obj (.text:CheckAndSendBreak)
                  00005b60    00000020                : usbdconfig.obj (.text:GetEndpointFIFOSize)
                  00005b80    00000020                : usbbuffer.obj (.text:HandleDataRemaining)
                  00005ba0    00000020                : usbdhid.obj (.text:HandleEP0DataSent)
                  00005bc0    00000020                : usbringbuf.obj (.text:USBRingBufAdvanceRead)
                  00005be0    00000020     MFRC522.obj (.text:_ZN11rfid_reader7MFRC52216isNewCardPresentEv)
                  00005c00    00000020     MFRC522.obj (.text:_ZN11rfid_reader7MFRC5225delayEi)
                  00005c20    00000020     Wire.obj (.text:_ZN7TwoWire5flushEv)
                  00005c40    0000001e     usblib.lib : usbringbuf.obj (.text:USBRingBufContigFree)
                  00005c5e    0000001e     driverlib.lib : usb.obj (.text:USBULPIRegRead)
                  00005c7c    0000001e                   : usb.obj (.text:USBULPIRegWrite)
                  00005c9a    0000001e     MFRC522.obj (.text:_ZN11rfid_reader7MFRC5229antennaOnEv)
                  00005cb8    0000001c     usblib.lib : usbdcomp.obj (.text:CompositeEPChange)
                  00005cd4    0000001c                : usbdcomp.obj (.text:CompositeIfaceChange)
                  00005cf0    0000001c                : usbdcdesc.obj (.text:USBDCDConfigGetInterface)
                  00005d0c    0000001c                : usbdenum.obj (.text:USBDCDStallEP0)
                  00005d28    0000001c     driverlib.lib : usb.obj (.text:USBEndpointDataAvail)
                  00005d44    0000001c     usblib.lib : usbringbuf.obj (.text:USBRingBufRead)
                  00005d60    0000001c                : usbringbuf.obj (.text:USBRingBufWrite)
                  00005d7c    0000001c     MFRC522.obj (.text:_ZN11rfid_reader7MFRC5229softResetEv)
                  00005d98    0000001c     Wire.obj (.text:_ZN7TwoWire9availableEv)
                  00005db4    0000001c     Wire.obj (.text:_ZN7TwoWire9setModuleEm)
                  00005dd0    0000001c     USBSerialDevice.obj (.text:_ZN9usbdevice15USBSerialDevice18flushReceiveBufferEv)
                  00005dec    0000001a     usblib.lib : usbdhid.obj (.text:ClearIdleTimers)
                  00005e06    0000001a                : usbdcdc.obj (.text:DeviceConsumedAllData)
                  00005e20    0000001a                : usbdcdesc.obj (.text:USBDCDConfigDescGetSize)
                  00005e3a    0000001a     driverlib.lib : usb.obj (.text:USBEndpointDMAChannel)
                  00005e54    0000001a     MFRC522.obj (.text:_ZN11rfid_reader7MFRC52220clearRegisterBitMaskEhh)
                  00005e6e    00000018     uartstdio.obj (.text:IsBufferFull)
                  00005e86    00000018     usblib.lib : usbdcdc.obj (.text:SetDeferredOpFlag)
                  00005e9e    00000018                : usbdhid.obj (.text:SetDeferredOpFlag)
                  00005eb6    00000002     --HOLE-- [fill = 0]
                  00005eb8    00000018                : usbdhandler.obj (.text:USB0DeviceIntHandler)
                  00005ed0    00000018                : usbbuffer.obj (.text:USBBufferInit)
                  00005ee8    00000018                : usbdenum.obj (.text:USBDCDFeatureGet)
                  00005f00    00000018                : usbdenum.obj (.text:USBDSetDescriptor)
                  00005f18    00000018                : usbdenum.obj (.text:USBDSyncFrame)
                  00005f30    00000018     USBKeyboardDevice.obj (.text:_ZN9usbdevice17USBKeyboardDevice17releaseSpecialKeyEv)
                  00005f48    00000018     driverlib.lib : udma.obj (.text:uDMAChannelDisable)
                  00005f60    00000018                   : udma.obj (.text:uDMAChannelEnable)
                  00005f78    00000016     usblib.lib : usbdcdc.obj (.text:CheckAndSendLineCodingChange)
                  00005f8e    00000016                : usbdcdc.obj (.text:CheckAndSendLineStateChange)
                  00005fa4    00000016     driverlib.lib : usb.obj (.text:USBIntEnableEndpoint)
                  00005fba    00000016     usblib.lib : usbringbuf.obj (.text:USBRingBufFlush)
                  00005fd0    00000016                : usbringbuf.obj (.text:USBRingBufReadOne)
                  00005fe6    00000016                : usbringbuf.obj (.text:USBRingBufUsed)
                  00005ffc    00000016     MFRC522.obj (.text:_ZN11rfid_reader7MFRC52218setRegisterBitMaskEhh)
                  00006012    00000016     HardwareSerial.obj (.text:_ZN14HardwareSerial9availableEv)
                  00006028    00000016     USBSerialDevice.obj (.text:_ZN9usbdevice15USBSerialDevice10initBufferEv)
                  0000603e    00000014     usblib.lib : usbbuffer.obj (.text:HandleTxComplete)
                  00006052    00000002     --HOLE-- [fill = 0]
                  00006054    00000014     driverlib.lib : sysctl.obj (.text:SysCtlUSBPLLEnable)
                  00006068    00000014     usblib.lib : usbdcdc.obj (.text:USBDCDCTxPacketAvailable)
                  0000607c    00000014                : usbdenum.obj (.text:USBDCDRequestDataEP0)
                  00006090    00000014                : usbdenum.obj (.text:USBDCDSendDataEP0)
                  000060a4    00000014     driverlib.lib : usb.obj (.text:USBDMAChannelConfigSet)
                  000060b8    00000014                   : usb.obj (.text:USBHostResume)
                  000060cc    00000014                   : usb.obj (.text:_USBIndexWrite)
                  000060e0    00000014     MFRC522.obj (.text:_ZN11rfid_reader7MFRC52214readCardSerialEv)
                  000060f4    00000012     usblib.lib : usbdcdc.obj (.text:HandleResume)
                  00006106    00000012                : usbdhid.obj (.text:HandleResume)
                  00006118    00000012                : usbdcdc.obj (.text:HandleSuspend)
                  0000612a    00000012                : usbdhid.obj (.text:HandleSuspend)
                  0000613c    00000012     driverlib.lib : usb.obj (.text:USBDMAChannelDisable)
                  0000614e    00000012                   : usb.obj (.text:USBDMAChannelEnable)
                  00006160    00000012                   : usb.obj (.text:USBDMAChannelIntDisable)
                  00006172    00000012                   : usb.obj (.text:USBDMAChannelIntEnable)
                  00006184    00000012     usblib.lib : usbringbuf.obj (.text:USBRingBufFree)
                  00006196    00000012     HardwareSerial.obj (.text:_ZN14HardwareSerial4peekEv)
                  000061a8    00000010     driverlib.lib : i2c.obj (.text:I2CSlaveEnable)
                  000061b8    00000010                   : interrupt.obj (.text:IntMasterDisable)
                  000061c8    00000010                   : interrupt.obj (.text:IntMasterEnable)
                  000061d8    00000010     tm4c123gh6pm_startup_ccs.obj (.text:SysTickIntHandler)
                  000061e8    00000010     driverlib.lib : usb.obj (.text:USBEndpointStatus)
                  000061f8    00000010     usblib.lib : usbringbuf.obj (.text:USBRingBufContigUsed)
                  00006208    00000010                : usbringbuf.obj (.text:USBRingBufWriteOne)
                  00006218    0000000e                : usbdma.obj (.text:DMAUSBIntStatusClear)
                  00006226    0000000e     driverlib.lib : i2c.obj (.text:I2CSlaveInit)
                  00006234    0000000e     uartstdio.obj (.text:IsBufferEmpty)
                  00006242    0000000e     usblib.lib : usbdhid.obj (.text:USBDHIDTxPacketAvailable)
                  00006250    0000000e     driverlib.lib : usb.obj (.text:USBDMAChannelStatus)
                  0000625e    0000000e                   : usb.obj (.text:USBDevLPMDisable)
                  0000626c    0000000e                   : usb.obj (.text:USBDevLPMEnable)
                  0000627a    0000000e                   : usb.obj (.text:USBULPIDisable)
                  00006288    0000000e                   : usb.obj (.text:USBULPIEnable)
                  00006296    0000000e     rtsv7M4_T_le_v4SPD16_eabi.lib : typeinfo.c.obj (.text:_ZN10__cxxabiv117__class_type_infoD0Ev)
                  000062a4    0000000e                                   : typeinfo.c.obj (.text:_ZN10__cxxabiv120__si_class_type_infoD0Ev)
                  000062b2    0000000e                                   : copy_decompress_none.c.obj (.text:decompress:none:__TI_decompress_none)
                  000062c0    0000000c     driverlib.lib : cpu.obj (.text:CPUcpsid)
                  000062cc    0000000c                   : cpu.obj (.text:CPUcpsie)
                  000062d8    0000000c                   : i2c.obj (.text:I2CSlaveIntEnableEx)
                  000062e4    0000000c                   : usb.obj (.text:USBEndpointPacketCountSet)
                  000062f0    0000000c                   : usb.obj (.text:USBLPMIntEnable)
                  000062fc    0000000c     usblib.lib : usbringbuf.obj (.text:USBRingBufInit)
                  00006308    0000000c     USBCompDevice.obj (.text:_ZN9usbdevice13USBCompDevice20registerEventHandlerEPFYjPvjjS1_E)
                  00006314    0000000c     USBSerialDevice.obj (.text:_ZN9usbdevice15USBSerialDevice17registerRxHandlerEPFYjPvjjS1_E)
                  00006320    0000000c     USBSerialDevice.obj (.text:_ZN9usbdevice15USBSerialDevice17registerTxHandlerEPFYjPvjjS1_E)
                  0000632c    0000000c     USBSerialDevice.obj (.text:_ZN9usbdevice15USBSerialDevice22registerControlHandlerEPFYjPvjjS1_E)
                  00006338    0000000c     USBKeyboardDevice.obj (.text:_ZN9usbdevice17USBKeyboardDevice23registerKeyboardHandlerEPFYjPvjjS1_E)
                  00006344    0000000c     rtsv7M4_T_le_v4SPD16_eabi.lib : guard.c.obj (.text:__cxa_guard_acquire)
                  00006350    0000000c     SPI.obj (.text:__sti___7_SPI_cpp_230ca784)
                  0000635c    0000000c     Wire.obj (.text:__sti___8_Wire_cpp_4e348ebc)
                  00006368    0000000c     rtsv7M4_T_le_v4SPD16_eabi.lib : copy_zero_init.c.obj (.text:decompress:ZI:__TI_zero_init)
                  00006374    0000000a     driverlib.lib : usb.obj (.text:USBClockEnable)
                  0000637e    0000000a                   : usb.obj (.text:USBControllerVersion)
                  00006388    0000000a                   : usb.obj (.text:USBDMAChannelAddressSet)
                  00006392    0000000a                   : usb.obj (.text:USBDMAChannelCountSet)
                  0000639c    0000000a                   : usb.obj (.text:USBDevConnect)
                  000063a6    0000000a                   : usb.obj (.text:USBDevDisconnect)
                  000063b0    0000000a                   : usb.obj (.text:USBIntStatusEndpoint)
                  000063ba    0000000a     SPI.obj (.text:_ZN8SPIClassC1Ev)
                  000063c4    0000000a     rtsv7M4_T_le_v4SPD16_eabi.lib : guard.c.obj (.text:__cxa_guard_release)
                  000063ce    00000008     driverlib.lib : usb.obj (.text:USBDevMode)
                  000063d6    00000008                   : usb.obj (.text:USBFIFOAddrGet)
                  000063de    00000008                   : usb.obj (.text:USBOTGMode)
                  000063e6    00000008     rtsv7M4_T_le_v4SPD16_eabi.lib : new.cpp.obj (.text:_ZdlPv)
                  000063ee    00000008     usblib.lib : usbdma.obj (.text:iDMAUSBChannelIntDisable)
                  000063f6    00000008                : usbdma.obj (.text:iDMAUSBChannelIntEnable)
                  000063fe    00000006     driverlib.lib : i2c.obj (.text:I2CSlaveDataPut)
                  00006404    00000006     tm4c123gh6pm_startup_ccs.obj (.text:ResetISR)
                  0000640a    00000006     driverlib.lib : sysctl.obj (.text:SysCtlDelay)
                  00006410    00000006     usblib.lib : usbbuffer.obj (.text:USBBufferFlush)
                  00006416    00000006     driverlib.lib : usb.obj (.text:USBDMAChannelIntStatus)
                  0000641c    00000006                   : usb.obj (.text:USBDevLPMConfig)
                  00006422    00000006                   : usb.obj (.text:USBLPMIntStatus)
                  00006428    00000006     SPI.obj (.text:_ZN8SPIClass9setModuleEh)
                  0000642e    00000006     USBSerialDevice.obj (.text:_ZN9usbdevice15USBSerialDevice15getRxEventCountEv)
                  00006434    00000006     USBSerialDevice.obj (.text:_ZN9usbdevice15USBSerialDevice16getReceiveBufferEv)
                  0000643a    00000006     USBSerialDevice.obj (.text:_ZN9usbdevice15USBSerialDevice19getReceiveBufferEndEv)
                  00006440    00000006     USBSerialDevice.obj (.text:_ZN9usbdevice15USBSerialDevice5writeEPhj)
                  00006446    00000006     rtsv7M4_T_le_v4SPD16_eabi.lib : pure_virt.c.obj (.text:__cxa_pure_virtual)
                  0000644c    00000006     usblib.lib : usbdma.obj (.text:iDMAUSBIntStatus)
                  00006452    00000004                : usbdma.obj (.text:DMAUSBStatus)
                  00006456    00000004                : usbdhid.obj (.text:HandleReset)
                  0000645a    00000004     driverlib.lib : usb.obj (.text:USBDevAddrSet)
                  0000645e    00000004     main.obj (.text:_Z15USBEventHandlerPvjjS_)
                  00006462    00000004     main.obj (.text:_Z9TxHandlerPvjjS_)
                  00006466    00000004     rtsv7M4_T_le_v4SPD16_eabi.lib : typeinfo.c.obj (.text:_ZN10__cxxabiv117__class_type_infoD1Ev)
                  0000646a    00000004                                   : typeinfo.c.obj (.text:_ZN10__cxxabiv120__si_class_type_infoD1Ev)
                  0000646e    00000004     HardwareSerial.obj (.text:_ZN5Print17availableForWriteEv)
                  00006472    00000004     rtsv7M4_T_le_v4SPD16_eabi.lib : new.cpp.obj (.text:_ZdlPvj)
                  00006476    00000004                                   : error.c.obj (.text:__abort_execution)
                  0000647a    00000004                                   : pre_init.c.obj (.text:_system_pre_init)
                  0000647e    00000004                                   : exit.c.obj (.text:abort:abort)

.const     0    00006484    00000710     
                  00006484    00000070     driverlib.lib : interrupt.obj (.const)
                  000064f4    0000006c                   : sysctl.obj (.const:g_pui32Xtals)
                  00006560    00000068     USBKeyboardDevice.obj (.const:_ZN43_INTERNAL_21_USBKeyboardDevice_cpp_497fa7839usbdevice14g_pcUsageCodesE)
                  000065c8    00000058     usblib.lib : usbdcdc.obj (.const)
                  00006620    00000040     SPI.obj (.const:g_ulSSIConfig)
                  00006660    0000003f     usblib.lib : usbdhidkeyb.obj (.const:.string:g_pui8KeybReportDescriptor)
                  0000669f    00000036     usb_structs.obj (.const:.string:g_pui8ConfigString)
                  000066d5    00000002     main.obj (.const:.string:$P$T0$1)
                  000066d7    00000001     --HOLE-- [fill = 0]
                  000066d8    00000034     usblib.lib : usbdenum.obj (.const:g_psUSBDStdRequests)
                  0000670c    00000034                : usbdhidkeyb.obj (.const)
                  00006740    00000030                : usbdcdc.obj (.const:g_sCDCHandlers)
                  00006770    00000030                : usbdcomp.obj (.const:g_sCompHandlers)
                  000067a0    00000030                : usbdhid.obj (.const:g_sHIDHandlers)
                  000067d0    0000002e                : usbdcdc.obj (.const:.string)
                  000067fe    0000002c     usb_structs.obj (.const:.string:g_pui8ControlInterfaceString)
                  0000682a    00000025     rtsv7M4_T_le_v4SPD16_eabi.lib : typeinfo.c.obj (.const:.typeinfo:_ZTSN10__cxxabiv120__si_class_type_infoE)
                  0000684f    00000024     usb_structs.obj (.const:.string:g_pui8ManufacturerString)
                  00006873    00000001     --HOLE-- [fill = 0]
                  00006874    00000024     HardwareSerial.obj (.const:_ZTV14HardwareSerial)
                  00006898    00000024     HardwareSerial.obj (.const:_ZTV6Stream)
                  000068bc    00000024     Wire.obj (.const:_ZTV7TwoWire)
                  000068e0    00000023     usblib.lib : usbdcdc.obj (.const:.string:g_pui8CDCSerCommInterface)
                  00006903    00000022     rtsv7M4_T_le_v4SPD16_eabi.lib : typeinfo.c.obj (.const:.typeinfo:_ZTSN10__cxxabiv117__class_type_infoE)
                  00006925    00000022     USBKeyboardDevice.obj (.const:_ZN43_INTERNAL_21_USBKeyboardDevice_cpp_497fa7839usbdevice19g_pcUsageCodesShiftE)
                  00006947    00000001     --HOLE-- [fill = 0]
                  00006948    00000020     HardwareSerial.obj (.const:g_ulUARTBase)
                  00006968    00000020     HardwareSerial.obj (.const:g_ulUARTInt)
                  00006988    00000020     Wire.obj (.const:g_uli2cConfig)
                  000069a8    0000001a     usb_structs.obj (.const:.string:g_pui8ProductString)
                  000069c2    00000002     main.obj (.const:.string:$P$T3$4)
                  000069c4    00000018     Print.obj (.const:_ZTV5Print)
                  000069dc    00000018     usb_structs.obj (.const:g_pui8StringDescriptors)
                  000069f4    00000012     usb_structs.obj (.const:.string:g_pui8SerialNumberString)
                  00006a06    00000011     HardwareSerial.obj (.const:.typeinfo:_ZTS14HardwareSerial)
                  00006a17    00000001     --HOLE-- [fill = 0]
                  00006a18    00000010     rtsv7M4_T_le_v4SPD16_eabi.lib : typeinfo.c.obj (.const:_ZTVN10__cxxabiv117__class_type_infoE)
                  00006a28    00000010                                   : typeinfo.c.obj (.const:_ZTVN10__cxxabiv120__si_class_type_infoE)
                  00006a38    00000010     SPI.obj (.const:g_ulSSIBase)
                  00006a48    00000010     SPI.obj (.const:g_ulSSIPeriph)
                  00006a58    00000010     SPI.obj (.const:g_ulSSIPins)
                  00006a68    00000010     SPI.obj (.const:g_ulSSIPort)
                  00006a78    00000010     Wire.obj (.const:g_uli2cBase)
                  00006a88    00000010     Wire.obj (.const:g_uli2cInt)
                  00006a98    00000010     Wire.obj (.const:g_uli2cMasterBase)
                  00006aa8    00000010     Wire.obj (.const:g_uli2cPeriph)
                  00006ab8    00000010     Wire.obj (.const:g_uli2cSCLPins)
                  00006ac8    00000010     Wire.obj (.const:g_uli2cSDAPins)
                  00006ad8    00000010     Wire.obj (.const:g_uli2cSlaveBase)
                  00006ae8    0000000e     usblib.lib : usbdhidkeyb.obj (.const:.string)
                  00006af6    0000000d     rtsv7M4_T_le_v4SPD16_eabi.lib : stdlib_typeinfo.cpp.obj (.const:.typeinfo:_ZTSSt9type_info)
                  00006b03    00000001     --HOLE-- [fill = 0]
                  00006b04    0000000c     HardwareSerial.obj (.const:.typeinfo:_ZTI14HardwareSerial)
                  00006b10    0000000c     HardwareSerial.obj (.const:.typeinfo:_ZTI6Stream)
                  00006b1c    0000000c     Wire.obj (.const:.typeinfo:_ZTI7TwoWire)
                  00006b28    0000000c     rtsv7M4_T_le_v4SPD16_eabi.lib : typeinfo.c.obj (.const:.typeinfo:_ZTIN10__cxxabiv117__class_type_infoE)
                  00006b34    0000000c                                   : typeinfo.c.obj (.const:.typeinfo:_ZTIN10__cxxabiv120__si_class_type_infoE)
                  00006b40    0000000c     uartstdio.obj (.const:g_ui32UARTInt)
                  00006b4c    00000009     usblib.lib : usbdcomp.obj (.const:.string)
                  00006b55    00000009     Wire.obj (.const:.typeinfo:_ZTS7TwoWire)
                  00006b5e    00000002     main.obj (.const)
                  00006b60    00000008     Print.obj (.const:.typeinfo:_ZTI5Print)
                  00006b68    00000008     rtsv7M4_T_le_v4SPD16_eabi.lib : stdlib_typeinfo.cpp.obj (.const:.typeinfo:_ZTISt9type_info)
                  00006b70    00000008     HardwareSerial.obj (.const:.typeinfo:_ZTS6Stream)
                  00006b78    00000007     Print.obj (.const:.typeinfo:_ZTS5Print)
                  00006b7f    00000006     main.obj (.const:.string:$P$T1$2)
                  00006b85    00000006     main.obj (.const:.string:$P$T2$3)
                  00006b8b    00000004     usb_structs.obj (.const:.string:g_pui8LangDescriptor)
                  00006b8f    00000001     --HOLE-- [fill = 0]
                  00006b90    00000004     usb_structs.obj (.const)

.cinit     0    00006ba0    000000e0     
                  00006ba0    000000b8     (.cinit..data.load) [load image, compression = lzss]
                  00006c58    0000000c     (__TI_handler_table)
                  00006c64    00000004     --HOLE-- [fill = 0]
                  00006c68    00000008     (.cinit..bss.load) [load image, compression = zero_init]
                  00006c70    00000010     (__TI_cinit_table)

.init_array 
*          0    00006b94    0000000c     
                  00006b94    00000004     Wire.obj (.init_array)
                  00006b98    00000004     SPI.obj (.init_array)
                  00006b9c    00000004     HardwareSerial.obj (.init_array)

.bss       0    20000000    00000e54     UNINITIALIZED
                  20000000    00000400     uartstdio.obj (.bss:g_pcUARTTxBuffer)
                  20000400    000003e8     USBSerialDevice.obj (.bss:instance$2)
                  200007e8    00000110     usblib.lib : usbdma.obj (.bss:g_psUSBDMAInst)
                  200008f8    000000f8     USBCompDevice.obj (.bss:instance$2)
                  200009f0    000000a4     USBKeyboardDevice.obj (.bss:instance$2)
                  20000a94    00000080     uartstdio.obj (.bss:g_pcUARTRxBuffer)
                  20000b14    00000050     usblib.lib : usbdenum.obj (.bss:g_psDCDInst)
                  20000b64    00000040                : usbdenum.obj (.bss:g_pui8DataBufferIn)
                  20000ba4    00000040     (.common:_ZN7TwoWire8rxBufferE)
                  20000be4    00000040     (.common:_ZN7TwoWire8txBufferE)
                  20000c24    00000038     HardwareSerial.obj (.bss:Serial1)
                  20000c5c    00000038     HardwareSerial.obj (.bss:Serial2)
                  20000c94    00000038     HardwareSerial.obj (.bss:Serial3)
                  20000ccc    00000038     HardwareSerial.obj (.bss:Serial4)
                  20000d04    00000038     HardwareSerial.obj (.bss:Serial5)
                  20000d3c    00000038     HardwareSerial.obj (.bss:Serial6)
                  20000d74    00000038     HardwareSerial.obj (.bss:Serial7)
                  20000dac    00000038     HardwareSerial.obj (.bss:Serial)
                  20000de4    00000018     (.common:g_pfnTickHandlers)
                  20000dfc    00000018     (.common:g_pvTickInstance)
                  20000e14    00000010     Wire.obj (.bss:Wire)
                  20000e24    00000008     uartstdio.obj (.bss)
                  20000e2c    00000004     USBCompDevice.obj (.bss)
                  20000e30    00000004     USBKeyboardDevice.obj (.bss)
                  20000e34    00000004     USBSerialDevice.obj (.bss)
                  20000e38    00000004     (.common:g_pfnUSBModeCallback)
                  20000e3c    00000004     (.common:g_ppCompConfigDescriptors)
                  20000e40    00000004     (.common:g_ppsDevInfo)
                  20000e44    00000004     (.common:g_ui32ULPISupport)
                  20000e48    00000004     (.common:ui32RxCount)
                  20000e4c    00000004     (.common:ui32TxCount)
                  20000e50    00000002     SPI.obj (.bss:SPI)
                  20000e52    00000002     (.common:_ZN9usbdevice16g_sKeyboardStateE)

.stack     0    20000e58    00000400     UNINITIALIZED
                  20000e58    00000004     rtsv7M4_T_le_v4SPD16_eabi.lib : boot_cortex_m.c.obj (.stack)
                  20000e5c    000003fc     --HOLE--

.data      0    20001258    00000144     UNINITIALIZED
                  20001258    0000005e     usblib.lib : usbdcdc.obj (.data)
                  200012b6    00000002     --HOLE--
                  200012b8    00000038                : usbdhidkeyb.obj (.data)
                  200012f0    00000015     uartstdio.obj (.data)
                  20001305    00000012     usblib.lib : usbdcomp.obj (.data)
                  20001317    00000012                : usbdhid.obj (.data)
                  20001329    00000003     buttons.obj (.data)
                  2000132c    00000010     USBKeyboardDevice.obj (.data)
                  2000133c    0000000c     rtsv7M4_T_le_v4SPD16_eabi.lib : memory.c.obj (.data:$O1$$)
                  20001348    0000000c     USBSerialDevice.obj (.data)
                  20001354    0000000c     usblib.lib : usbtick.obj (.data)
                  20001360    00000009     Wire.obj (.data)
                  20001369    00000003     --HOLE--
                  2000136c    00000009     usblib.lib : usbmode.obj (.data)
                  20001375    00000003     --HOLE--
                  20001378    00000008     rtsv7M4_T_le_v4SPD16_eabi.lib : _lock.c.obj (.data:$O1$$)
                  20001380    00000008     usblib.lib : usbdenum.obj (.data)
                  20001388    00000005     main.obj (.data)
                  2000138d    00000003     --HOLE--
                  20001390    00000004     USBCompDevice.obj (.data)
                  20001394    00000004     main.obj (.data:currentUid)
                  20001398    00000004     tm4c123gh6pm_startup_ccs.obj (.data)

.sysmem    0    200013a0    00000008     UNINITIALIZED
                  200013a0    00000008     rtsv7M4_T_le_v4SPD16_eabi.lib : memory.c.obj (.sysmem)

MODULE SUMMARY

       Module                         code    ro data   rw data
       ------                         ----    -------   -------
    .\drivers\
       buttons.obj                    104     0         3      
    +--+------------------------------+-------+---------+---------+
       Total:                         104     0         3      
                                                               
    .\src\
       main.obj                       1424    18        19     
       tm4c123gh6pm_startup_ccs.obj   28      620       4      
    +--+------------------------------+-------+---------+---------+
       Total:                         1452    638       23     
                                                               
    .\src\energia\
       Wire.obj                       1258    205       153    
       HardwareSerial.obj             572     189       448    
       SPI.obj                        364     132       2      
       Print.obj                      46      39        0      
    +--+------------------------------+-------+---------+---------+
       Total:                         2240    565       603    
                                                               
    .\src\rfid\
       MFRC522.obj                    2002    0         0      
    +--+------------------------------+-------+---------+---------+
       Total:                         2002    0         0      
                                                               
    .\src\usb\
       USBSerialDevice.obj            967     0         1016   
       USBKeyboardDevice.obj          592     138       184    
       USBCompDevice.obj              212     0         256    
       usb_structs.obj                0       210       0      
    +--+------------------------------+-------+---------+---------+
       Total:                         1771    348       1456   
                                                               
    .\utils\
       uartstdio.obj                  698     12        1181   
    +--+------------------------------+-------+---------+---------+
       Total:                         698     12        1181   
                                                               
    C:/ti/tivaware_c_series_2_1_4_178/driverlib/ccs/Debug/driverlib.lib
       usb.obj                        1354    0         0      
       sysctl.obj                     430     108       0      
       interrupt.obj                  340     112       0      
       udma.obj                       328     0         0      
       i2c.obj                        48      0         0      
       cpu.obj                        24      0         0      
    +--+------------------------------+-------+---------+---------+
       Total:                         2524    220       0      
                                                               
    C:/ti/tivaware_c_series_2_1_4_178/usblib/ccs/Debug/usblib.lib
       usbdenum.obj                   2904    52        160    
       usbdcdc.obj                    2008    217       94     
       usbdma.obj                     2008    0         272    
       usbdhid.obj                    1770    48        18     
       usbdcomp.obj                   1624    57        22     
       usbdhidkeyb.obj                652     129       56     
       usbbuffer.obj                  646     0         0      
       usbdconfig.obj                 576     0         0      
       usbdcdesc.obj                  356     0         0      
       usbringbuf.obj                 350     0         0      
       usbtick.obj                    160     0         60     
       usbdesc.obj                    86      0         0      
       usbulpi.obj                    82      0         0      
       usbmode.obj                    36      0         13     
       usbdhandler.obj                24      0         0      
    +--+------------------------------+-------+---------+---------+
       Total:                         13282   503       695    
                                                               
    C:\ti\ccsv8\tools\compiler\ti-cgt-arm_18.1.3.LTS\lib\rtsv7M4_T_le_v4SPD16_eabi.lib
       memory.c.obj                   372     0         12     
       typeinfo.c.obj                 36      127       0      
       memcpy_t2.asm.obj              156     0         0      
       memset_t2.asm.obj              122     0         0      
       copy_decompress_lzss.c.obj     104     0         0      
       autoinit.c.obj                 96      0         0      
       boot_cortex_m.c.obj            56      0         0      
       stdlib_typeinfo.cpp.obj        2       21        0      
       guard.c.obj                    22      0         0      
       copy_decompress_none.c.obj     14      0         0      
       copy_zero_init.c.obj           12      0         0      
       new.cpp.obj                    12      0         0      
       _lock.c.obj                    2       0         8      
       pure_virt.c.obj                6       0         0      
       error.c.obj                    4       0         0      
       exit.c.obj                     4       0         0      
       pre_init.c.obj                 4       0         0      
    +--+------------------------------+-------+---------+---------+
       Total:                         1024    148       20     
                                                               
       Heap:                          0       0         8      
       Stack:                         0       0         1024   
       Linker Generated:              0       220       0      
    +--+------------------------------+-------+---------+---------+
       Grand Total:                   25097   2654      5013   


LINKER GENERATED COPY TABLES

__TI_cinit_table @ 00006c70 records: 2, size/record: 8, table size: 16
	.data: load addr=00006ba0, load size=000000b8 bytes, run addr=20001258, run size=00000144 bytes, compression=lzss
	.bss: load addr=00006c68, load size=00000008 bytes, run addr=20000000, run size=00000e54 bytes, compression=zero_init


LINKER GENERATED HANDLER TABLE

__TI_handler_table @ 00006c58 records: 3, size/record: 4, table size: 12
	index: 0, handler: __TI_decompress_lzss
	index: 1, handler: __TI_decompress_none
	index: 2, handler: __TI_zero_init


GLOBAL SYMBOLS: SORTED ALPHABETICALLY BY Name 

address   name                                                                  
-------   ----                                                                  
0000084f  BuildCompositeDescriptor                                              
000038b9  ButtonsInit                                                           
0000647f  C$$EXIT                                                               
000062c1  CPUcpsid                                                              
000062cd  CPUcpsie                                                              
000063ff  I2CSlaveDataPut                                                       
000061a9  I2CSlaveEnable                                                        
00006227  I2CSlaveInit                                                          
000062d9  I2CSlaveIntEnableEx                                                   
00003921  IntDisable                                                            
00003989  IntEnable                                                             
00003c51  IntIsEnabled                                                          
000061b9  IntMasterDisable                                                      
000061c9  IntMasterEnable                                                       
00004e01  InternalUSBRegisterTickHandler                                        
00004e39  InternalUSBStartOfFrameTick                                           
000054a5  InternalUSBTickInit                                                   
00006b90  NUM_STRING_DESCRIPTORS                                                
000035b1  ProcessDataFromHost                                                   
00003775  ProcessDataToHost                                                     
0000537b  ProcessNotificationToHost                                             
00006405  ResetISR                                                              
00006b94  SHT$$INIT_ARRAY$$Base                                                 
00006ba0  SHT$$INIT_ARRAY$$Limit                                                
20000e50  SPI                                                                   
20000dac  Serial                                                                
20000c24  Serial1                                                               
20000c5c  Serial2                                                               
20000c94  Serial3                                                               
20000ccc  Serial4                                                               
20000d04  Serial5                                                               
20000d3c  Serial6                                                               
20000d74  Serial7                                                               
0000173d  SysCtlClockGet                                                        
0000640b  SysCtlDelay                                                           
000051ad  SysCtlPeripheralEnable                                                
00004345  SysCtlPeripheralReset                                                 
00006055  SysCtlUSBPLLEnable                                                    
000061d9  SysTickIntHandler                                                     
00000be5  UARTStdioIntHandler                                                   
0000267d  UARTwrite                                                             
000042f1  ULPIConfigSet                                                         
00005eb9  USB0DeviceIntHandler                                                  
00003cb5  USBBufferEventCallback                                                
00006411  USBBufferFlush                                                        
00005ed1  USBBufferInit                                                         
000057ef  USBBufferRead                                                         
00005563  USBBufferWrite                                                        
00006375  USBClockEnable                                                        
0000637f  USBControllerVersion                                                  
00001cf9  USBDCDCCompositeInit                                                  
00002bf1  USBDCDCPacketRead                                                     
00003f01  USBDCDCPacketWrite                                                    
00005591  USBDCDCRxPacketAvailable                                              
00006069  USBDCDCTxPacketAvailable                                              
00004395  USBDCDConfigDescGet                                                   
000056f7  USBDCDConfigDescGetNum                                                
00005e21  USBDCDConfigDescGetSize                                               
00005cf1  USBDCDConfigGetInterface                                              
00004f51  USBDCDConfigGetInterfaceEndpoint                                      
00004a0d  USBDCDDeviceInfoInit                                                  
00005ee9  USBDCDFeatureGet                                                      
00000ea5  USBDCDInit                                                            
0000607d  USBDCDRequestDataEP0                                                  
00006091  USBDCDSendDataEP0                                                     
00005d0d  USBDCDStallEP0                                                        
0000212d  USBDCompositeInit                                                     
00001c19  USBDHIDCompositeInit                                                  
000027cd  USBDHIDKeyboardCompositeInit                                          
00002fc9  USBDHIDKeyboardKeyStateChange                                         
0000477f  USBDHIDReportWrite                                                    
00006243  USBDHIDTxPacketAvailable                                              
00006389  USBDMAChannelAddressSet                                               
000060a5  USBDMAChannelConfigSet                                                
00006393  USBDMAChannelCountSet                                                 
0000613d  USBDMAChannelDisable                                                  
0000614f  USBDMAChannelEnable                                                   
00006161  USBDMAChannelIntDisable                                               
00006173  USBDMAChannelIntEnable                                                
00006417  USBDMAChannelIntStatus                                                
00006251  USBDMAChannelStatus                                                   
00005647  USBDescGet                                                            
00005721  USBDescGetNum                                                         
0000645b  USBDevAddrSet                                                         
0000639d  USBDevConnect                                                         
000063a7  USBDevDisconnect                                                      
000032e1  USBDevEndpointConfigSet                                               
0000574b  USBDevEndpointDataAck                                                 
000053ad  USBDevEndpointStall                                                   
000047c9  USBDevEndpointStallClear                                              
00004081  USBDevEndpointStatusClear                                             
0000641d  USBDevLPMConfig                                                       
0000625f  USBDevLPMDisable                                                      
0000626d  USBDevLPMEnable                                                       
000063cf  USBDevMode                                                            
00001295  USBDeviceConfig                                                       
00002d9d  USBDeviceConfigAlternate                                              
00001dd1  USBDeviceEnumHandler                                                  
000048a5  USBDeviceEnumResetHandler                                             
00001145  USBDeviceIntHandlerInternal                                           
000043e5  USBDeviceResumeTickHandler                                            
00005e3b  USBEndpointDMAChannel                                                 
000045bd  USBEndpointDMAConfigSet                                               
00005977  USBEndpointDMADisable                                                 
0000599b  USBEndpointDMAEnable                                                  
00005d29  USBEndpointDataAvail                                                  
000049c5  USBEndpointDataGet                                                    
0000510d  USBEndpointDataPut                                                    
000051e1  USBEndpointDataSend                                                   
000062e5  USBEndpointPacketCountSet                                             
000061e9  USBEndpointStatus                                                     
000063d7  USBFIFOAddrGet                                                        
00004d8f  USBFIFOConfigSet                                                      
000060b9  USBHostResume                                                         
00005841  USBIntEnableControl                                                   
00005fa5  USBIntEnableEndpoint                                                  
00004f89  USBIntStatusControl                                                   
000063b1  USBIntStatusEndpoint                                                  
000062f1  USBLPMIntEnable                                                       
00006423  USBLPMIntStatus                                                       
00000d45  USBLibDMAInit                                                         
000063df  USBOTGMode                                                            
00005bc1  USBRingBufAdvanceRead                                                 
00004fc1  USBRingBufAdvanceWrite                                                
00005c41  USBRingBufContigFree                                                  
000061f9  USBRingBufContigUsed                                                  
00005fbb  USBRingBufFlush                                                       
00006185  USBRingBufFree                                                        
000062fd  USBRingBufInit                                                        
00005d45  USBRingBufRead                                                        
00005fd1  USBRingBufReadOne                                                     
00005fe7  USBRingBufUsed                                                        
00005d61  USBRingBufWrite                                                       
00006209  USBRingBufWriteOne                                                    
000059c1  USBStackModeSet                                                       
0000627b  USBULPIDisable                                                        
00006289  USBULPIEnable                                                         
00005c5f  USBULPIRegRead                                                        
00005c7d  USBULPIRegWrite                                                       
20000e14  Wire                                                                  
00001505  _Z12configureUSBv                                                     
0000353d  _Z14ControlHandlerPvjjS_                                              
0000645f  _Z15USBEventHandlerPvjjS_                                             
00005869  _Z18USBKeyboardHandlerPvjjS_                                          
000059e5  _Z5delayi                                                             
00004a95  _Z9RxHandlerPvjjS_                                                    
00006463  _Z9TxHandlerPvjjS_                                                    
00006297  _ZN10__cxxabiv117__class_type_infoD0Ev                                
00006467  _ZN10__cxxabiv117__class_type_infoD1Ev                                
00006467  _ZN10__cxxabiv117__class_type_infoD2Ev                                
000062a5  _ZN10__cxxabiv120__si_class_type_infoD0Ev                             
0000646b  _ZN10__cxxabiv120__si_class_type_infoD1Ev                             
0000646b  _ZN10__cxxabiv120__si_class_type_infoD2Ev                             
000005cd  _ZN11rfid_reader7MFRC52211select_PICCEPNS_3UidEh                      
00003a59  _ZN11rfid_reader7MFRC52212REQA_or_WUPAEhPhS1_                         
00003abf  _ZN11rfid_reader7MFRC52212calculateCRCEPhhS1_                         
00002201  _ZN11rfid_reader7MFRC52212readRegisterENS_12PCD_RegisterEhPhh         
00004609  _ZN11rfid_reader7MFRC52212readRegisterEh                              
000048ed  _ZN11rfid_reader7MFRC52213writeRegisterEhh                            
0000413d  _ZN11rfid_reader7MFRC52213writeRegisterEhhPh                          
000060e1  _ZN11rfid_reader7MFRC52214readCardSerialEv                            
00005775  _ZN11rfid_reader7MFRC52214transceiveDataEPhhS1_S1_S1_hb               
00005be1  _ZN11rfid_reader7MFRC52216isNewCardPresentEv                          
00005ffd  _ZN11rfid_reader7MFRC52218setRegisterBitMaskEhh                       
000013dd  _ZN11rfid_reader7MFRC52219communicateWithPICCEhhPhhS1_S1_S1_hb        
00005e55  _ZN11rfid_reader7MFRC52220clearRegisterBitMaskEhh                     
0000384d  _ZN11rfid_reader7MFRC5224initEv                                       
00005c01  _ZN11rfid_reader7MFRC5225delayEi                                      
00005c9b  _ZN11rfid_reader7MFRC5229antennaOnEv                                  
00005d7d  _ZN11rfid_reader7MFRC5229softResetEv                                  
00004435  _ZN11rfid_reader7MFRC522C1Ev                                          
00004435  _ZN11rfid_reader7MFRC522C2Ev                                          
0000344d  _ZN14HardwareSerial13primeTransmitEm                                  
00006197  _ZN14HardwareSerial4peekEv                                            
00005909  _ZN14HardwareSerial4readEv                                            
00005675  _ZN14HardwareSerial5flushEv                                           
00003fc1  _ZN14HardwareSerial5writeEh                                           
00006013  _ZN14HardwareSerial9availableEv                                       
00004be1  _ZN14HardwareSerialC1Em                                               
00004c21  _ZN14HardwareSerialC1Ev                                               
00004be1  _ZN14HardwareSerialC2Em                                               
00004c21  _ZN14HardwareSerialC2Ev                                               
0000646f  _ZN5Print17availableForWriteEv                                        
0000304f  _ZN5Print5flushEv                                                     
000055bf  _ZN5Print5writeEPKhj                                                  
20001360  _ZN7TwoWire11rxReadIndexE                                             
20001363  _ZN7TwoWire11txReadIndexE                                             
20001368  _ZN7TwoWire12currentStateE                                            
20001361  _ZN7TwoWire12rxWriteIndexE                                            
20001366  _ZN7TwoWire12slaveAddressE                                            
20001367  _ZN7TwoWire12transmittingE                                            
20001364  _ZN7TwoWire12txWriteIndexE                                            
00005a09  _ZN7TwoWire4peekEv                                                    
00005215  _ZN7TwoWire4readEv                                                    
00001a49  _ZN7TwoWire5beginEh                                                   
00000a45  _ZN7TwoWire5beginEv                                                   
00005c21  _ZN7TwoWire5flushEv                                                   
00005afd  _ZN7TwoWire5writeEPKhj                                                
00003051  _ZN7TwoWire5writeEh                                                   
20000ba4  _ZN7TwoWire8rxBufferE                                                 
20000be4  _ZN7TwoWire8txBufferE                                                 
00005d99  _ZN7TwoWire9availableEv                                               
00001ea9  _ZN7TwoWire9forceStopEv                                               
20001365  _ZN7TwoWire9i2cModuleE                                                
00005db5  _ZN7TwoWire9setModuleEm                                               
20001362  _ZN7TwoWire9txAddressE                                                
00005a2d  _ZN7TwoWireC1Ev                                                       
00005a2d  _ZN7TwoWireC2Ev                                                       
0000184d  _ZN8SPIClass5beginEv                                                  
00004935  _ZN8SPIClass8transferEh                                               
00006429  _ZN8SPIClass9setModuleEh                                              
000063bb  _ZN8SPIClassC1Ev                                                      
000063bb  _ZN8SPIClassC2Ev                                                      
00005249  _ZN9usbdevice13USBCompDevice11getInstanceEv                           
20001390  _ZN9usbdevice13USBCompDevice12eventHandlerE                           
00006309  _ZN9usbdevice13USBCompDevice20registerEventHandlerEPFYjPvjjS1_E       
00004c9f  _ZN9usbdevice13USBCompDevice4initEv                                   
00004199  _ZN9usbdevice13USBCompDeviceC1EPFYjPvjjS1_E                           
00004199  _ZN9usbdevice13USBCompDeviceC2EPFYjPvjjS1_E                           
00006029  _ZN9usbdevice15USBSerialDevice10initBufferEv                          
000055ed  _ZN9usbdevice15USBSerialDevice10readBufferEv                          
00004ad9  _ZN9usbdevice15USBSerialDevice11getInstanceEv                         
00004b1d  _ZN9usbdevice15USBSerialDevice12disconnectedEv                        
00002e29  _ZN9usbdevice15USBSerialDevice13GetLineCodingEP11tLineCoding          
000030d5  _ZN9usbdevice15USBSerialDevice13SetLineCodingEP11tLineCoding          
20001348  _ZN9usbdevice15USBSerialDevice14controlHandlerE                       
0000642f  _ZN9usbdevice15USBSerialDevice15getRxEventCountEv                     
00003623  _ZN9usbdevice15USBSerialDevice15getSerialDeviceEv                     
00006435  _ZN9usbdevice15USBSerialDevice16getReceiveBufferEv                    
00006315  _ZN9usbdevice15USBSerialDevice17registerRxHandlerEPFYjPvjjS1_E        
00006321  _ZN9usbdevice15USBSerialDevice17registerTxHandlerEPFYjPvjjS1_E        
00005dd1  _ZN9usbdevice15USBSerialDevice18flushReceiveBufferEv                  
000038b7  _ZN9usbdevice15USBSerialDevice19SetControlLineStateEt                 
0000643b  _ZN9usbdevice15USBSerialDevice19getReceiveBufferEndEv                 
00004485  _ZN9usbdevice15USBSerialDevice20USBUARTPrimeTransmitEv                
0000632d  _ZN9usbdevice15USBSerialDevice22registerControlHandlerEPFYjPvjjS1_E   
00006441  _ZN9usbdevice15USBSerialDevice5writeEPhj                              
00004ff9  _ZN9usbdevice15USBSerialDevice9SendBreakEb                            
000044d5  _ZN9usbdevice15USBSerialDevice9connectedEv                            
2000134c  _ZN9usbdevice15USBSerialDevice9rxHandlerE                             
20001350  _ZN9usbdevice15USBSerialDevice9txHandlerE                             
00002451  _ZN9usbdevice15USBSerialDeviceC1EPFYjPvjjS1_ES3_S3_                   
00002451  _ZN9usbdevice15USBSerialDeviceC2EPFYjPvjjS1_ES3_S3_                   
20000e52  _ZN9usbdevice16g_sKeyboardStateE                                      
0000527d  _ZN9usbdevice17USBKeyboardDevice11getInstanceEv                       
00005891  _ZN9usbdevice17USBKeyboardDevice12GetUsageCodeEcb                     
0000299d  _ZN9usbdevice17USBKeyboardDevice14USBWriteStringEPKci                 
2000132c  _ZN9usbdevice17USBKeyboardDevice15keyboardHandlerE                    
000034c5  _ZN9usbdevice17USBKeyboardDevice17USBKeyboardUpdateEhhb               
0000413b  _ZN9usbdevice17USBKeyboardDevice17getKeyboardDeviceEv                 
00005f31  _ZN9usbdevice17USBKeyboardDevice17releaseSpecialKeyEv                 
00002eb5  _ZN9usbdevice17USBKeyboardDevice22USBPressKeyCombinationEhPKhi        
00006339  _ZN9usbdevice17USBKeyboardDevice23registerKeyboardHandlerEPFYjPvjjS1_E
000053df  _ZN9usbdevice17USBKeyboardDeviceC1EPFYjPvjjS1_E                       
000053df  _ZN9usbdevice17USBKeyboardDeviceC2EPFYjPvjjS1_E                       
00004343  _ZNSt9type_infoD1Ev                                                   
00004343  _ZNSt9type_infoD2Ev                                                   
0000647f  _ZSt17__throw_bad_allocv                                              
00006b04  _ZTI14HardwareSerial                                                  
00006b60  _ZTI5Print                                                            
00006b10  _ZTI6Stream                                                           
00006b1c  _ZTI7TwoWire                                                          
00006b28  _ZTIN10__cxxabiv117__class_type_infoE                                 
00006b34  _ZTIN10__cxxabiv120__si_class_type_infoE                              
00006b68  _ZTISt9type_info                                                      
00006a06  _ZTS14HardwareSerial                                                  
00006b78  _ZTS5Print                                                            
00006b70  _ZTS6Stream                                                           
00006b55  _ZTS7TwoWire                                                          
00006903  _ZTSN10__cxxabiv117__class_type_infoE                                 
0000682a  _ZTSN10__cxxabiv120__si_class_type_infoE                              
00006af6  _ZTSSt9type_info                                                      
00006874  _ZTV14HardwareSerial                                                  
000069c4  _ZTV5Print                                                            
00006898  _ZTV6Stream                                                           
000068bc  _ZTV7TwoWire                                                          
00006a18  _ZTVN10__cxxabiv117__class_type_infoE                                 
00006a28  _ZTVN10__cxxabiv120__si_class_type_infoE                              
000063e7  _ZdlPv                                                                
00006473  _ZdlPvj                                                               
20001258  __STACK_END                                                           
00000400  __STACK_SIZE                                                          
20001058  __STACK_TOP                                                           
00000008  __SYSMEM_SIZE                                                         
00006c70  __TI_CINIT_Base                                                       
00006c80  __TI_CINIT_Limit                                                      
00006c58  __TI_Handler_Table_Base                                               
00006c64  __TI_Handler_Table_Limit                                              
00004021  __TI_auto_init_nobinit                                                
000039f1  __TI_decompress_lzss                                                  
000062b3  __TI_decompress_none                                                  
ffffffff  __TI_pprof_out_hndl                                                   
[...]
00005977  USBEndpointDMADisable                                                 
0000599b  USBEndpointDMAEnable                                                  
000059c1  USBStackModeSet                                                       
000059e5  _Z5delayi                                                             
00005a09  _ZN7TwoWire4peekEv                                                    
00005a2d  _ZN7TwoWireC1Ev                                                       
00005a2d  _ZN7TwoWireC2Ev                                                       
00005a51  uDMAChannelControlSet                                                 
00005afd  _ZN7TwoWire5writeEPKhj                                                
00005bc1  USBRingBufAdvanceRead                                                 
00005be1  _ZN11rfid_reader7MFRC52216isNewCardPresentEv                          
00005c01  _ZN11rfid_reader7MFRC5225delayEi                                      
00005c21  _ZN7TwoWire5flushEv                                                   
00005c41  USBRingBufContigFree                                                  
00005c5f  USBULPIRegRead                                                        
00005c7d  USBULPIRegWrite                                                       
00005c9b  _ZN11rfid_reader7MFRC5229antennaOnEv                                  
00005cf1  USBDCDConfigGetInterface                                              
00005d0d  USBDCDStallEP0                                                        
00005d29  USBEndpointDataAvail                                                  
00005d45  USBRingBufRead                                                        
00005d61  USBRingBufWrite                                                       
00005d7d  _ZN11rfid_reader7MFRC5229softResetEv                                  
00005d99  _ZN7TwoWire9availableEv                                               
00005db5  _ZN7TwoWire9setModuleEm                                               
00005dd1  _ZN9usbdevice15USBSerialDevice18flushReceiveBufferEv                  
00005e21  USBDCDConfigDescGetSize                                               
00005e3b  USBEndpointDMAChannel                                                 
00005e55  _ZN11rfid_reader7MFRC52220clearRegisterBitMaskEhh                     
00005eb9  USB0DeviceIntHandler                                                  
00005ed1  USBBufferInit                                                         
00005ee9  USBDCDFeatureGet                                                      
00005f31  _ZN9usbdevice17USBKeyboardDevice17releaseSpecialKeyEv                 
00005f49  uDMAChannelDisable                                                    
00005f61  uDMAChannelEnable                                                     
00005fa5  USBIntEnableEndpoint                                                  
00005fbb  USBRingBufFlush                                                       
00005fd1  USBRingBufReadOne                                                     
00005fe7  USBRingBufUsed                                                        
00005ffd  _ZN11rfid_reader7MFRC52218setRegisterBitMaskEhh                       
00006013  _ZN14HardwareSerial9availableEv                                       
00006029  _ZN9usbdevice15USBSerialDevice10initBufferEv                          
00006055  SysCtlUSBPLLEnable                                                    
00006069  USBDCDCTxPacketAvailable                                              
0000607d  USBDCDRequestDataEP0                                                  
00006091  USBDCDSendDataEP0                                                     
000060a5  USBDMAChannelConfigSet                                                
000060b9  USBHostResume                                                         
000060e1  _ZN11rfid_reader7MFRC52214readCardSerialEv                            
0000613d  USBDMAChannelDisable                                                  
0000614f  USBDMAChannelEnable                                                   
00006161  USBDMAChannelIntDisable                                               
00006173  USBDMAChannelIntEnable                                                
00006185  USBRingBufFree                                                        
00006197  _ZN14HardwareSerial4peekEv                                            
000061a9  I2CSlaveEnable                                                        
000061b9  IntMasterDisable                                                      
000061c9  IntMasterEnable                                                       
000061d9  SysTickIntHandler                                                     
000061e9  USBEndpointStatus                                                     
000061f9  USBRingBufContigUsed                                                  
00006209  USBRingBufWriteOne                                                    
00006227  I2CSlaveInit                                                          
00006243  USBDHIDTxPacketAvailable                                              
00006251  USBDMAChannelStatus                                                   
0000625f  USBDevLPMDisable                                                      
0000626d  USBDevLPMEnable                                                       
0000627b  USBULPIDisable                                                        
00006289  USBULPIEnable                                                         
00006297  _ZN10__cxxabiv117__class_type_infoD0Ev                                
000062a5  _ZN10__cxxabiv120__si_class_type_infoD0Ev                             
000062b3  __TI_decompress_none                                                  
000062c1  CPUcpsid                                                              
000062cd  CPUcpsie                                                              
000062d9  I2CSlaveIntEnableEx                                                   
000062e5  USBEndpointPacketCountSet                                             
000062f1  USBLPMIntEnable                                                       
000062fd  USBRingBufInit                                                        
00006309  _ZN9usbdevice13USBCompDevice20registerEventHandlerEPFYjPvjjS1_E       
00006315  _ZN9usbdevice15USBSerialDevice17registerRxHandlerEPFYjPvjjS1_E        
00006321  _ZN9usbdevice15USBSerialDevice17registerTxHandlerEPFYjPvjjS1_E        
0000632d  _ZN9usbdevice15USBSerialDevice22registerControlHandlerEPFYjPvjjS1_E   
00006339  _ZN9usbdevice17USBKeyboardDevice23registerKeyboardHandlerEPFYjPvjjS1_E
00006345  __cxa_guard_acquire                                                   
00006351  __sti___7_SPI_cpp_230ca784                                            
0000635d  __sti___8_Wire_cpp_4e348ebc                                           
00006369  __TI_zero_init                                                        
00006375  USBClockEnable                                                        
0000637f  USBControllerVersion                                                  
00006389  USBDMAChannelAddressSet                                               
00006393  USBDMAChannelCountSet                                                 
0000639d  USBDevConnect                                                         
000063a7  USBDevDisconnect                                                      
000063b1  USBIntStatusEndpoint                                                  
000063bb  _ZN8SPIClassC1Ev                                                      
000063bb  _ZN8SPIClassC2Ev                                                      
000063c5  __cxa_guard_release                                                   
000063cf  USBDevMode                                                            
000063d7  USBFIFOAddrGet                                                        
000063df  USBOTGMode                                                            
000063e7  _ZdlPv                                                                
000063ff  I2CSlaveDataPut                                                       
00006405  ResetISR                                                              
0000640b  SysCtlDelay                                                           
00006411  USBBufferFlush                                                        
00006417  USBDMAChannelIntStatus                                                
0000641d  USBDevLPMConfig                                                       
00006423  USBLPMIntStatus                                                       
00006429  _ZN8SPIClass9setModuleEh                                              
0000642f  _ZN9usbdevice15USBSerialDevice15getRxEventCountEv                     
00006435  _ZN9usbdevice15USBSerialDevice16getReceiveBufferEv                    
0000643b  _ZN9usbdevice15USBSerialDevice19getReceiveBufferEndEv                 
00006441  _ZN9usbdevice15USBSerialDevice5writeEPhj                              
00006447  __cxa_pure_virtual                                                    
0000645b  USBDevAddrSet                                                         
0000645f  _Z15USBEventHandlerPvjjS_                                             
00006463  _Z9TxHandlerPvjjS_                                                    
00006467  _ZN10__cxxabiv117__class_type_infoD1Ev                                
00006467  _ZN10__cxxabiv117__class_type_infoD2Ev                                
0000646b  _ZN10__cxxabiv120__si_class_type_infoD1Ev                             
0000646b  _ZN10__cxxabiv120__si_class_type_infoD2Ev                             
0000646f  _ZN5Print17availableForWriteEv                                        
00006473  _ZdlPvj                                                               
00006477  __abort_execution                                                     
0000647b  _system_pre_init                                                      
0000647f  C$$EXIT                                                               
0000647f  _ZSt17__throw_bad_allocv                                              
0000647f  abort                                                                 
000065c8  g_sCDCSerConfigSection                                                
000065d0  g_sIADSerConfigSection                                                
000065d8  g_sCDCSerCommInterfaceSection                                         
000065e0  g_sCDCSerDataInterfaceSection                                         
000065e8  g_sCDCSerDataInterfaceSectionHS                                       
000065f0  g_sCDCSerConfigHeader                                                 
000065f8  g_sCDCSerConfigHeaderHS                                               
00006600  g_sCDCCompSerConfigHeader                                             
00006608  g_sCDCCompSerConfigHeaderHS                                           
00006610  g_ppCDCSerConfigDescriptors                                           
00006614  g_ppCDCSerConfigDescriptorsHS                                         
00006618  g_pCDCCompSerConfigDescriptors                                        
0000661c  g_pCDCCompSerConfigDescriptorsHS                                      
0000669f  g_pui8ConfigString                                                    
00006740  g_sCDCHandlers                                                        
00006770  g_sCompHandlers                                                       
000067a0  g_sHIDHandlers                                                        
000067d0  g_pui8CDCSerDataInterface                                             
000067e7  g_pui8CDCSerDataInterfaceHS                                           
000067fe  g_pui8ControlInterfaceString                                          
0000682a  _ZTSN10__cxxabiv120__si_class_type_infoE                              
0000684f  g_pui8ManufacturerString                                              
00006874  _ZTV14HardwareSerial                                                  
00006898  _ZTV6Stream                                                           
000068bc  _ZTV7TwoWire                                                          
000068e0  g_pui8CDCSerCommInterface                                             
00006903  _ZTSN10__cxxabiv117__class_type_infoE                                 
000069a8  g_pui8ProductString                                                   
000069c4  _ZTV5Print                                                            
000069dc  g_pui8StringDescriptors                                               
000069f4  g_pui8SerialNumberString                                              
00006a06  _ZTS14HardwareSerial                                                  
00006a18  _ZTVN10__cxxabiv117__class_type_infoE                                 
00006a28  _ZTVN10__cxxabiv120__si_class_type_infoE                              
00006af6  _ZTSSt9type_info                                                      
00006b04  _ZTI14HardwareSerial                                                  
00006b10  _ZTI6Stream                                                           
00006b1c  _ZTI7TwoWire                                                          
00006b28  _ZTIN10__cxxabiv117__class_type_infoE                                 
00006b34  _ZTIN10__cxxabiv120__si_class_type_infoE                              
00006b55  _ZTS7TwoWire                                                          
00006b60  _ZTI5Print                                                            
00006b68  _ZTISt9type_info                                                      
00006b70  _ZTS6Stream                                                           
00006b78  _ZTS5Print                                                            
00006b8b  g_pui8LangDescriptor                                                  
00006b90  NUM_STRING_DESCRIPTORS                                                
00006b94  SHT$$INIT_ARRAY$$Base                                                 
00006ba0  SHT$$INIT_ARRAY$$Limit                                                
00006c58  __TI_Handler_Table_Base                                               
00006c64  __TI_Handler_Table_Limit                                              
00006c70  __TI_CINIT_Base                                                       
00006c80  __TI_CINIT_Limit                                                      
20000b14  g_psDCDInst                                                           
20000ba4  _ZN7TwoWire8rxBufferE                                                 
20000be4  _ZN7TwoWire8txBufferE                                                 
20000c24  Serial1                                                               
20000c5c  Serial2                                                               
20000c94  Serial3                                                               
20000ccc  Serial4                                                               
20000d04  Serial5                                                               
20000d3c  Serial6                                                               
20000d74  Serial7                                                               
20000dac  Serial                                                                
20000de4  g_pfnTickHandlers                                                     
20000dfc  g_pvTickInstance                                                      
20000e14  Wire                                                                  
20000e3c  g_ppCompConfigDescriptors                                             
20000e40  g_ppsDevInfo                                                          
20000e48  ui32RxCount                                                           
20000e4c  ui32TxCount                                                           
20000e50  SPI                                                                   
20000e52  _ZN9usbdevice16g_sKeyboardStateE                                      
20000e58  __stack                                                               
20001058  __STACK_TOP                                                           
20001258  __STACK_END                                                           
20001258  g_pui8CDCSerDeviceDescriptor                                          
2000126a  g_pui8CDCSerDescriptor                                                
20001273  g_pui8IADSerDescriptor                                                
2000127c  g_psCDCSerSections                                                    
20001288  g_psCDCSerSectionsHS                                                  
20001294  g_psCDCCompSerSections                                                
200012a4  g_psCDCCompSerSectionsHS                                              
20001317  g_pui8HIDDeviceDescriptor                                             
2000132c  _ZN9usbdevice17USBKeyboardDevice15keyboardHandlerE                    
20001348  _ZN9usbdevice15USBSerialDevice14controlHandlerE                       
2000134c  _ZN9usbdevice15USBSerialDevice9rxHandlerE                             
20001350  _ZN9usbdevice15USBSerialDevice9txHandlerE                             
20001354  g_bUSBTimerInitialized                                                
20001358  g_ui32CurrentUSBTick                                                  
2000135c  g_ui32USBSOFCount                                                     
20001360  _ZN7TwoWire11rxReadIndexE                                             
20001361  _ZN7TwoWire12rxWriteIndexE                                            
20001362  _ZN7TwoWire9txAddressE                                                
20001363  _ZN7TwoWire11txReadIndexE                                             
20001364  _ZN7TwoWire12txWriteIndexE                                            
20001365  _ZN7TwoWire9i2cModuleE                                                
20001366  _ZN7TwoWire12slaveAddressE                                            
20001367  _ZN7TwoWire12transmittingE                                            
20001368  _ZN7TwoWire12currentStateE                                            
2000136c  g_iUSBMode                                                            
20001370  g_ui32WaitTicks                                                       
20001378  _lock                                                                 
2000137c  _unlock                                                               
20001388  cardMissing                                                           
2000138c  os                                                                    
20001390  _ZN9usbdevice13USBCompDevice12eventHandlerE                           
20001394  currentUid                                                            
20001398  g_ui32SysTickCount                                                    
200013a0  _sys_memory                                                           
ffffffff  __TI_pprof_out_hndl                                                   
ffffffff  __TI_prof_data_size                                                   
ffffffff  __TI_prof_data_start                                                  
ffffffff  __binit__                                                             
ffffffff  __c_args__                                                            
ffffffff  binit                                                                 
UNDEFED   __mpu_init                                                            
UNDEFED   _system_post_cinit                                                    

[387 symbols]
