******************************************************************************
                  TI ARM Linker PC v18.1.3                     
******************************************************************************
>> Linked Tue Jan  8 22:38:03 2019

OUTPUT FILE NAME:   <usb_keyb_dev.out>
ENTRY POINT SYMBOL: "_c_int00_noargs"  address: 000051ad


MEMORY CONFIGURATION

         name            origin    length      used     unused   attr    fill
----------------------  --------  ---------  --------  --------  ----  --------
  FLASH                 00000000   00040000  00006e14  000391ec  R  X
  SRAM                  20000000   00008000  00001220  00006de0  RW X


SEGMENT ALLOCATION MAP

run origin  load origin   length   init length attrs members
----------  ----------- ---------- ----------- ----- -------
00000000    00000000    00006e18   00006e18    r-x
  00000000    00000000    0000026c   0000026c    r-- .intvecs
  0000026c    0000026c    00006398   00006398    r-x .text
  00006604    00006604    00000724   00000724    r-- .const
  00006d28    00006d28    0000000c   0000000c    r-- .init_array
  00006d38    00006d38    000000e0   000000e0    r-- .cinit
20000000    20000000    00001228   00000000    rw-
  20000000    20000000    00000cd4   00000000    rw- .bss
  20000cd8    20000cd8    00000400   00000000    rw- .stack
  200010d8    200010d8    00000144   00000000    rw- .data
  20001220    20001220    00000008   00000000    rw- .sysmem


SECTION ALLOCATION MAP

 output                                  attributes/
section   page    origin      length       input sections
--------  ----  ----------  ----------   ----------------
.intvecs   0    00000000    0000026c     
                  00000000    0000026c     tm4c123gh6pm_startup_ccs.obj (.intvecs)

.text      0    0000026c    00006398     
                  0000026c    0000047c     main.obj (.text:main)
                  000006e8    00000282     MFRC522.obj (.text:_ZN11rfid_reader7MFRC52211select_PICCEPNS_3UidEh)
                  0000096a    000001f6     usblib.lib : usbdcomp.obj (.text:BuildCompositeDescriptor)
                  00000b60    000001a0     Wire.obj (.text:_ZN7TwoWire5beginEv)
                  00000d00    00000160     uartstdio.obj (.text:UARTStdioIntHandler)
                  00000e60    00000160     usblib.lib : usbdma.obj (.text:USBLibDMAInit)
                  00000fc0    00000150                : usbdenum.obj (.text:USBDCDInit)
                  00001110    00000150                : usbdenum.obj (.text:USBDEP0StateTxConfig)
                  00001260    00000150                : usbdenum.obj (.text:USBDeviceIntHandlerInternal)
                  000013b0    00000148                : usbdconfig.obj (.text:USBDeviceConfig)
                  000014f8    00000126     MFRC522.obj (.text:_ZN11rfid_reader7MFRC52219communicateWithPICCEhhPhhS1_S1_S1_hb)
                  0000161e    00000002     tm4c123gh6pm_startup_ccs.obj (.text:FaultISR)
                  00001620    0000011c     main.obj (.text:_Z12configureUSBv)
                  0000173c    00000114     usblib.lib : usbdhid.obj (.text:HandleRequest)
                  00001850    00000110     driverlib.lib : sysctl.obj (.text:SysCtlClockGet)
                  00001960    00000108     SPI.obj (.text:_ZN8SPIClass5beginEv)
                  00001a68    000000f4     usblib.lib : usbdma.obj (.text:iDMAUSBTransfer)
                  00001b5c    000000ec     Wire.obj (.text:_ZN7TwoWire5beginEh)
                  00001c48    000000e4     usblib.lib : usbdenum.obj (.text:USBDGetDescriptor)
                  00001d2c    000000e0                : usbdhid.obj (.text:USBDHIDCompositeInit)
                  00001e0c    000000d8                : usbdcdc.obj (.text:USBDCDCCompositeInit)
                  00001ee4    000000d8                : usbdenum.obj (.text:USBDeviceEnumHandler)
                  00001fbc    000000d8     Wire.obj (.text:_ZN7TwoWire9forceStopEv)
                  00002094    000000d8     rtsv7M4_T_le_v4SPD16_eabi.lib : memory.c.obj (.text:free)
                  0000216c    000000d4     usblib.lib : usbdcdc.obj (.text:HandleRequests)
                  00002240    000000d4                : usbdcomp.obj (.text:USBDCompositeInit)
                  00002314    000000cc     MFRC522.obj (.text:_ZN11rfid_reader7MFRC52212readRegisterENS_12PCD_RegisterEhPhh)
                  000023e0    000000c4     usblib.lib : usbdma.obj (.text:uDMAUSBChannelAllocate)
                  000024a4    000000c0     USBSerialDevice.obj (.text:_ZN9usbdevice15USBSerialDeviceC1EPFYjPvjjS1_ES3_S3_)
                  00002564    000000c0     USBKeyboardDevice.obj (.text:_ZN9usbdevice17USBKeyboardDevice14USBWriteStringEPKci)
                  00002624    000000be     usblib.lib : usbbuffer.obj (.text:HandleRxAvailable)
                  000026e2    000000bc                : usbdma.obj (.text:uDMAUSBTransfer)
                  0000279e    000000b4                : usbdcdc.obj (.text:HandleDevice)
                  00002852    00000002     tm4c123gh6pm_startup_ccs.obj (.text:IntDefaultHandler)
                  00002854    000000a8     uartstdio.obj (.text:UARTwrite)
                  000028fc    000000a6     usblib.lib : usbdhidkeyb.obj (.text:HIDKeyboardRxHandler)
                  000029a2    00000002     tm4c123gh6pm_startup_ccs.obj (.text:NmiSR)
                  000029a4    0000009c     usblib.lib : usbdhidkeyb.obj (.text:USBDHIDKeyboardCompositeInit)
                  00002a40    0000009c     rtsv7M4_T_le_v4SPD16_eabi.lib : memcpy_t2.asm.obj (.text)
                  00002adc    00000098     usblib.lib : usbdenum.obj (.text:USBDSetInterface)
                  00002b74    00000096                : usbdcdc.obj (.text:CDCTickHandler)
                  00002c0a    00000094                : usbdcdc.obj (.text:SendSerialState)
                  00002c9e    00000092                : usbbuffer.obj (.text:ScheduleNextTransmission)
                  00002d30    00000090                : usbdcdc.obj (.text:USBDCDCPacketRead)
                  00002dc0    00000090                : usbdenum.obj (.text:USBDSetConfiguration)
                  00002e50    0000008c     uartstdio.obj (.text:UARTPrimeTransmit)
                  00002edc    0000008c     usblib.lib : usbdconfig.obj (.text:USBDeviceConfigAlternate)
                  00002f68    0000008c     USBSerialDevice.obj (.text:_ZN9usbdevice15USBSerialDevice13GetLineCodingEP11tLineCoding)
                  00002ff4    0000008c     USBKeyboardDevice.obj (.text:_ZN9usbdevice17USBKeyboardDevice22USBPressKeyCombinationEhPKhi)
                  00003080    00000088     usblib.lib : usbdhid.obj (.text:ProcessIdleTimers)
                  00003108    00000086                : usbdhidkeyb.obj (.text:USBDHIDKeyboardKeyStateChange)
                  0000318e    00000002     HardwareSerial.obj (.text:_ZN5Print5flushEv)
                  00003190    00000084     Wire.obj (.text:_ZN7TwoWire5writeEh)
                  00003214    00000084     USBSerialDevice.obj (.text:_ZN9usbdevice15USBSerialDevice13SetLineCodingEP11tLineCoding)
                  00003298    00000084     usblib.lib : usbdma.obj (.text:iDMAUSBChannelAllocate)
                  0000331c    00000084     driverlib.lib : udma.obj (.text:uDMAChannelTransferSet)
                  000033a0    00000080     usblib.lib : usbdenum.obj (.text:USBDClearFeature)
                  00003420    0000007a     driverlib.lib : usb.obj (.text:USBDevEndpointConfigSet)
                  0000349a    0000007a     rtsv7M4_T_le_v4SPD16_eabi.lib : memset_t2.asm.obj (.text)
                  00003514    00000078     usblib.lib : usbdenum.obj (.text:USBDGetStatus)
                  0000358c    00000078     HardwareSerial.obj (.text:_ZN14HardwareSerial13primeTransmitEm)
                  00003604    00000078     USBKeyboardDevice.obj (.text:_ZN9usbdevice17USBKeyboardDevice17USBKeyboardUpdateEhhb)
                  0000367c    00000074     main.obj (.text:_Z14ControlHandlerPvjjS_)
                  000036f0    00000072     usblib.lib : usbdcdc.obj (.text:ProcessDataFromHost)
                  00003762    00000002     USBSerialDevice.obj (.text:_ZN9usbdevice15USBSerialDevice15getSerialDeviceEv)
                  00003764    00000070     usblib.lib : usbdenum.obj (.text:USBDEP0StateTx)
                  000037d4    00000070                : usbdma.obj (.text:uDMAUSBArbSizeSet)
                  00003844    00000070                : usbdma.obj (.text:uDMAUSBUnitSizeSet)
                  000038b4    0000006c                : usbdcdc.obj (.text:ProcessDataToHost)
                  00003920    0000006c                : usbdenum.obj (.text:USBDSetFeature)
                  0000398c    0000006a     MFRC522.obj (.text:_ZN11rfid_reader7MFRC5224initEv)
                  000039f6    00000002     USBSerialDevice.obj (.text:_ZN9usbdevice15USBSerialDevice19SetControlLineStateEt)
                  000039f8    00000068     buttons.obj (.text:ButtonsInit)
                  00003a60    00000068     driverlib.lib : interrupt.obj (.text:IntDisable)
                  00003ac8    00000068                   : interrupt.obj (.text:IntEnable)
                  00003b30    00000068     rtsv7M4_T_le_v4SPD16_eabi.lib : copy_decompress_lzss.c.obj (.text:decompress:lzss:__TI_decompress_lzss)
                  00003b98    00000066     MFRC522.obj (.text:_ZN11rfid_reader7MFRC52212REQA_or_WUPAEhPhS1_)
                  00003bfe    00000066     MFRC522.obj (.text:_ZN11rfid_reader7MFRC52212calculateCRCEPhhS1_)
                  00003c64    00000064     usblib.lib : usbdcomp.obj (.text:GetDescriptor)
                  00003cc8    00000064                : usbdhid.obj (.text:HandleGetDescriptor)
                  00003d2c    00000064                : usbdcomp.obj (.text:HandleRequests)
                  00003d90    00000064     driverlib.lib : interrupt.obj (.text:IntIsEnabled)
                  00003df4    00000064     usblib.lib : usbbuffer.obj (.text:USBBufferEventCallback)
                  00003e58    00000064     HardwareSerial.obj (.text:__sti___18_HardwareSerial_cpp_5fc7db02)
                  00003ebc    00000064     usblib.lib : usbdma.obj (.text:uDMAUSBChannelEnable)
                  00003f20    00000060                : usbdcomp.obj (.text:HandleDevice)
                  00003f80    00000060                : usbdhid.obj (.text:HandleDevice)
                  00003fe0    00000060                : usbdhid.obj (.text:ProcessDataFromHost)
                  00004040    00000060                : usbdcdc.obj (.text:USBDCDCPacketWrite)
                  000040a0    00000060                : usbdenum.obj (.text:USBDReadAndDispatchRequest)
                  00004100    00000060     HardwareSerial.obj (.text:_ZN14HardwareSerial5writeEh)
                  00004160    00000060     rtsv7M4_T_le_v4SPD16_eabi.lib : autoinit.c.obj (.text:__TI_auto_init_nobinit:__TI_auto_init_nobinit)
                  000041c0    0000005e     driverlib.lib : usb.obj (.text:USBDevEndpointStatusClear)
                  0000421e    0000005c     usblib.lib : usbdhid.obj (.text:FindHIDDescriptor)
                  0000427a    00000002     USBKeyboardDevice.obj (.text:_ZN9usbdevice17USBKeyboardDevice17getKeyboardDeviceEv)
                  0000427c    0000005c     MFRC522.obj (.text:_ZN11rfid_reader7MFRC52213writeRegisterEhhPh)
                  000042d8    00000058     USBCompDevice.obj (.text:_ZN9usbdevice13USBCompDeviceC1EPFYjPvjjS1_E)
                  00004330    00000056     usblib.lib : usbdhidkeyb.obj (.text:RemoveKeyFromPressedList)
                  00004386    00000056                : usbdma.obj (.text:uDMAUSBChannelRelease)
                  000043dc    00000054                : usbdhid.obj (.text:ProcessDataToHost)
                  00004430    00000052                : usbulpi.obj (.text:ULPIConfigSet)
                  00004482    00000002     rtsv7M4_T_le_v4SPD16_eabi.lib : stdlib_typeinfo.cpp.obj (.text:_ZNSt9type_infoD1Ev)
                  00004484    00000050     driverlib.lib : sysctl.obj (.text:SysCtlPeripheralReset)
                  000044d4    00000050     usblib.lib : usbdcdesc.obj (.text:USBDCDConfigDescGet)
                  00004524    00000050                : usbdenum.obj (.text:USBDeviceResumeTickHandler)
                  00004574    00000050     MFRC522.obj (.text:_ZN11rfid_reader7MFRC522C1Ev)
                  000045c4    00000050     USBSerialDevice.obj (.text:_ZN9usbdevice15USBSerialDevice20USBUARTPrimeTransmitEv)
                  00004614    0000004e     USBSerialDevice.obj (.text:_ZN9usbdevice15USBSerialDevice9connectedEv)
                  00004662    0000004c     usblib.lib : usbdconfig.obj (.text:GetEPDescriptorType)
                  000046ae    00000002     rtsv7M4_T_le_v4SPD16_eabi.lib : _lock.c.obj (.text:_nop)
                  000046b0    0000004c     usblib.lib : usbdenum.obj (.text:USBDStringIndexFromRequest)
                  000046fc    0000004c     driverlib.lib : usb.obj (.text:USBEndpointDMAConfigSet)
                  00004748    0000004c     MFRC522.obj (.text:_ZN11rfid_reader7MFRC52212readRegisterEh)
                  00004794    0000004c     usblib.lib : usbdma.obj (.text:iDMAUSBChannelEnable)
                  000047e0    0000004a                : usbdcdesc.obj (.text:ConfigAlternateInterfaceGet)
                  0000482a    0000004a                : usbdcdc.obj (.text:HandleEP0Data)
                  00004874    0000004a                : usbdcdc.obj (.text:HandleEndpoints)
                  000048be    0000004a                : usbdhid.obj (.text:USBDHIDReportWrite)
                  00004908    0000004a     driverlib.lib : usb.obj (.text:USBDevEndpointStallClear)
                  00004952    0000004a     usblib.lib : usbdma.obj (.text:uDMAUSBChannelDisable)
                  0000499c    00000048                : usbdhid.obj (.text:SetIdleTimeout)
                  000049e4    00000048                : usbdenum.obj (.text:USBDeviceEnumResetHandler)
                  00004a2c    00000048     MFRC522.obj (.text:_ZN11rfid_reader7MFRC52213writeRegisterEhh)
                  00004a74    00000048     SPI.obj (.text:_ZN8SPIClass8transferEh)
                  00004abc    00000048     driverlib.lib : udma.obj (.text:uDMAChannelAttributeDisable)
                  00004b04    00000046                   : usb.obj (.text:USBEndpointDataGet)
                  00004b4a    00000002     usblib.lib : usbdma.obj (.text:iDMAUSBArbSizeSet)
                  00004b4c    00000044                : usbdenum.obj (.text:USBDCDDeviceInfoInit)
                  00004b90    00000044                : usbdenum.obj (.text:USBDGetInterface)
                  00004bd4    00000044     main.obj (.text:_Z9RxHandlerPvjjS_)
                  00004c18    00000044     USBSerialDevice.obj (.text:_ZN9usbdevice15USBSerialDevice11getInstanceEv)
                  00004c5c    00000041     USBSerialDevice.obj (.text:_ZN9usbdevice15USBSerialDevice12disconnectedEv)
                  00004c9d    00000001     --HOLE-- [fill = 0]
                  00004c9e    00000040     usblib.lib : usbdcomp.obj (.text:ConfigChangeHandler)
                  00004cde    00000040                : usbdhid.obj (.text:ScheduleReportTransmission)
                  00004d1e    00000002                : usbdma.obj (.text:iDMAUSBUnitSizeSet)
                  00004d20    00000040     HardwareSerial.obj (.text:_ZN14HardwareSerialC1Em)
                  00004d60    00000040     HardwareSerial.obj (.text:_ZN14HardwareSerialC1Ev)
                  00004da0    0000003e     usblib.lib : usbdhidkeyb.obj (.text:HIDKeyboardTxHandler)
                  00004dde    0000003e     USBSerialDevice.obj (.text:_ZN9usbdevice15USBSerialDevice10readBufferEv)
                  00004e1c    0000003c     USBCompDevice.obj (.text:_ZN9usbdevice13USBCompDevice4initEv)
                  00004e58    0000003c     usblib.lib : usbdma.obj (.text:iDMAUSBChannelRelease)
                  00004e94    0000003c     rtsv7M4_T_le_v4SPD16_eabi.lib : memory.c.obj (.text:minsert)
                  00004ed0    0000003a     usblib.lib : usbdcomp.obj (.text:EndpointToIndex)
                  00004f0a    0000003a     driverlib.lib : usb.obj (.text:USBFIFOConfigSet)
                  00004f44    00000038     usblib.lib : usbdcomp.obj (.text:HandleDisconnect)
                  00004f7c    00000038                : usbtick.obj (.text:InternalUSBRegisterTickHandler)
                  00004fb4    00000038                : usbtick.obj (.text:InternalUSBStartOfFrameTick)
                  00004fec    00000038                : usbdcomp.obj (.text:ResetHandler)
                  00005024    00000038                : usbdcomp.obj (.text:ResumeHandler)
                  0000505c    00000038                : usbdcdc.obj (.text:SendBreak)
                  00005094    00000038                : usbdcomp.obj (.text:SuspendHandler)
                  000050cc    00000038                : usbdcdesc.obj (.text:USBDCDConfigGetInterfaceEndpoint)
                  00005104    00000038     driverlib.lib : usb.obj (.text:USBIntStatusControl)
                  0000513c    00000038     usblib.lib : usbringbuf.obj (.text:USBRingBufAdvanceWrite)
                  00005174    00000038     USBSerialDevice.obj (.text:_ZN9usbdevice15USBSerialDevice9SendBreakEb)
                  000051ac    00000038     rtsv7M4_T_le_v4SPD16_eabi.lib : boot_cortex_m.c.obj (.text:_c_int00_noargs:_c_int00_noargs)
                  000051e4    00000038                                   : memory.c.obj (.text:minit)
                  0000521c    00000036     usblib.lib : usbdhid.obj (.text:HandleEndpoints)
                  00005252    00000036                : usbdcomp.obj (.text:InterfaceChange)
                  00005288    00000036     driverlib.lib : usb.obj (.text:USBEndpointDataPut)
                  000052be    00000002     usblib.lib : usbdma.obj (.text:uDMAUSBChannelIntDisable)
                  000052c0    00000034                : usbdhid.obj (.text:HIDTickHandler)
                  000052f4    00000034                : usbdcdc.obj (.text:HandleConfigChange)
                  00005328    00000034     driverlib.lib : sysctl.obj (.text:SysCtlPeripheralEnable)
                  0000535c    00000034                   : usb.obj (.text:USBEndpointDataSend)
                  00005390    00000034     Wire.obj (.text:_ZN7TwoWire4readEv)
                  000053c4    00000034     USBCompDevice.obj (.text:_ZN9usbdevice13USBCompDevice11getInstanceEv)
                  000053f8    00000034     USBSerialDevice.obj (.text:_ZN9usbdevice15USBSerialDevice17pushReceiveBufferEh)
                  0000542c    00000034     USBKeyboardDevice.obj (.text:_ZN9usbdevice17USBKeyboardDevice11getInstanceEv)
                  00005460    00000034     usblib.lib : usbdma.obj (.text:iDMAUSBChannelStatus)
                  00005494    00000032                : usbdhid.obj (.text:ClearReportTimer)
                  000054c6    00000032                : usbdhid.obj (.text:HandleConfigChange)
                  000054f8    00000032                : usbdcdesc.obj (.text:NextConfigDescGet)
                  0000552a    00000032                : usbdcdc.obj (.text:ProcessNotificationToHost)
                  0000555c    00000032     driverlib.lib : usb.obj (.text:USBDevEndpointStall)
                  0000558e    00000032     USBKeyboardDevice.obj (.text:_ZN9usbdevice17USBKeyboardDeviceC1EPFYjPvjjS1_E)
                  000055c0    00000032     usblib.lib : usbdma.obj (.text:iDMAUSBChannelDisable)
                  000055f2    00000030                : usbdhidkeyb.obj (.text:AddKeyToPressedList)
                  00005622    00000030                : usbdma.obj (.text:DMAUSBIntHandler)
                  00005652    00000002                : usbdma.obj (.text:uDMAUSBChannelIntEnable)
                  00005654    00000030                : usbtick.obj (.text:InternalUSBTickInit)
                  00005684    00000030                : usbdenum.obj (.text:USBDGetConfiguration)
                  000056b4    00000030                : usbringbuf.obj (.text:UpdateIndexAtomic)
                  000056e4    0000002e                : usbdcomp.obj (.text:HandleEndpoints)
                  00005712    0000002e                : usbbuffer.obj (.text:USBBufferWrite)
                  00005740    0000002e                : usbdcdc.obj (.text:USBDCDCRxPacketAvailable)
                  0000576e    0000002e     Print.obj (.text:_ZN5Print5writeEPKhj)
                  0000579c    0000002e     USBSerialDevice.obj (.text:_ZN9usbdevice15USBSerialDevice16popReceiveBufferEv)
                  000057ca    0000002c     usblib.lib : usbdcomp.obj (.text:InterfaceToIndex)
                  000057f6    0000002c                : usbdesc.obj (.text:USBDescGet)
                  00005822    00000002     --HOLE-- [fill = 0]
                  00005824    0000002c     HardwareSerial.obj (.text:_ZN14HardwareSerial5flushEv)
                  00005850    0000002c     usblib.lib : usbdma.obj (.text:uDMAUSBIntStatus)
                  0000587c    0000002a                : usbbuffer.obj (.text:HandleRequestBuffer)
                  000058a6    0000002a                : usbdcdesc.obj (.text:USBDCDConfigDescGetNum)
                  000058d0    0000002a                : usbdesc.obj (.text:USBDescGetNum)
                  000058fa    0000002a     driverlib.lib : usb.obj (.text:USBDevEndpointDataAck)
                  00005924    0000002a     MFRC522.obj (.text:_ZN11rfid_reader7MFRC52214transceiveDataEPhhS1_S1_S1_hb)
                  0000594e    00000028     usblib.lib : usbdhid.obj (.text:GetIdleTimeout)
                  00005976    00000028                : usbdhid.obj (.text:HandleEP0DataReceived)
                  0000599e    00000028                : usbbuffer.obj (.text:USBBufferRead)
                  000059c6    00000002     --HOLE-- [fill = 0]
                  000059c8    00000028                : usbdenum.obj (.text:USBDSetAddress)
                  000059f0    00000028     driverlib.lib : usb.obj (.text:USBIntEnableControl)
                  00005a18    00000028     main.obj (.text:_Z18USBKeyboardHandlerPvjjS_)
                  00005a40    00000028     USBKeyboardDevice.obj (.text:_ZN9usbdevice17USBKeyboardDevice12GetUsageCodeEcb)
                  00005a68    00000028     rtsv7M4_T_le_v4SPD16_eabi.lib : memory.c.obj (.text:mremove)
                  00005a90    00000028     driverlib.lib : udma.obj (.text:uDMAChannelModeGet)
                  00005ab8    00000026     HardwareSerial.obj (.text:_ZN14HardwareSerial4readEv)
                  00005ade    00000024     usblib.lib : usbdcdc.obj (.text:HandleDisconnect)
                  00005b02    00000024                : usbdcdc.obj (.text:SendLineStateChange)
                  00005b26    00000024     driverlib.lib : usb.obj (.text:USBEndpointDMADisable)
                  00005b4a    00000024                   : usb.obj (.text:USBEndpointDMAEnable)
                  00005b6e    00000002     --HOLE-- [fill = 0]
                  00005b70    00000024     usblib.lib : usbmode.obj (.text:USBStackModeSet)
                  00005b94    00000024     main.obj (.text:_Z5delayi)
                  00005bb8    00000024     Wire.obj (.text:_ZN7TwoWire4peekEv)
                  00005bdc    00000024     Wire.obj (.text:_ZN7TwoWireC1Ev)
                  00005c00    00000024     driverlib.lib : udma.obj (.text:uDMAChannelControlSet)
                  00005c24    00000022     usblib.lib : usbdcomp.obj (.text:DataReceived)
                  00005c46    00000022                : usbdcomp.obj (.text:DataSent)
                  00005c68    00000022                : usbdhid.obj (.text:HandleDisconnect)
                  00005c8a    00000022                : usbdcdc.obj (.text:SendLineCodingChange)
                  00005cac    00000022     Wire.obj (.text:_ZN7TwoWire5writeEPKhj)
                  00005cce    00000022     usblib.lib : usbdma.obj (.text:uDMAUSBChannelStatus)
                  00005cf0    00000020                : usbdcdc.obj (.text:CheckAndSendBreak)
                  00005d10    00000020                : usbdconfig.obj (.text:GetEndpointFIFOSize)
                  00005d30    00000020                : usbbuffer.obj (.text:HandleDataRemaining)
                  00005d50    00000020                : usbdhid.obj (.text:HandleEP0DataSent)
                  00005d70    00000020                : usbringbuf.obj (.text:USBRingBufAdvanceRead)
                  00005d90    00000020     MFRC522.obj (.text:_ZN11rfid_reader7MFRC52216isNewCardPresentEv)
                  00005db0    00000020     MFRC522.obj (.text:_ZN11rfid_reader7MFRC5225delayEi)
                  00005dd0    00000020     Wire.obj (.text:_ZN7TwoWire5flushEv)
                  00005df0    0000001e     usblib.lib : usbringbuf.obj (.text:USBRingBufContigFree)
                  00005e0e    0000001e     driverlib.lib : usb.obj (.text:USBULPIRegRead)
                  00005e2c    0000001e                   : usb.obj (.text:USBULPIRegWrite)
                  00005e4a    0000001e     MFRC522.obj (.text:_ZN11rfid_reader7MFRC5229antennaOnEv)
                  00005e68    0000001c     usblib.lib : usbdcomp.obj (.text:CompositeEPChange)
                  00005e84    0000001c                : usbdcomp.obj (.text:CompositeIfaceChange)
                  00005ea0    0000001c                : usbdcdesc.obj (.text:USBDCDConfigGetInterface)
                  00005ebc    0000001c                : usbdenum.obj (.text:USBDCDStallEP0)
                  00005ed8    0000001c     driverlib.lib : usb.obj (.text:USBEndpointDataAvail)
                  00005ef4    0000001c     usblib.lib : usbringbuf.obj (.text:USBRingBufRead)
                  00005f10    0000001c                : usbringbuf.obj (.text:USBRingBufWrite)
                  00005f2c    0000001c     MFRC522.obj (.text:_ZN11rfid_reader7MFRC5229softResetEv)
                  00005f48    0000001c     Wire.obj (.text:_ZN7TwoWire9availableEv)
                  00005f64    0000001c     Wire.obj (.text:_ZN7TwoWire9setModuleEm)
                  00005f80    0000001a     usblib.lib : usbdhid.obj (.text:ClearIdleTimers)
                  00005f9a    0000001a                : usbdcdc.obj (.text:DeviceConsumedAllData)
                  00005fb4    0000001a                : usbdcdesc.obj (.text:USBDCDConfigDescGetSize)
                  00005fce    0000001a     driverlib.lib : usb.obj (.text:USBEndpointDMAChannel)
                  00005fe8    0000001a     MFRC522.obj (.text:_ZN11rfid_reader7MFRC52220clearRegisterBitMaskEhh)
                  00006002    00000018     uartstdio.obj (.text:IsBufferFull)
                  0000601a    00000018     usblib.lib : usbdcdc.obj (.text:SetDeferredOpFlag)
                  00006032    00000018                : usbdhid.obj (.text:SetDeferredOpFlag)
                  0000604a    00000002     --HOLE-- [fill = 0]
                  0000604c    00000018                : usbdhandler.obj (.text:USB0DeviceIntHandler)
                  00006064    00000018                : usbbuffer.obj (.text:USBBufferInit)
                  0000607c    00000018                : usbdenum.obj (.text:USBDCDFeatureGet)
                  00006094    00000018                : usbdenum.obj (.text:USBDSetDescriptor)
                  000060ac    00000018                : usbdenum.obj (.text:USBDSyncFrame)
                  000060c4    00000018     USBKeyboardDevice.obj (.text:_ZN9usbdevice17USBKeyboardDevice17releaseSpecialKeyEv)
                  000060dc    00000018     driverlib.lib : udma.obj (.text:uDMAChannelDisable)
                  000060f4    00000018                   : udma.obj (.text:uDMAChannelEnable)
                  0000610c    00000016     usblib.lib : usbdcdc.obj (.text:CheckAndSendLineCodingChange)
                  00006122    00000016                : usbdcdc.obj (.text:CheckAndSendLineStateChange)
                  00006138    00000016     driverlib.lib : usb.obj (.text:USBIntEnableEndpoint)
                  0000614e    00000016     usblib.lib : usbringbuf.obj (.text:USBRingBufFlush)
                  00006164    00000016                : usbringbuf.obj (.text:USBRingBufReadOne)
                  0000617a    00000016                : usbringbuf.obj (.text:USBRingBufUsed)
                  00006190    00000016     MFRC522.obj (.text:_ZN11rfid_reader7MFRC52218setRegisterBitMaskEhh)
                  000061a6    00000016     HardwareSerial.obj (.text:_ZN14HardwareSerial9availableEv)
                  000061bc    00000016     USBSerialDevice.obj (.text:_ZN9usbdevice15USBSerialDevice10initBufferEv)
                  000061d2    00000014     usblib.lib : usbbuffer.obj (.text:HandleTxComplete)
                  000061e6    00000002     --HOLE-- [fill = 0]
                  000061e8    00000014     driverlib.lib : sysctl.obj (.text:SysCtlUSBPLLEnable)
                  000061fc    00000014     usblib.lib : usbdcdc.obj (.text:USBDCDCTxPacketAvailable)
                  00006210    00000014                : usbdenum.obj (.text:USBDCDRequestDataEP0)
                  00006224    00000014                : usbdenum.obj (.text:USBDCDSendDataEP0)
                  00006238    00000014     driverlib.lib : usb.obj (.text:USBDMAChannelConfigSet)
                  0000624c    00000014                   : usb.obj (.text:USBHostResume)
                  00006260    00000014                   : usb.obj (.text:_USBIndexWrite)
                  00006274    00000014     MFRC522.obj (.text:_ZN11rfid_reader7MFRC52214readCardSerialEv)
                  00006288    00000012     usblib.lib : usbdcdc.obj (.text:HandleResume)
                  0000629a    00000012                : usbdhid.obj (.text:HandleResume)
                  000062ac    00000012                : usbdcdc.obj (.text:HandleSuspend)
                  000062be    00000012                : usbdhid.obj (.text:HandleSuspend)
                  000062d0    00000012     driverlib.lib : usb.obj (.text:USBDMAChannelDisable)
                  000062e2    00000012                   : usb.obj (.text:USBDMAChannelEnable)
                  000062f4    00000012                   : usb.obj (.text:USBDMAChannelIntDisable)
                  00006306    00000012                   : usb.obj (.text:USBDMAChannelIntEnable)
                  00006318    00000012     usblib.lib : usbringbuf.obj (.text:USBRingBufFree)
                  0000632a    00000012     HardwareSerial.obj (.text:_ZN14HardwareSerial4peekEv)
                  0000633c    00000010     driverlib.lib : i2c.obj (.text:I2CSlaveEnable)
                  0000634c    00000010                   : interrupt.obj (.text:IntMasterDisable)
                  0000635c    00000010                   : interrupt.obj (.text:IntMasterEnable)
                  0000636c    00000010     tm4c123gh6pm_startup_ccs.obj (.text:SysTickIntHandler)
                  0000637c    00000010     driverlib.lib : usb.obj (.text:USBEndpointStatus)
                  0000638c    00000010     usblib.lib : usbringbuf.obj (.text:USBRingBufContigUsed)
                  0000639c    00000010                : usbringbuf.obj (.text:USBRingBufWriteOne)
                  000063ac    0000000e                : usbdma.obj (.text:DMAUSBIntStatusClear)
                  000063ba    0000000e     driverlib.lib : i2c.obj (.text:I2CSlaveInit)
                  000063c8    0000000e     uartstdio.obj (.text:IsBufferEmpty)
                  000063d6    0000000e     usblib.lib : usbdhid.obj (.text:USBDHIDTxPacketAvailable)
                  000063e4    0000000e     driverlib.lib : usb.obj (.text:USBDMAChannelStatus)
                  000063f2    0000000e                   : usb.obj (.text:USBDevLPMDisable)
                  00006400    0000000e                   : usb.obj (.text:USBDevLPMEnable)
                  0000640e    0000000e                   : usb.obj (.text:USBULPIDisable)
                  0000641c    0000000e                   : usb.obj (.text:USBULPIEnable)
                  0000642a    0000000e     rtsv7M4_T_le_v4SPD16_eabi.lib : typeinfo.c.obj (.text:_ZN10__cxxabiv117__class_type_infoD0Ev)
                  00006438    0000000e                                   : typeinfo.c.obj (.text:_ZN10__cxxabiv120__si_class_type_infoD0Ev)
                  00006446    0000000e                                   : copy_decompress_none.c.obj (.text:decompress:none:__TI_decompress_none)
                  00006454    0000000c     driverlib.lib : cpu.obj (.text:CPUcpsid)
                  00006460    0000000c                   : cpu.obj (.text:CPUcpsie)
                  0000646c    0000000c                   : i2c.obj (.text:I2CSlaveIntEnableEx)
                  00006478    0000000c                   : usb.obj (.text:USBEndpointPacketCountSet)
                  00006484    0000000c                   : usb.obj (.text:USBLPMIntEnable)
                  00006490    0000000c     usblib.lib : usbringbuf.obj (.text:USBRingBufInit)
                  0000649c    0000000c     USBCompDevice.obj (.text:_ZN9usbdevice13USBCompDevice20registerEventHandlerEPFYjPvjjS1_E)
                  000064a8    0000000c     USBSerialDevice.obj (.text:_ZN9usbdevice15USBSerialDevice17registerRxHandlerEPFYjPvjjS1_E)
                  000064b4    0000000c     USBSerialDevice.obj (.text:_ZN9usbdevice15USBSerialDevice17registerTxHandlerEPFYjPvjjS1_E)
                  000064c0    0000000c     USBSerialDevice.obj (.text:_ZN9usbdevice15USBSerialDevice22registerControlHandlerEPFYjPvjjS1_E)
                  000064cc    0000000c     USBKeyboardDevice.obj (.text:_ZN9usbdevice17USBKeyboardDevice23registerKeyboardHandlerEPFYjPvjjS1_E)
                  000064d8    0000000c     rtsv7M4_T_le_v4SPD16_eabi.lib : guard.c.obj (.text:__cxa_guard_acquire)
                  000064e4    0000000c     SPI.obj (.text:__sti___7_SPI_cpp_230ca784)
                  000064f0    0000000c     Wire.obj (.text:__sti___8_Wire_cpp_4e348ebc)
                  000064fc    0000000c     rtsv7M4_T_le_v4SPD16_eabi.lib : copy_zero_init.c.obj (.text:decompress:ZI:__TI_zero_init)
                  00006508    0000000a     driverlib.lib : usb.obj (.text:USBClockEnable)
                  00006512    0000000a                   : usb.obj (.text:USBControllerVersion)
                  0000651c    0000000a                   : usb.obj (.text:USBDMAChannelAddressSet)
                  00006526    0000000a                   : usb.obj (.text:USBDMAChannelCountSet)
                  00006530    0000000a                   : usb.obj (.text:USBDevConnect)
                  0000653a    0000000a                   : usb.obj (.text:USBDevDisconnect)
                  00006544    0000000a                   : usb.obj (.text:USBIntStatusEndpoint)
                  0000654e    0000000a     SPI.obj (.text:_ZN8SPIClassC1Ev)
                  00006558    0000000a     rtsv7M4_T_le_v4SPD16_eabi.lib : guard.c.obj (.text:__cxa_guard_release)
                  00006562    00000008     driverlib.lib : usb.obj (.text:USBDevMode)
                  0000656a    00000008                   : usb.obj (.text:USBFIFOAddrGet)
                  00006572    00000008                   : usb.obj (.text:USBOTGMode)
                  0000657a    00000008     rtsv7M4_T_le_v4SPD16_eabi.lib : new.cpp.obj (.text:_ZdlPv)
                  00006582    00000008     usblib.lib : usbdma.obj (.text:iDMAUSBChannelIntDisable)
                  0000658a    00000008                : usbdma.obj (.text:iDMAUSBChannelIntEnable)
                  00006592    00000006     driverlib.lib : i2c.obj (.text:I2CSlaveDataPut)
                  00006598    00000006     tm4c123gh6pm_startup_ccs.obj (.text:ResetISR)
                  0000659e    00000006     driverlib.lib : sysctl.obj (.text:SysCtlDelay)
                  000065a4    00000006     usblib.lib : usbbuffer.obj (.text:USBBufferFlush)
                  000065aa    00000006     driverlib.lib : usb.obj (.text:USBDMAChannelIntStatus)
                  000065b0    00000006                   : usb.obj (.text:USBDevLPMConfig)
                  000065b6    00000006                   : usb.obj (.text:USBLPMIntStatus)
                  000065bc    00000006     SPI.obj (.text:_ZN8SPIClass9setModuleEh)
                  000065c2    00000006     USBSerialDevice.obj (.text:_ZN9usbdevice15USBSerialDevice5writeEPhj)
                  000065c8    00000006     rtsv7M4_T_le_v4SPD16_eabi.lib : pure_virt.c.obj (.text:__cxa_pure_virtual)
                  000065ce    00000006     usblib.lib : usbdma.obj (.text:iDMAUSBIntStatus)
                  000065d4    00000004                : usbdma.obj (.text:DMAUSBStatus)
                  000065d8    00000004                : usbdhid.obj (.text:HandleReset)
                  000065dc    00000004     driverlib.lib : usb.obj (.text:USBDevAddrSet)
                  000065e0    00000004     main.obj (.text:_Z15USBEventHandlerPvjjS_)
                  000065e4    00000004     main.obj (.text:_Z9TxHandlerPvjjS_)
                  000065e8    00000004     rtsv7M4_T_le_v4SPD16_eabi.lib : typeinfo.c.obj (.text:_ZN10__cxxabiv117__class_type_infoD1Ev)
                  000065ec    00000004                                   : typeinfo.c.obj (.text:_ZN10__cxxabiv120__si_class_type_infoD1Ev)
                  000065f0    00000004     HardwareSerial.obj (.text:_ZN5Print17availableForWriteEv)
                  000065f4    00000004     rtsv7M4_T_le_v4SPD16_eabi.lib : new.cpp.obj (.text:_ZdlPvj)
                  000065f8    00000004                                   : error.c.obj (.text:__abort_execution)
                  000065fc    00000004                                   : pre_init.c.obj (.text:_system_pre_init)
                  00006600    00000004                                   : exit.c.obj (.text:abort:abort)

.const     0    00006604    00000724     
                  00006604    00000070     driverlib.lib : interrupt.obj (.const)
                  00006674    0000006c                   : sysctl.obj (.const:g_pui32Xtals)
                  000066e0    0000006a     USBKeyboardDevice.obj (.const:_ZN43_INTERNAL_21_USBKeyboardDevice_cpp_497fa7839usbdevice14g_pcUsageCodesE)
                  0000674a    00000002     main.obj (.const:.string:$P$T0$1)
                  0000674c    00000058     usblib.lib : usbdcdc.obj (.const)
                  000067a4    00000040     SPI.obj (.const:g_ulSSIConfig)
                  000067e4    0000003f     usblib.lib : usbdhidkeyb.obj (.const:.string:g_pui8KeybReportDescriptor)
                  00006823    00000036     usb_structs.obj (.const:.string:g_pui8ConfigString)
                  00006859    00000002     main.obj (.const:.string:$P$T3$4)
                  0000685b    00000001     --HOLE-- [fill = 0]
                  0000685c    00000034     usblib.lib : usbdenum.obj (.const:g_psUSBDStdRequests)
                  00006890    00000034                : usbdhidkeyb.obj (.const)
                  000068c4    00000030                : usbdcdc.obj (.const:g_sCDCHandlers)
                  000068f4    00000030                : usbdcomp.obj (.const:g_sCompHandlers)
                  00006924    00000030                : usbdhid.obj (.const:g_sHIDHandlers)
                  00006954    0000002e                : usbdcdc.obj (.const:.string)
                  00006982    0000002c     usb_structs.obj (.const:.string:g_pui8ControlInterfaceString)
                  000069ae    00000025     rtsv7M4_T_le_v4SPD16_eabi.lib : typeinfo.c.obj (.const:.typeinfo:_ZTSN10__cxxabiv120__si_class_type_infoE)
                  000069d3    00000024     usb_structs.obj (.const:.string:g_pui8ManufacturerString)
                  000069f7    00000001     --HOLE-- [fill = 0]
                  000069f8    00000024     HardwareSerial.obj (.const:_ZTV14HardwareSerial)
                  00006a1c    00000024     HardwareSerial.obj (.const:_ZTV6Stream)
                  00006a40    00000024     Wire.obj (.const:_ZTV7TwoWire)
                  00006a64    00000023     usblib.lib : usbdcdc.obj (.const:.string:g_pui8CDCSerCommInterface)
                  00006a87    00000022     rtsv7M4_T_le_v4SPD16_eabi.lib : typeinfo.c.obj (.const:.typeinfo:_ZTSN10__cxxabiv117__class_type_infoE)
                  00006aa9    00000022     USBKeyboardDevice.obj (.const:_ZN43_INTERNAL_21_USBKeyboardDevice_cpp_497fa7839usbdevice19g_pcUsageCodesShiftE)
                  00006acb    00000001     --HOLE-- [fill = 0]
                  00006acc    00000020     HardwareSerial.obj (.const:g_ulUARTBase)
                  00006aec    00000020     HardwareSerial.obj (.const:g_ulUARTInt)
                  00006b0c    00000020     Wire.obj (.const:g_uli2cConfig)
                  00006b2c    0000001a     usb_structs.obj (.const:.string:g_pui8ProductString)
                  00006b46    00000002     --HOLE-- [fill = 0]
                  00006b48    00000018     Print.obj (.const:_ZTV5Print)
                  00006b60    00000018     usb_structs.obj (.const:g_pui8StringDescriptors)
                  00006b78    00000012     usb_structs.obj (.const:.string:g_pui8SerialNumberString)
                  00006b8a    00000011     HardwareSerial.obj (.const:.typeinfo:_ZTS14HardwareSerial)
                  00006b9b    00000001     --HOLE-- [fill = 0]
                  00006b9c    00000010     rtsv7M4_T_le_v4SPD16_eabi.lib : typeinfo.c.obj (.const:_ZTVN10__cxxabiv117__class_type_infoE)
                  00006bac    00000010                                   : typeinfo.c.obj (.const:_ZTVN10__cxxabiv120__si_class_type_infoE)
                  00006bbc    00000010     SPI.obj (.const:g_ulSSIBase)
                  00006bcc    00000010     SPI.obj (.const:g_ulSSIPeriph)
                  00006bdc    00000010     SPI.obj (.const:g_ulSSIPins)
                  00006bec    00000010     SPI.obj (.const:g_ulSSIPort)
                  00006bfc    00000010     Wire.obj (.const:g_uli2cBase)
                  00006c0c    00000010     Wire.obj (.const:g_uli2cInt)
                  00006c1c    00000010     Wire.obj (.const:g_uli2cMasterBase)
                  00006c2c    00000010     Wire.obj (.const:g_uli2cPeriph)
                  00006c3c    00000010     Wire.obj (.const:g_uli2cSCLPins)
                  00006c4c    00000010     Wire.obj (.const:g_uli2cSDAPins)
                  00006c5c    00000010     Wire.obj (.const:g_uli2cSlaveBase)
                  00006c6c    0000000e     usblib.lib : usbdhidkeyb.obj (.const:.string)
                  00006c7a    0000000d     rtsv7M4_T_le_v4SPD16_eabi.lib : stdlib_typeinfo.cpp.obj (.const:.typeinfo:_ZTSSt9type_info)
                  00006c87    00000001     --HOLE-- [fill = 0]
                  00006c88    0000000d     main.obj (.const)
                  00006c95    00000003     --HOLE-- [fill = 0]
                  00006c98    0000000c     HardwareSerial.obj (.const:.typeinfo:_ZTI14HardwareSerial)
                  00006ca4    0000000c     HardwareSerial.obj (.const:.typeinfo:_ZTI6Stream)
                  00006cb0    0000000c     Wire.obj (.const:.typeinfo:_ZTI7TwoWire)
                  00006cbc    0000000c     rtsv7M4_T_le_v4SPD16_eabi.lib : typeinfo.c.obj (.const:.typeinfo:_ZTIN10__cxxabiv117__class_type_infoE)
                  00006cc8    0000000c                                   : typeinfo.c.obj (.const:.typeinfo:_ZTIN10__cxxabiv120__si_class_type_infoE)
                  00006cd4    0000000c     uartstdio.obj (.const:g_ui32UARTInt)
                  00006ce0    00000009     usblib.lib : usbdcomp.obj (.const:.string)
                  00006ce9    00000009     Wire.obj (.const:.typeinfo:_ZTS7TwoWire)
                  00006cf2    00000002     --HOLE-- [fill = 0]
                  00006cf4    00000008     Print.obj (.const:.typeinfo:_ZTI5Print)
                  00006cfc    00000008     rtsv7M4_T_le_v4SPD16_eabi.lib : stdlib_typeinfo.cpp.obj (.const:.typeinfo:_ZTISt9type_info)
                  00006d04    00000008     HardwareSerial.obj (.const:.typeinfo:_ZTS6Stream)
                  00006d0c    00000007     Print.obj (.const:.typeinfo:_ZTS5Print)
                  00006d13    00000006     main.obj (.const:.string:$P$T1$2)
                  00006d19    00000006     main.obj (.const:.string:$P$T2$3)
                  00006d1f    00000004     usb_structs.obj (.const:.string:g_pui8LangDescriptor)
                  00006d23    00000001     --HOLE-- [fill = 0]
                  00006d24    00000004     usb_structs.obj (.const)

.cinit     0    00006d38    000000e0     
                  00006d38    000000b5     (.cinit..data.load) [load image, compression = lzss]
                  00006ded    00000003     --HOLE-- [fill = 0]
                  00006df0    0000000c     (__TI_handler_table)
                  00006dfc    00000004     --HOLE-- [fill = 0]
                  00006e00    00000008     (.cinit..bss.load) [load image, compression = zero_init]
                  00006e08    00000010     (__TI_cinit_table)

.init_array 
*          0    00006d28    0000000c     
                  00006d28    00000004     Wire.obj (.init_array)
                  00006d2c    00000004     SPI.obj (.init_array)
                  00006d30    00000004     HardwareSerial.obj (.init_array)

.bss       0    20000000    00000cd4     UNINITIALIZED
                  20000000    00000400     uartstdio.obj (.bss:g_pcUARTTxBuffer)
                  20000400    0000026c     USBSerialDevice.obj (.bss:instance$2)
                  2000066c    00000110     usblib.lib : usbdma.obj (.bss:g_psUSBDMAInst)
                  2000077c    000000f8     USBCompDevice.obj (.bss:instance$2)
                  20000874    000000a4     USBKeyboardDevice.obj (.bss:instance$2)
                  20000918    00000080     uartstdio.obj (.bss:g_pcUARTRxBuffer)
                  20000998    00000050     usblib.lib : usbdenum.obj (.bss:g_psDCDInst)
                  200009e8    00000040                : usbdenum.obj (.bss:g_pui8DataBufferIn)
                  20000a28    00000040     (.common:_ZN7TwoWire8rxBufferE)
                  20000a68    00000040     (.common:_ZN7TwoWire8txBufferE)
                  20000aa8    00000038     HardwareSerial.obj (.bss:Serial1)
                  20000ae0    00000038     HardwareSerial.obj (.bss:Serial2)
                  20000b18    00000038     HardwareSerial.obj (.bss:Serial3)
                  20000b50    00000038     HardwareSerial.obj (.bss:Serial4)
                  20000b88    00000038     HardwareSerial.obj (.bss:Serial5)
                  20000bc0    00000038     HardwareSerial.obj (.bss:Serial6)
                  20000bf8    00000038     HardwareSerial.obj (.bss:Serial7)
                  20000c30    00000038     HardwareSerial.obj (.bss:Serial)
                  20000c68    00000018     (.common:g_pfnTickHandlers)
                  20000c80    00000018     (.common:g_pvTickInstance)
                  20000c98    00000010     Wire.obj (.bss:Wire)
                  20000ca8    00000008     uartstdio.obj (.bss)
                  20000cb0    00000004     USBCompDevice.obj (.bss)
                  20000cb4    00000004     USBKeyboardDevice.obj (.bss)
                  20000cb8    00000004     USBSerialDevice.obj (.bss)
                  20000cbc    00000004     (.common:g_pfnUSBModeCallback)
                  20000cc0    00000004     (.common:g_ppCompConfigDescriptors)
                  20000cc4    00000004     (.common:g_ppsDevInfo)
                  20000cc8    00000004     (.common:g_ui32ULPISupport)
                  20000ccc    00000004     (.common:ui32TxCount)
                  20000cd0    00000002     SPI.obj (.bss:SPI)
                  20000cd2    00000002     (.common:_ZN9usbdevice16g_sKeyboardStateE)

.stack     0    20000cd8    00000400     UNINITIALIZED
                  20000cd8    00000004     rtsv7M4_T_le_v4SPD16_eabi.lib : boot_cortex_m.c.obj (.stack)
                  20000cdc    000003fc     --HOLE--

.data      0    200010d8    00000144     UNINITIALIZED
                  200010d8    0000005e     usblib.lib : usbdcdc.obj (.data)
                  20001136    00000002     --HOLE--
                  20001138    00000038                : usbdhidkeyb.obj (.data)
                  20001170    00000015     uartstdio.obj (.data)
                  20001185    00000012     usblib.lib : usbdcomp.obj (.data)
                  20001197    00000012                : usbdhid.obj (.data)
                  200011a9    00000003     buttons.obj (.data)
                  200011ac    00000010     USBKeyboardDevice.obj (.data)
                  200011bc    0000000c     rtsv7M4_T_le_v4SPD16_eabi.lib : memory.c.obj (.data:$O1$$)
                  200011c8    0000000c     USBSerialDevice.obj (.data)
                  200011d4    0000000c     usblib.lib : usbtick.obj (.data)
                  200011e0    00000009     Wire.obj (.data)
                  200011e9    00000003     --HOLE--
                  200011ec    00000009     usblib.lib : usbmode.obj (.data)
                  200011f5    00000003     --HOLE--
                  200011f8    00000008     rtsv7M4_T_le_v4SPD16_eabi.lib : _lock.c.obj (.data:$O1$$)
                  20001200    00000008     usblib.lib : usbdenum.obj (.data)
                  20001208    00000006     main.obj (.data)
                  2000120e    00000002     --HOLE--
                  20001210    00000004     USBCompDevice.obj (.data)
                  20001214    00000004     main.obj (.data:currentUid)
                  20001218    00000004     tm4c123gh6pm_startup_ccs.obj (.data)

.sysmem    0    20001220    00000008     UNINITIALIZED
                  20001220    00000008     rtsv7M4_T_le_v4SPD16_eabi.lib : memory.c.obj (.sysmem)

MODULE SUMMARY

       Module                         code    ro data   rw data
       ------                         ----    -------   -------
    .\drivers\
       buttons.obj                    104     0         3      
    +--+------------------------------+-------+---------+---------+
       Total:                         104     0         3      
                                                               
    .\src\
       main.obj                       1700    29        16     
       tm4c123gh6pm_startup_ccs.obj   28      620       4      
    +--+------------------------------+-------+---------+---------+
       Total:                         1728    649       20     
                                                               
    .\src\energia\
       Wire.obj                       1258    205       153    
       HardwareSerial.obj             572     189       448    
       SPI.obj                        364     132       2      
       Print.obj                      46      39        0      
    +--+------------------------------+-------+---------+---------+
       Total:                         2240    565       603    
                                                               
    .\src\rfid\
       MFRC522.obj                    2002    0         0      
    +--+------------------------------+-------+---------+---------+
       Total:                         2002    0         0      
                                                               
    .\src\usb\
       USBSerialDevice.obj            1039    0         636    
       USBKeyboardDevice.obj          632     140       184    
       USBCompDevice.obj              212     0         256    
       usb_structs.obj                0       210       0      
    +--+------------------------------+-------+---------+---------+
       Total:                         1883    350       1076   
                                                               
    .\utils\
       uartstdio.obj                  698     12        1181   
    +--+------------------------------+-------+---------+---------+
       Total:                         698     12        1181   
                                                               
    C:/ti/tivaware_c_series_2_1_4_178/driverlib/ccs/Debug/driverlib.lib
       usb.obj                        1354    0         0      
       sysctl.obj                     430     108       0      
       interrupt.obj                  340     112       0      
       udma.obj                       328     0         0      
       i2c.obj                        48      0         0      
       cpu.obj                        24      0         0      
    +--+------------------------------+-------+---------+---------+
       Total:                         2524    220       0      
                                                               
    C:/ti/tivaware_c_series_2_1_4_178/usblib/ccs/Debug/usblib.lib
       usbdenum.obj                   2904    52        160    
       usbdcdc.obj                    2008    217       94     
       usbdma.obj                     2008    0         272    
       usbdhid.obj                    1770    48        18     
       usbdcomp.obj                   1624    57        22     
       usbdhidkeyb.obj                652     129       56     
       usbbuffer.obj                  646     0         0      
       usbdconfig.obj                 576     0         0      
       usbdcdesc.obj                  356     0         0      
       usbringbuf.obj                 350     0         0      
       usbtick.obj                    160     0         60     
       usbdesc.obj                    86      0         0      
       usbulpi.obj                    82      0         0      
       usbmode.obj                    36      0         13     
       usbdhandler.obj                24      0         0      
    +--+------------------------------+-------+---------+---------+
       Total:                         13282   503       695    
                                                               
    C:\ti\ccsv8\tools\compiler\ti-cgt-arm_18.1.3.LTS\lib\rtsv7M4_T_le_v4SPD16_eabi.lib
       memory.c.obj                   372     0         12     
       typeinfo.c.obj                 36      127       0      
       memcpy_t2.asm.obj              156     0         0      
       memset_t2.asm.obj              122     0         0      
       copy_decompress_lzss.c.obj     104     0         0      
       autoinit.c.obj                 96      0         0      
       boot_cortex_m.c.obj            56      0         0      
       stdlib_typeinfo.cpp.obj        2       21        0      
       guard.c.obj                    22      0         0      
       copy_decompress_none.c.obj     14      0         0      
       copy_zero_init.c.obj           12      0         0      
       new.cpp.obj                    12      0         0      
       _lock.c.obj                    2       0         8      
       pure_virt.c.obj                6       0         0      
       error.c.obj                    4       0         0      
       exit.c.obj                     4       0         0      
       pre_init.c.obj                 4       0         0      
    +--+------------------------------+-------+---------+---------+
       Total:                         1024    148       20     
                                                               
       Heap:                          0       0         8      
       Stack:                         0       0         1024   
       Linker Generated:              0       217       0      
    +--+------------------------------+-------+---------+---------+
       Grand Total:                   25485   2664      4630   


LINKER GENERATED COPY TABLES

__TI_cinit_table @ 00006e08 records: 2, size/record: 8, table size: 16
	.data: load addr=00006d38, load size=000000b5 bytes, run addr=200010d8, run size=00000144 bytes, compression=lzss
	.bss: load addr=00006e00, load size=00000008 bytes, run addr=20000000, run size=00000cd4 bytes, compression=zero_init


LINKER GENERATED HANDLER TABLE

__TI_handler_table @ 00006df0 records: 3, size/record: 4, table size: 12
	index: 0, handler: __TI_decompress_lzss
	index: 1, handler: __TI_decompress_none
	index: 2, handler: __TI_zero_init


GLOBAL SYMBOLS: SORTED ALPHABETICALLY BY Name 

address   name                                                                  
-------   ----                                                                  
0000096b  BuildCompositeDescriptor                                              
000039f9  ButtonsInit                                                           
00006601  C$$EXIT                                                               
00006455  CPUcpsid                                                              
00006461  CPUcpsie                                                              
00006593  I2CSlaveDataPut                                                       
0000633d  I2CSlaveEnable                                                        
000063bb  I2CSlaveInit                                                          
0000646d  I2CSlaveIntEnableEx                                                   
00003a61  IntDisable                                                            
00003ac9  IntEnable                                                             
00003d91  IntIsEnabled                                                          
0000634d  IntMasterDisable                                                      
0000635d  IntMasterEnable                                                       
00004f7d  InternalUSBRegisterTickHandler                                        
00004fb5  InternalUSBStartOfFrameTick                                           
00005655  InternalUSBTickInit                                                   
00006d24  NUM_STRING_DESCRIPTORS                                                
000036f1  ProcessDataFromHost                                                   
000038b5  ProcessDataToHost                                                     
0000552b  ProcessNotificationToHost                                             
00006599  ResetISR                                                              
00006d28  SHT$$INIT_ARRAY$$Base                                                 
00006d34  SHT$$INIT_ARRAY$$Limit                                                
20000cd0  SPI                                                                   
20000c30  Serial                                                                
20000aa8  Serial1                                                               
20000ae0  Serial2                                                               
20000b18  Serial3                                                               
20000b50  Serial4                                                               
20000b88  Serial5                                                               
20000bc0  Serial6                                                               
20000bf8  Serial7                                                               
00001851  SysCtlClockGet                                                        
0000659f  SysCtlDelay                                                           
00005329  SysCtlPeripheralEnable                                                
00004485  SysCtlPeripheralReset                                                 
000061e9  SysCtlUSBPLLEnable                                                    
0000636d  SysTickIntHandler                                                     
00000d01  UARTStdioIntHandler                                                   
00002855  UARTwrite                                                             
00004431  ULPIConfigSet                                                         
0000604d  USB0DeviceIntHandler                                                  
00003df5  USBBufferEventCallback                                                
000065a5  USBBufferFlush                                                        
00006065  USBBufferInit                                                         
0000599f  USBBufferRead                                                         
00005713  USBBufferWrite                                                        
00006509  USBClockEnable                                                        
00006513  USBControllerVersion                                                  
00001e0d  USBDCDCCompositeInit                                                  
00002d31  USBDCDCPacketRead                                                     
00004041  USBDCDCPacketWrite                                                    
00005741  USBDCDCRxPacketAvailable                                              
000061fd  USBDCDCTxPacketAvailable                                              
000044d5  USBDCDConfigDescGet                                                   
000058a7  USBDCDConfigDescGetNum                                                
00005fb5  USBDCDConfigDescGetSize                                               
00005ea1  USBDCDConfigGetInterface                                              
000050cd  USBDCDConfigGetInterfaceEndpoint                                      
00004b4d  USBDCDDeviceInfoInit                                                  
0000607d  USBDCDFeatureGet                                                      
00000fc1  USBDCDInit                                                            
00006211  USBDCDRequestDataEP0                                                  
00006225  USBDCDSendDataEP0                                                     
00005ebd  USBDCDStallEP0                                                        
00002241  USBDCompositeInit                                                     
00001d2d  USBDHIDCompositeInit                                                  
000029a5  USBDHIDKeyboardCompositeInit                                          
00003109  USBDHIDKeyboardKeyStateChange                                         
000048bf  USBDHIDReportWrite                                                    
000063d7  USBDHIDTxPacketAvailable                                              
0000651d  USBDMAChannelAddressSet                                               
00006239  USBDMAChannelConfigSet                                                
00006527  USBDMAChannelCountSet                                                 
000062d1  USBDMAChannelDisable                                                  
000062e3  USBDMAChannelEnable                                                   
000062f5  USBDMAChannelIntDisable                                               
00006307  USBDMAChannelIntEnable                                                
000065ab  USBDMAChannelIntStatus                                                
000063e5  USBDMAChannelStatus                                                   
000057f7  USBDescGet                                                            
000058d1  USBDescGetNum                                                         
000065dd  USBDevAddrSet                                                         
00006531  USBDevConnect                                                         
0000653b  USBDevDisconnect                                                      
00003421  USBDevEndpointConfigSet                                               
000058fb  USBDevEndpointDataAck                                                 
0000555d  USBDevEndpointStall                                                   
00004909  USBDevEndpointStallClear                                              
000041c1  USBDevEndpointStatusClear                                             
000065b1  USBDevLPMConfig                                                       
000063f3  USBDevLPMDisable                                                      
00006401  USBDevLPMEnable                                                       
00006563  USBDevMode                                                            
000013b1  USBDeviceConfig                                                       
00002edd  USBDeviceConfigAlternate                                              
00001ee5  USBDeviceEnumHandler                                                  
000049e5  USBDeviceEnumResetHandler                                             
00001261  USBDeviceIntHandlerInternal                                           
00004525  USBDeviceResumeTickHandler                                            
00005fcf  USBEndpointDMAChannel                                                 
000046fd  USBEndpointDMAConfigSet                                               
00005b27  USBEndpointDMADisable                                                 
00005b4b  USBEndpointDMAEnable                                                  
00005ed9  USBEndpointDataAvail                                                  
00004b05  USBEndpointDataGet                                                    
00005289  USBEndpointDataPut                                                    
0000535d  USBEndpointDataSend                                                   
00006479  USBEndpointPacketCountSet                                             
0000637d  USBEndpointStatus                                                     
0000656b  USBFIFOAddrGet                                                        
00004f0b  USBFIFOConfigSet                                                      
0000624d  USBHostResume                                                         
000059f1  USBIntEnableControl                                                   
00006139  USBIntEnableEndpoint                                                  
00005105  USBIntStatusControl                                                   
00006545  USBIntStatusEndpoint                                                  
00006485  USBLPMIntEnable                                                       
000065b7  USBLPMIntStatus                                                       
00000e61  USBLibDMAInit                                                         
00006573  USBOTGMode                                                            
00005d71  USBRingBufAdvanceRead                                                 
0000513d  USBRingBufAdvanceWrite                                                
00005df1  USBRingBufContigFree                                                  
0000638d  USBRingBufContigUsed                                                  
0000614f  USBRingBufFlush                                                       
00006319  USBRingBufFree                                                        
00006491  USBRingBufInit                                                        
00005ef5  USBRingBufRead                                                        
00006165  USBRingBufReadOne                                                     
0000617b  USBRingBufUsed                                                        
00005f11  USBRingBufWrite                                                       
0000639d  USBRingBufWriteOne                                                    
00005b71  USBStackModeSet                                                       
0000640f  USBULPIDisable                                                        
0000641d  USBULPIEnable                                                         
00005e0f  USBULPIRegRead                                                        
00005e2d  USBULPIRegWrite                                                       
20000c98  Wire                                                                  
00001621  _Z12configureUSBv                                                     
0000367d  _Z14ControlHandlerPvjjS_                                              
000065e1  _Z15USBEventHandlerPvjjS_                                             
00005a19  _Z18USBKeyboardHandlerPvjjS_                                          
00005b95  _Z5delayi                                                             
00004bd5  _Z9RxHandlerPvjjS_                                                    
000065e5  _Z9TxHandlerPvjjS_                                                    
0000642b  _ZN10__cxxabiv117__class_type_infoD0Ev                                
000065e9  _ZN10__cxxabiv117__class_type_infoD1Ev                                
000065e9  _ZN10__cxxabiv117__class_type_infoD2Ev                                
00006439  _ZN10__cxxabiv120__si_class_type_infoD0Ev                             
000065ed  _ZN10__cxxabiv120__si_class_type_infoD1Ev                             
000065ed  _ZN10__cxxabiv120__si_class_type_infoD2Ev                             
000006e9  _ZN11rfid_reader7MFRC52211select_PICCEPNS_3UidEh                      
00003b99  _ZN11rfid_reader7MFRC52212REQA_or_WUPAEhPhS1_                         
00003bff  _ZN11rfid_reader7MFRC52212calculateCRCEPhhS1_                         
00002315  _ZN11rfid_reader7MFRC52212readRegisterENS_12PCD_RegisterEhPhh         
00004749  _ZN11rfid_reader7MFRC52212readRegisterEh                              
00004a2d  _ZN11rfid_reader7MFRC52213writeRegisterEhh                            
0000427d  _ZN11rfid_reader7MFRC52213writeRegisterEhhPh                          
00006275  _ZN11rfid_reader7MFRC52214readCardSerialEv                            
00005925  _ZN11rfid_reader7MFRC52214transceiveDataEPhhS1_S1_S1_hb               
00005d91  _ZN11rfid_reader7MFRC52216isNewCardPresentEv                          
00006191  _ZN11rfid_reader7MFRC52218setRegisterBitMaskEhh                       
000014f9  _ZN11rfid_reader7MFRC52219communicateWithPICCEhhPhhS1_S1_S1_hb        
00005fe9  _ZN11rfid_reader7MFRC52220clearRegisterBitMaskEhh                     
0000398d  _ZN11rfid_reader7MFRC5224initEv                                       
00005db1  _ZN11rfid_reader7MFRC5225delayEi                                      
00005e4b  _ZN11rfid_reader7MFRC5229antennaOnEv                                  
00005f2d  _ZN11rfid_reader7MFRC5229softResetEv                                  
00004575  _ZN11rfid_reader7MFRC522C1Ev                                          
00004575  _ZN11rfid_reader7MFRC522C2Ev                                          
0000358d  _ZN14HardwareSerial13primeTransmitEm                                  
0000632b  _ZN14HardwareSerial4peekEv                                            
00005ab9  _ZN14HardwareSerial4readEv                                            
00005825  _ZN14HardwareSerial5flushEv                                           
00004101  _ZN14HardwareSerial5writeEh                                           
000061a7  _ZN14HardwareSerial9availableEv                                       
00004d21  _ZN14HardwareSerialC1Em                                               
00004d61  _ZN14HardwareSerialC1Ev                                               
00004d21  _ZN14HardwareSerialC2Em                                               
00004d61  _ZN14HardwareSerialC2Ev                                               
000065f1  _ZN5Print17availableForWriteEv                                        
0000318f  _ZN5Print5flushEv                                                     
0000576f  _ZN5Print5writeEPKhj                                                  
200011e0  _ZN7TwoWire11rxReadIndexE                                             
200011e3  _ZN7TwoWire11txReadIndexE                                             
200011e8  _ZN7TwoWire12currentStateE                                            
200011e1  _ZN7TwoWire12rxWriteIndexE                                            
200011e6  _ZN7TwoWire12slaveAddressE                                            
200011e7  _ZN7TwoWire12transmittingE                                            
200011e4  _ZN7TwoWire12txWriteIndexE                                            
00005bb9  _ZN7TwoWire4peekEv                                                    
00005391  _ZN7TwoWire4readEv                                                    
00001b5d  _ZN7TwoWire5beginEh                                                   
00000b61  _ZN7TwoWire5beginEv                                                   
00005dd1  _ZN7TwoWire5flushEv                                                   
00005cad  _ZN7TwoWire5writeEPKhj                                                
00003191  _ZN7TwoWire5writeEh                                                   
20000a28  _ZN7TwoWire8rxBufferE                                                 
20000a68  _ZN7TwoWire8txBufferE                                                 
00005f49  _ZN7TwoWire9availableEv                                               
00001fbd  _ZN7TwoWire9forceStopEv                                               
200011e5  _ZN7TwoWire9i2cModuleE                                                
00005f65  _ZN7TwoWire9setModuleEm                                               
200011e2  _ZN7TwoWire9txAddressE                                                
00005bdd  _ZN7TwoWireC1Ev                                                       
00005bdd  _ZN7TwoWireC2Ev                                                       
00001961  _ZN8SPIClass5beginEv                                                  
00004a75  _ZN8SPIClass8transferEh                                               
000065bd  _ZN8SPIClass9setModuleEh                                              
0000654f  _ZN8SPIClassC1Ev                                                      
0000654f  _ZN8SPIClassC2Ev                                                      
000053c5  _ZN9usbdevice13USBCompDevice11getInstanceEv                           
20001210  _ZN9usbdevice13USBCompDevice12eventHandlerE                           
0000649d  _ZN9usbdevice13USBCompDevice20registerEventHandlerEPFYjPvjjS1_E       
00004e1d  _ZN9usbdevice13USBCompDevice4initEv                                   
000042d9  _ZN9usbdevice13USBCompDeviceC1EPFYjPvjjS1_E                           
000042d9  _ZN9usbdevice13USBCompDeviceC2EPFYjPvjjS1_E                           
000061bd  _ZN9usbdevice15USBSerialDevice10initBufferEv                          
00004ddf  _ZN9usbdevice15USBSerialDevice10readBufferEv                          
00004c19  _ZN9usbdevice15USBSerialDevice11getInstanceEv                         
00004c5d  _ZN9usbdevice15USBSerialDevice12disconnectedEv                        
00002f69  _ZN9usbdevice15USBSerialDevice13GetLineCodingEP11tLineCoding          
00003215  _ZN9usbdevice15USBSerialDevice13SetLineCodingEP11tLineCoding          
200011c8  _ZN9usbdevice15USBSerialDevice14controlHandlerE                       
00003763  _ZN9usbdevice15USBSerialDevice15getSerialDeviceEv                     
0000579d  _ZN9usbdevice15USBSerialDevice16popReceiveBufferEv                    
000053f9  _ZN9usbdevice15USBSerialDevice17pushReceiveBufferEh                   
000064a9  _ZN9usbdevice15USBSerialDevice17registerRxHandlerEPFYjPvjjS1_E        
000064b5  _ZN9usbdevice15USBSerialDevice17registerTxHandlerEPFYjPvjjS1_E        
000039f7  _ZN9usbdevice15USBSerialDevice19SetControlLineStateEt                 
000045c5  _ZN9usbdevice15USBSerialDevice20USBUARTPrimeTransmitEv                
000064c1  _ZN9usbdevice15USBSerialDevice22registerControlHandlerEPFYjPvjjS1_E   
000065c3  _ZN9usbdevice15USBSerialDevice5writeEPhj                              
00005175  _ZN9usbdevice15USBSerialDevice9SendBreakEb                            
00004615  _ZN9usbdevice15USBSerialDevice9connectedEv                            
200011cc  _ZN9usbdevice15USBSerialDevice9rxHandlerE                             
200011d0  _ZN9usbdevice15USBSerialDevice9txHandlerE                             
000024a5  _ZN9usbdevice15USBSerialDeviceC1EPFYjPvjjS1_ES3_S3_                   
000024a5  _ZN9usbdevice15USBSerialDeviceC2EPFYjPvjjS1_ES3_S3_                   
20000cd2  _ZN9usbdevice16g_sKeyboardStateE                                      
0000542d  _ZN9usbdevice17USBKeyboardDevice11getInstanceEv                       
00005a41  _ZN9usbdevice17USBKeyboardDevice12GetUsageCodeEcb                     
00002565  _ZN9usbdevice17USBKeyboardDevice14USBWriteStringEPKci                 
200011ac  _ZN9usbdevice17USBKeyboardDevice15keyboardHandlerE                    
00003605  _ZN9usbdevice17USBKeyboardDevice17USBKeyboardUpdateEhhb               
0000427b  _ZN9usbdevice17USBKeyboardDevice17getKeyboardDeviceEv                 
000060c5  _ZN9usbdevice17USBKeyboardDevice17releaseSpecialKeyEv                 
00002ff5  _ZN9usbdevice17USBKeyboardDevice22USBPressKeyCombinationEhPKhi        
000064cd  _ZN9usbdevice17USBKeyboardDevice23registerKeyboardHandlerEPFYjPvjjS1_E
0000558f  _ZN9usbdevice17USBKeyboardDeviceC1EPFYjPvjjS1_E                       
0000558f  _ZN9usbdevice17USBKeyboardDeviceC2EPFYjPvjjS1_E                       
00004483  _ZNSt9type_infoD1Ev                                                   
00004483  _ZNSt9type_infoD2Ev                                                   
00006601  _ZSt17__throw_bad_allocv                                              
00006c98  _ZTI14HardwareSerial                                                  
00006cf4  _ZTI5Print                                                            
00006ca4  _ZTI6Stream                                                           
00006cb0  _ZTI7TwoWire                                                          
00006cbc  _ZTIN10__cxxabiv117__class_type_infoE                                 
00006cc8  _ZTIN10__cxxabiv120__si_class_type_infoE                              
00006cfc  _ZTISt9type_info                                                      
00006b8a  _ZTS14HardwareSerial                                                  
00006d0c  _ZTS5Print                                                            
00006d04  _ZTS6Stream                                                           
00006ce9  _ZTS7TwoWire                                                          
00006a87  _ZTSN10__cxxabiv117__class_type_infoE                                 
000069ae  _ZTSN10__cxxabiv120__si_class_type_infoE                              
00006c7a  _ZTSSt9type_info                                                      
000069f8  _ZTV14HardwareSerial                                                  
00006b48  _ZTV5Print                                                            
00006a1c  _ZTV6Stream                                                           
00006a40  _ZTV7TwoWire                                                          
00006b9c  _ZTVN10__cxxabiv117__class_type_infoE                                 
00006bac  _ZTVN10__cxxabiv120__si_class_type_infoE                              
0000657b  _ZdlPv                                                                
000065f5  _ZdlPvj                                                               
200010d8  __STACK_END                                                           
00000400  __STACK_SIZE                                                          
20000ed8  __STACK_TOP                                                           
00000008  __SYSMEM_SIZE                                                         
00006e08  __TI_CINIT_Base                                                       
00006e18  __TI_CINIT_Limit                                                      
00006df0  __TI_Handler_Table_Base                                               
00006dfc  __TI_Handler_Table_Limit                                              
00004161  __TI_auto_init_nobinit                                                
00003b31  __TI_decompress_lzss                                                  
00006447  __TI_decompress_none                                                  
ffffffff  __TI_pprof_out_hndl                                                   
ffffffff  __TI_prof_data_size                                                   
ffffffff  __TI_prof_data_start                                                  
00000000  __TI_static_base__                                                    
[...]
00005a19  _Z18USBKeyboardHandlerPvjjS_                                          
00005a41  _ZN9usbdevice17USBKeyboardDevice12GetUsageCodeEcb                     
00005a91  uDMAChannelModeGet                                                    
00005ab9  _ZN14HardwareSerial4readEv                                            
00005b27  USBEndpointDMADisable                                                 
00005b4b  USBEndpointDMAEnable                                                  
00005b71  USBStackModeSet                                                       
00005b95  _Z5delayi                                                             
00005bb9  _ZN7TwoWire4peekEv                                                    
00005bdd  _ZN7TwoWireC1Ev                                                       
00005bdd  _ZN7TwoWireC2Ev                                                       
00005c01  uDMAChannelControlSet                                                 
00005cad  _ZN7TwoWire5writeEPKhj                                                
00005d71  USBRingBufAdvanceRead                                                 
00005d91  _ZN11rfid_reader7MFRC52216isNewCardPresentEv                          
00005db1  _ZN11rfid_reader7MFRC5225delayEi                                      
00005dd1  _ZN7TwoWire5flushEv                                                   
00005df1  USBRingBufContigFree                                                  
00005e0f  USBULPIRegRead                                                        
00005e2d  USBULPIRegWrite                                                       
00005e4b  _ZN11rfid_reader7MFRC5229antennaOnEv                                  
00005ea1  USBDCDConfigGetInterface                                              
00005ebd  USBDCDStallEP0                                                        
00005ed9  USBEndpointDataAvail                                                  
00005ef5  USBRingBufRead                                                        
00005f11  USBRingBufWrite                                                       
00005f2d  _ZN11rfid_reader7MFRC5229softResetEv                                  
00005f49  _ZN7TwoWire9availableEv                                               
00005f65  _ZN7TwoWire9setModuleEm                                               
00005fb5  USBDCDConfigDescGetSize                                               
00005fcf  USBEndpointDMAChannel                                                 
00005fe9  _ZN11rfid_reader7MFRC52220clearRegisterBitMaskEhh                     
0000604d  USB0DeviceIntHandler                                                  
00006065  USBBufferInit                                                         
0000607d  USBDCDFeatureGet                                                      
000060c5  _ZN9usbdevice17USBKeyboardDevice17releaseSpecialKeyEv                 
000060dd  uDMAChannelDisable                                                    
000060f5  uDMAChannelEnable                                                     
00006139  USBIntEnableEndpoint                                                  
0000614f  USBRingBufFlush                                                       
00006165  USBRingBufReadOne                                                     
0000617b  USBRingBufUsed                                                        
00006191  _ZN11rfid_reader7MFRC52218setRegisterBitMaskEhh                       
000061a7  _ZN14HardwareSerial9availableEv                                       
000061bd  _ZN9usbdevice15USBSerialDevice10initBufferEv                          
000061e9  SysCtlUSBPLLEnable                                                    
000061fd  USBDCDCTxPacketAvailable                                              
00006211  USBDCDRequestDataEP0                                                  
00006225  USBDCDSendDataEP0                                                     
00006239  USBDMAChannelConfigSet                                                
0000624d  USBHostResume                                                         
00006275  _ZN11rfid_reader7MFRC52214readCardSerialEv                            
000062d1  USBDMAChannelDisable                                                  
000062e3  USBDMAChannelEnable                                                   
000062f5  USBDMAChannelIntDisable                                               
00006307  USBDMAChannelIntEnable                                                
00006319  USBRingBufFree                                                        
0000632b  _ZN14HardwareSerial4peekEv                                            
0000633d  I2CSlaveEnable                                                        
0000634d  IntMasterDisable                                                      
0000635d  IntMasterEnable                                                       
0000636d  SysTickIntHandler                                                     
0000637d  USBEndpointStatus                                                     
0000638d  USBRingBufContigUsed                                                  
0000639d  USBRingBufWriteOne                                                    
000063bb  I2CSlaveInit                                                          
000063d7  USBDHIDTxPacketAvailable                                              
000063e5  USBDMAChannelStatus                                                   
000063f3  USBDevLPMDisable                                                      
00006401  USBDevLPMEnable                                                       
0000640f  USBULPIDisable                                                        
0000641d  USBULPIEnable                                                         
0000642b  _ZN10__cxxabiv117__class_type_infoD0Ev                                
00006439  _ZN10__cxxabiv120__si_class_type_infoD0Ev                             
00006447  __TI_decompress_none                                                  
00006455  CPUcpsid                                                              
00006461  CPUcpsie                                                              
0000646d  I2CSlaveIntEnableEx                                                   
00006479  USBEndpointPacketCountSet                                             
00006485  USBLPMIntEnable                                                       
00006491  USBRingBufInit                                                        
0000649d  _ZN9usbdevice13USBCompDevice20registerEventHandlerEPFYjPvjjS1_E       
000064a9  _ZN9usbdevice15USBSerialDevice17registerRxHandlerEPFYjPvjjS1_E        
000064b5  _ZN9usbdevice15USBSerialDevice17registerTxHandlerEPFYjPvjjS1_E        
000064c1  _ZN9usbdevice15USBSerialDevice22registerControlHandlerEPFYjPvjjS1_E   
000064cd  _ZN9usbdevice17USBKeyboardDevice23registerKeyboardHandlerEPFYjPvjjS1_E
000064d9  __cxa_guard_acquire                                                   
000064e5  __sti___7_SPI_cpp_230ca784                                            
000064f1  __sti___8_Wire_cpp_4e348ebc                                           
000064fd  __TI_zero_init                                                        
00006509  USBClockEnable                                                        
00006513  USBControllerVersion                                                  
0000651d  USBDMAChannelAddressSet                                               
00006527  USBDMAChannelCountSet                                                 
00006531  USBDevConnect                                                         
0000653b  USBDevDisconnect                                                      
00006545  USBIntStatusEndpoint                                                  
0000654f  _ZN8SPIClassC1Ev                                                      
0000654f  _ZN8SPIClassC2Ev                                                      
00006559  __cxa_guard_release                                                   
00006563  USBDevMode                                                            
0000656b  USBFIFOAddrGet                                                        
00006573  USBOTGMode                                                            
0000657b  _ZdlPv                                                                
00006593  I2CSlaveDataPut                                                       
00006599  ResetISR                                                              
0000659f  SysCtlDelay                                                           
000065a5  USBBufferFlush                                                        
000065ab  USBDMAChannelIntStatus                                                
000065b1  USBDevLPMConfig                                                       
000065b7  USBLPMIntStatus                                                       
000065bd  _ZN8SPIClass9setModuleEh                                              
000065c3  _ZN9usbdevice15USBSerialDevice5writeEPhj                              
000065c9  __cxa_pure_virtual                                                    
000065dd  USBDevAddrSet                                                         
000065e1  _Z15USBEventHandlerPvjjS_                                             
000065e5  _Z9TxHandlerPvjjS_                                                    
000065e9  _ZN10__cxxabiv117__class_type_infoD1Ev                                
000065e9  _ZN10__cxxabiv117__class_type_infoD2Ev                                
000065ed  _ZN10__cxxabiv120__si_class_type_infoD1Ev                             
000065ed  _ZN10__cxxabiv120__si_class_type_infoD2Ev                             
000065f1  _ZN5Print17availableForWriteEv                                        
000065f5  _ZdlPvj                                                               
000065f9  __abort_execution                                                     
000065fd  _system_pre_init                                                      
00006601  C$$EXIT                                                               
00006601  _ZSt17__throw_bad_allocv                                              
00006601  abort                                                                 
0000674c  g_sCDCSerConfigSection                                                
00006754  g_sIADSerConfigSection                                                
0000675c  g_sCDCSerCommInterfaceSection                                         
00006764  g_sCDCSerDataInterfaceSection                                         
0000676c  g_sCDCSerDataInterfaceSectionHS                                       
00006774  g_sCDCSerConfigHeader                                                 
0000677c  g_sCDCSerConfigHeaderHS                                               
00006784  g_sCDCCompSerConfigHeader                                             
0000678c  g_sCDCCompSerConfigHeaderHS                                           
00006794  g_ppCDCSerConfigDescriptors                                           
00006798  g_ppCDCSerConfigDescriptorsHS                                         
0000679c  g_pCDCCompSerConfigDescriptors                                        
000067a0  g_pCDCCompSerConfigDescriptorsHS                                      
00006823  g_pui8ConfigString                                                    
000068c4  g_sCDCHandlers                                                        
000068f4  g_sCompHandlers                                                       
00006924  g_sHIDHandlers                                                        
00006954  g_pui8CDCSerDataInterface                                             
0000696b  g_pui8CDCSerDataInterfaceHS                                           
00006982  g_pui8ControlInterfaceString                                          
000069ae  _ZTSN10__cxxabiv120__si_class_type_infoE                              
000069d3  g_pui8ManufacturerString                                              
000069f8  _ZTV14HardwareSerial                                                  
00006a1c  _ZTV6Stream                                                           
00006a40  _ZTV7TwoWire                                                          
00006a64  g_pui8CDCSerCommInterface                                             
00006a87  _ZTSN10__cxxabiv117__class_type_infoE                                 
00006b2c  g_pui8ProductString                                                   
00006b48  _ZTV5Print                                                            
00006b60  g_pui8StringDescriptors                                               
00006b78  g_pui8SerialNumberString                                              
00006b8a  _ZTS14HardwareSerial                                                  
00006b9c  _ZTVN10__cxxabiv117__class_type_infoE                                 
00006bac  _ZTVN10__cxxabiv120__si_class_type_infoE                              
00006c7a  _ZTSSt9type_info                                                      
00006c98  _ZTI14HardwareSerial                                                  
00006ca4  _ZTI6Stream                                                           
00006cb0  _ZTI7TwoWire                                                          
00006cbc  _ZTIN10__cxxabiv117__class_type_infoE                                 
00006cc8  _ZTIN10__cxxabiv120__si_class_type_infoE                              
00006ce9  _ZTS7TwoWire                                                          
00006cf4  _ZTI5Print                                                            
00006cfc  _ZTISt9type_info                                                      
00006d04  _ZTS6Stream                                                           
00006d0c  _ZTS5Print                                                            
00006d1f  g_pui8LangDescriptor                                                  
00006d24  NUM_STRING_DESCRIPTORS                                                
00006d28  SHT$$INIT_ARRAY$$Base                                                 
00006d34  SHT$$INIT_ARRAY$$Limit                                                
00006df0  __TI_Handler_Table_Base                                               
00006dfc  __TI_Handler_Table_Limit                                              
00006e08  __TI_CINIT_Base                                                       
00006e18  __TI_CINIT_Limit                                                      
20000998  g_psDCDInst                                                           
20000a28  _ZN7TwoWire8rxBufferE                                                 
20000a68  _ZN7TwoWire8txBufferE                                                 
20000aa8  Serial1                                                               
20000ae0  Serial2                                                               
20000b18  Serial3                                                               
20000b50  Serial4                                                               
20000b88  Serial5                                                               
20000bc0  Serial6                                                               
20000bf8  Serial7                                                               
20000c30  Serial                                                                
20000c68  g_pfnTickHandlers                                                     
20000c80  g_pvTickInstance                                                      
20000c98  Wire                                                                  
20000cc0  g_ppCompConfigDescriptors                                             
20000cc4  g_ppsDevInfo                                                          
20000ccc  ui32TxCount                                                           
20000cd0  SPI                                                                   
20000cd2  _ZN9usbdevice16g_sKeyboardStateE                                      
20000cd8  __stack                                                               
20000ed8  __STACK_TOP                                                           
200010d8  __STACK_END                                                           
200010d8  g_pui8CDCSerDeviceDescriptor                                          
200010ea  g_pui8CDCSerDescriptor                                                
200010f3  g_pui8IADSerDescriptor                                                
200010fc  g_psCDCSerSections                                                    
20001108  g_psCDCSerSectionsHS                                                  
20001114  g_psCDCCompSerSections                                                
20001124  g_psCDCCompSerSectionsHS                                              
20001197  g_pui8HIDDeviceDescriptor                                             
200011ac  _ZN9usbdevice17USBKeyboardDevice15keyboardHandlerE                    
200011c8  _ZN9usbdevice15USBSerialDevice14controlHandlerE                       
200011cc  _ZN9usbdevice15USBSerialDevice9rxHandlerE                             
200011d0  _ZN9usbdevice15USBSerialDevice9txHandlerE                             
200011d4  g_bUSBTimerInitialized                                                
200011d8  g_ui32CurrentUSBTick                                                  
200011dc  g_ui32USBSOFCount                                                     
200011e0  _ZN7TwoWire11rxReadIndexE                                             
200011e1  _ZN7TwoWire12rxWriteIndexE                                            
200011e2  _ZN7TwoWire9txAddressE                                                
200011e3  _ZN7TwoWire11txReadIndexE                                             
200011e4  _ZN7TwoWire12txWriteIndexE                                            
200011e5  _ZN7TwoWire9i2cModuleE                                                
200011e6  _ZN7TwoWire12slaveAddressE                                            
200011e7  _ZN7TwoWire12transmittingE                                            
200011e8  _ZN7TwoWire12currentStateE                                            
200011ec  g_iUSBMode                                                            
200011f0  g_ui32WaitTicks                                                       
200011f8  _lock                                                                 
200011fc  _unlock                                                               
20001208  cardMissing                                                           
2000120c  os                                                                    
2000120d  singleUser                                                            
20001210  _ZN9usbdevice13USBCompDevice12eventHandlerE                           
20001214  currentUid                                                            
20001218  g_ui32SysTickCount                                                    
20001220  _sys_memory                                                           
ffffffff  __TI_pprof_out_hndl                                                   
ffffffff  __TI_prof_data_size                                                   
ffffffff  __TI_prof_data_start                                                  
ffffffff  __binit__                                                             
ffffffff  __c_args__                                                            
ffffffff  binit                                                                 
UNDEFED   __mpu_init                                                            
UNDEFED   _system_post_cinit                                                    

[385 symbols]
