******************************************************************************
                  TI ARM Linker PC v18.1.3                     
******************************************************************************
>> Linked Thu Jan  3 14:17:42 2019

OUTPUT FILE NAME:   <usb_keyb_dev.out>
ENTRY POINT SYMBOL: "_c_int00_noargs"  address: 00004fb1


MEMORY CONFIGURATION

         name            origin    length      used     unused   attr    fill
----------------------  --------  ---------  --------  --------  ----  --------
  FLASH                 00000000   00040000  00006bde  00039422  R  X
  SRAM                  20000000   00008000  000013a0  00006c60  RW X


SEGMENT ALLOCATION MAP

run origin  load origin   length   init length attrs members
----------  ----------- ---------- ----------- ----- -------
00000000    00000000    00006be0   00006be0    r-x
  00000000    00000000    0000026c   0000026c    r-- .intvecs
  0000026c    0000026c    0000617a   0000617a    r-x .text
  000063e8    000063e8    0000070c   0000070c    r-- .const
  00006af4    00006af4    0000000c   0000000c    r-- .init_array
  00006b00    00006b00    000000e0   000000e0    r-- .cinit
20000000    20000000    000013a8   00000000    rw-
  20000000    20000000    00000e54   00000000    rw- .bss
  20000e58    20000e58    00000400   00000000    rw- .stack
  20001258    20001258    00000144   00000000    rw- .data
  200013a0    200013a0    00000008   00000000    rw- .sysmem


SECTION ALLOCATION MAP

 output                                  attributes/
section   page    origin      length       input sections
--------  ----  ----------  ----------   ----------------
.intvecs   0    00000000    0000026c     
                  00000000    0000026c     tm4c123gh6pm_startup_ccs.obj (.intvecs)

.text      0    0000026c    0000617a     
                  0000026c    000002e0     main.obj (.text:main)
                  0000054c    00000282     MFRC522.obj (.text:_ZN11rfid_reader7MFRC52211select_PICCEPNS_3UidEh)
                  000007ce    000001f6     usblib.lib : usbdcomp.obj (.text:BuildCompositeDescriptor)
                  000009c4    000001a0     Wire.obj (.text:_ZN7TwoWire5beginEv)
                  00000b64    00000160     uartstdio.obj (.text:UARTStdioIntHandler)
                  00000cc4    00000160     usblib.lib : usbdma.obj (.text:USBLibDMAInit)
                  00000e24    00000150                : usbdenum.obj (.text:USBDCDInit)
                  00000f74    00000150                : usbdenum.obj (.text:USBDEP0StateTxConfig)
                  000010c4    00000150                : usbdenum.obj (.text:USBDeviceIntHandlerInternal)
                  00001214    00000148                : usbdconfig.obj (.text:USBDeviceConfig)
                  0000135c    00000126     MFRC522.obj (.text:_ZN11rfid_reader7MFRC52219communicateWithPICCEhhPhhS1_S1_S1_hb)
                  00001482    00000002     tm4c123gh6pm_startup_ccs.obj (.text:FaultISR)
                  00001484    00000124     main.obj (.text:_Z12configureUSBv)
                  000015a8    00000114     usblib.lib : usbdhid.obj (.text:HandleRequest)
                  000016bc    00000110     driverlib.lib : sysctl.obj (.text:SysCtlClockGet)
                  000017cc    00000108     SPI.obj (.text:_ZN8SPIClass5beginEv)
                  000018d4    000000f4     usblib.lib : usbdma.obj (.text:iDMAUSBTransfer)
                  000019c8    000000ec     Wire.obj (.text:_ZN7TwoWire5beginEh)
                  00001ab4    000000e4     usblib.lib : usbdenum.obj (.text:USBDGetDescriptor)
                  00001b98    000000e0                : usbdhid.obj (.text:USBDHIDCompositeInit)
                  00001c78    000000d8                : usbdcdc.obj (.text:USBDCDCCompositeInit)
                  00001d50    000000d8                : usbdenum.obj (.text:USBDeviceEnumHandler)
                  00001e28    000000d8     Wire.obj (.text:_ZN7TwoWire9forceStopEv)
                  00001f00    000000d8     rtsv7M4_T_le_v4SPD16_eabi.lib : memory.c.obj (.text:free)
                  00001fd8    000000d4     usblib.lib : usbdcdc.obj (.text:HandleRequests)
                  000020ac    000000d4                : usbdcomp.obj (.text:USBDCompositeInit)
                  00002180    000000cc     MFRC522.obj (.text:_ZN11rfid_reader7MFRC52212readRegisterENS_12PCD_RegisterEhPhh)
                  0000224c    000000c4     usblib.lib : usbdma.obj (.text:uDMAUSBChannelAllocate)
                  00002310    000000be                : usbbuffer.obj (.text:HandleRxAvailable)
                  000023ce    00000002     tm4c123gh6pm_startup_ccs.obj (.text:IntDefaultHandler)
                  000023d0    000000bc     USBSerialDevice.obj (.text:_ZN9usbdevice15USBSerialDeviceC1EPFYjPvjjS1_ES3_S3_)
                  0000248c    000000bc     usblib.lib : usbdma.obj (.text:uDMAUSBTransfer)
                  00002548    000000b4                : usbdcdc.obj (.text:HandleDevice)
                  000025fc    000000a8     uartstdio.obj (.text:UARTwrite)
                  000026a4    000000a6     usblib.lib : usbdhidkeyb.obj (.text:HIDKeyboardRxHandler)
                  0000274a    00000002     tm4c123gh6pm_startup_ccs.obj (.text:NmiSR)
                  0000274c    0000009c     usblib.lib : usbdhidkeyb.obj (.text:USBDHIDKeyboardCompositeInit)
                  000027e8    0000009c     rtsv7M4_T_le_v4SPD16_eabi.lib : memcpy_t2.asm.obj (.text)
                  00002884    00000098     usblib.lib : usbdenum.obj (.text:USBDSetInterface)
                  0000291c    00000098     USBKeyboardDevice.obj (.text:_ZN9usbdevice17USBKeyboardDevice14USBWriteStringEPKci)
                  000029b4    00000096     usblib.lib : usbdcdc.obj (.text:CDCTickHandler)
                  00002a4a    00000094                : usbdcdc.obj (.text:SendSerialState)
                  00002ade    00000092                : usbbuffer.obj (.text:ScheduleNextTransmission)
                  00002b70    00000090                : usbdcdc.obj (.text:USBDCDCPacketRead)
                  00002c00    00000090                : usbdenum.obj (.text:USBDSetConfiguration)
                  00002c90    0000008c     uartstdio.obj (.text:UARTPrimeTransmit)
                  00002d1c    0000008c     usblib.lib : usbdconfig.obj (.text:USBDeviceConfigAlternate)
                  00002da8    0000008c     USBSerialDevice.obj (.text:_ZN9usbdevice15USBSerialDevice13GetLineCodingEP11tLineCoding)
                  00002e34    0000008c     USBKeyboardDevice.obj (.text:_ZN9usbdevice17USBKeyboardDevice22USBPressKeyCombinationEhPKhi)
                  00002ec0    00000088     usblib.lib : usbdhid.obj (.text:ProcessIdleTimers)
                  00002f48    00000086                : usbdhidkeyb.obj (.text:USBDHIDKeyboardKeyStateChange)
                  00002fce    00000002     HardwareSerial.obj (.text:_ZN5Print5flushEv)
                  00002fd0    00000084     Wire.obj (.text:_ZN7TwoWire5writeEh)
                  00003054    00000084     USBSerialDevice.obj (.text:_ZN9usbdevice15USBSerialDevice13SetLineCodingEP11tLineCoding)
                  000030d8    00000084     usblib.lib : usbdma.obj (.text:iDMAUSBChannelAllocate)
                  0000315c    00000084     driverlib.lib : udma.obj (.text:uDMAChannelTransferSet)
                  000031e0    00000080     usblib.lib : usbdenum.obj (.text:USBDClearFeature)
                  00003260    0000007a     driverlib.lib : usb.obj (.text:USBDevEndpointConfigSet)
                  000032da    0000007a     rtsv7M4_T_le_v4SPD16_eabi.lib : memset_t2.asm.obj (.text)
                  00003354    00000078     usblib.lib : usbdenum.obj (.text:USBDGetStatus)
                  000033cc    00000078     HardwareSerial.obj (.text:_ZN14HardwareSerial13primeTransmitEm)
                  00003444    00000078     USBKeyboardDevice.obj (.text:_ZN9usbdevice17USBKeyboardDevice17USBKeyboardUpdateEhhb)
                  000034bc    00000074     main.obj (.text:_Z14ControlHandlerPvjjS_)
                  00003530    00000072     usblib.lib : usbdcdc.obj (.text:ProcessDataFromHost)
                  000035a2    00000002     USBSerialDevice.obj (.text:_ZN9usbdevice15USBSerialDevice15getSerialDeviceEv)
                  000035a4    00000070     usblib.lib : usbdenum.obj (.text:USBDEP0StateTx)
                  00003614    00000070                : usbdma.obj (.text:uDMAUSBArbSizeSet)
                  00003684    00000070                : usbdma.obj (.text:uDMAUSBUnitSizeSet)
                  000036f4    0000006c                : usbdcdc.obj (.text:ProcessDataToHost)
                  00003760    0000006c                : usbdenum.obj (.text:USBDSetFeature)
                  000037cc    0000006a     MFRC522.obj (.text:_ZN11rfid_reader7MFRC5224initEv)
                  00003836    00000002     USBSerialDevice.obj (.text:_ZN9usbdevice15USBSerialDevice19SetControlLineStateEt)
                  00003838    00000068     buttons.obj (.text:ButtonsInit)
                  000038a0    00000068     driverlib.lib : interrupt.obj (.text:IntDisable)
                  00003908    00000068                   : interrupt.obj (.text:IntEnable)
                  00003970    00000068     rtsv7M4_T_le_v4SPD16_eabi.lib : copy_decompress_lzss.c.obj (.text:decompress:lzss:__TI_decompress_lzss)
                  000039d8    00000066     MFRC522.obj (.text:_ZN11rfid_reader7MFRC52212REQA_or_WUPAEhPhS1_)
                  00003a3e    00000066     MFRC522.obj (.text:_ZN11rfid_reader7MFRC52212calculateCRCEPhhS1_)
                  00003aa4    00000064     usblib.lib : usbdcomp.obj (.text:GetDescriptor)
                  00003b08    00000064                : usbdhid.obj (.text:HandleGetDescriptor)
                  00003b6c    00000064                : usbdcomp.obj (.text:HandleRequests)
                  00003bd0    00000064     driverlib.lib : interrupt.obj (.text:IntIsEnabled)
                  00003c34    00000064     usblib.lib : usbbuffer.obj (.text:USBBufferEventCallback)
                  00003c98    00000064     HardwareSerial.obj (.text:__sti___18_HardwareSerial_cpp_5fc7db02)
                  00003cfc    00000064     usblib.lib : usbdma.obj (.text:uDMAUSBChannelEnable)
                  00003d60    00000060                : usbdcomp.obj (.text:HandleDevice)
                  00003dc0    00000060                : usbdhid.obj (.text:HandleDevice)
                  00003e20    00000060                : usbdhid.obj (.text:ProcessDataFromHost)
                  00003e80    00000060                : usbdcdc.obj (.text:USBDCDCPacketWrite)
                  00003ee0    00000060                : usbdenum.obj (.text:USBDReadAndDispatchRequest)
                  00003f40    00000060     HardwareSerial.obj (.text:_ZN14HardwareSerial5writeEh)
                  00003fa0    00000060     rtsv7M4_T_le_v4SPD16_eabi.lib : autoinit.c.obj (.text:__TI_auto_init_nobinit:__TI_auto_init_nobinit)
                  00004000    0000005e     driverlib.lib : usb.obj (.text:USBDevEndpointStatusClear)
                  0000405e    0000005c     usblib.lib : usbdhid.obj (.text:FindHIDDescriptor)
                  000040ba    00000002     USBKeyboardDevice.obj (.text:_ZN9usbdevice17USBKeyboardDevice17getKeyboardDeviceEv)
                  000040bc    0000005c     MFRC522.obj (.text:_ZN11rfid_reader7MFRC52213writeRegisterEhhPh)
                  00004118    00000058     USBCompDevice.obj (.text:_ZN9usbdevice13USBCompDeviceC1EPFYjPvjjS1_E)
                  00004170    00000056     usblib.lib : usbdhidkeyb.obj (.text:RemoveKeyFromPressedList)
                  000041c6    00000056                : usbdma.obj (.text:uDMAUSBChannelRelease)
                  0000421c    00000054                : usbdhid.obj (.text:ProcessDataToHost)
                  00004270    00000052                : usbulpi.obj (.text:ULPIConfigSet)
                  000042c2    00000002     rtsv7M4_T_le_v4SPD16_eabi.lib : stdlib_typeinfo.cpp.obj (.text:_ZNSt9type_infoD1Ev)
                  000042c4    00000050     driverlib.lib : sysctl.obj (.text:SysCtlPeripheralReset)
                  00004314    00000050     usblib.lib : usbdcdesc.obj (.text:USBDCDConfigDescGet)
                  00004364    00000050                : usbdenum.obj (.text:USBDeviceResumeTickHandler)
                  000043b4    00000050     MFRC522.obj (.text:_ZN11rfid_reader7MFRC522C1Ev)
                  00004404    00000050     USBSerialDevice.obj (.text:_ZN9usbdevice15USBSerialDevice20USBUARTPrimeTransmitEv)
                  00004454    0000004e     USBSerialDevice.obj (.text:_ZN9usbdevice15USBSerialDevice9connectedEv)
                  000044a2    0000004c     usblib.lib : usbdconfig.obj (.text:GetEPDescriptorType)
                  000044ee    00000002     rtsv7M4_T_le_v4SPD16_eabi.lib : _lock.c.obj (.text:_nop)
                  000044f0    0000004c     usblib.lib : usbdenum.obj (.text:USBDStringIndexFromRequest)
                  0000453c    0000004c     driverlib.lib : usb.obj (.text:USBEndpointDMAConfigSet)
                  00004588    0000004c     MFRC522.obj (.text:_ZN11rfid_reader7MFRC52212readRegisterEh)
                  000045d4    0000004c     usblib.lib : usbdma.obj (.text:iDMAUSBChannelEnable)
                  00004620    0000004a                : usbdcdesc.obj (.text:ConfigAlternateInterfaceGet)
                  0000466a    0000004a                : usbdcdc.obj (.text:HandleEP0Data)
                  000046b4    0000004a                : usbdcdc.obj (.text:HandleEndpoints)
                  000046fe    0000004a                : usbdhid.obj (.text:USBDHIDReportWrite)
                  00004748    0000004a     driverlib.lib : usb.obj (.text:USBDevEndpointStallClear)
                  00004792    0000004a     usblib.lib : usbdma.obj (.text:uDMAUSBChannelDisable)
                  000047dc    00000048                : usbdhid.obj (.text:SetIdleTimeout)
                  00004824    00000048                : usbdenum.obj (.text:USBDeviceEnumResetHandler)
                  0000486c    00000048     MFRC522.obj (.text:_ZN11rfid_reader7MFRC52213writeRegisterEhh)
                  000048b4    00000048     SPI.obj (.text:_ZN8SPIClass8transferEh)
                  000048fc    00000048     driverlib.lib : udma.obj (.text:uDMAChannelAttributeDisable)
                  00004944    00000046                   : usb.obj (.text:USBEndpointDataGet)
                  0000498a    00000002     usblib.lib : usbdma.obj (.text:iDMAUSBArbSizeSet)
                  0000498c    00000044                : usbdenum.obj (.text:USBDCDDeviceInfoInit)
                  000049d0    00000044                : usbdenum.obj (.text:USBDGetInterface)
                  00004a14    00000044     main.obj (.text:_Z9RxHandlerPvjjS_)
                  00004a58    00000044     USBSerialDevice.obj (.text:_ZN9usbdevice15USBSerialDevice11getInstanceEv)
                  00004a9c    00000041     USBSerialDevice.obj (.text:_ZN9usbdevice15USBSerialDevice12disconnectedEv)
                  00004add    00000001     --HOLE-- [fill = 0]
                  00004ade    00000040     usblib.lib : usbdcomp.obj (.text:ConfigChangeHandler)
                  00004b1e    00000040                : usbdhid.obj (.text:ScheduleReportTransmission)
                  00004b5e    00000002                : usbdma.obj (.text:iDMAUSBUnitSizeSet)
                  00004b60    00000040     HardwareSerial.obj (.text:_ZN14HardwareSerialC1Em)
                  00004ba0    00000040     HardwareSerial.obj (.text:_ZN14HardwareSerialC1Ev)
                  00004be0    0000003e     usblib.lib : usbdhidkeyb.obj (.text:HIDKeyboardTxHandler)
                  00004c1e    0000003c     USBCompDevice.obj (.text:_ZN9usbdevice13USBCompDevice4initEv)
                  00004c5a    0000003c     usblib.lib : usbdma.obj (.text:iDMAUSBChannelRelease)
                  00004c96    00000002                : usbdma.obj (.text:uDMAUSBChannelIntDisable)
                  00004c98    0000003c     rtsv7M4_T_le_v4SPD16_eabi.lib : memory.c.obj (.text:minsert)
                  00004cd4    0000003a     usblib.lib : usbdcomp.obj (.text:EndpointToIndex)
                  00004d0e    0000003a     driverlib.lib : usb.obj (.text:USBFIFOConfigSet)
                  00004d48    00000038     usblib.lib : usbdcomp.obj (.text:HandleDisconnect)
                  00004d80    00000038                : usbtick.obj (.text:InternalUSBRegisterTickHandler)
                  00004db8    00000038                : usbtick.obj (.text:InternalUSBStartOfFrameTick)
                  00004df0    00000038                : usbdcomp.obj (.text:ResetHandler)
                  00004e28    00000038                : usbdcomp.obj (.text:ResumeHandler)
                  00004e60    00000038                : usbdcdc.obj (.text:SendBreak)
                  00004e98    00000038                : usbdcomp.obj (.text:SuspendHandler)
                  00004ed0    00000038                : usbdcdesc.obj (.text:USBDCDConfigGetInterfaceEndpoint)
                  00004f08    00000038     driverlib.lib : usb.obj (.text:USBIntStatusControl)
                  00004f40    00000038     usblib.lib : usbringbuf.obj (.text:USBRingBufAdvanceWrite)
                  00004f78    00000038     USBSerialDevice.obj (.text:_ZN9usbdevice15USBSerialDevice9SendBreakEb)
                  00004fb0    00000038     rtsv7M4_T_le_v4SPD16_eabi.lib : boot_cortex_m.c.obj (.text:_c_int00_noargs:_c_int00_noargs)
                  00004fe8    00000038                                   : memory.c.obj (.text:minit)
                  00005020    00000036     usblib.lib : usbdhid.obj (.text:HandleEndpoints)
                  00005056    00000036                : usbdcomp.obj (.text:InterfaceChange)
                  0000508c    00000036     driverlib.lib : usb.obj (.text:USBEndpointDataPut)
                  000050c2    00000002     usblib.lib : usbdma.obj (.text:uDMAUSBChannelIntEnable)
                  000050c4    00000034                : usbdhid.obj (.text:HIDTickHandler)
                  000050f8    00000034                : usbdcdc.obj (.text:HandleConfigChange)
                  0000512c    00000034     driverlib.lib : sysctl.obj (.text:SysCtlPeripheralEnable)
                  00005160    00000034                   : usb.obj (.text:USBEndpointDataSend)
                  00005194    00000034     Wire.obj (.text:_ZN7TwoWire4readEv)
                  000051c8    00000034     USBCompDevice.obj (.text:_ZN9usbdevice13USBCompDevice11getInstanceEv)
                  000051fc    00000034     USBKeyboardDevice.obj (.text:_ZN9usbdevice17USBKeyboardDevice11getInstanceEv)
                  00005230    00000034     usblib.lib : usbdma.obj (.text:iDMAUSBChannelStatus)
                  00005264    00000032                : usbdhid.obj (.text:ClearReportTimer)
                  00005296    00000032                : usbdhid.obj (.text:HandleConfigChange)
                  000052c8    00000032                : usbdcdesc.obj (.text:NextConfigDescGet)
                  000052fa    00000032                : usbdcdc.obj (.text:ProcessNotificationToHost)
                  0000532c    00000032     driverlib.lib : usb.obj (.text:USBDevEndpointStall)
                  0000535e    00000032     USBKeyboardDevice.obj (.text:_ZN9usbdevice17USBKeyboardDeviceC1EPFYjPvjjS1_E)
                  00005390    00000032     usblib.lib : usbdma.obj (.text:iDMAUSBChannelDisable)
                  000053c2    00000030                : usbdhidkeyb.obj (.text:AddKeyToPressedList)
                  000053f2    00000030                : usbdma.obj (.text:DMAUSBIntHandler)
                  00005422    00000002     --HOLE-- [fill = 0]
                  00005424    00000030                : usbtick.obj (.text:InternalUSBTickInit)
                  00005454    00000030                : usbdenum.obj (.text:USBDGetConfiguration)
                  00005484    00000030                : usbringbuf.obj (.text:UpdateIndexAtomic)
                  000054b4    0000002e                : usbdcomp.obj (.text:HandleEndpoints)
                  000054e2    0000002e                : usbbuffer.obj (.text:USBBufferWrite)
                  00005510    0000002e                : usbdcdc.obj (.text:USBDCDCRxPacketAvailable)
                  0000553e    0000002e     Print.obj (.text:_ZN5Print5writeEPKhj)
                  0000556c    0000002e     USBSerialDevice.obj (.text:_ZN9usbdevice15USBSerialDevice10readBufferEv)
                  0000559a    0000002c     usblib.lib : usbdcomp.obj (.text:InterfaceToIndex)
                  000055c6    0000002c                : usbdesc.obj (.text:USBDescGet)
                  000055f2    00000002     --HOLE-- [fill = 0]
                  000055f4    0000002c     HardwareSerial.obj (.text:_ZN14HardwareSerial5flushEv)
                  00005620    0000002c     usblib.lib : usbdma.obj (.text:uDMAUSBIntStatus)
                  0000564c    0000002a                : usbbuffer.obj (.text:HandleRequestBuffer)
                  00005676    0000002a                : usbdcdesc.obj (.text:USBDCDConfigDescGetNum)
                  000056a0    0000002a                : usbdesc.obj (.text:USBDescGetNum)
                  000056ca    0000002a     driverlib.lib : usb.obj (.text:USBDevEndpointDataAck)
                  000056f4    0000002a     MFRC522.obj (.text:_ZN11rfid_reader7MFRC52214transceiveDataEPhhS1_S1_S1_hb)
                  0000571e    00000028     usblib.lib : usbdhid.obj (.text:GetIdleTimeout)
                  00005746    00000028                : usbdhid.obj (.text:HandleEP0DataReceived)
                  0000576e    00000028                : usbbuffer.obj (.text:USBBufferRead)
                  00005796    00000002     --HOLE-- [fill = 0]
                  00005798    00000028                : usbdenum.obj (.text:USBDSetAddress)
                  000057c0    00000028     driverlib.lib : usb.obj (.text:USBIntEnableControl)
                  000057e8    00000028     main.obj (.text:_Z18USBKeyboardHandlerPvjjS_)
                  00005810    00000028     USBKeyboardDevice.obj (.text:_ZN9usbdevice17USBKeyboardDevice12GetUsageCodeEcb)
                  00005838    00000028     rtsv7M4_T_le_v4SPD16_eabi.lib : memory.c.obj (.text:mremove)
                  00005860    00000028     driverlib.lib : udma.obj (.text:uDMAChannelModeGet)
                  00005888    00000026     HardwareSerial.obj (.text:_ZN14HardwareSerial4readEv)
                  000058ae    00000024     usblib.lib : usbdcdc.obj (.text:HandleDisconnect)
                  000058d2    00000024                : usbdcdc.obj (.text:SendLineStateChange)
                  000058f6    00000024     driverlib.lib : usb.obj (.text:USBEndpointDMADisable)
                  0000591a    00000024                   : usb.obj (.text:USBEndpointDMAEnable)
                  0000593e    00000002     --HOLE-- [fill = 0]
                  00005940    00000024     usblib.lib : usbmode.obj (.text:USBStackModeSet)
                  00005964    00000024     main.obj (.text:_Z5delayi)
                  00005988    00000024     Wire.obj (.text:_ZN7TwoWire4peekEv)
                  000059ac    00000024     Wire.obj (.text:_ZN7TwoWireC1Ev)
                  000059d0    00000024     driverlib.lib : udma.obj (.text:uDMAChannelControlSet)
                  000059f4    00000022     usblib.lib : usbdcomp.obj (.text:DataReceived)
                  00005a16    00000022                : usbdcomp.obj (.text:DataSent)
                  00005a38    00000022                : usbdhid.obj (.text:HandleDisconnect)
                  00005a5a    00000022                : usbdcdc.obj (.text:SendLineCodingChange)
                  00005a7c    00000022     Wire.obj (.text:_ZN7TwoWire5writeEPKhj)
                  00005a9e    00000022     usblib.lib : usbdma.obj (.text:uDMAUSBChannelStatus)
                  00005ac0    00000020                : usbdcdc.obj (.text:CheckAndSendBreak)
                  00005ae0    00000020                : usbdconfig.obj (.text:GetEndpointFIFOSize)
                  00005b00    00000020                : usbbuffer.obj (.text:HandleDataRemaining)
                  00005b20    00000020                : usbdhid.obj (.text:HandleEP0DataSent)
                  00005b40    00000020                : usbringbuf.obj (.text:USBRingBufAdvanceRead)
                  00005b60    00000020     MFRC522.obj (.text:_ZN11rfid_reader7MFRC52216isNewCardPresentEv)
                  00005b80    00000020     MFRC522.obj (.text:_ZN11rfid_reader7MFRC5225delayEi)
                  00005ba0    00000020     Wire.obj (.text:_ZN7TwoWire5flushEv)
                  00005bc0    0000001e     usblib.lib : usbringbuf.obj (.text:USBRingBufContigFree)
                  00005bde    0000001e     driverlib.lib : usb.obj (.text:USBULPIRegRead)
                  00005bfc    0000001e                   : usb.obj (.text:USBULPIRegWrite)
                  00005c1a    0000001e     MFRC522.obj (.text:_ZN11rfid_reader7MFRC5229antennaOnEv)
                  00005c38    0000001c     usblib.lib : usbdcomp.obj (.text:CompositeEPChange)
                  00005c54    0000001c                : usbdcomp.obj (.text:CompositeIfaceChange)
                  00005c70    0000001c                : usbdcdesc.obj (.text:USBDCDConfigGetInterface)
                  00005c8c    0000001c                : usbdenum.obj (.text:USBDCDStallEP0)
                  00005ca8    0000001c     driverlib.lib : usb.obj (.text:USBEndpointDataAvail)
                  00005cc4    0000001c     usblib.lib : usbringbuf.obj (.text:USBRingBufRead)
                  00005ce0    0000001c                : usbringbuf.obj (.text:USBRingBufWrite)
                  00005cfc    0000001c     MFRC522.obj (.text:_ZN11rfid_reader7MFRC5229softResetEv)
                  00005d18    0000001c     Wire.obj (.text:_ZN7TwoWire9availableEv)
                  00005d34    0000001c     Wire.obj (.text:_ZN7TwoWire9setModuleEm)
                  00005d50    0000001a     usblib.lib : usbdhid.obj (.text:ClearIdleTimers)
                  00005d6a    0000001a                : usbdcdc.obj (.text:DeviceConsumedAllData)
                  00005d84    0000001a                : usbdcdesc.obj (.text:USBDCDConfigDescGetSize)
                  00005d9e    0000001a     driverlib.lib : usb.obj (.text:USBEndpointDMAChannel)
                  00005db8    0000001a     MFRC522.obj (.text:_ZN11rfid_reader7MFRC52220clearRegisterBitMaskEhh)
                  00005dd2    00000018     uartstdio.obj (.text:IsBufferFull)
                  00005dea    00000018     usblib.lib : usbdcdc.obj (.text:SetDeferredOpFlag)
                  00005e02    00000018                : usbdhid.obj (.text:SetDeferredOpFlag)
                  00005e1a    00000002     --HOLE-- [fill = 0]
                  00005e1c    00000018                : usbdhandler.obj (.text:USB0DeviceIntHandler)
                  00005e34    00000018                : usbbuffer.obj (.text:USBBufferInit)
                  00005e4c    00000018                : usbdenum.obj (.text:USBDCDFeatureGet)
                  00005e64    00000018                : usbdenum.obj (.text:USBDSetDescriptor)
                  00005e7c    00000018                : usbdenum.obj (.text:USBDSyncFrame)
                  00005e94    00000018     USBKeyboardDevice.obj (.text:_ZN9usbdevice17USBKeyboardDevice17releaseSpecialKeyEv)
                  00005eac    00000018     driverlib.lib : udma.obj (.text:uDMAChannelDisable)
                  00005ec4    00000018                   : udma.obj (.text:uDMAChannelEnable)
                  00005edc    00000016     usblib.lib : usbdcdc.obj (.text:CheckAndSendLineCodingChange)
                  00005ef2    00000016                : usbdcdc.obj (.text:CheckAndSendLineStateChange)
                  00005f08    00000016     driverlib.lib : usb.obj (.text:USBIntEnableEndpoint)
                  00005f1e    00000016     usblib.lib : usbringbuf.obj (.text:USBRingBufFlush)
                  00005f34    00000016                : usbringbuf.obj (.text:USBRingBufReadOne)
                  00005f4a    00000016                : usbringbuf.obj (.text:USBRingBufUsed)
                  00005f60    00000016     MFRC522.obj (.text:_ZN11rfid_reader7MFRC52218setRegisterBitMaskEhh)
                  00005f76    00000016     HardwareSerial.obj (.text:_ZN14HardwareSerial9availableEv)
                  00005f8c    00000016     USBSerialDevice.obj (.text:_ZN9usbdevice15USBSerialDevice10initBufferEv)
                  00005fa2    00000014     usblib.lib : usbbuffer.obj (.text:HandleTxComplete)
                  00005fb6    00000002     --HOLE-- [fill = 0]
                  00005fb8    00000014     driverlib.lib : sysctl.obj (.text:SysCtlUSBPLLEnable)
                  00005fcc    00000014     usblib.lib : usbdcdc.obj (.text:USBDCDCTxPacketAvailable)
                  00005fe0    00000014                : usbdenum.obj (.text:USBDCDRequestDataEP0)
                  00005ff4    00000014                : usbdenum.obj (.text:USBDCDSendDataEP0)
                  00006008    00000014     driverlib.lib : usb.obj (.text:USBDMAChannelConfigSet)
                  0000601c    00000014                   : usb.obj (.text:USBHostResume)
                  00006030    00000014                   : usb.obj (.text:_USBIndexWrite)
                  00006044    00000014     MFRC522.obj (.text:_ZN11rfid_reader7MFRC52214readCardSerialEv)
                  00006058    00000012     usblib.lib : usbdcdc.obj (.text:HandleResume)
                  0000606a    00000012                : usbdhid.obj (.text:HandleResume)
                  0000607c    00000012                : usbdcdc.obj (.text:HandleSuspend)
                  0000608e    00000012                : usbdhid.obj (.text:HandleSuspend)
                  000060a0    00000012     driverlib.lib : usb.obj (.text:USBDMAChannelDisable)
                  000060b2    00000012                   : usb.obj (.text:USBDMAChannelEnable)
                  000060c4    00000012                   : usb.obj (.text:USBDMAChannelIntDisable)
                  000060d6    00000012                   : usb.obj (.text:USBDMAChannelIntEnable)
                  000060e8    00000012     usblib.lib : usbringbuf.obj (.text:USBRingBufFree)
                  000060fa    00000012     HardwareSerial.obj (.text:_ZN14HardwareSerial4peekEv)
                  0000610c    00000010     driverlib.lib : i2c.obj (.text:I2CSlaveEnable)
                  0000611c    00000010                   : interrupt.obj (.text:IntMasterDisable)
                  0000612c    00000010                   : interrupt.obj (.text:IntMasterEnable)
                  0000613c    00000010     tm4c123gh6pm_startup_ccs.obj (.text:SysTickIntHandler)
                  0000614c    00000010     driverlib.lib : usb.obj (.text:USBEndpointStatus)
                  0000615c    00000010     usblib.lib : usbringbuf.obj (.text:USBRingBufContigUsed)
                  0000616c    00000010                : usbringbuf.obj (.text:USBRingBufWriteOne)
                  0000617c    0000000e                : usbdma.obj (.text:DMAUSBIntStatusClear)
                  0000618a    0000000e     driverlib.lib : i2c.obj (.text:I2CSlaveInit)
                  00006198    0000000e     uartstdio.obj (.text:IsBufferEmpty)
                  000061a6    0000000e     usblib.lib : usbdhid.obj (.text:USBDHIDTxPacketAvailable)
                  000061b4    0000000e     driverlib.lib : usb.obj (.text:USBDMAChannelStatus)
                  000061c2    0000000e                   : usb.obj (.text:USBDevLPMDisable)
                  000061d0    0000000e                   : usb.obj (.text:USBDevLPMEnable)
                  000061de    0000000e                   : usb.obj (.text:USBULPIDisable)
                  000061ec    0000000e                   : usb.obj (.text:USBULPIEnable)
                  000061fa    0000000e     rtsv7M4_T_le_v4SPD16_eabi.lib : typeinfo.c.obj (.text:_ZN10__cxxabiv117__class_type_infoD0Ev)
                  00006208    0000000e                                   : typeinfo.c.obj (.text:_ZN10__cxxabiv120__si_class_type_infoD0Ev)
                  00006216    0000000e                                   : copy_decompress_none.c.obj (.text:decompress:none:__TI_decompress_none)
                  00006224    0000000c     driverlib.lib : cpu.obj (.text:CPUcpsid)
                  00006230    0000000c                   : cpu.obj (.text:CPUcpsie)
                  0000623c    0000000c                   : i2c.obj (.text:I2CSlaveIntEnableEx)
                  00006248    0000000c                   : usb.obj (.text:USBEndpointPacketCountSet)
                  00006254    0000000c                   : usb.obj (.text:USBLPMIntEnable)
                  00006260    0000000c     usblib.lib : usbringbuf.obj (.text:USBRingBufInit)
                  0000626c    0000000c     USBCompDevice.obj (.text:_ZN9usbdevice13USBCompDevice20registerEventHandlerEPFYjPvjjS1_E)
                  00006278    0000000c     USBSerialDevice.obj (.text:_ZN9usbdevice15USBSerialDevice17registerRxHandlerEPFYjPvjjS1_E)
                  00006284    0000000c     USBSerialDevice.obj (.text:_ZN9usbdevice15USBSerialDevice17registerTxHandlerEPFYjPvjjS1_E)
                  00006290    0000000c     USBSerialDevice.obj (.text:_ZN9usbdevice15USBSerialDevice22registerControlHandlerEPFYjPvjjS1_E)
                  0000629c    0000000c     USBKeyboardDevice.obj (.text:_ZN9usbdevice17USBKeyboardDevice23registerKeyboardHandlerEPFYjPvjjS1_E)
                  000062a8    0000000c     rtsv7M4_T_le_v4SPD16_eabi.lib : guard.c.obj (.text:__cxa_guard_acquire)
                  000062b4    0000000c     SPI.obj (.text:__sti___7_SPI_cpp_230ca784)
                  000062c0    0000000c     Wire.obj (.text:__sti___8_Wire_cpp_4e348ebc)
                  000062cc    0000000c     rtsv7M4_T_le_v4SPD16_eabi.lib : copy_zero_init.c.obj (.text:decompress:ZI:__TI_zero_init)
                  000062d8    0000000a     driverlib.lib : usb.obj (.text:USBClockEnable)
                  000062e2    0000000a                   : usb.obj (.text:USBControllerVersion)
                  000062ec    0000000a                   : usb.obj (.text:USBDMAChannelAddressSet)
                  000062f6    0000000a                   : usb.obj (.text:USBDMAChannelCountSet)
                  00006300    0000000a                   : usb.obj (.text:USBDevConnect)
                  0000630a    0000000a                   : usb.obj (.text:USBDevDisconnect)
                  00006314    0000000a                   : usb.obj (.text:USBIntStatusEndpoint)
                  0000631e    0000000a     SPI.obj (.text:_ZN8SPIClassC1Ev)
                  00006328    0000000a     rtsv7M4_T_le_v4SPD16_eabi.lib : guard.c.obj (.text:__cxa_guard_release)
                  00006332    00000008     driverlib.lib : usb.obj (.text:USBDevMode)
                  0000633a    00000008                   : usb.obj (.text:USBFIFOAddrGet)
                  00006342    00000008                   : usb.obj (.text:USBOTGMode)
                  0000634a    00000008     rtsv7M4_T_le_v4SPD16_eabi.lib : new.cpp.obj (.text:_ZdlPv)
                  00006352    00000008     usblib.lib : usbdma.obj (.text:iDMAUSBChannelIntDisable)
                  0000635a    00000008                : usbdma.obj (.text:iDMAUSBChannelIntEnable)
                  00006362    00000006     driverlib.lib : i2c.obj (.text:I2CSlaveDataPut)
                  00006368    00000006     tm4c123gh6pm_startup_ccs.obj (.text:ResetISR)
                  0000636e    00000006     driverlib.lib : sysctl.obj (.text:SysCtlDelay)
                  00006374    00000006     usblib.lib : usbbuffer.obj (.text:USBBufferFlush)
                  0000637a    00000006     driverlib.lib : usb.obj (.text:USBDMAChannelIntStatus)
                  00006380    00000006                   : usb.obj (.text:USBDevLPMConfig)
                  00006386    00000006                   : usb.obj (.text:USBLPMIntStatus)
                  0000638c    00000006     SPI.obj (.text:_ZN8SPIClass9setModuleEh)
                  00006392    00000006     USBSerialDevice.obj (.text:_ZN9usbdevice15USBSerialDevice15getRxEventCountEv)
                  00006398    00000006     USBSerialDevice.obj (.text:_ZN9usbdevice15USBSerialDevice16getReceiveBufferEv)
                  0000639e    00000006     USBSerialDevice.obj (.text:_ZN9usbdevice15USBSerialDevice19getReceiveBufferEndEv)
                  000063a4    00000006     USBSerialDevice.obj (.text:_ZN9usbdevice15USBSerialDevice5writeEPhj)
                  000063aa    00000006     rtsv7M4_T_le_v4SPD16_eabi.lib : pure_virt.c.obj (.text:__cxa_pure_virtual)
                  000063b0    00000006     usblib.lib : usbdma.obj (.text:iDMAUSBIntStatus)
                  000063b6    00000004                : usbdma.obj (.text:DMAUSBStatus)
                  000063ba    00000004                : usbdhid.obj (.text:HandleReset)
                  000063be    00000004     driverlib.lib : usb.obj (.text:USBDevAddrSet)
                  000063c2    00000004     main.obj (.text:_Z15USBEventHandlerPvjjS_)
                  000063c6    00000004     main.obj (.text:_Z9TxHandlerPvjjS_)
                  000063ca    00000004     rtsv7M4_T_le_v4SPD16_eabi.lib : typeinfo.c.obj (.text:_ZN10__cxxabiv117__class_type_infoD1Ev)
                  000063ce    00000004                                   : typeinfo.c.obj (.text:_ZN10__cxxabiv120__si_class_type_infoD1Ev)
                  000063d2    00000004     HardwareSerial.obj (.text:_ZN5Print17availableForWriteEv)
                  000063d6    00000004     rtsv7M4_T_le_v4SPD16_eabi.lib : new.cpp.obj (.text:_ZdlPvj)
                  000063da    00000004                                   : error.c.obj (.text:__abort_execution)
                  000063de    00000004                                   : pre_init.c.obj (.text:_system_pre_init)
                  000063e2    00000004                                   : exit.c.obj (.text:abort:abort)

.const     0    000063e8    0000070c     
                  000063e8    00000070     driverlib.lib : interrupt.obj (.const)
                  00006458    0000006c                   : sysctl.obj (.const:g_pui32Xtals)
                  000064c4    00000068     USBKeyboardDevice.obj (.const:_ZN43_INTERNAL_21_USBKeyboardDevice_cpp_497fa7839usbdevice14g_pcUsageCodesE)
                  0000652c    00000058     usblib.lib : usbdcdc.obj (.const)
                  00006584    00000040     SPI.obj (.const:g_ulSSIConfig)
                  000065c4    0000003f     usblib.lib : usbdhidkeyb.obj (.const:.string:g_pui8KeybReportDescriptor)
                  00006603    00000036     usb_structs.obj (.const:.string:g_pui8ConfigString)
                  00006639    00000002     main.obj (.const:.string:$P$T1$2)
                  0000663b    00000001     --HOLE-- [fill = 0]
                  0000663c    00000034     usblib.lib : usbdenum.obj (.const:g_psUSBDStdRequests)
                  00006670    00000034                : usbdhidkeyb.obj (.const)
                  000066a4    00000030                : usbdcdc.obj (.const:g_sCDCHandlers)
                  000066d4    00000030                : usbdcomp.obj (.const:g_sCompHandlers)
                  00006704    00000030                : usbdhid.obj (.const:g_sHIDHandlers)
                  00006734    0000002e                : usbdcdc.obj (.const:.string)
                  00006762    0000002c     usb_structs.obj (.const:.string:g_pui8ControlInterfaceString)
                  0000678e    00000025     rtsv7M4_T_le_v4SPD16_eabi.lib : typeinfo.c.obj (.const:.typeinfo:_ZTSN10__cxxabiv120__si_class_type_infoE)
                  000067b3    00000024     usb_structs.obj (.const:.string:g_pui8ManufacturerString)
                  000067d7    00000001     --HOLE-- [fill = 0]
                  000067d8    00000024     HardwareSerial.obj (.const:_ZTV14HardwareSerial)
                  000067fc    00000024     HardwareSerial.obj (.const:_ZTV6Stream)
                  00006820    00000024     Wire.obj (.const:_ZTV7TwoWire)
                  00006844    00000023     usblib.lib : usbdcdc.obj (.const:.string:g_pui8CDCSerCommInterface)
                  00006867    00000022     rtsv7M4_T_le_v4SPD16_eabi.lib : typeinfo.c.obj (.const:.typeinfo:_ZTSN10__cxxabiv117__class_type_infoE)
                  00006889    00000022     USBKeyboardDevice.obj (.const:_ZN43_INTERNAL_21_USBKeyboardDevice_cpp_497fa7839usbdevice19g_pcUsageCodesShiftE)
                  000068ab    00000001     --HOLE-- [fill = 0]
                  000068ac    00000020     HardwareSerial.obj (.const:g_ulUARTBase)
                  000068cc    00000020     HardwareSerial.obj (.const:g_ulUARTInt)
                  000068ec    00000020     Wire.obj (.const:g_uli2cConfig)
                  0000690c    0000001c     usb_structs.obj (.const:.string:g_pui8ProductString)
                  00006928    00000018     Print.obj (.const:_ZTV5Print)
                  00006940    00000018     usb_structs.obj (.const:g_pui8StringDescriptors)
                  00006958    00000012     usb_structs.obj (.const:.string:g_pui8SerialNumberString)
                  0000696a    00000011     HardwareSerial.obj (.const:.typeinfo:_ZTS14HardwareSerial)
                  0000697b    00000001     --HOLE-- [fill = 0]
                  0000697c    00000010     rtsv7M4_T_le_v4SPD16_eabi.lib : typeinfo.c.obj (.const:_ZTVN10__cxxabiv117__class_type_infoE)
                  0000698c    00000010                                   : typeinfo.c.obj (.const:_ZTVN10__cxxabiv120__si_class_type_infoE)
                  0000699c    00000010     SPI.obj (.const:g_ulSSIBase)
                  000069ac    00000010     SPI.obj (.const:g_ulSSIPeriph)
                  000069bc    00000010     SPI.obj (.const:g_ulSSIPins)
                  000069cc    00000010     SPI.obj (.const:g_ulSSIPort)
                  000069dc    00000010     Wire.obj (.const:g_uli2cBase)
                  000069ec    00000010     Wire.obj (.const:g_uli2cInt)
                  000069fc    00000010     Wire.obj (.const:g_uli2cMasterBase)
                  00006a0c    00000010     Wire.obj (.const:g_uli2cPeriph)
                  00006a1c    00000010     Wire.obj (.const:g_uli2cSCLPins)
                  00006a2c    00000010     Wire.obj (.const:g_uli2cSDAPins)
                  00006a3c    00000010     Wire.obj (.const:g_uli2cSlaveBase)
                  00006a4c    0000000e     usblib.lib : usbdhidkeyb.obj (.const:.string)
                  00006a5a    0000000d     rtsv7M4_T_le_v4SPD16_eabi.lib : stdlib_typeinfo.cpp.obj (.const:.typeinfo:_ZTSSt9type_info)
                  00006a67    00000001     --HOLE-- [fill = 0]
                  00006a68    0000000c     HardwareSerial.obj (.const:.typeinfo:_ZTI14HardwareSerial)
                  00006a74    0000000c     HardwareSerial.obj (.const:.typeinfo:_ZTI6Stream)
                  00006a80    0000000c     Wire.obj (.const:.typeinfo:_ZTI7TwoWire)
                  00006a8c    0000000c     rtsv7M4_T_le_v4SPD16_eabi.lib : typeinfo.c.obj (.const:.typeinfo:_ZTIN10__cxxabiv117__class_type_infoE)
                  00006a98    0000000c                                   : typeinfo.c.obj (.const:.typeinfo:_ZTIN10__cxxabiv120__si_class_type_infoE)
                  00006aa4    0000000c     uartstdio.obj (.const:g_ui32UARTInt)
                  00006ab0    00000009     usblib.lib : usbdcomp.obj (.const:.string)
                  00006ab9    00000009     Wire.obj (.const:.typeinfo:_ZTS7TwoWire)
                  00006ac2    00000002     main.obj (.const)
                  00006ac4    00000008     Print.obj (.const:.typeinfo:_ZTI5Print)
                  00006acc    00000008     rtsv7M4_T_le_v4SPD16_eabi.lib : stdlib_typeinfo.cpp.obj (.const:.typeinfo:_ZTISt9type_info)
                  00006ad4    00000008     HardwareSerial.obj (.const:.typeinfo:_ZTS6Stream)
                  00006adc    00000007     Print.obj (.const:.typeinfo:_ZTS5Print)
                  00006ae3    00000006     main.obj (.const:.string:$P$T0$1)
                  00006ae9    00000004     usb_structs.obj (.const:.string:g_pui8LangDescriptor)
                  00006aed    00000003     --HOLE-- [fill = 0]
                  00006af0    00000004     usb_structs.obj (.const)

.cinit     0    00006b00    000000e0     
                  00006b00    000000b8     (.cinit..data.load) [load image, compression = lzss]
                  00006bb8    0000000c     (__TI_handler_table)
                  00006bc4    00000004     --HOLE-- [fill = 0]
                  00006bc8    00000008     (.cinit..bss.load) [load image, compression = zero_init]
                  00006bd0    00000010     (__TI_cinit_table)

.init_array 
*          0    00006af4    0000000c     
                  00006af4    00000004     Wire.obj (.init_array)
                  00006af8    00000004     SPI.obj (.init_array)
                  00006afc    00000004     HardwareSerial.obj (.init_array)

.bss       0    20000000    00000e54     UNINITIALIZED
                  20000000    00000400     uartstdio.obj (.bss:g_pcUARTTxBuffer)
                  20000400    000003e8     USBSerialDevice.obj (.bss:instance$2)
                  200007e8    00000110     usblib.lib : usbdma.obj (.bss:g_psUSBDMAInst)
                  200008f8    000000f8     USBCompDevice.obj (.bss:instance$2)
                  200009f0    000000a4     USBKeyboardDevice.obj (.bss:instance$2)
                  20000a94    00000080     uartstdio.obj (.bss:g_pcUARTRxBuffer)
                  20000b14    00000050     usblib.lib : usbdenum.obj (.bss:g_psDCDInst)
                  20000b64    00000040                : usbdenum.obj (.bss:g_pui8DataBufferIn)
                  20000ba4    00000040     (.common:_ZN7TwoWire8rxBufferE)
                  20000be4    00000040     (.common:_ZN7TwoWire8txBufferE)
                  20000c24    00000038     HardwareSerial.obj (.bss:Serial1)
                  20000c5c    00000038     HardwareSerial.obj (.bss:Serial2)
                  20000c94    00000038     HardwareSerial.obj (.bss:Serial3)
                  20000ccc    00000038     HardwareSerial.obj (.bss:Serial4)
                  20000d04    00000038     HardwareSerial.obj (.bss:Serial5)
                  20000d3c    00000038     HardwareSerial.obj (.bss:Serial6)
                  20000d74    00000038     HardwareSerial.obj (.bss:Serial7)
                  20000dac    00000038     HardwareSerial.obj (.bss:Serial)
                  20000de4    00000018     (.common:g_pfnTickHandlers)
                  20000dfc    00000018     (.common:g_pvTickInstance)
                  20000e14    00000010     Wire.obj (.bss:Wire)
                  20000e24    00000008     uartstdio.obj (.bss)
                  20000e2c    00000004     USBCompDevice.obj (.bss)
                  20000e30    00000004     USBKeyboardDevice.obj (.bss)
                  20000e34    00000004     USBSerialDevice.obj (.bss)
                  20000e38    00000004     (.common:g_pfnUSBModeCallback)
                  20000e3c    00000004     (.common:g_ppCompConfigDescriptors)
                  20000e40    00000004     (.common:g_ppsDevInfo)
                  20000e44    00000004     (.common:g_ui32ULPISupport)
                  20000e48    00000004     (.common:ui32RxCount)
                  20000e4c    00000004     (.common:ui32TxCount)
                  20000e50    00000002     SPI.obj (.bss:SPI)
                  20000e52    00000002     (.common:_ZN9usbdevice16g_sKeyboardStateE)

.stack     0    20000e58    00000400     UNINITIALIZED
                  20000e58    00000004     rtsv7M4_T_le_v4SPD16_eabi.lib : boot_cortex_m.c.obj (.stack)
                  20000e5c    000003fc     --HOLE--

.data      0    20001258    00000144     UNINITIALIZED
                  20001258    0000005e     usblib.lib : usbdcdc.obj (.data)
                  200012b6    00000002     --HOLE--
                  200012b8    00000038                : usbdhidkeyb.obj (.data)
                  200012f0    00000015     uartstdio.obj (.data)
                  20001305    00000012     usblib.lib : usbdcomp.obj (.data)
                  20001317    00000012                : usbdhid.obj (.data)
                  20001329    00000003     buttons.obj (.data)
                  2000132c    00000010     USBKeyboardDevice.obj (.data)
                  2000133c    0000000c     rtsv7M4_T_le_v4SPD16_eabi.lib : memory.c.obj (.data:$O1$$)
                  20001348    0000000c     USBSerialDevice.obj (.data)
                  20001354    0000000c     usblib.lib : usbtick.obj (.data)
                  20001360    00000009     Wire.obj (.data)
                  20001369    00000003     --HOLE--
                  2000136c    00000009     usblib.lib : usbmode.obj (.data)
                  20001375    00000003     --HOLE--
                  20001378    00000008     rtsv7M4_T_le_v4SPD16_eabi.lib : _lock.c.obj (.data:$O1$$)
                  20001380    00000008     usblib.lib : usbdenum.obj (.data)
                  20001388    00000005     main.obj (.data)
                  2000138d    00000003     --HOLE--
                  20001390    00000004     USBCompDevice.obj (.data)
                  20001394    00000004     main.obj (.data:currentUid)
                  20001398    00000004     tm4c123gh6pm_startup_ccs.obj (.data)

.sysmem    0    200013a0    00000008     UNINITIALIZED
                  200013a0    00000008     rtsv7M4_T_le_v4SPD16_eabi.lib : memory.c.obj (.sysmem)

MODULE SUMMARY

       Module                         code    ro data   rw data
       ------                         ----    -------   -------
    .\drivers\
       buttons.obj                    104     0         3      
    +--+------------------------------+-------+---------+---------+
       Total:                         104     0         3      
                                                               
    .\src\
       main.obj                       1296    10        19     
       tm4c123gh6pm_startup_ccs.obj   28      620       4      
    +--+------------------------------+-------+---------+---------+
       Total:                         1324    630       23     
                                                               
    .\src\energia\
       Wire.obj                       1258    205       153    
       HardwareSerial.obj             572     189       448    
       SPI.obj                        364     132       2      
       Print.obj                      46      39        0      
    +--+------------------------------+-------+---------+---------+
       Total:                         2240    565       603    
                                                               
    .\src\rfid\
       MFRC522.obj                    2002    0         0      
    +--+------------------------------+-------+---------+---------+
       Total:                         2002    0         0      
                                                               
    .\src\usb\
       USBSerialDevice.obj            939     0         1016   
       USBKeyboardDevice.obj          592     138       184    
       USBCompDevice.obj              212     0         256    
       usb_structs.obj                0       212       0      
    +--+------------------------------+-------+---------+---------+
       Total:                         1743    350       1456   
                                                               
    .\utils\
       uartstdio.obj                  698     12        1181   
    +--+------------------------------+-------+---------+---------+
       Total:                         698     12        1181   
                                                               
    C:/ti/tivaware_c_series_2_1_4_178/driverlib/ccs/Debug/driverlib.lib
       usb.obj                        1354    0         0      
       sysctl.obj                     430     108       0      
       interrupt.obj                  340     112       0      
       udma.obj                       328     0         0      
       i2c.obj                        48      0         0      
       cpu.obj                        24      0         0      
    +--+------------------------------+-------+---------+---------+
       Total:                         2524    220       0      
                                                               
    C:/ti/tivaware_c_series_2_1_4_178/usblib/ccs/Debug/usblib.lib
       usbdenum.obj                   2904    52        160    
       usbdcdc.obj                    2008    217       94     
       usbdma.obj                     2008    0         272    
       usbdhid.obj                    1770    48        18     
       usbdcomp.obj                   1624    57        22     
       usbdhidkeyb.obj                652     129       56     
       usbbuffer.obj                  646     0         0      
       usbdconfig.obj                 576     0         0      
       usbdcdesc.obj                  356     0         0      
       usbringbuf.obj                 350     0         0      
       usbtick.obj                    160     0         60     
       usbdesc.obj                    86      0         0      
       usbulpi.obj                    82      0         0      
       usbmode.obj                    36      0         13     
       usbdhandler.obj                24      0         0      
    +--+------------------------------+-------+---------+---------+
       Total:                         13282   503       695    
                                                               
    C:\ti\ccsv8\tools\compiler\ti-cgt-arm_18.1.3.LTS\lib\rtsv7M4_T_le_v4SPD16_eabi.lib
       memory.c.obj                   372     0         12     
       typeinfo.c.obj                 36      127       0      
       memcpy_t2.asm.obj              156     0         0      
       memset_t2.asm.obj              122     0         0      
       copy_decompress_lzss.c.obj     104     0         0      
       autoinit.c.obj                 96      0         0      
       boot_cortex_m.c.obj            56      0         0      
       stdlib_typeinfo.cpp.obj        2       21        0      
       guard.c.obj                    22      0         0      
       copy_decompress_none.c.obj     14      0         0      
       copy_zero_init.c.obj           12      0         0      
       new.cpp.obj                    12      0         0      
       _lock.c.obj                    2       0         8      
       pure_virt.c.obj                6       0         0      
       error.c.obj                    4       0         0      
       exit.c.obj                     4       0         0      
       pre_init.c.obj                 4       0         0      
    +--+------------------------------+-------+---------+---------+
       Total:                         1024    148       20     
                                                               
       Heap:                          0       0         8      
       Stack:                         0       0         1024   
       Linker Generated:              0       220       0      
    +--+------------------------------+-------+---------+---------+
       Grand Total:                   24941   2648      5013   


LINKER GENERATED COPY TABLES

__TI_cinit_table @ 00006bd0 records: 2, size/record: 8, table size: 16
	.data: load addr=00006b00, load size=000000b8 bytes, run addr=20001258, run size=00000144 bytes, compression=lzss
	.bss: load addr=00006bc8, load size=00000008 bytes, run addr=20000000, run size=00000e54 bytes, compression=zero_init


LINKER GENERATED HANDLER TABLE

__TI_handler_table @ 00006bb8 records: 3, size/record: 4, table size: 12
	index: 0, handler: __TI_decompress_lzss
	index: 1, handler: __TI_decompress_none
	index: 2, handler: __TI_zero_init


GLOBAL SYMBOLS: SORTED ALPHABETICALLY BY Name 

address   name                                                                  
-------   ----                                                                  
000007cf  BuildCompositeDescriptor                                              
00003839  ButtonsInit                                                           
000063e3  C$$EXIT                                                               
00006225  CPUcpsid                                                              
00006231  CPUcpsie                                                              
00006363  I2CSlaveDataPut                                                       
0000610d  I2CSlaveEnable                                                        
0000618b  I2CSlaveInit                                                          
0000623d  I2CSlaveIntEnableEx                                                   
000038a1  IntDisable                                                            
00003909  IntEnable                                                             
00003bd1  IntIsEnabled                                                          
0000611d  IntMasterDisable                                                      
0000612d  IntMasterEnable                                                       
00004d81  InternalUSBRegisterTickHandler                                        
00004db9  InternalUSBStartOfFrameTick                                           
00005425  InternalUSBTickInit                                                   
00006af0  NUM_STRING_DESCRIPTORS                                                
00003531  ProcessDataFromHost                                                   
000036f5  ProcessDataToHost                                                     
000052fb  ProcessNotificationToHost                                             
00006369  ResetISR                                                              
00006af4  SHT$$INIT_ARRAY$$Base                                                 
00006b00  SHT$$INIT_ARRAY$$Limit                                                
20000e50  SPI                                                                   
20000dac  Serial                                                                
20000c24  Serial1                                                               
20000c5c  Serial2                                                               
20000c94  Serial3                                                               
20000ccc  Serial4                                                               
20000d04  Serial5                                                               
20000d3c  Serial6                                                               
20000d74  Serial7                                                               
000016bd  SysCtlClockGet                                                        
0000636f  SysCtlDelay                                                           
0000512d  SysCtlPeripheralEnable                                                
000042c5  SysCtlPeripheralReset                                                 
00005fb9  SysCtlUSBPLLEnable                                                    
0000613d  SysTickIntHandler                                                     
00000b65  UARTStdioIntHandler                                                   
000025fd  UARTwrite                                                             
00004271  ULPIConfigSet                                                         
00005e1d  USB0DeviceIntHandler                                                  
00003c35  USBBufferEventCallback                                                
00006375  USBBufferFlush                                                        
00005e35  USBBufferInit                                                         
0000576f  USBBufferRead                                                         
000054e3  USBBufferWrite                                                        
000062d9  USBClockEnable                                                        
000062e3  USBControllerVersion                                                  
00001c79  USBDCDCCompositeInit                                                  
00002b71  USBDCDCPacketRead                                                     
00003e81  USBDCDCPacketWrite                                                    
00005511  USBDCDCRxPacketAvailable                                              
00005fcd  USBDCDCTxPacketAvailable                                              
00004315  USBDCDConfigDescGet                                                   
00005677  USBDCDConfigDescGetNum                                                
00005d85  USBDCDConfigDescGetSize                                               
00005c71  USBDCDConfigGetInterface                                              
00004ed1  USBDCDConfigGetInterfaceEndpoint                                      
0000498d  USBDCDDeviceInfoInit                                                  
00005e4d  USBDCDFeatureGet                                                      
00000e25  USBDCDInit                                                            
00005fe1  USBDCDRequestDataEP0                                                  
00005ff5  USBDCDSendDataEP0                                                     
00005c8d  USBDCDStallEP0                                                        
000020ad  USBDCompositeInit                                                     
00001b99  USBDHIDCompositeInit                                                  
0000274d  USBDHIDKeyboardCompositeInit                                          
00002f49  USBDHIDKeyboardKeyStateChange                                         
000046ff  USBDHIDReportWrite                                                    
000061a7  USBDHIDTxPacketAvailable                                              
000062ed  USBDMAChannelAddressSet                                               
00006009  USBDMAChannelConfigSet                                                
000062f7  USBDMAChannelCountSet                                                 
000060a1  USBDMAChannelDisable                                                  
000060b3  USBDMAChannelEnable                                                   
000060c5  USBDMAChannelIntDisable                                               
000060d7  USBDMAChannelIntEnable                                                
0000637b  USBDMAChannelIntStatus                                                
000061b5  USBDMAChannelStatus                                                   
000055c7  USBDescGet                                                            
000056a1  USBDescGetNum                                                         
000063bf  USBDevAddrSet                                                         
00006301  USBDevConnect                                                         
0000630b  USBDevDisconnect                                                      
00003261  USBDevEndpointConfigSet                                               
000056cb  USBDevEndpointDataAck                                                 
0000532d  USBDevEndpointStall                                                   
00004749  USBDevEndpointStallClear                                              
00004001  USBDevEndpointStatusClear                                             
00006381  USBDevLPMConfig                                                       
000061c3  USBDevLPMDisable                                                      
000061d1  USBDevLPMEnable                                                       
00006333  USBDevMode                                                            
00001215  USBDeviceConfig                                                       
00002d1d  USBDeviceConfigAlternate                                              
00001d51  USBDeviceEnumHandler                                                  
00004825  USBDeviceEnumResetHandler                                             
000010c5  USBDeviceIntHandlerInternal                                           
00004365  USBDeviceResumeTickHandler                                            
00005d9f  USBEndpointDMAChannel                                                 
0000453d  USBEndpointDMAConfigSet                                               
000058f7  USBEndpointDMADisable                                                 
0000591b  USBEndpointDMAEnable                                                  
00005ca9  USBEndpointDataAvail                                                  
00004945  USBEndpointDataGet                                                    
0000508d  USBEndpointDataPut                                                    
00005161  USBEndpointDataSend                                                   
00006249  USBEndpointPacketCountSet                                             
0000614d  USBEndpointStatus                                                     
0000633b  USBFIFOAddrGet                                                        
00004d0f  USBFIFOConfigSet                                                      
0000601d  USBHostResume                                                         
000057c1  USBIntEnableControl                                                   
00005f09  USBIntEnableEndpoint                                                  
00004f09  USBIntStatusControl                                                   
00006315  USBIntStatusEndpoint                                                  
00006255  USBLPMIntEnable                                                       
00006387  USBLPMIntStatus                                                       
00000cc5  USBLibDMAInit                                                         
00006343  USBOTGMode                                                            
00005b41  USBRingBufAdvanceRead                                                 
00004f41  USBRingBufAdvanceWrite                                                
00005bc1  USBRingBufContigFree                                                  
0000615d  USBRingBufContigUsed                                                  
00005f1f  USBRingBufFlush                                                       
000060e9  USBRingBufFree                                                        
00006261  USBRingBufInit                                                        
00005cc5  USBRingBufRead                                                        
00005f35  USBRingBufReadOne                                                     
00005f4b  USBRingBufUsed                                                        
00005ce1  USBRingBufWrite                                                       
0000616d  USBRingBufWriteOne                                                    
00005941  USBStackModeSet                                                       
000061df  USBULPIDisable                                                        
000061ed  USBULPIEnable                                                         
00005bdf  USBULPIRegRead                                                        
00005bfd  USBULPIRegWrite                                                       
20000e14  Wire                                                                  
00001485  _Z12configureUSBv                                                     
000034bd  _Z14ControlHandlerPvjjS_                                              
000063c3  _Z15USBEventHandlerPvjjS_                                             
000057e9  _Z18USBKeyboardHandlerPvjjS_                                          
00005965  _Z5delayi                                                             
00004a15  _Z9RxHandlerPvjjS_                                                    
000063c7  _Z9TxHandlerPvjjS_                                                    
000061fb  _ZN10__cxxabiv117__class_type_infoD0Ev                                
000063cb  _ZN10__cxxabiv117__class_type_infoD1Ev                                
000063cb  _ZN10__cxxabiv117__class_type_infoD2Ev                                
00006209  _ZN10__cxxabiv120__si_class_type_infoD0Ev                             
000063cf  _ZN10__cxxabiv120__si_class_type_infoD1Ev                             
000063cf  _ZN10__cxxabiv120__si_class_type_infoD2Ev                             
0000054d  _ZN11rfid_reader7MFRC52211select_PICCEPNS_3UidEh                      
000039d9  _ZN11rfid_reader7MFRC52212REQA_or_WUPAEhPhS1_                         
00003a3f  _ZN11rfid_reader7MFRC52212calculateCRCEPhhS1_                         
00002181  _ZN11rfid_reader7MFRC52212readRegisterENS_12PCD_RegisterEhPhh         
00004589  _ZN11rfid_reader7MFRC52212readRegisterEh                              
0000486d  _ZN11rfid_reader7MFRC52213writeRegisterEhh                            
000040bd  _ZN11rfid_reader7MFRC52213writeRegisterEhhPh                          
00006045  _ZN11rfid_reader7MFRC52214readCardSerialEv                            
000056f5  _ZN11rfid_reader7MFRC52214transceiveDataEPhhS1_S1_S1_hb               
00005b61  _ZN11rfid_reader7MFRC52216isNewCardPresentEv                          
00005f61  _ZN11rfid_reader7MFRC52218setRegisterBitMaskEhh                       
0000135d  _ZN11rfid_reader7MFRC52219communicateWithPICCEhhPhhS1_S1_S1_hb        
00005db9  _ZN11rfid_reader7MFRC52220clearRegisterBitMaskEhh                     
000037cd  _ZN11rfid_reader7MFRC5224initEv                                       
00005b81  _ZN11rfid_reader7MFRC5225delayEi                                      
00005c1b  _ZN11rfid_reader7MFRC5229antennaOnEv                                  
00005cfd  _ZN11rfid_reader7MFRC5229softResetEv                                  
000043b5  _ZN11rfid_reader7MFRC522C1Ev                                          
000043b5  _ZN11rfid_reader7MFRC522C2Ev                                          
000033cd  _ZN14HardwareSerial13primeTransmitEm                                  
000060fb  _ZN14HardwareSerial4peekEv                                            
00005889  _ZN14HardwareSerial4readEv                                            
000055f5  _ZN14HardwareSerial5flushEv                                           
00003f41  _ZN14HardwareSerial5writeEh                                           
00005f77  _ZN14HardwareSerial9availableEv                                       
00004b61  _ZN14HardwareSerialC1Em                                               
00004ba1  _ZN14HardwareSerialC1Ev                                               
00004b61  _ZN14HardwareSerialC2Em                                               
00004ba1  _ZN14HardwareSerialC2Ev                                               
000063d3  _ZN5Print17availableForWriteEv                                        
00002fcf  _ZN5Print5flushEv                                                     
0000553f  _ZN5Print5writeEPKhj                                                  
20001360  _ZN7TwoWire11rxReadIndexE                                             
20001363  _ZN7TwoWire11txReadIndexE                                             
20001368  _ZN7TwoWire12currentStateE                                            
20001361  _ZN7TwoWire12rxWriteIndexE                                            
20001366  _ZN7TwoWire12slaveAddressE                                            
20001367  _ZN7TwoWire12transmittingE                                            
20001364  _ZN7TwoWire12txWriteIndexE                                            
00005989  _ZN7TwoWire4peekEv                                                    
00005195  _ZN7TwoWire4readEv                                                    
000019c9  _ZN7TwoWire5beginEh                                                   
000009c5  _ZN7TwoWire5beginEv                                                   
00005ba1  _ZN7TwoWire5flushEv                                                   
00005a7d  _ZN7TwoWire5writeEPKhj                                                
00002fd1  _ZN7TwoWire5writeEh                                                   
20000ba4  _ZN7TwoWire8rxBufferE                                                 
20000be4  _ZN7TwoWire8txBufferE                                                 
00005d19  _ZN7TwoWire9availableEv                                               
00001e29  _ZN7TwoWire9forceStopEv                                               
20001365  _ZN7TwoWire9i2cModuleE                                                
00005d35  _ZN7TwoWire9setModuleEm                                               
20001362  _ZN7TwoWire9txAddressE                                                
000059ad  _ZN7TwoWireC1Ev                                                       
000059ad  _ZN7TwoWireC2Ev                                                       
000017cd  _ZN8SPIClass5beginEv                                                  
000048b5  _ZN8SPIClass8transferEh                                               
0000638d  _ZN8SPIClass9setModuleEh                                              
0000631f  _ZN8SPIClassC1Ev                                                      
0000631f  _ZN8SPIClassC2Ev                                                      
000051c9  _ZN9usbdevice13USBCompDevice11getInstanceEv                           
20001390  _ZN9usbdevice13USBCompDevice12eventHandlerE                           
0000626d  _ZN9usbdevice13USBCompDevice20registerEventHandlerEPFYjPvjjS1_E       
00004c1f  _ZN9usbdevice13USBCompDevice4initEv                                   
00004119  _ZN9usbdevice13USBCompDeviceC1EPFYjPvjjS1_E                           
00004119  _ZN9usbdevice13USBCompDeviceC2EPFYjPvjjS1_E                           
00005f8d  _ZN9usbdevice15USBSerialDevice10initBufferEv                          
0000556d  _ZN9usbdevice15USBSerialDevice10readBufferEv                          
00004a59  _ZN9usbdevice15USBSerialDevice11getInstanceEv                         
00004a9d  _ZN9usbdevice15USBSerialDevice12disconnectedEv                        
00002da9  _ZN9usbdevice15USBSerialDevice13GetLineCodingEP11tLineCoding          
00003055  _ZN9usbdevice15USBSerialDevice13SetLineCodingEP11tLineCoding          
20001348  _ZN9usbdevice15USBSerialDevice14controlHandlerE                       
00006393  _ZN9usbdevice15USBSerialDevice15getRxEventCountEv                     
000035a3  _ZN9usbdevice15USBSerialDevice15getSerialDeviceEv                     
00006399  _ZN9usbdevice15USBSerialDevice16getReceiveBufferEv                    
00006279  _ZN9usbdevice15USBSerialDevice17registerRxHandlerEPFYjPvjjS1_E        
00006285  _ZN9usbdevice15USBSerialDevice17registerTxHandlerEPFYjPvjjS1_E        
00003837  _ZN9usbdevice15USBSerialDevice19SetControlLineStateEt                 
0000639f  _ZN9usbdevice15USBSerialDevice19getReceiveBufferEndEv                 
00004405  _ZN9usbdevice15USBSerialDevice20USBUARTPrimeTransmitEv                
00006291  _ZN9usbdevice15USBSerialDevice22registerControlHandlerEPFYjPvjjS1_E   
000063a5  _ZN9usbdevice15USBSerialDevice5writeEPhj                              
00004f79  _ZN9usbdevice15USBSerialDevice9SendBreakEb                            
00004455  _ZN9usbdevice15USBSerialDevice9connectedEv                            
2000134c  _ZN9usbdevice15USBSerialDevice9rxHandlerE                             
20001350  _ZN9usbdevice15USBSerialDevice9txHandlerE                             
000023d1  _ZN9usbdevice15USBSerialDeviceC1EPFYjPvjjS1_ES3_S3_                   
000023d1  _ZN9usbdevice15USBSerialDeviceC2EPFYjPvjjS1_ES3_S3_                   
20000e52  _ZN9usbdevice16g_sKeyboardStateE                                      
000051fd  _ZN9usbdevice17USBKeyboardDevice11getInstanceEv                       
00005811  _ZN9usbdevice17USBKeyboardDevice12GetUsageCodeEcb                     
0000291d  _ZN9usbdevice17USBKeyboardDevice14USBWriteStringEPKci                 
2000132c  _ZN9usbdevice17USBKeyboardDevice15keyboardHandlerE                    
00003445  _ZN9usbdevice17USBKeyboardDevice17USBKeyboardUpdateEhhb               
000040bb  _ZN9usbdevice17USBKeyboardDevice17getKeyboardDeviceEv                 
00005e95  _ZN9usbdevice17USBKeyboardDevice17releaseSpecialKeyEv                 
00002e35  _ZN9usbdevice17USBKeyboardDevice22USBPressKeyCombinationEhPKhi        
0000629d  _ZN9usbdevice17USBKeyboardDevice23registerKeyboardHandlerEPFYjPvjjS1_E
0000535f  _ZN9usbdevice17USBKeyboardDeviceC1EPFYjPvjjS1_E                       
0000535f  _ZN9usbdevice17USBKeyboardDeviceC2EPFYjPvjjS1_E                       
000042c3  _ZNSt9type_infoD1Ev                                                   
000042c3  _ZNSt9type_infoD2Ev                                                   
000063e3  _ZSt17__throw_bad_allocv                                              
00006a68  _ZTI14HardwareSerial                                                  
00006ac4  _ZTI5Print                                                            
00006a74  _ZTI6Stream                                                           
00006a80  _ZTI7TwoWire                                                          
00006a8c  _ZTIN10__cxxabiv117__class_type_infoE                                 
00006a98  _ZTIN10__cxxabiv120__si_class_type_infoE                              
00006acc  _ZTISt9type_info                                                      
0000696a  _ZTS14HardwareSerial                                                  
00006adc  _ZTS5Print                                                            
00006ad4  _ZTS6Stream                                                           
00006ab9  _ZTS7TwoWire                                                          
00006867  _ZTSN10__cxxabiv117__class_type_infoE                                 
0000678e  _ZTSN10__cxxabiv120__si_class_type_infoE                              
00006a5a  _ZTSSt9type_info                                                      
000067d8  _ZTV14HardwareSerial                                                  
00006928  _ZTV5Print                                                            
000067fc  _ZTV6Stream                                                           
00006820  _ZTV7TwoWire                                                          
0000697c  _ZTVN10__cxxabiv117__class_type_infoE                                 
0000698c  _ZTVN10__cxxabiv120__si_class_type_infoE                              
0000634b  _ZdlPv                                                                
000063d7  _ZdlPvj                                                               
20001258  __STACK_END                                                           
00000400  __STACK_SIZE                                                          
20001058  __STACK_TOP                                                           
00000008  __SYSMEM_SIZE                                                         
00006bd0  __TI_CINIT_Base                                                       
00006be0  __TI_CINIT_Limit                                                      
00006bb8  __TI_Handler_Table_Base                                               
00006bc4  __TI_Handler_Table_Limit                                              
00003fa1  __TI_auto_init_nobinit                                                
00003971  __TI_decompress_lzss                                                  
00006217  __TI_decompress_none                                                  
ffffffff  __TI_pprof_out_hndl                                                   
ffffffff  __TI_prof_data_size                                                   
ffffffff  __TI_prof_data_start                                                  
00000000  __TI_static_base__                                                    
000062cd  __TI_zero_init                                                        
[...]
00005889  _ZN14HardwareSerial4readEv                                            
000058f7  USBEndpointDMADisable                                                 
0000591b  USBEndpointDMAEnable                                                  
00005941  USBStackModeSet                                                       
00005965  _Z5delayi                                                             
00005989  _ZN7TwoWire4peekEv                                                    
000059ad  _ZN7TwoWireC1Ev                                                       
000059ad  _ZN7TwoWireC2Ev                                                       
000059d1  uDMAChannelControlSet                                                 
00005a7d  _ZN7TwoWire5writeEPKhj                                                
00005b41  USBRingBufAdvanceRead                                                 
00005b61  _ZN11rfid_reader7MFRC52216isNewCardPresentEv                          
00005b81  _ZN11rfid_reader7MFRC5225delayEi                                      
00005ba1  _ZN7TwoWire5flushEv                                                   
00005bc1  USBRingBufContigFree                                                  
00005bdf  USBULPIRegRead                                                        
00005bfd  USBULPIRegWrite                                                       
00005c1b  _ZN11rfid_reader7MFRC5229antennaOnEv                                  
00005c71  USBDCDConfigGetInterface                                              
00005c8d  USBDCDStallEP0                                                        
00005ca9  USBEndpointDataAvail                                                  
00005cc5  USBRingBufRead                                                        
00005ce1  USBRingBufWrite                                                       
00005cfd  _ZN11rfid_reader7MFRC5229softResetEv                                  
00005d19  _ZN7TwoWire9availableEv                                               
00005d35  _ZN7TwoWire9setModuleEm                                               
00005d85  USBDCDConfigDescGetSize                                               
00005d9f  USBEndpointDMAChannel                                                 
00005db9  _ZN11rfid_reader7MFRC52220clearRegisterBitMaskEhh                     
00005e1d  USB0DeviceIntHandler                                                  
00005e35  USBBufferInit                                                         
00005e4d  USBDCDFeatureGet                                                      
00005e95  _ZN9usbdevice17USBKeyboardDevice17releaseSpecialKeyEv                 
00005ead  uDMAChannelDisable                                                    
00005ec5  uDMAChannelEnable                                                     
00005f09  USBIntEnableEndpoint                                                  
00005f1f  USBRingBufFlush                                                       
00005f35  USBRingBufReadOne                                                     
00005f4b  USBRingBufUsed                                                        
00005f61  _ZN11rfid_reader7MFRC52218setRegisterBitMaskEhh                       
00005f77  _ZN14HardwareSerial9availableEv                                       
00005f8d  _ZN9usbdevice15USBSerialDevice10initBufferEv                          
00005fb9  SysCtlUSBPLLEnable                                                    
00005fcd  USBDCDCTxPacketAvailable                                              
00005fe1  USBDCDRequestDataEP0                                                  
00005ff5  USBDCDSendDataEP0                                                     
00006009  USBDMAChannelConfigSet                                                
0000601d  USBHostResume                                                         
00006045  _ZN11rfid_reader7MFRC52214readCardSerialEv                            
000060a1  USBDMAChannelDisable                                                  
000060b3  USBDMAChannelEnable                                                   
000060c5  USBDMAChannelIntDisable                                               
000060d7  USBDMAChannelIntEnable                                                
000060e9  USBRingBufFree                                                        
000060fb  _ZN14HardwareSerial4peekEv                                            
0000610d  I2CSlaveEnable                                                        
0000611d  IntMasterDisable                                                      
0000612d  IntMasterEnable                                                       
0000613d  SysTickIntHandler                                                     
0000614d  USBEndpointStatus                                                     
0000615d  USBRingBufContigUsed                                                  
0000616d  USBRingBufWriteOne                                                    
0000618b  I2CSlaveInit                                                          
000061a7  USBDHIDTxPacketAvailable                                              
000061b5  USBDMAChannelStatus                                                   
000061c3  USBDevLPMDisable                                                      
000061d1  USBDevLPMEnable                                                       
000061df  USBULPIDisable                                                        
000061ed  USBULPIEnable                                                         
000061fb  _ZN10__cxxabiv117__class_type_infoD0Ev                                
00006209  _ZN10__cxxabiv120__si_class_type_infoD0Ev                             
00006217  __TI_decompress_none                                                  
00006225  CPUcpsid                                                              
00006231  CPUcpsie                                                              
0000623d  I2CSlaveIntEnableEx                                                   
00006249  USBEndpointPacketCountSet                                             
00006255  USBLPMIntEnable                                                       
00006261  USBRingBufInit                                                        
0000626d  _ZN9usbdevice13USBCompDevice20registerEventHandlerEPFYjPvjjS1_E       
00006279  _ZN9usbdevice15USBSerialDevice17registerRxHandlerEPFYjPvjjS1_E        
00006285  _ZN9usbdevice15USBSerialDevice17registerTxHandlerEPFYjPvjjS1_E        
00006291  _ZN9usbdevice15USBSerialDevice22registerControlHandlerEPFYjPvjjS1_E   
0000629d  _ZN9usbdevice17USBKeyboardDevice23registerKeyboardHandlerEPFYjPvjjS1_E
000062a9  __cxa_guard_acquire                                                   
000062b5  __sti___7_SPI_cpp_230ca784                                            
000062c1  __sti___8_Wire_cpp_4e348ebc                                           
000062cd  __TI_zero_init                                                        
000062d9  USBClockEnable                                                        
000062e3  USBControllerVersion                                                  
000062ed  USBDMAChannelAddressSet                                               
000062f7  USBDMAChannelCountSet                                                 
00006301  USBDevConnect                                                         
0000630b  USBDevDisconnect                                                      
00006315  USBIntStatusEndpoint                                                  
0000631f  _ZN8SPIClassC1Ev                                                      
0000631f  _ZN8SPIClassC2Ev                                                      
00006329  __cxa_guard_release                                                   
00006333  USBDevMode                                                            
0000633b  USBFIFOAddrGet                                                        
00006343  USBOTGMode                                                            
0000634b  _ZdlPv                                                                
00006363  I2CSlaveDataPut                                                       
00006369  ResetISR                                                              
0000636f  SysCtlDelay                                                           
00006375  USBBufferFlush                                                        
0000637b  USBDMAChannelIntStatus                                                
00006381  USBDevLPMConfig                                                       
00006387  USBLPMIntStatus                                                       
0000638d  _ZN8SPIClass9setModuleEh                                              
00006393  _ZN9usbdevice15USBSerialDevice15getRxEventCountEv                     
00006399  _ZN9usbdevice15USBSerialDevice16getReceiveBufferEv                    
0000639f  _ZN9usbdevice15USBSerialDevice19getReceiveBufferEndEv                 
000063a5  _ZN9usbdevice15USBSerialDevice5writeEPhj                              
000063ab  __cxa_pure_virtual                                                    
000063bf  USBDevAddrSet                                                         
000063c3  _Z15USBEventHandlerPvjjS_                                             
000063c7  _Z9TxHandlerPvjjS_                                                    
000063cb  _ZN10__cxxabiv117__class_type_infoD1Ev                                
000063cb  _ZN10__cxxabiv117__class_type_infoD2Ev                                
000063cf  _ZN10__cxxabiv120__si_class_type_infoD1Ev                             
000063cf  _ZN10__cxxabiv120__si_class_type_infoD2Ev                             
000063d3  _ZN5Print17availableForWriteEv                                        
000063d7  _ZdlPvj                                                               
000063db  __abort_execution                                                     
000063df  _system_pre_init                                                      
000063e3  C$$EXIT                                                               
000063e3  _ZSt17__throw_bad_allocv                                              
000063e3  abort                                                                 
0000652c  g_sCDCSerConfigSection                                                
00006534  g_sIADSerConfigSection                                                
0000653c  g_sCDCSerCommInterfaceSection                                         
00006544  g_sCDCSerDataInterfaceSection                                         
0000654c  g_sCDCSerDataInterfaceSectionHS                                       
00006554  g_sCDCSerConfigHeader                                                 
0000655c  g_sCDCSerConfigHeaderHS                                               
00006564  g_sCDCCompSerConfigHeader                                             
0000656c  g_sCDCCompSerConfigHeaderHS                                           
00006574  g_ppCDCSerConfigDescriptors                                           
00006578  g_ppCDCSerConfigDescriptorsHS                                         
0000657c  g_pCDCCompSerConfigDescriptors                                        
00006580  g_pCDCCompSerConfigDescriptorsHS                                      
00006603  g_pui8ConfigString                                                    
000066a4  g_sCDCHandlers                                                        
000066d4  g_sCompHandlers                                                       
00006704  g_sHIDHandlers                                                        
00006734  g_pui8CDCSerDataInterface                                             
0000674b  g_pui8CDCSerDataInterfaceHS                                           
00006762  g_pui8ControlInterfaceString                                          
0000678e  _ZTSN10__cxxabiv120__si_class_type_infoE                              
000067b3  g_pui8ManufacturerString                                              
000067d8  _ZTV14HardwareSerial                                                  
000067fc  _ZTV6Stream                                                           
00006820  _ZTV7TwoWire                                                          
00006844  g_pui8CDCSerCommInterface                                             
00006867  _ZTSN10__cxxabiv117__class_type_infoE                                 
0000690c  g_pui8ProductString                                                   
00006928  _ZTV5Print                                                            
00006940  g_pui8StringDescriptors                                               
00006958  g_pui8SerialNumberString                                              
0000696a  _ZTS14HardwareSerial                                                  
0000697c  _ZTVN10__cxxabiv117__class_type_infoE                                 
0000698c  _ZTVN10__cxxabiv120__si_class_type_infoE                              
00006a5a  _ZTSSt9type_info                                                      
00006a68  _ZTI14HardwareSerial                                                  
00006a74  _ZTI6Stream                                                           
00006a80  _ZTI7TwoWire                                                          
00006a8c  _ZTIN10__cxxabiv117__class_type_infoE                                 
00006a98  _ZTIN10__cxxabiv120__si_class_type_infoE                              
00006ab9  _ZTS7TwoWire                                                          
00006ac4  _ZTI5Print                                                            
00006acc  _ZTISt9type_info                                                      
00006ad4  _ZTS6Stream                                                           
00006adc  _ZTS5Print                                                            
00006ae9  g_pui8LangDescriptor                                                  
00006af0  NUM_STRING_DESCRIPTORS                                                
00006af4  SHT$$INIT_ARRAY$$Base                                                 
00006b00  SHT$$INIT_ARRAY$$Limit                                                
00006bb8  __TI_Handler_Table_Base                                               
00006bc4  __TI_Handler_Table_Limit                                              
00006bd0  __TI_CINIT_Base                                                       
00006be0  __TI_CINIT_Limit                                                      
20000b14  g_psDCDInst                                                           
20000ba4  _ZN7TwoWire8rxBufferE                                                 
20000be4  _ZN7TwoWire8txBufferE                                                 
20000c24  Serial1                                                               
20000c5c  Serial2                                                               
20000c94  Serial3                                                               
20000ccc  Serial4                                                               
20000d04  Serial5                                                               
20000d3c  Serial6                                                               
20000d74  Serial7                                                               
20000dac  Serial                                                                
20000de4  g_pfnTickHandlers                                                     
20000dfc  g_pvTickInstance                                                      
20000e14  Wire                                                                  
20000e3c  g_ppCompConfigDescriptors                                             
20000e40  g_ppsDevInfo                                                          
20000e48  ui32RxCount                                                           
20000e4c  ui32TxCount                                                           
20000e50  SPI                                                                   
20000e52  _ZN9usbdevice16g_sKeyboardStateE                                      
20000e58  __stack                                                               
20001058  __STACK_TOP                                                           
20001258  __STACK_END                                                           
20001258  g_pui8CDCSerDeviceDescriptor                                          
2000126a  g_pui8CDCSerDescriptor                                                
20001273  g_pui8IADSerDescriptor                                                
2000127c  g_psCDCSerSections                                                    
20001288  g_psCDCSerSectionsHS                                                  
20001294  g_psCDCCompSerSections                                                
200012a4  g_psCDCCompSerSectionsHS                                              
20001317  g_pui8HIDDeviceDescriptor                                             
2000132c  _ZN9usbdevice17USBKeyboardDevice15keyboardHandlerE                    
20001348  _ZN9usbdevice15USBSerialDevice14controlHandlerE                       
2000134c  _ZN9usbdevice15USBSerialDevice9rxHandlerE                             
20001350  _ZN9usbdevice15USBSerialDevice9txHandlerE                             
20001354  g_bUSBTimerInitialized                                                
20001358  g_ui32CurrentUSBTick                                                  
2000135c  g_ui32USBSOFCount                                                     
20001360  _ZN7TwoWire11rxReadIndexE                                             
20001361  _ZN7TwoWire12rxWriteIndexE                                            
20001362  _ZN7TwoWire9txAddressE                                                
20001363  _ZN7TwoWire11txReadIndexE                                             
20001364  _ZN7TwoWire12txWriteIndexE                                            
20001365  _ZN7TwoWire9i2cModuleE                                                
20001366  _ZN7TwoWire12slaveAddressE                                            
20001367  _ZN7TwoWire12transmittingE                                            
20001368  _ZN7TwoWire12currentStateE                                            
2000136c  g_iUSBMode                                                            
20001370  g_ui32WaitTicks                                                       
20001378  _lock                                                                 
2000137c  _unlock                                                               
20001388  cardMissing                                                           
2000138c  os                                                                    
20001390  _ZN9usbdevice13USBCompDevice12eventHandlerE                           
20001394  currentUid                                                            
20001398  g_ui32SysTickCount                                                    
200013a0  _sys_memory                                                           
ffffffff  __TI_pprof_out_hndl                                                   
ffffffff  __TI_prof_data_size                                                   
ffffffff  __TI_prof_data_start                                                  
ffffffff  __binit__                                                             
ffffffff  __c_args__                                                            
ffffffff  binit                                                                 
UNDEFED   __mpu_init                                                            
UNDEFED   _system_post_cinit                                                    

[386 symbols]
