******************************************************************************
                  TI ARM Linker PC v18.1.3                     
******************************************************************************
>> Linked Fri Dec 21 15:54:52 2018

OUTPUT FILE NAME:   <usb_keyb_dev.out>
ENTRY POINT SYMBOL: "_c_int00_noargs"  address: 00005089


MEMORY CONFIGURATION

         name            origin    length      used     unused   attr    fill
----------------------  --------  ---------  --------  --------  ----  --------
  FLASH                 00000000   00040000  00006dd4  0003922c  R  X
  SRAM                  20000000   00008000  0000139c  00006c64  RW X


SEGMENT ALLOCATION MAP

run origin  load origin   length   init length attrs members
----------  ----------- ---------- ----------- ----- -------
00000000    00000000    00006dd8   00006dd8    r-x
  00000000    00000000    0000026c   0000026c    r-- .intvecs
  0000026c    0000026c    0000626c   0000626c    r-x .text
  000064d8    000064d8    00000810   00000810    r-- .const
  00006ce8    00006ce8    0000000c   0000000c    r-- .init_array
  00006cf8    00006cf8    000000e0   000000e0    r-- .cinit
20000000    20000000    000013a0   00000000    rw-
  20000000    20000000    00000e54   00000000    rw- .bss
  20000e58    20000e58    00000400   00000000    rw- .stack
  20001258    20001258    00000140   00000000    rw- .data
  20001398    20001398    00000008   00000000    rw- .sysmem


SECTION ALLOCATION MAP

 output                                  attributes/
section   page    origin      length       input sections
--------  ----  ----------  ----------   ----------------
.intvecs   0    00000000    0000026c     
                  00000000    0000026c     tm4c123gh6pm_startup_ccs.obj (.intvecs)

.text      0    0000026c    0000626c     
                  0000026c    00000282     MFRC522.obj (.text:_ZN11rfid_reader7MFRC52211select_PICCEPNS_3UidEh)
                  000004ee    00000002     tm4c123gh6pm_startup_ccs.obj (.text:FaultISR)
                  000004f0    00000264     main.obj (.text:main)
                  00000754    000001f6     usblib.lib : usbdcomp.obj (.text:BuildCompositeDescriptor)
                  0000094a    00000002     tm4c123gh6pm_startup_ccs.obj (.text:IntDefaultHandler)
                  0000094c    000001a0     Wire.obj (.text:_ZN7TwoWire5beginEv)
                  00000aec    00000160     uartstdio.obj (.text:UARTStdioIntHandler)
                  00000c4c    00000160     usblib.lib : usbdma.obj (.text:USBLibDMAInit)
                  00000dac    00000150                : usbdenum.obj (.text:USBDCDInit)
                  00000efc    00000150                : usbdenum.obj (.text:USBDEP0StateTxConfig)
                  0000104c    00000150                : usbdenum.obj (.text:USBDeviceIntHandlerInternal)
                  0000119c    00000148                : usbdconfig.obj (.text:USBDeviceConfig)
                  000012e4    00000126     MFRC522.obj (.text:_ZN11rfid_reader7MFRC52219communicateWithPICCEhhPhhS1_S1_S1_hb)
                  0000140a    00000002     tm4c123gh6pm_startup_ccs.obj (.text:NmiSR)
                  0000140c    00000124     main.obj (.text:_Z12configureUSBv)
                  00001530    00000114     usblib.lib : usbdhid.obj (.text:HandleRequest)
                  00001644    00000110     driverlib.lib : sysctl.obj (.text:SysCtlClockGet)
                  00001754    00000108     SPI.obj (.text:_ZN8SPIClass5beginEv)
                  0000185c    000000f4     usblib.lib : usbdma.obj (.text:iDMAUSBTransfer)
                  00001950    000000ec     Wire.obj (.text:_ZN7TwoWire5beginEh)
                  00001a3c    000000e4     usblib.lib : usbdenum.obj (.text:USBDGetDescriptor)
                  00001b20    000000e0                : usbdhid.obj (.text:USBDHIDCompositeInit)
                  00001c00    000000d8                : usbdcdc.obj (.text:USBDCDCCompositeInit)
                  00001cd8    000000d8                : usbdenum.obj (.text:USBDeviceEnumHandler)
                  00001db0    000000d8     Wire.obj (.text:_ZN7TwoWire9forceStopEv)
                  00001e88    000000d8     rtsv7M4_T_le_v4SPD16_eabi.lib : memory.c.obj (.text:free)
                  00001f60    000000d4     usblib.lib : usbdcdc.obj (.text:HandleRequests)
                  00002034    000000d4                : usbdcomp.obj (.text:USBDCompositeInit)
                  00002108    000000cc     MFRC522.obj (.text:_ZN11rfid_reader7MFRC52212readRegisterENS_12PCD_RegisterEhPhh)
                  000021d4    000000c8     MFRC522.obj (.text:_ZN11rfid_reader7MFRC52215performSelfTestEv)
                  0000229c    000000c4     usblib.lib : usbdma.obj (.text:uDMAUSBChannelAllocate)
                  00002360    000000be                : usbbuffer.obj (.text:HandleRxAvailable)
                  0000241e    00000002     HardwareSerial.obj (.text:_ZN5Print5flushEv)
                  00002420    000000bc     USBSerialDevice.obj (.text:_ZN9usbdevice15USBSerialDeviceC1EPFYjPvjjS1_ES3_S3_)
                  000024dc    000000bc     usblib.lib : usbdma.obj (.text:uDMAUSBTransfer)
                  00002598    000000b4                : usbdcdc.obj (.text:HandleDevice)
                  0000264c    000000a8     uartstdio.obj (.text:UARTwrite)
                  000026f4    000000a6     usblib.lib : usbdhidkeyb.obj (.text:HIDKeyboardRxHandler)
                  0000279a    00000002     USBSerialDevice.obj (.text:_ZN9usbdevice15USBSerialDevice15getSerialDeviceEv)
                  0000279c    0000009c     usblib.lib : usbdhidkeyb.obj (.text:USBDHIDKeyboardCompositeInit)
                  00002838    0000009c     rtsv7M4_T_le_v4SPD16_eabi.lib : memcpy_t2.asm.obj (.text)
                  000028d4    00000098     usblib.lib : usbdenum.obj (.text:USBDSetInterface)
                  0000296c    00000098     USBKeyboardDevice.obj (.text:_ZN9usbdevice17USBKeyboardDevice14USBWriteStringEPKci)
                  00002a04    00000096     usblib.lib : usbdcdc.obj (.text:CDCTickHandler)
                  00002a9a    00000094                : usbdcdc.obj (.text:SendSerialState)
                  00002b2e    00000092                : usbbuffer.obj (.text:ScheduleNextTransmission)
                  00002bc0    00000090                : usbdcdc.obj (.text:USBDCDCPacketRead)
                  00002c50    00000090                : usbdenum.obj (.text:USBDSetConfiguration)
                  00002ce0    0000008c     uartstdio.obj (.text:UARTPrimeTransmit)
                  00002d6c    0000008c     usblib.lib : usbdconfig.obj (.text:USBDeviceConfigAlternate)
                  00002df8    0000008c     USBSerialDevice.obj (.text:_ZN9usbdevice15USBSerialDevice13GetLineCodingEP11tLineCoding)
                  00002e84    0000008c     USBKeyboardDevice.obj (.text:_ZN9usbdevice17USBKeyboardDevice22USBPressKeyCombinationEhPKhi)
                  00002f10    00000088     buttons.obj (.text:ButtonsPoll)
                  00002f98    00000088     usblib.lib : usbdhid.obj (.text:ProcessIdleTimers)
                  00003020    00000086                : usbdhidkeyb.obj (.text:USBDHIDKeyboardKeyStateChange)
                  000030a6    00000002     USBSerialDevice.obj (.text:_ZN9usbdevice15USBSerialDevice19SetControlLineStateEt)
                  000030a8    00000084     Wire.obj (.text:_ZN7TwoWire5writeEh)
                  0000312c    00000084     USBSerialDevice.obj (.text:_ZN9usbdevice15USBSerialDevice13SetLineCodingEP11tLineCoding)
                  000031b0    00000084     usblib.lib : usbdma.obj (.text:iDMAUSBChannelAllocate)
                  00003234    00000084     driverlib.lib : udma.obj (.text:uDMAChannelTransferSet)
                  000032b8    00000080     usblib.lib : usbdenum.obj (.text:USBDClearFeature)
                  00003338    0000007a     driverlib.lib : usb.obj (.text:USBDevEndpointConfigSet)
                  000033b2    0000007a     rtsv7M4_T_le_v4SPD16_eabi.lib : memset_t2.asm.obj (.text)
                  0000342c    00000078     usblib.lib : usbdenum.obj (.text:USBDGetStatus)
                  000034a4    00000078     HardwareSerial.obj (.text:_ZN14HardwareSerial13primeTransmitEm)
                  0000351c    00000078     USBKeyboardDevice.obj (.text:_ZN9usbdevice17USBKeyboardDevice17USBKeyboardUpdateEhhb)
                  00003594    00000074     main.obj (.text:_Z14ControlHandlerPvjjS_)
                  00003608    00000072     usblib.lib : usbdcdc.obj (.text:ProcessDataFromHost)
                  0000367a    00000002     USBKeyboardDevice.obj (.text:_ZN9usbdevice17USBKeyboardDevice17getKeyboardDeviceEv)
                  0000367c    00000070     usblib.lib : usbdenum.obj (.text:USBDEP0StateTx)
                  000036ec    00000070                : usbdma.obj (.text:uDMAUSBArbSizeSet)
                  0000375c    00000070                : usbdma.obj (.text:uDMAUSBUnitSizeSet)
                  000037cc    0000006c                : usbdcdc.obj (.text:ProcessDataToHost)
                  00003838    0000006c                : usbdenum.obj (.text:USBDSetFeature)
                  000038a4    0000006a     MFRC522.obj (.text:_ZN11rfid_reader7MFRC5224initEv)
                  0000390e    00000002     rtsv7M4_T_le_v4SPD16_eabi.lib : stdlib_typeinfo.cpp.obj (.text:_ZNSt9type_infoD1Ev)
                  00003910    00000068     buttons.obj (.text:ButtonsInit)
                  00003978    00000068     driverlib.lib : interrupt.obj (.text:IntDisable)
                  000039e0    00000068                   : interrupt.obj (.text:IntEnable)
                  00003a48    00000068     rtsv7M4_T_le_v4SPD16_eabi.lib : copy_decompress_lzss.c.obj (.text:decompress:lzss:__TI_decompress_lzss)
                  00003ab0    00000066     MFRC522.obj (.text:_ZN11rfid_reader7MFRC52212REQA_or_WUPAEhPhS1_)
                  00003b16    00000066     MFRC522.obj (.text:_ZN11rfid_reader7MFRC52212calculateCRCEPhhS1_)
                  00003b7c    00000064     usblib.lib : usbdcomp.obj (.text:GetDescriptor)
                  00003be0    00000064                : usbdhid.obj (.text:HandleGetDescriptor)
                  00003c44    00000064                : usbdcomp.obj (.text:HandleRequests)
                  00003ca8    00000064     driverlib.lib : interrupt.obj (.text:IntIsEnabled)
                  00003d0c    00000064     usblib.lib : usbbuffer.obj (.text:USBBufferEventCallback)
                  00003d70    00000064     HardwareSerial.obj (.text:__sti___18_HardwareSerial_cpp_5fc7db02)
                  00003dd4    00000064     usblib.lib : usbdma.obj (.text:uDMAUSBChannelEnable)
                  00003e38    00000060                : usbdcomp.obj (.text:HandleDevice)
                  00003e98    00000060                : usbdhid.obj (.text:HandleDevice)
                  00003ef8    00000060                : usbdhid.obj (.text:ProcessDataFromHost)
                  00003f58    00000060                : usbdcdc.obj (.text:USBDCDCPacketWrite)
                  00003fb8    00000060                : usbdenum.obj (.text:USBDReadAndDispatchRequest)
                  00004018    00000060     HardwareSerial.obj (.text:_ZN14HardwareSerial5writeEh)
                  00004078    00000060     rtsv7M4_T_le_v4SPD16_eabi.lib : autoinit.c.obj (.text:__TI_auto_init_nobinit:__TI_auto_init_nobinit)
                  000040d8    0000005e     driverlib.lib : usb.obj (.text:USBDevEndpointStatusClear)
                  00004136    0000005c     usblib.lib : usbdhid.obj (.text:FindHIDDescriptor)
                  00004192    00000002     rtsv7M4_T_le_v4SPD16_eabi.lib : _lock.c.obj (.text:_nop)
                  00004194    0000005c     MFRC522.obj (.text:_ZN11rfid_reader7MFRC52213writeRegisterEhhPh)
                  000041f0    00000058     USBCompDevice.obj (.text:_ZN9usbdevice13USBCompDeviceC1EPFYjPvjjS1_E)
                  00004248    00000056     usblib.lib : usbdhidkeyb.obj (.text:RemoveKeyFromPressedList)
                  0000429e    00000056                : usbdma.obj (.text:uDMAUSBChannelRelease)
                  000042f4    00000054                : usbdhid.obj (.text:ProcessDataToHost)
                  00004348    00000052                : usbulpi.obj (.text:ULPIConfigSet)
                  0000439a    00000002                : usbdma.obj (.text:iDMAUSBArbSizeSet)
                  0000439c    00000050     driverlib.lib : sysctl.obj (.text:SysCtlPeripheralReset)
                  000043ec    00000050     usblib.lib : usbdcdesc.obj (.text:USBDCDConfigDescGet)
                  0000443c    00000050                : usbdenum.obj (.text:USBDeviceResumeTickHandler)
                  0000448c    00000050     MFRC522.obj (.text:_ZN11rfid_reader7MFRC522C1Ev)
                  000044dc    00000050     USBSerialDevice.obj (.text:_ZN9usbdevice15USBSerialDevice20USBUARTPrimeTransmitEv)
                  0000452c    0000004e     USBSerialDevice.obj (.text:_ZN9usbdevice15USBSerialDevice9connectedEv)
                  0000457a    0000004c     usblib.lib : usbdconfig.obj (.text:GetEPDescriptorType)
                  000045c6    00000002                : usbdma.obj (.text:iDMAUSBUnitSizeSet)
                  000045c8    0000004c                : usbdenum.obj (.text:USBDStringIndexFromRequest)
                  00004614    0000004c     driverlib.lib : usb.obj (.text:USBEndpointDMAConfigSet)
                  00004660    0000004c     MFRC522.obj (.text:_ZN11rfid_reader7MFRC52212readRegisterEh)
                  000046ac    0000004c     usblib.lib : usbdma.obj (.text:iDMAUSBChannelEnable)
                  000046f8    0000004a                : usbdcdesc.obj (.text:ConfigAlternateInterfaceGet)
                  00004742    0000004a                : usbdcdc.obj (.text:HandleEP0Data)
                  0000478c    0000004a                : usbdcdc.obj (.text:HandleEndpoints)
                  000047d6    0000004a                : usbdhid.obj (.text:USBDHIDReportWrite)
                  00004820    0000004a     driverlib.lib : usb.obj (.text:USBDevEndpointStallClear)
                  0000486a    0000004a     usblib.lib : usbdma.obj (.text:uDMAUSBChannelDisable)
                  000048b4    00000048                : usbdhid.obj (.text:SetIdleTimeout)
                  000048fc    00000048                : usbdenum.obj (.text:USBDeviceEnumResetHandler)
                  00004944    00000048     MFRC522.obj (.text:_ZN11rfid_reader7MFRC52213writeRegisterEhh)
                  0000498c    00000048     SPI.obj (.text:_ZN8SPIClass8transferEh)
                  000049d4    00000048     driverlib.lib : udma.obj (.text:uDMAChannelAttributeDisable)
                  00004a1c    00000046                   : usb.obj (.text:USBEndpointDataGet)
                  00004a62    00000002     usblib.lib : usbdma.obj (.text:uDMAUSBChannelIntDisable)
                  00004a64    00000044                : usbdenum.obj (.text:USBDCDDeviceInfoInit)
                  00004aa8    00000044                : usbdenum.obj (.text:USBDGetInterface)
                  00004aec    00000044     main.obj (.text:_Z9RxHandlerPvjjS_)
                  00004b30    00000044     USBSerialDevice.obj (.text:_ZN9usbdevice15USBSerialDevice11getInstanceEv)
                  00004b74    00000041     USBSerialDevice.obj (.text:_ZN9usbdevice15USBSerialDevice12disconnectedEv)
                  00004bb5    00000001     --HOLE-- [fill = 0]
                  00004bb6    00000040     usblib.lib : usbdcomp.obj (.text:ConfigChangeHandler)
                  00004bf6    00000040                : usbdhid.obj (.text:ScheduleReportTransmission)
                  00004c36    00000002                : usbdma.obj (.text:uDMAUSBChannelIntEnable)
                  00004c38    00000040     HardwareSerial.obj (.text:_ZN14HardwareSerialC1Em)
                  00004c78    00000040     HardwareSerial.obj (.text:_ZN14HardwareSerialC1Ev)
                  00004cb8    0000003e     usblib.lib : usbdhidkeyb.obj (.text:HIDKeyboardTxHandler)
                  00004cf6    0000003c     USBCompDevice.obj (.text:_ZN9usbdevice13USBCompDevice4initEv)
                  00004d32    0000003c     usblib.lib : usbdma.obj (.text:iDMAUSBChannelRelease)
                  00004d6e    00000002     --HOLE-- [fill = 0]
                  00004d70    0000003c     rtsv7M4_T_le_v4SPD16_eabi.lib : memory.c.obj (.text:minsert)
                  00004dac    0000003a     usblib.lib : usbdcomp.obj (.text:EndpointToIndex)
                  00004de6    0000003a     driverlib.lib : usb.obj (.text:USBFIFOConfigSet)
                  00004e20    00000038     usblib.lib : usbdcomp.obj (.text:HandleDisconnect)
                  00004e58    00000038                : usbtick.obj (.text:InternalUSBRegisterTickHandler)
                  00004e90    00000038                : usbtick.obj (.text:InternalUSBStartOfFrameTick)
                  00004ec8    00000038                : usbdcomp.obj (.text:ResetHandler)
                  00004f00    00000038                : usbdcomp.obj (.text:ResumeHandler)
                  00004f38    00000038                : usbdcdc.obj (.text:SendBreak)
                  00004f70    00000038                : usbdcomp.obj (.text:SuspendHandler)
                  00004fa8    00000038                : usbdcdesc.obj (.text:USBDCDConfigGetInterfaceEndpoint)
                  00004fe0    00000038     driverlib.lib : usb.obj (.text:USBIntStatusControl)
                  00005018    00000038     usblib.lib : usbringbuf.obj (.text:USBRingBufAdvanceWrite)
                  00005050    00000038     USBSerialDevice.obj (.text:_ZN9usbdevice15USBSerialDevice9SendBreakEb)
                  00005088    00000038     rtsv7M4_T_le_v4SPD16_eabi.lib : boot_cortex_m.c.obj (.text:_c_int00_noargs:_c_int00_noargs)
                  000050c0    00000038                                   : memory.c.obj (.text:minit)
                  000050f8    00000036     usblib.lib : usbdhid.obj (.text:HandleEndpoints)
                  0000512e    00000036                : usbdcomp.obj (.text:InterfaceChange)
                  00005164    00000036     driverlib.lib : usb.obj (.text:USBEndpointDataPut)
                  0000519a    00000002     --HOLE-- [fill = 0]
                  0000519c    00000034     usblib.lib : usbdhid.obj (.text:HIDTickHandler)
                  000051d0    00000034                : usbdcdc.obj (.text:HandleConfigChange)
                  00005204    00000034     driverlib.lib : sysctl.obj (.text:SysCtlPeripheralEnable)
                  00005238    00000034                   : usb.obj (.text:USBEndpointDataSend)
                  0000526c    00000034     Wire.obj (.text:_ZN7TwoWire4readEv)
                  000052a0    00000034     USBCompDevice.obj (.text:_ZN9usbdevice13USBCompDevice11getInstanceEv)
                  000052d4    00000034     USBKeyboardDevice.obj (.text:_ZN9usbdevice17USBKeyboardDevice11getInstanceEv)
                  00005308    00000034     usblib.lib : usbdma.obj (.text:iDMAUSBChannelStatus)
                  0000533c    00000032                : usbdhid.obj (.text:ClearReportTimer)
                  0000536e    00000032                : usbdhid.obj (.text:HandleConfigChange)
                  000053a0    00000032                : usbdcdesc.obj (.text:NextConfigDescGet)
                  000053d2    00000032                : usbdcdc.obj (.text:ProcessNotificationToHost)
                  00005404    00000032     driverlib.lib : usb.obj (.text:USBDevEndpointStall)
                  00005436    00000032     USBKeyboardDevice.obj (.text:_ZN9usbdevice17USBKeyboardDeviceC1EPFYjPvjjS1_E)
                  00005468    00000032     usblib.lib : usbdma.obj (.text:iDMAUSBChannelDisable)
                  0000549a    00000030                : usbdhidkeyb.obj (.text:AddKeyToPressedList)
                  000054ca    00000030                : usbdma.obj (.text:DMAUSBIntHandler)
                  000054fa    00000002     --HOLE-- [fill = 0]
                  000054fc    00000030                : usbtick.obj (.text:InternalUSBTickInit)
                  0000552c    00000030                : usbdenum.obj (.text:USBDGetConfiguration)
                  0000555c    00000030                : usbringbuf.obj (.text:UpdateIndexAtomic)
                  0000558c    0000002e                : usbdcomp.obj (.text:HandleEndpoints)
                  000055ba    0000002e                : usbbuffer.obj (.text:USBBufferWrite)
                  000055e8    0000002e                : usbdcdc.obj (.text:USBDCDCRxPacketAvailable)
                  00005616    0000002e     Print.obj (.text:_ZN5Print5writeEPKhj)
                  00005644    0000002e     USBSerialDevice.obj (.text:_ZN9usbdevice15USBSerialDevice10readBufferEv)
                  00005672    0000002c     usblib.lib : usbdcomp.obj (.text:InterfaceToIndex)
                  0000569e    0000002c                : usbdesc.obj (.text:USBDescGet)
                  000056ca    00000002     --HOLE-- [fill = 0]
                  000056cc    0000002c     HardwareSerial.obj (.text:_ZN14HardwareSerial5flushEv)
                  000056f8    0000002c     usblib.lib : usbdma.obj (.text:uDMAUSBIntStatus)
                  00005724    0000002a                : usbbuffer.obj (.text:HandleRequestBuffer)
                  0000574e    0000002a                : usbdcdesc.obj (.text:USBDCDConfigDescGetNum)
                  00005778    0000002a                : usbdesc.obj (.text:USBDescGetNum)
                  000057a2    0000002a     driverlib.lib : usb.obj (.text:USBDevEndpointDataAck)
                  000057cc    0000002a     MFRC522.obj (.text:_ZN11rfid_reader7MFRC52214transceiveDataEPhhS1_S1_S1_hb)
                  000057f6    00000028     usblib.lib : usbdhid.obj (.text:GetIdleTimeout)
                  0000581e    00000028                : usbdhid.obj (.text:HandleEP0DataReceived)
                  00005846    00000028                : usbbuffer.obj (.text:USBBufferRead)
                  0000586e    00000002     --HOLE-- [fill = 0]
                  00005870    00000028                : usbdenum.obj (.text:USBDSetAddress)
                  00005898    00000028     driverlib.lib : usb.obj (.text:USBIntEnableControl)
                  000058c0    00000028     main.obj (.text:_Z18USBKeyboardHandlerPvjjS_)
                  000058e8    00000028     USBKeyboardDevice.obj (.text:_ZN9usbdevice17USBKeyboardDevice12GetUsageCodeEcb)
                  00005910    00000028     rtsv7M4_T_le_v4SPD16_eabi.lib : memory.c.obj (.text:mremove)
                  00005938    00000028     driverlib.lib : udma.obj (.text:uDMAChannelModeGet)
                  00005960    00000026     HardwareSerial.obj (.text:_ZN14HardwareSerial4readEv)
                  00005986    00000024     usblib.lib : usbdcdc.obj (.text:HandleDisconnect)
                  000059aa    00000024                : usbdcdc.obj (.text:SendLineStateChange)
                  000059ce    00000024     driverlib.lib : usb.obj (.text:USBEndpointDMADisable)
                  000059f2    00000024                   : usb.obj (.text:USBEndpointDMAEnable)
                  00005a16    00000002     --HOLE-- [fill = 0]
                  00005a18    00000024     usblib.lib : usbmode.obj (.text:USBStackModeSet)
                  00005a3c    00000024     main.obj (.text:_Z5delayi)
                  00005a60    00000024     Wire.obj (.text:_ZN7TwoWire4peekEv)
                  00005a84    00000024     Wire.obj (.text:_ZN7TwoWireC1Ev)
                  00005aa8    00000024     driverlib.lib : udma.obj (.text:uDMAChannelControlSet)
                  00005acc    00000022     usblib.lib : usbdcomp.obj (.text:DataReceived)
                  00005aee    00000022                : usbdcomp.obj (.text:DataSent)
                  00005b10    00000022                : usbdhid.obj (.text:HandleDisconnect)
                  00005b32    00000022                : usbdcdc.obj (.text:SendLineCodingChange)
                  00005b54    00000022     Wire.obj (.text:_ZN7TwoWire5writeEPKhj)
                  00005b76    00000022     usblib.lib : usbdma.obj (.text:uDMAUSBChannelStatus)
                  00005b98    00000020                : usbdcdc.obj (.text:CheckAndSendBreak)
                  00005bb8    00000020                : usbdconfig.obj (.text:GetEndpointFIFOSize)
                  00005bd8    00000020                : usbbuffer.obj (.text:HandleDataRemaining)
                  00005bf8    00000020                : usbdhid.obj (.text:HandleEP0DataSent)
                  00005c18    00000020                : usbringbuf.obj (.text:USBRingBufAdvanceRead)
                  00005c38    00000020     MFRC522.obj (.text:_ZN11rfid_reader7MFRC52216isNewCardPresentEv)
                  00005c58    00000020     MFRC522.obj (.text:_ZN11rfid_reader7MFRC5225delayEi)
                  00005c78    00000020     Wire.obj (.text:_ZN7TwoWire5flushEv)
                  00005c98    0000001e     usblib.lib : usbringbuf.obj (.text:USBRingBufContigFree)
                  00005cb6    0000001e     driverlib.lib : usb.obj (.text:USBULPIRegRead)
                  00005cd4    0000001e                   : usb.obj (.text:USBULPIRegWrite)
                  00005cf2    0000001e     MFRC522.obj (.text:_ZN11rfid_reader7MFRC5229antennaOnEv)
                  00005d10    0000001c     usblib.lib : usbdcomp.obj (.text:CompositeEPChange)
                  00005d2c    0000001c                : usbdcomp.obj (.text:CompositeIfaceChange)
                  00005d48    0000001c                : usbdcdesc.obj (.text:USBDCDConfigGetInterface)
                  00005d64    0000001c                : usbdenum.obj (.text:USBDCDStallEP0)
                  00005d80    0000001c     driverlib.lib : usb.obj (.text:USBEndpointDataAvail)
                  00005d9c    0000001c     usblib.lib : usbringbuf.obj (.text:USBRingBufRead)
                  00005db8    0000001c                : usbringbuf.obj (.text:USBRingBufWrite)
                  00005dd4    0000001c     MFRC522.obj (.text:_ZN11rfid_reader7MFRC5229softResetEv)
                  00005df0    0000001c     Wire.obj (.text:_ZN7TwoWire9availableEv)
                  00005e0c    0000001c     Wire.obj (.text:_ZN7TwoWire9setModuleEm)
                  00005e28    0000001a     usblib.lib : usbdhid.obj (.text:ClearIdleTimers)
                  00005e42    0000001a                : usbdcdc.obj (.text:DeviceConsumedAllData)
                  00005e5c    0000001a                : usbdcdesc.obj (.text:USBDCDConfigDescGetSize)
                  00005e76    0000001a     driverlib.lib : usb.obj (.text:USBEndpointDMAChannel)
                  00005e90    0000001a     MFRC522.obj (.text:_ZN11rfid_reader7MFRC52220clearRegisterBitMaskEhh)
                  00005eaa    00000018     uartstdio.obj (.text:IsBufferFull)
                  00005ec2    00000018     usblib.lib : usbdcdc.obj (.text:SetDeferredOpFlag)
                  00005eda    00000018                : usbdhid.obj (.text:SetDeferredOpFlag)
                  00005ef2    00000002     --HOLE-- [fill = 0]
                  00005ef4    00000018                : usbdhandler.obj (.text:USB0DeviceIntHandler)
                  00005f0c    00000018                : usbbuffer.obj (.text:USBBufferInit)
                  00005f24    00000018                : usbdenum.obj (.text:USBDCDFeatureGet)
                  00005f3c    00000018                : usbdenum.obj (.text:USBDSetDescriptor)
                  00005f54    00000018                : usbdenum.obj (.text:USBDSyncFrame)
                  00005f6c    00000018     USBKeyboardDevice.obj (.text:_ZN9usbdevice17USBKeyboardDevice17releaseSpecialKeyEv)
                  00005f84    00000018     driverlib.lib : udma.obj (.text:uDMAChannelDisable)
                  00005f9c    00000018                   : udma.obj (.text:uDMAChannelEnable)
                  00005fb4    00000016     usblib.lib : usbdcdc.obj (.text:CheckAndSendLineCodingChange)
                  00005fca    00000016                : usbdcdc.obj (.text:CheckAndSendLineStateChange)
                  00005fe0    00000016     driverlib.lib : usb.obj (.text:USBIntEnableEndpoint)
                  00005ff6    00000016     usblib.lib : usbringbuf.obj (.text:USBRingBufFlush)
                  0000600c    00000016                : usbringbuf.obj (.text:USBRingBufReadOne)
                  00006022    00000016                : usbringbuf.obj (.text:USBRingBufUsed)
                  00006038    00000016     MFRC522.obj (.text:_ZN11rfid_reader7MFRC52218setRegisterBitMaskEhh)
                  0000604e    00000016     HardwareSerial.obj (.text:_ZN14HardwareSerial9availableEv)
                  00006064    00000016     USBSerialDevice.obj (.text:_ZN9usbdevice15USBSerialDevice10initBufferEv)
                  0000607a    00000014     usblib.lib : usbbuffer.obj (.text:HandleTxComplete)
                  0000608e    00000002     --HOLE-- [fill = 0]
                  00006090    00000014     driverlib.lib : sysctl.obj (.text:SysCtlUSBPLLEnable)
                  000060a4    00000014     usblib.lib : usbdcdc.obj (.text:USBDCDCTxPacketAvailable)
                  000060b8    00000014                : usbdenum.obj (.text:USBDCDRequestDataEP0)
                  000060cc    00000014                : usbdenum.obj (.text:USBDCDSendDataEP0)
                  000060e0    00000014     driverlib.lib : usb.obj (.text:USBDMAChannelConfigSet)
                  000060f4    00000014                   : usb.obj (.text:USBHostResume)
                  00006108    00000014                   : usb.obj (.text:_USBIndexWrite)
                  0000611c    00000014     MFRC522.obj (.text:_ZN11rfid_reader7MFRC52214readCardSerialEv)
                  00006130    00000012     usblib.lib : usbdcdc.obj (.text:HandleResume)
                  00006142    00000012                : usbdhid.obj (.text:HandleResume)
                  00006154    00000012                : usbdcdc.obj (.text:HandleSuspend)
                  00006166    00000012                : usbdhid.obj (.text:HandleSuspend)
                  00006178    00000012     driverlib.lib : usb.obj (.text:USBDMAChannelDisable)
                  0000618a    00000012                   : usb.obj (.text:USBDMAChannelEnable)
                  0000619c    00000012                   : usb.obj (.text:USBDMAChannelIntDisable)
                  000061ae    00000012                   : usb.obj (.text:USBDMAChannelIntEnable)
                  000061c0    00000012     usblib.lib : usbringbuf.obj (.text:USBRingBufFree)
                  000061d2    00000012     HardwareSerial.obj (.text:_ZN14HardwareSerial4peekEv)
                  000061e4    00000010     driverlib.lib : i2c.obj (.text:I2CSlaveEnable)
                  000061f4    00000010                   : interrupt.obj (.text:IntMasterDisable)
                  00006204    00000010                   : interrupt.obj (.text:IntMasterEnable)
                  00006214    00000010     tm4c123gh6pm_startup_ccs.obj (.text:SysTickIntHandler)
                  00006224    00000010     driverlib.lib : usb.obj (.text:USBEndpointStatus)
                  00006234    00000010     usblib.lib : usbringbuf.obj (.text:USBRingBufContigUsed)
                  00006244    00000010                : usbringbuf.obj (.text:USBRingBufWriteOne)
                  00006254    0000000e                : usbdma.obj (.text:DMAUSBIntStatusClear)
                  00006262    0000000e     driverlib.lib : i2c.obj (.text:I2CSlaveInit)
                  00006270    0000000e     uartstdio.obj (.text:IsBufferEmpty)
                  0000627e    0000000e     usblib.lib : usbdhid.obj (.text:USBDHIDTxPacketAvailable)
                  0000628c    0000000e     driverlib.lib : usb.obj (.text:USBDMAChannelStatus)
                  0000629a    0000000e                   : usb.obj (.text:USBDevLPMDisable)
                  000062a8    0000000e                   : usb.obj (.text:USBDevLPMEnable)
                  000062b6    0000000e                   : usb.obj (.text:USBULPIDisable)
                  000062c4    0000000e                   : usb.obj (.text:USBULPIEnable)
                  000062d2    0000000e     rtsv7M4_T_le_v4SPD16_eabi.lib : typeinfo.c.obj (.text:_ZN10__cxxabiv117__class_type_infoD0Ev)
                  000062e0    0000000e                                   : typeinfo.c.obj (.text:_ZN10__cxxabiv120__si_class_type_infoD0Ev)
                  000062ee    0000000e     USBSerialDevice.obj (.text:_ZN9usbdevice15USBSerialDevice22resetCommandStatusFlagEv)
                  000062fc    0000000e     rtsv7M4_T_le_v4SPD16_eabi.lib : copy_decompress_none.c.obj (.text:decompress:none:__TI_decompress_none)
                  0000630a    0000000c     driverlib.lib : cpu.obj (.text:CPUcpsid)
                  00006316    0000000c                   : cpu.obj (.text:CPUcpsie)
                  00006322    0000000c                   : i2c.obj (.text:I2CSlaveIntEnableEx)
                  0000632e    0000000c                   : usb.obj (.text:USBEndpointPacketCountSet)
                  0000633a    0000000c                   : usb.obj (.text:USBLPMIntEnable)
                  00006346    0000000c     usblib.lib : usbringbuf.obj (.text:USBRingBufInit)
                  00006352    00000002     --HOLE-- [fill = 0]
                  00006354    0000000c     USBCompDevice.obj (.text:_ZN9usbdevice13USBCompDevice20registerEventHandlerEPFYjPvjjS1_E)
                  00006360    0000000c     USBSerialDevice.obj (.text:_ZN9usbdevice15USBSerialDevice17registerRxHandlerEPFYjPvjjS1_E)
                  0000636c    0000000c     USBSerialDevice.obj (.text:_ZN9usbdevice15USBSerialDevice17registerTxHandlerEPFYjPvjjS1_E)
                  00006378    0000000c     USBSerialDevice.obj (.text:_ZN9usbdevice15USBSerialDevice22registerControlHandlerEPFYjPvjjS1_E)
                  00006384    0000000c     USBKeyboardDevice.obj (.text:_ZN9usbdevice17USBKeyboardDevice23registerKeyboardHandlerEPFYjPvjjS1_E)
                  00006390    0000000c     rtsv7M4_T_le_v4SPD16_eabi.lib : guard.c.obj (.text:__cxa_guard_acquire)
                  0000639c    0000000c     SPI.obj (.text:__sti___7_SPI_cpp_230ca784)
                  000063a8    0000000c     Wire.obj (.text:__sti___8_Wire_cpp_4e348ebc)
                  000063b4    0000000c     rtsv7M4_T_le_v4SPD16_eabi.lib : copy_zero_init.c.obj (.text:decompress:ZI:__TI_zero_init)
                  000063c0    0000000a     driverlib.lib : usb.obj (.text:USBClockEnable)
                  000063ca    0000000a                   : usb.obj (.text:USBControllerVersion)
                  000063d4    0000000a                   : usb.obj (.text:USBDMAChannelAddressSet)
                  000063de    0000000a                   : usb.obj (.text:USBDMAChannelCountSet)
                  000063e8    0000000a                   : usb.obj (.text:USBDevConnect)
                  000063f2    0000000a                   : usb.obj (.text:USBDevDisconnect)
                  000063fc    0000000a                   : usb.obj (.text:USBIntStatusEndpoint)
                  00006406    0000000a     SPI.obj (.text:_ZN8SPIClassC1Ev)
                  00006410    0000000a     USBSerialDevice.obj (.text:_ZN9usbdevice15USBSerialDevice20commandStatusUpdatedEv)
                  0000641a    0000000a     rtsv7M4_T_le_v4SPD16_eabi.lib : guard.c.obj (.text:__cxa_guard_release)
                  00006424    00000008     driverlib.lib : usb.obj (.text:USBDevMode)
                  0000642c    00000008                   : usb.obj (.text:USBFIFOAddrGet)
                  00006434    00000008                   : usb.obj (.text:USBOTGMode)
                  0000643c    00000008     rtsv7M4_T_le_v4SPD16_eabi.lib : new.cpp.obj (.text:_ZdlPv)
                  00006444    00000008     usblib.lib : usbdma.obj (.text:iDMAUSBChannelIntDisable)
                  0000644c    00000008                : usbdma.obj (.text:iDMAUSBChannelIntEnable)
                  00006454    00000006     driverlib.lib : i2c.obj (.text:I2CSlaveDataPut)
                  0000645a    00000006     tm4c123gh6pm_startup_ccs.obj (.text:ResetISR)
                  00006460    00000006     driverlib.lib : sysctl.obj (.text:SysCtlDelay)
                  00006466    00000006     usblib.lib : usbbuffer.obj (.text:USBBufferFlush)
                  0000646c    00000006     driverlib.lib : usb.obj (.text:USBDMAChannelIntStatus)
                  00006472    00000006                   : usb.obj (.text:USBDevLPMConfig)
                  00006478    00000006                   : usb.obj (.text:USBLPMIntStatus)
                  0000647e    00000006     SPI.obj (.text:_ZN8SPIClass9setModuleEh)
                  00006484    00000006     USBSerialDevice.obj (.text:_ZN9usbdevice15USBSerialDevice15getRxEventCountEv)
                  0000648a    00000006     USBSerialDevice.obj (.text:_ZN9usbdevice15USBSerialDevice16getReceiveBufferEv)
                  00006490    00000006     USBSerialDevice.obj (.text:_ZN9usbdevice15USBSerialDevice19getReceiveBufferEndEv)
                  00006496    00000006     USBSerialDevice.obj (.text:_ZN9usbdevice15USBSerialDevice5writeEPhj)
                  0000649c    00000006     rtsv7M4_T_le_v4SPD16_eabi.lib : pure_virt.c.obj (.text:__cxa_pure_virtual)
                  000064a2    00000006     usblib.lib : usbdma.obj (.text:iDMAUSBIntStatus)
                  000064a8    00000004                : usbdma.obj (.text:DMAUSBStatus)
                  000064ac    00000004                : usbdhid.obj (.text:HandleReset)
                  000064b0    00000004     driverlib.lib : usb.obj (.text:USBDevAddrSet)
                  000064b4    00000004     main.obj (.text:_Z15USBEventHandlerPvjjS_)
                  000064b8    00000004     main.obj (.text:_Z9TxHandlerPvjjS_)
                  000064bc    00000004     rtsv7M4_T_le_v4SPD16_eabi.lib : typeinfo.c.obj (.text:_ZN10__cxxabiv117__class_type_infoD1Ev)
                  000064c0    00000004                                   : typeinfo.c.obj (.text:_ZN10__cxxabiv120__si_class_type_infoD1Ev)
                  000064c4    00000004     HardwareSerial.obj (.text:_ZN5Print17availableForWriteEv)
                  000064c8    00000004     rtsv7M4_T_le_v4SPD16_eabi.lib : new.cpp.obj (.text:_ZdlPvj)
                  000064cc    00000004                                   : error.c.obj (.text:__abort_execution)
                  000064d0    00000004                                   : pre_init.c.obj (.text:_system_pre_init)
                  000064d4    00000004                                   : exit.c.obj (.text:abort:abort)

.const     0    000064d8    00000810     
                  000064d8    00000070     driverlib.lib : interrupt.obj (.const)
                  00006548    0000006c                   : sysctl.obj (.const:g_pui32Xtals)
                  000065b4    00000068     USBKeyboardDevice.obj (.const:_ZN43_INTERNAL_21_USBKeyboardDevice_cpp_497fa7839usbdevice14g_pcUsageCodesE)
                  0000661c    00000058     usblib.lib : usbdcdc.obj (.const)
                  00006674    00000040     MFRC522.obj (.const:.string:_ZN33_INTERNAL_11_MFRC522_cpp_a237533e11rfid_reader26FM17522_firmware_referenceE)
                  000066b4    00000040     MFRC522.obj (.const:.string:_ZN33_INTERNAL_11_MFRC522_cpp_a237533e11rfid_reader30MFRC522_firmware_referenceV0_0E)
                  000066f4    00000040     MFRC522.obj (.const:.string:_ZN33_INTERNAL_11_MFRC522_cpp_a237533e11rfid_reader30MFRC522_firmware_referenceV1_0E)
                  00006734    00000040     MFRC522.obj (.const:.string:_ZN33_INTERNAL_11_MFRC522_cpp_a237533e11rfid_reader30MFRC522_firmware_referenceV2_0E)
                  00006774    00000040     SPI.obj (.const:g_ulSSIConfig)
                  000067b4    0000003f     usblib.lib : usbdhidkeyb.obj (.const:.string:g_pui8KeybReportDescriptor)
                  000067f3    00000036     usb_structs.obj (.const:.string:g_pui8ConfigString)
                  00006829    00000002     main.obj (.const)
                  0000682b    00000001     --HOLE-- [fill = 0]
                  0000682c    00000034     usblib.lib : usbdenum.obj (.const:g_psUSBDStdRequests)
                  00006860    00000034                : usbdhidkeyb.obj (.const)
                  00006894    00000030                : usbdcdc.obj (.const:g_sCDCHandlers)
                  000068c4    00000030                : usbdcomp.obj (.const:g_sCompHandlers)
                  000068f4    00000030                : usbdhid.obj (.const:g_sHIDHandlers)
                  00006924    0000002e                : usbdcdc.obj (.const:.string)
                  00006952    0000002c     usb_structs.obj (.const:.string:g_pui8ControlInterfaceString)
                  0000697e    00000025     rtsv7M4_T_le_v4SPD16_eabi.lib : typeinfo.c.obj (.const:.typeinfo:_ZTSN10__cxxabiv120__si_class_type_infoE)
                  000069a3    00000024     usb_structs.obj (.const:.string:g_pui8ManufacturerString)
                  000069c7    00000001     --HOLE-- [fill = 0]
                  000069c8    00000024     HardwareSerial.obj (.const:_ZTV14HardwareSerial)
                  000069ec    00000024     HardwareSerial.obj (.const:_ZTV6Stream)
                  00006a10    00000024     Wire.obj (.const:_ZTV7TwoWire)
                  00006a34    00000023     usblib.lib : usbdcdc.obj (.const:.string:g_pui8CDCSerCommInterface)
                  00006a57    00000022     rtsv7M4_T_le_v4SPD16_eabi.lib : typeinfo.c.obj (.const:.typeinfo:_ZTSN10__cxxabiv117__class_type_infoE)
                  00006a79    00000022     USBKeyboardDevice.obj (.const:_ZN43_INTERNAL_21_USBKeyboardDevice_cpp_497fa7839usbdevice19g_pcUsageCodesShiftE)
                  00006a9b    00000001     --HOLE-- [fill = 0]
                  00006a9c    00000020     HardwareSerial.obj (.const:g_ulUARTBase)
                  00006abc    00000020     HardwareSerial.obj (.const:g_ulUARTInt)
                  00006adc    00000020     Wire.obj (.const:g_uli2cConfig)
                  00006afc    0000001c     usb_structs.obj (.const:.string:g_pui8ProductString)
                  00006b18    00000018     Print.obj (.const:_ZTV5Print)
                  00006b30    00000018     usb_structs.obj (.const:g_pui8StringDescriptors)
                  00006b48    00000012     usb_structs.obj (.const:.string:g_pui8SerialNumberString)
                  00006b5a    00000011     HardwareSerial.obj (.const:.typeinfo:_ZTS14HardwareSerial)
                  00006b6b    00000001     --HOLE-- [fill = 0]
                  00006b6c    00000010     rtsv7M4_T_le_v4SPD16_eabi.lib : typeinfo.c.obj (.const:_ZTVN10__cxxabiv117__class_type_infoE)
                  00006b7c    00000010                                   : typeinfo.c.obj (.const:_ZTVN10__cxxabiv120__si_class_type_infoE)
                  00006b8c    00000010     SPI.obj (.const:g_ulSSIBase)
                  00006b9c    00000010     SPI.obj (.const:g_ulSSIPeriph)
                  00006bac    00000010     SPI.obj (.const:g_ulSSIPins)
                  00006bbc    00000010     SPI.obj (.const:g_ulSSIPort)
                  00006bcc    00000010     Wire.obj (.const:g_uli2cBase)
                  00006bdc    00000010     Wire.obj (.const:g_uli2cInt)
                  00006bec    00000010     Wire.obj (.const:g_uli2cMasterBase)
                  00006bfc    00000010     Wire.obj (.const:g_uli2cPeriph)
                  00006c0c    00000010     Wire.obj (.const:g_uli2cSCLPins)
                  00006c1c    00000010     Wire.obj (.const:g_uli2cSDAPins)
                  00006c2c    00000010     Wire.obj (.const:g_uli2cSlaveBase)
                  00006c3c    0000000e     usblib.lib : usbdhidkeyb.obj (.const:.string)
                  00006c4a    0000000d     rtsv7M4_T_le_v4SPD16_eabi.lib : stdlib_typeinfo.cpp.obj (.const:.typeinfo:_ZTSSt9type_info)
                  00006c57    0000000c     main.obj (.const:.string:password)
                  00006c63    00000001     --HOLE-- [fill = 0]
                  00006c64    0000000c     HardwareSerial.obj (.const:.typeinfo:_ZTI14HardwareSerial)
                  00006c70    0000000c     HardwareSerial.obj (.const:.typeinfo:_ZTI6Stream)
                  00006c7c    0000000c     Wire.obj (.const:.typeinfo:_ZTI7TwoWire)
                  00006c88    0000000c     rtsv7M4_T_le_v4SPD16_eabi.lib : typeinfo.c.obj (.const:.typeinfo:_ZTIN10__cxxabiv117__class_type_infoE)
                  00006c94    0000000c                                   : typeinfo.c.obj (.const:.typeinfo:_ZTIN10__cxxabiv120__si_class_type_infoE)
                  00006ca0    0000000c     uartstdio.obj (.const:g_ui32UARTInt)
                  00006cac    00000009     usblib.lib : usbdcomp.obj (.const:.string)
                  00006cb5    00000009     Wire.obj (.const:.typeinfo:_ZTS7TwoWire)
                  00006cbe    00000002     --HOLE-- [fill = 0]
                  00006cc0    00000008     Print.obj (.const:.typeinfo:_ZTI5Print)
                  00006cc8    00000008     rtsv7M4_T_le_v4SPD16_eabi.lib : stdlib_typeinfo.cpp.obj (.const:.typeinfo:_ZTISt9type_info)
                  00006cd0    00000008     HardwareSerial.obj (.const:.typeinfo:_ZTS6Stream)
                  00006cd8    00000007     Print.obj (.const:.typeinfo:_ZTS5Print)
                  00006cdf    00000004     usb_structs.obj (.const:.string:g_pui8LangDescriptor)
                  00006ce3    00000001     --HOLE-- [fill = 0]
                  00006ce4    00000004     usb_structs.obj (.const)

.cinit     0    00006cf8    000000e0     
                  00006cf8    000000b5     (.cinit..data.load) [load image, compression = lzss]
                  00006dad    00000003     --HOLE-- [fill = 0]
                  00006db0    0000000c     (__TI_handler_table)
                  00006dbc    00000004     --HOLE-- [fill = 0]
                  00006dc0    00000008     (.cinit..bss.load) [load image, compression = zero_init]
                  00006dc8    00000010     (__TI_cinit_table)

.init_array 
*          0    00006ce8    0000000c     
                  00006ce8    00000004     Wire.obj (.init_array)
                  00006cec    00000004     SPI.obj (.init_array)
                  00006cf0    00000004     HardwareSerial.obj (.init_array)

.bss       0    20000000    00000e54     UNINITIALIZED
                  20000000    00000400     uartstdio.obj (.bss:g_pcUARTTxBuffer)
                  20000400    000003e8     USBSerialDevice.obj (.bss:instance$2)
                  200007e8    00000110     usblib.lib : usbdma.obj (.bss:g_psUSBDMAInst)
                  200008f8    000000f8     USBCompDevice.obj (.bss:instance$2)
                  200009f0    000000a4     USBKeyboardDevice.obj (.bss:instance$2)
                  20000a94    00000080     uartstdio.obj (.bss:g_pcUARTRxBuffer)
                  20000b14    00000050     usblib.lib : usbdenum.obj (.bss:g_psDCDInst)
                  20000b64    00000040                : usbdenum.obj (.bss:g_pui8DataBufferIn)
                  20000ba4    00000040     (.common:_ZN7TwoWire8rxBufferE)
                  20000be4    00000040     (.common:_ZN7TwoWire8txBufferE)
                  20000c24    00000038     HardwareSerial.obj (.bss:Serial1)
                  20000c5c    00000038     HardwareSerial.obj (.bss:Serial2)
                  20000c94    00000038     HardwareSerial.obj (.bss:Serial3)
                  20000ccc    00000038     HardwareSerial.obj (.bss:Serial4)
                  20000d04    00000038     HardwareSerial.obj (.bss:Serial5)
                  20000d3c    00000038     HardwareSerial.obj (.bss:Serial6)
                  20000d74    00000038     HardwareSerial.obj (.bss:Serial7)
                  20000dac    00000038     HardwareSerial.obj (.bss:Serial)
                  20000de4    00000018     (.common:g_pfnTickHandlers)
                  20000dfc    00000018     (.common:g_pvTickInstance)
                  20000e14    00000010     Wire.obj (.bss:Wire)
                  20000e24    00000008     uartstdio.obj (.bss)
                  20000e2c    00000004     USBCompDevice.obj (.bss)
                  20000e30    00000004     USBKeyboardDevice.obj (.bss)
                  20000e34    00000004     USBSerialDevice.obj (.bss)
                  20000e38    00000004     (.common:g_pfnUSBModeCallback)
                  20000e3c    00000004     (.common:g_ppCompConfigDescriptors)
                  20000e40    00000004     (.common:g_ppsDevInfo)
                  20000e44    00000004     (.common:g_ui32ULPISupport)
                  20000e48    00000004     (.common:ui32RxCount)
                  20000e4c    00000004     (.common:ui32TxCount)
                  20000e50    00000002     SPI.obj (.bss:SPI)
                  20000e52    00000002     (.common:_ZN9usbdevice16g_sKeyboardStateE)

.stack     0    20000e58    00000400     UNINITIALIZED
                  20000e58    00000004     rtsv7M4_T_le_v4SPD16_eabi.lib : boot_cortex_m.c.obj (.stack)
                  20000e5c    000003fc     --HOLE--

.data      0    20001258    00000140     UNINITIALIZED
                  20001258    0000005e     usblib.lib : usbdcdc.obj (.data)
                  200012b6    00000002     --HOLE--
                  200012b8    00000038                : usbdhidkeyb.obj (.data)
                  200012f0    00000015     uartstdio.obj (.data)
                  20001305    00000012     usblib.lib : usbdcomp.obj (.data)
                  20001317    00000012                : usbdhid.obj (.data)
                  20001329    00000003     buttons.obj (.data)
                  2000132c    00000010     USBKeyboardDevice.obj (.data)
                  2000133c    0000000c     rtsv7M4_T_le_v4SPD16_eabi.lib : memory.c.obj (.data:$O1$$)
                  20001348    0000000c     USBSerialDevice.obj (.data)
                  20001354    0000000c     usblib.lib : usbtick.obj (.data)
                  20001360    00000009     Wire.obj (.data)
                  20001369    00000003     --HOLE--
                  2000136c    00000009     usblib.lib : usbmode.obj (.data)
                  20001375    00000003     --HOLE--
                  20001378    00000008     rtsv7M4_T_le_v4SPD16_eabi.lib : _lock.c.obj (.data:$O1$$)
                  20001380    00000008     usblib.lib : usbdenum.obj (.data)
                  20001388    00000004     USBCompDevice.obj (.data)
                  2000138c    00000004     main.obj (.data:currentUid)
                  20001390    00000004     main.obj (.data)
                  20001394    00000004     tm4c123gh6pm_startup_ccs.obj (.data)

.sysmem    0    20001398    00000008     UNINITIALIZED
                  20001398    00000008     rtsv7M4_T_le_v4SPD16_eabi.lib : memory.c.obj (.sysmem)

MODULE SUMMARY

       Module                         code    ro data   rw data
       ------                         ----    -------   -------
    .\drivers\
       buttons.obj                    240     0         3      
    +--+------------------------------+-------+---------+---------+
       Total:                         240     0         3      
                                                               
    .\src\
       main.obj                       1172    14        18     
       tm4c123gh6pm_startup_ccs.obj   28      620       4      
    +--+------------------------------+-------+---------+---------+
       Total:                         1200    634       22     
                                                               
    .\src\energia\
       Wire.obj                       1258    205       153    
       HardwareSerial.obj             572     189       448    
       SPI.obj                        364     132       2      
       Print.obj                      46      39        0      
    +--+------------------------------+-------+---------+---------+
       Total:                         2240    565       603    
                                                               
    .\src\rfid\
       MFRC522.obj                    2202    256       0      
    +--+------------------------------+-------+---------+---------+
       Total:                         2202    256       0      
                                                               
    .\src\usb\
       USBSerialDevice.obj            963     0         1016   
       USBKeyboardDevice.obj          592     138       184    
       USBCompDevice.obj              212     0         256    
       usb_structs.obj                0       212       0      
    +--+------------------------------+-------+---------+---------+
       Total:                         1767    350       1456   
                                                               
    .\utils\
       uartstdio.obj                  698     12        1181   
    +--+------------------------------+-------+---------+---------+
       Total:                         698     12        1181   
                                                               
    C:/ti/tivaware_c_series_2_1_4_178/driverlib/ccs/Debug/driverlib.lib
       usb.obj                        1354    0         0      
       sysctl.obj                     430     108       0      
       interrupt.obj                  340     112       0      
       udma.obj                       328     0         0      
       i2c.obj                        48      0         0      
       cpu.obj                        24      0         0      
    +--+------------------------------+-------+---------+---------+
       Total:                         2524    220       0      
                                                               
    C:/ti/tivaware_c_series_2_1_4_178/usblib/ccs/Debug/usblib.lib
       usbdenum.obj                   2904    52        160    
       usbdcdc.obj                    2008    217       94     
       usbdma.obj                     2008    0         272    
       usbdhid.obj                    1770    48        18     
       usbdcomp.obj                   1624    57        22     
       usbdhidkeyb.obj                652     129       56     
       usbbuffer.obj                  646     0         0      
       usbdconfig.obj                 576     0         0      
       usbdcdesc.obj                  356     0         0      
       usbringbuf.obj                 350     0         0      
       usbtick.obj                    160     0         60     
       usbdesc.obj                    86      0         0      
       usbulpi.obj                    82      0         0      
       usbmode.obj                    36      0         13     
       usbdhandler.obj                24      0         0      
    +--+------------------------------+-------+---------+---------+
       Total:                         13282   503       695    
                                                               
    C:\ti\ccsv8\tools\compiler\ti-cgt-arm_18.1.3.LTS\lib\rtsv7M4_T_le_v4SPD16_eabi.lib
       memory.c.obj                   372     0         12     
       typeinfo.c.obj                 36      127       0      
       memcpy_t2.asm.obj              156     0         0      
       memset_t2.asm.obj              122     0         0      
       copy_decompress_lzss.c.obj     104     0         0      
       autoinit.c.obj                 96      0         0      
       boot_cortex_m.c.obj            56      0         0      
       stdlib_typeinfo.cpp.obj        2       21        0      
       guard.c.obj                    22      0         0      
       copy_decompress_none.c.obj     14      0         0      
       copy_zero_init.c.obj           12      0         0      
       new.cpp.obj                    12      0         0      
       _lock.c.obj                    2       0         8      
       pure_virt.c.obj                6       0         0      
       error.c.obj                    4       0         0      
       exit.c.obj                     4       0         0      
       pre_init.c.obj                 4       0         0      
    +--+------------------------------+-------+---------+---------+
       Total:                         1024    148       20     
                                                               
       Heap:                          0       0         8      
       Stack:                         0       0         1024   
       Linker Generated:              0       217       0      
    +--+------------------------------+-------+---------+---------+
       Grand Total:                   25177   2905      5012   


LINKER GENERATED COPY TABLES

__TI_cinit_table @ 00006dc8 records: 2, size/record: 8, table size: 16
	.data: load addr=00006cf8, load size=000000b5 bytes, run addr=20001258, run size=00000140 bytes, compression=lzss
	.bss: load addr=00006dc0, load size=00000008 bytes, run addr=20000000, run size=00000e54 bytes, compression=zero_init


LINKER GENERATED HANDLER TABLE

__TI_handler_table @ 00006db0 records: 3, size/record: 4, table size: 12
	index: 0, handler: __TI_decompress_lzss
	index: 1, handler: __TI_decompress_none
	index: 2, handler: __TI_zero_init


GLOBAL SYMBOLS: SORTED ALPHABETICALLY BY Name 

address   name                                                                  
-------   ----                                                                  
00000755  BuildCompositeDescriptor                                              
00003911  ButtonsInit                                                           
00002f11  ButtonsPoll                                                           
000064d5  C$$EXIT                                                               
0000630b  CPUcpsid                                                              
00006317  CPUcpsie                                                              
00006455  I2CSlaveDataPut                                                       
000061e5  I2CSlaveEnable                                                        
00006263  I2CSlaveInit                                                          
00006323  I2CSlaveIntEnableEx                                                   
00003979  IntDisable                                                            
000039e1  IntEnable                                                             
00003ca9  IntIsEnabled                                                          
000061f5  IntMasterDisable                                                      
00006205  IntMasterEnable                                                       
00004e59  InternalUSBRegisterTickHandler                                        
00004e91  InternalUSBStartOfFrameTick                                           
000054fd  InternalUSBTickInit                                                   
00006ce4  NUM_STRING_DESCRIPTORS                                                
00003609  ProcessDataFromHost                                                   
000037cd  ProcessDataToHost                                                     
000053d3  ProcessNotificationToHost                                             
0000645b  ResetISR                                                              
00006ce8  SHT$$INIT_ARRAY$$Base                                                 
00006cf4  SHT$$INIT_ARRAY$$Limit                                                
20000e50  SPI                                                                   
20000dac  Serial                                                                
20000c24  Serial1                                                               
20000c5c  Serial2                                                               
20000c94  Serial3                                                               
20000ccc  Serial4                                                               
20000d04  Serial5                                                               
20000d3c  Serial6                                                               
20000d74  Serial7                                                               
00001645  SysCtlClockGet                                                        
00006461  SysCtlDelay                                                           
00005205  SysCtlPeripheralEnable                                                
0000439d  SysCtlPeripheralReset                                                 
00006091  SysCtlUSBPLLEnable                                                    
00006215  SysTickIntHandler                                                     
00000aed  UARTStdioIntHandler                                                   
0000264d  UARTwrite                                                             
00004349  ULPIConfigSet                                                         
00005ef5  USB0DeviceIntHandler                                                  
00003d0d  USBBufferEventCallback                                                
00006467  USBBufferFlush                                                        
00005f0d  USBBufferInit                                                         
00005847  USBBufferRead                                                         
000055bb  USBBufferWrite                                                        
000063c1  USBClockEnable                                                        
000063cb  USBControllerVersion                                                  
00001c01  USBDCDCCompositeInit                                                  
00002bc1  USBDCDCPacketRead                                                     
00003f59  USBDCDCPacketWrite                                                    
000055e9  USBDCDCRxPacketAvailable                                              
000060a5  USBDCDCTxPacketAvailable                                              
000043ed  USBDCDConfigDescGet                                                   
0000574f  USBDCDConfigDescGetNum                                                
00005e5d  USBDCDConfigDescGetSize                                               
00005d49  USBDCDConfigGetInterface                                              
00004fa9  USBDCDConfigGetInterfaceEndpoint                                      
00004a65  USBDCDDeviceInfoInit                                                  
00005f25  USBDCDFeatureGet                                                      
00000dad  USBDCDInit                                                            
000060b9  USBDCDRequestDataEP0                                                  
000060cd  USBDCDSendDataEP0                                                     
00005d65  USBDCDStallEP0                                                        
00002035  USBDCompositeInit                                                     
00001b21  USBDHIDCompositeInit                                                  
0000279d  USBDHIDKeyboardCompositeInit                                          
00003021  USBDHIDKeyboardKeyStateChange                                         
000047d7  USBDHIDReportWrite                                                    
0000627f  USBDHIDTxPacketAvailable                                              
000063d5  USBDMAChannelAddressSet                                               
000060e1  USBDMAChannelConfigSet                                                
000063df  USBDMAChannelCountSet                                                 
00006179  USBDMAChannelDisable                                                  
0000618b  USBDMAChannelEnable                                                   
0000619d  USBDMAChannelIntDisable                                               
000061af  USBDMAChannelIntEnable                                                
0000646d  USBDMAChannelIntStatus                                                
0000628d  USBDMAChannelStatus                                                   
0000569f  USBDescGet                                                            
00005779  USBDescGetNum                                                         
000064b1  USBDevAddrSet                                                         
000063e9  USBDevConnect                                                         
000063f3  USBDevDisconnect                                                      
00003339  USBDevEndpointConfigSet                                               
000057a3  USBDevEndpointDataAck                                                 
00005405  USBDevEndpointStall                                                   
00004821  USBDevEndpointStallClear                                              
000040d9  USBDevEndpointStatusClear                                             
00006473  USBDevLPMConfig                                                       
0000629b  USBDevLPMDisable                                                      
000062a9  USBDevLPMEnable                                                       
00006425  USBDevMode                                                            
0000119d  USBDeviceConfig                                                       
00002d6d  USBDeviceConfigAlternate                                              
00001cd9  USBDeviceEnumHandler                                                  
000048fd  USBDeviceEnumResetHandler                                             
0000104d  USBDeviceIntHandlerInternal                                           
0000443d  USBDeviceResumeTickHandler                                            
00005e77  USBEndpointDMAChannel                                                 
00004615  USBEndpointDMAConfigSet                                               
000059cf  USBEndpointDMADisable                                                 
000059f3  USBEndpointDMAEnable                                                  
00005d81  USBEndpointDataAvail                                                  
00004a1d  USBEndpointDataGet                                                    
00005165  USBEndpointDataPut                                                    
00005239  USBEndpointDataSend                                                   
0000632f  USBEndpointPacketCountSet                                             
00006225  USBEndpointStatus                                                     
0000642d  USBFIFOAddrGet                                                        
00004de7  USBFIFOConfigSet                                                      
000060f5  USBHostResume                                                         
00005899  USBIntEnableControl                                                   
00005fe1  USBIntEnableEndpoint                                                  
00004fe1  USBIntStatusControl                                                   
000063fd  USBIntStatusEndpoint                                                  
0000633b  USBLPMIntEnable                                                       
00006479  USBLPMIntStatus                                                       
00000c4d  USBLibDMAInit                                                         
00006435  USBOTGMode                                                            
00005c19  USBRingBufAdvanceRead                                                 
00005019  USBRingBufAdvanceWrite                                                
00005c99  USBRingBufContigFree                                                  
00006235  USBRingBufContigUsed                                                  
00005ff7  USBRingBufFlush                                                       
000061c1  USBRingBufFree                                                        
00006347  USBRingBufInit                                                        
00005d9d  USBRingBufRead                                                        
0000600d  USBRingBufReadOne                                                     
00006023  USBRingBufUsed                                                        
00005db9  USBRingBufWrite                                                       
00006245  USBRingBufWriteOne                                                    
00005a19  USBStackModeSet                                                       
000062b7  USBULPIDisable                                                        
000062c5  USBULPIEnable                                                         
00005cb7  USBULPIRegRead                                                        
00005cd5  USBULPIRegWrite                                                       
20000e14  Wire                                                                  
0000140d  _Z12configureUSBv                                                     
00003595  _Z14ControlHandlerPvjjS_                                              
000064b5  _Z15USBEventHandlerPvjjS_                                             
000058c1  _Z18USBKeyboardHandlerPvjjS_                                          
00005a3d  _Z5delayi                                                             
00004aed  _Z9RxHandlerPvjjS_                                                    
000064b9  _Z9TxHandlerPvjjS_                                                    
000062d3  _ZN10__cxxabiv117__class_type_infoD0Ev                                
000064bd  _ZN10__cxxabiv117__class_type_infoD1Ev                                
000064bd  _ZN10__cxxabiv117__class_type_infoD2Ev                                
000062e1  _ZN10__cxxabiv120__si_class_type_infoD0Ev                             
000064c1  _ZN10__cxxabiv120__si_class_type_infoD1Ev                             
000064c1  _ZN10__cxxabiv120__si_class_type_infoD2Ev                             
0000026d  _ZN11rfid_reader7MFRC52211select_PICCEPNS_3UidEh                      
00003ab1  _ZN11rfid_reader7MFRC52212REQA_or_WUPAEhPhS1_                         
00003b17  _ZN11rfid_reader7MFRC52212calculateCRCEPhhS1_                         
00002109  _ZN11rfid_reader7MFRC52212readRegisterENS_12PCD_RegisterEhPhh         
00004661  _ZN11rfid_reader7MFRC52212readRegisterEh                              
00004945  _ZN11rfid_reader7MFRC52213writeRegisterEhh                            
00004195  _ZN11rfid_reader7MFRC52213writeRegisterEhhPh                          
0000611d  _ZN11rfid_reader7MFRC52214readCardSerialEv                            
000057cd  _ZN11rfid_reader7MFRC52214transceiveDataEPhhS1_S1_S1_hb               
000021d5  _ZN11rfid_reader7MFRC52215performSelfTestEv                           
00005c39  _ZN11rfid_reader7MFRC52216isNewCardPresentEv                          
00006039  _ZN11rfid_reader7MFRC52218setRegisterBitMaskEhh                       
000012e5  _ZN11rfid_reader7MFRC52219communicateWithPICCEhhPhhS1_S1_S1_hb        
00005e91  _ZN11rfid_reader7MFRC52220clearRegisterBitMaskEhh                     
000038a5  _ZN11rfid_reader7MFRC5224initEv                                       
00005c59  _ZN11rfid_reader7MFRC5225delayEi                                      
00005cf3  _ZN11rfid_reader7MFRC5229antennaOnEv                                  
00005dd5  _ZN11rfid_reader7MFRC5229softResetEv                                  
0000448d  _ZN11rfid_reader7MFRC522C1Ev                                          
0000448d  _ZN11rfid_reader7MFRC522C2Ev                                          
000034a5  _ZN14HardwareSerial13primeTransmitEm                                  
000061d3  _ZN14HardwareSerial4peekEv                                            
00005961  _ZN14HardwareSerial4readEv                                            
000056cd  _ZN14HardwareSerial5flushEv                                           
00004019  _ZN14HardwareSerial5writeEh                                           
0000604f  _ZN14HardwareSerial9availableEv                                       
00004c39  _ZN14HardwareSerialC1Em                                               
00004c79  _ZN14HardwareSerialC1Ev                                               
00004c39  _ZN14HardwareSerialC2Em                                               
00004c79  _ZN14HardwareSerialC2Ev                                               
000064c5  _ZN5Print17availableForWriteEv                                        
0000241f  _ZN5Print5flushEv                                                     
00005617  _ZN5Print5writeEPKhj                                                  
20001360  _ZN7TwoWire11rxReadIndexE                                             
20001363  _ZN7TwoWire11txReadIndexE                                             
20001368  _ZN7TwoWire12currentStateE                                            
20001361  _ZN7TwoWire12rxWriteIndexE                                            
20001366  _ZN7TwoWire12slaveAddressE                                            
20001367  _ZN7TwoWire12transmittingE                                            
20001364  _ZN7TwoWire12txWriteIndexE                                            
00005a61  _ZN7TwoWire4peekEv                                                    
0000526d  _ZN7TwoWire4readEv                                                    
00001951  _ZN7TwoWire5beginEh                                                   
0000094d  _ZN7TwoWire5beginEv                                                   
00005c79  _ZN7TwoWire5flushEv                                                   
00005b55  _ZN7TwoWire5writeEPKhj                                                
000030a9  _ZN7TwoWire5writeEh                                                   
20000ba4  _ZN7TwoWire8rxBufferE                                                 
20000be4  _ZN7TwoWire8txBufferE                                                 
00005df1  _ZN7TwoWire9availableEv                                               
00001db1  _ZN7TwoWire9forceStopEv                                               
20001365  _ZN7TwoWire9i2cModuleE                                                
00005e0d  _ZN7TwoWire9setModuleEm                                               
20001362  _ZN7TwoWire9txAddressE                                                
00005a85  _ZN7TwoWireC1Ev                                                       
00005a85  _ZN7TwoWireC2Ev                                                       
00001755  _ZN8SPIClass5beginEv                                                  
0000498d  _ZN8SPIClass8transferEh                                               
0000647f  _ZN8SPIClass9setModuleEh                                              
00006407  _ZN8SPIClassC1Ev                                                      
00006407  _ZN8SPIClassC2Ev                                                      
000052a1  _ZN9usbdevice13USBCompDevice11getInstanceEv                           
20001388  _ZN9usbdevice13USBCompDevice12eventHandlerE                           
00006355  _ZN9usbdevice13USBCompDevice20registerEventHandlerEPFYjPvjjS1_E       
00004cf7  _ZN9usbdevice13USBCompDevice4initEv                                   
000041f1  _ZN9usbdevice13USBCompDeviceC1EPFYjPvjjS1_E                           
000041f1  _ZN9usbdevice13USBCompDeviceC2EPFYjPvjjS1_E                           
00006065  _ZN9usbdevice15USBSerialDevice10initBufferEv                          
00005645  _ZN9usbdevice15USBSerialDevice10readBufferEv                          
00004b31  _ZN9usbdevice15USBSerialDevice11getInstanceEv                         
00004b75  _ZN9usbdevice15USBSerialDevice12disconnectedEv                        
00002df9  _ZN9usbdevice15USBSerialDevice13GetLineCodingEP11tLineCoding          
0000312d  _ZN9usbdevice15USBSerialDevice13SetLineCodingEP11tLineCoding          
20001348  _ZN9usbdevice15USBSerialDevice14controlHandlerE                       
00006485  _ZN9usbdevice15USBSerialDevice15getRxEventCountEv                     
0000279b  _ZN9usbdevice15USBSerialDevice15getSerialDeviceEv                     
0000648b  _ZN9usbdevice15USBSerialDevice16getReceiveBufferEv                    
00006361  _ZN9usbdevice15USBSerialDevice17registerRxHandlerEPFYjPvjjS1_E        
0000636d  _ZN9usbdevice15USBSerialDevice17registerTxHandlerEPFYjPvjjS1_E        
000030a7  _ZN9usbdevice15USBSerialDevice19SetControlLineStateEt                 
00006491  _ZN9usbdevice15USBSerialDevice19getReceiveBufferEndEv                 
000044dd  _ZN9usbdevice15USBSerialDevice20USBUARTPrimeTransmitEv                
00006411  _ZN9usbdevice15USBSerialDevice20commandStatusUpdatedEv                
00006379  _ZN9usbdevice15USBSerialDevice22registerControlHandlerEPFYjPvjjS1_E   
000062ef  _ZN9usbdevice15USBSerialDevice22resetCommandStatusFlagEv              
00006497  _ZN9usbdevice15USBSerialDevice5writeEPhj                              
00005051  _ZN9usbdevice15USBSerialDevice9SendBreakEb                            
0000452d  _ZN9usbdevice15USBSerialDevice9connectedEv                            
2000134c  _ZN9usbdevice15USBSerialDevice9rxHandlerE                             
20001350  _ZN9usbdevice15USBSerialDevice9txHandlerE                             
00002421  _ZN9usbdevice15USBSerialDeviceC1EPFYjPvjjS1_ES3_S3_                   
00002421  _ZN9usbdevice15USBSerialDeviceC2EPFYjPvjjS1_ES3_S3_                   
20000e52  _ZN9usbdevice16g_sKeyboardStateE                                      
000052d5  _ZN9usbdevice17USBKeyboardDevice11getInstanceEv                       
000058e9  _ZN9usbdevice17USBKeyboardDevice12GetUsageCodeEcb                     
0000296d  _ZN9usbdevice17USBKeyboardDevice14USBWriteStringEPKci                 
2000132c  _ZN9usbdevice17USBKeyboardDevice15keyboardHandlerE                    
0000351d  _ZN9usbdevice17USBKeyboardDevice17USBKeyboardUpdateEhhb               
0000367b  _ZN9usbdevice17USBKeyboardDevice17getKeyboardDeviceEv                 
00005f6d  _ZN9usbdevice17USBKeyboardDevice17releaseSpecialKeyEv                 
00002e85  _ZN9usbdevice17USBKeyboardDevice22USBPressKeyCombinationEhPKhi        
00006385  _ZN9usbdevice17USBKeyboardDevice23registerKeyboardHandlerEPFYjPvjjS1_E
00005437  _ZN9usbdevice17USBKeyboardDeviceC1EPFYjPvjjS1_E                       
00005437  _ZN9usbdevice17USBKeyboardDeviceC2EPFYjPvjjS1_E                       
0000390f  _ZNSt9type_infoD1Ev                                                   
0000390f  _ZNSt9type_infoD2Ev                                                   
000064d5  _ZSt17__throw_bad_allocv                                              
00006c64  _ZTI14HardwareSerial                                                  
00006cc0  _ZTI5Print                                                            
00006c70  _ZTI6Stream                                                           
00006c7c  _ZTI7TwoWire                                                          
00006c88  _ZTIN10__cxxabiv117__class_type_infoE                                 
00006c94  _ZTIN10__cxxabiv120__si_class_type_infoE                              
00006cc8  _ZTISt9type_info                                                      
00006b5a  _ZTS14HardwareSerial                                                  
00006cd8  _ZTS5Print                                                            
00006cd0  _ZTS6Stream                                                           
00006cb5  _ZTS7TwoWire                                                          
00006a57  _ZTSN10__cxxabiv117__class_type_infoE                                 
0000697e  _ZTSN10__cxxabiv120__si_class_type_infoE                              
00006c4a  _ZTSSt9type_info                                                      
000069c8  _ZTV14HardwareSerial                                                  
00006b18  _ZTV5Print                                                            
000069ec  _ZTV6Stream                                                           
00006a10  _ZTV7TwoWire                                                          
00006b6c  _ZTVN10__cxxabiv117__class_type_infoE                                 
[...]
000059cf  USBEndpointDMADisable                                                 
000059f3  USBEndpointDMAEnable                                                  
00005a19  USBStackModeSet                                                       
00005a3d  _Z5delayi                                                             
00005a61  _ZN7TwoWire4peekEv                                                    
00005a85  _ZN7TwoWireC1Ev                                                       
00005a85  _ZN7TwoWireC2Ev                                                       
00005aa9  uDMAChannelControlSet                                                 
00005b55  _ZN7TwoWire5writeEPKhj                                                
00005c19  USBRingBufAdvanceRead                                                 
00005c39  _ZN11rfid_reader7MFRC52216isNewCardPresentEv                          
00005c59  _ZN11rfid_reader7MFRC5225delayEi                                      
00005c79  _ZN7TwoWire5flushEv                                                   
00005c99  USBRingBufContigFree                                                  
00005cb7  USBULPIRegRead                                                        
00005cd5  USBULPIRegWrite                                                       
00005cf3  _ZN11rfid_reader7MFRC5229antennaOnEv                                  
00005d49  USBDCDConfigGetInterface                                              
00005d65  USBDCDStallEP0                                                        
00005d81  USBEndpointDataAvail                                                  
00005d9d  USBRingBufRead                                                        
00005db9  USBRingBufWrite                                                       
00005dd5  _ZN11rfid_reader7MFRC5229softResetEv                                  
00005df1  _ZN7TwoWire9availableEv                                               
00005e0d  _ZN7TwoWire9setModuleEm                                               
00005e5d  USBDCDConfigDescGetSize                                               
00005e77  USBEndpointDMAChannel                                                 
00005e91  _ZN11rfid_reader7MFRC52220clearRegisterBitMaskEhh                     
00005ef5  USB0DeviceIntHandler                                                  
00005f0d  USBBufferInit                                                         
00005f25  USBDCDFeatureGet                                                      
00005f6d  _ZN9usbdevice17USBKeyboardDevice17releaseSpecialKeyEv                 
00005f85  uDMAChannelDisable                                                    
00005f9d  uDMAChannelEnable                                                     
00005fe1  USBIntEnableEndpoint                                                  
00005ff7  USBRingBufFlush                                                       
0000600d  USBRingBufReadOne                                                     
00006023  USBRingBufUsed                                                        
00006039  _ZN11rfid_reader7MFRC52218setRegisterBitMaskEhh                       
0000604f  _ZN14HardwareSerial9availableEv                                       
00006065  _ZN9usbdevice15USBSerialDevice10initBufferEv                          
00006091  SysCtlUSBPLLEnable                                                    
000060a5  USBDCDCTxPacketAvailable                                              
000060b9  USBDCDRequestDataEP0                                                  
000060cd  USBDCDSendDataEP0                                                     
000060e1  USBDMAChannelConfigSet                                                
000060f5  USBHostResume                                                         
0000611d  _ZN11rfid_reader7MFRC52214readCardSerialEv                            
00006179  USBDMAChannelDisable                                                  
0000618b  USBDMAChannelEnable                                                   
0000619d  USBDMAChannelIntDisable                                               
000061af  USBDMAChannelIntEnable                                                
000061c1  USBRingBufFree                                                        
000061d3  _ZN14HardwareSerial4peekEv                                            
000061e5  I2CSlaveEnable                                                        
000061f5  IntMasterDisable                                                      
00006205  IntMasterEnable                                                       
00006215  SysTickIntHandler                                                     
00006225  USBEndpointStatus                                                     
00006235  USBRingBufContigUsed                                                  
00006245  USBRingBufWriteOne                                                    
00006263  I2CSlaveInit                                                          
0000627f  USBDHIDTxPacketAvailable                                              
0000628d  USBDMAChannelStatus                                                   
0000629b  USBDevLPMDisable                                                      
000062a9  USBDevLPMEnable                                                       
000062b7  USBULPIDisable                                                        
000062c5  USBULPIEnable                                                         
000062d3  _ZN10__cxxabiv117__class_type_infoD0Ev                                
000062e1  _ZN10__cxxabiv120__si_class_type_infoD0Ev                             
000062ef  _ZN9usbdevice15USBSerialDevice22resetCommandStatusFlagEv              
000062fd  __TI_decompress_none                                                  
0000630b  CPUcpsid                                                              
00006317  CPUcpsie                                                              
00006323  I2CSlaveIntEnableEx                                                   
0000632f  USBEndpointPacketCountSet                                             
0000633b  USBLPMIntEnable                                                       
00006347  USBRingBufInit                                                        
00006355  _ZN9usbdevice13USBCompDevice20registerEventHandlerEPFYjPvjjS1_E       
00006361  _ZN9usbdevice15USBSerialDevice17registerRxHandlerEPFYjPvjjS1_E        
0000636d  _ZN9usbdevice15USBSerialDevice17registerTxHandlerEPFYjPvjjS1_E        
00006379  _ZN9usbdevice15USBSerialDevice22registerControlHandlerEPFYjPvjjS1_E   
00006385  _ZN9usbdevice17USBKeyboardDevice23registerKeyboardHandlerEPFYjPvjjS1_E
00006391  __cxa_guard_acquire                                                   
0000639d  __sti___7_SPI_cpp_230ca784                                            
000063a9  __sti___8_Wire_cpp_4e348ebc                                           
000063b5  __TI_zero_init                                                        
000063c1  USBClockEnable                                                        
000063cb  USBControllerVersion                                                  
000063d5  USBDMAChannelAddressSet                                               
000063df  USBDMAChannelCountSet                                                 
000063e9  USBDevConnect                                                         
000063f3  USBDevDisconnect                                                      
000063fd  USBIntStatusEndpoint                                                  
00006407  _ZN8SPIClassC1Ev                                                      
00006407  _ZN8SPIClassC2Ev                                                      
00006411  _ZN9usbdevice15USBSerialDevice20commandStatusUpdatedEv                
0000641b  __cxa_guard_release                                                   
00006425  USBDevMode                                                            
0000642d  USBFIFOAddrGet                                                        
00006435  USBOTGMode                                                            
0000643d  _ZdlPv                                                                
00006455  I2CSlaveDataPut                                                       
0000645b  ResetISR                                                              
00006461  SysCtlDelay                                                           
00006467  USBBufferFlush                                                        
0000646d  USBDMAChannelIntStatus                                                
00006473  USBDevLPMConfig                                                       
00006479  USBLPMIntStatus                                                       
0000647f  _ZN8SPIClass9setModuleEh                                              
00006485  _ZN9usbdevice15USBSerialDevice15getRxEventCountEv                     
0000648b  _ZN9usbdevice15USBSerialDevice16getReceiveBufferEv                    
00006491  _ZN9usbdevice15USBSerialDevice19getReceiveBufferEndEv                 
00006497  _ZN9usbdevice15USBSerialDevice5writeEPhj                              
0000649d  __cxa_pure_virtual                                                    
000064b1  USBDevAddrSet                                                         
000064b5  _Z15USBEventHandlerPvjjS_                                             
000064b9  _Z9TxHandlerPvjjS_                                                    
000064bd  _ZN10__cxxabiv117__class_type_infoD1Ev                                
000064bd  _ZN10__cxxabiv117__class_type_infoD2Ev                                
000064c1  _ZN10__cxxabiv120__si_class_type_infoD1Ev                             
000064c1  _ZN10__cxxabiv120__si_class_type_infoD2Ev                             
000064c5  _ZN5Print17availableForWriteEv                                        
000064c9  _ZdlPvj                                                               
000064cd  __abort_execution                                                     
000064d1  _system_pre_init                                                      
000064d5  C$$EXIT                                                               
000064d5  _ZSt17__throw_bad_allocv                                              
000064d5  abort                                                                 
0000661c  g_sCDCSerConfigSection                                                
00006624  g_sIADSerConfigSection                                                
0000662c  g_sCDCSerCommInterfaceSection                                         
00006634  g_sCDCSerDataInterfaceSection                                         
0000663c  g_sCDCSerDataInterfaceSectionHS                                       
00006644  g_sCDCSerConfigHeader                                                 
0000664c  g_sCDCSerConfigHeaderHS                                               
00006654  g_sCDCCompSerConfigHeader                                             
0000665c  g_sCDCCompSerConfigHeaderHS                                           
00006664  g_ppCDCSerConfigDescriptors                                           
00006668  g_ppCDCSerConfigDescriptorsHS                                         
0000666c  g_pCDCCompSerConfigDescriptors                                        
00006670  g_pCDCCompSerConfigDescriptorsHS                                      
000067f3  g_pui8ConfigString                                                    
00006894  g_sCDCHandlers                                                        
000068c4  g_sCompHandlers                                                       
000068f4  g_sHIDHandlers                                                        
00006924  g_pui8CDCSerDataInterface                                             
0000693b  g_pui8CDCSerDataInterfaceHS                                           
00006952  g_pui8ControlInterfaceString                                          
0000697e  _ZTSN10__cxxabiv120__si_class_type_infoE                              
000069a3  g_pui8ManufacturerString                                              
000069c8  _ZTV14HardwareSerial                                                  
000069ec  _ZTV6Stream                                                           
00006a10  _ZTV7TwoWire                                                          
00006a34  g_pui8CDCSerCommInterface                                             
00006a57  _ZTSN10__cxxabiv117__class_type_infoE                                 
00006afc  g_pui8ProductString                                                   
00006b18  _ZTV5Print                                                            
00006b30  g_pui8StringDescriptors                                               
00006b48  g_pui8SerialNumberString                                              
00006b5a  _ZTS14HardwareSerial                                                  
00006b6c  _ZTVN10__cxxabiv117__class_type_infoE                                 
00006b7c  _ZTVN10__cxxabiv120__si_class_type_infoE                              
00006c4a  _ZTSSt9type_info                                                      
00006c64  _ZTI14HardwareSerial                                                  
00006c70  _ZTI6Stream                                                           
00006c7c  _ZTI7TwoWire                                                          
00006c88  _ZTIN10__cxxabiv117__class_type_infoE                                 
00006c94  _ZTIN10__cxxabiv120__si_class_type_infoE                              
00006cb5  _ZTS7TwoWire                                                          
00006cc0  _ZTI5Print                                                            
00006cc8  _ZTISt9type_info                                                      
00006cd0  _ZTS6Stream                                                           
00006cd8  _ZTS5Print                                                            
00006cdf  g_pui8LangDescriptor                                                  
00006ce4  NUM_STRING_DESCRIPTORS                                                
00006ce8  SHT$$INIT_ARRAY$$Base                                                 
00006cf4  SHT$$INIT_ARRAY$$Limit                                                
00006db0  __TI_Handler_Table_Base                                               
00006dbc  __TI_Handler_Table_Limit                                              
00006dc8  __TI_CINIT_Base                                                       
00006dd8  __TI_CINIT_Limit                                                      
20000b14  g_psDCDInst                                                           
20000ba4  _ZN7TwoWire8rxBufferE                                                 
20000be4  _ZN7TwoWire8txBufferE                                                 
20000c24  Serial1                                                               
20000c5c  Serial2                                                               
20000c94  Serial3                                                               
20000ccc  Serial4                                                               
20000d04  Serial5                                                               
20000d3c  Serial6                                                               
20000d74  Serial7                                                               
20000dac  Serial                                                                
20000de4  g_pfnTickHandlers                                                     
20000dfc  g_pvTickInstance                                                      
20000e14  Wire                                                                  
20000e3c  g_ppCompConfigDescriptors                                             
20000e40  g_ppsDevInfo                                                          
20000e48  ui32RxCount                                                           
20000e4c  ui32TxCount                                                           
20000e50  SPI                                                                   
20000e52  _ZN9usbdevice16g_sKeyboardStateE                                      
20000e58  __stack                                                               
20001058  __STACK_TOP                                                           
20001258  __STACK_END                                                           
20001258  g_pui8CDCSerDeviceDescriptor                                          
2000126a  g_pui8CDCSerDescriptor                                                
20001273  g_pui8IADSerDescriptor                                                
2000127c  g_psCDCSerSections                                                    
20001288  g_psCDCSerSectionsHS                                                  
20001294  g_psCDCCompSerSections                                                
200012a4  g_psCDCCompSerSectionsHS                                              
20001317  g_pui8HIDDeviceDescriptor                                             
2000132c  _ZN9usbdevice17USBKeyboardDevice15keyboardHandlerE                    
20001348  _ZN9usbdevice15USBSerialDevice14controlHandlerE                       
2000134c  _ZN9usbdevice15USBSerialDevice9rxHandlerE                             
20001350  _ZN9usbdevice15USBSerialDevice9txHandlerE                             
20001354  g_bUSBTimerInitialized                                                
20001358  g_ui32CurrentUSBTick                                                  
2000135c  g_ui32USBSOFCount                                                     
20001360  _ZN7TwoWire11rxReadIndexE                                             
20001361  _ZN7TwoWire12rxWriteIndexE                                            
20001362  _ZN7TwoWire9txAddressE                                                
20001363  _ZN7TwoWire11txReadIndexE                                             
20001364  _ZN7TwoWire12txWriteIndexE                                            
20001365  _ZN7TwoWire9i2cModuleE                                                
20001366  _ZN7TwoWire12slaveAddressE                                            
20001367  _ZN7TwoWire12transmittingE                                            
20001368  _ZN7TwoWire12currentStateE                                            
2000136c  g_iUSBMode                                                            
20001370  g_ui32WaitTicks                                                       
20001378  _lock                                                                 
2000137c  _unlock                                                               
20001388  _ZN9usbdevice13USBCompDevice12eventHandlerE                           
2000138c  currentUid                                                            
20001390  cardMissing                                                           
20001394  g_ui32SysTickCount                                                    
20001398  _sys_memory                                                           
ffffffff  __TI_pprof_out_hndl                                                   
ffffffff  __TI_prof_data_size                                                   
ffffffff  __TI_prof_data_start                                                  
ffffffff  __binit__                                                             
ffffffff  __c_args__                                                            
ffffffff  binit                                                                 
UNDEFED   __mpu_init                                                            
UNDEFED   _system_post_cinit                                                    

[389 symbols]
