******************************************************************************
                  TI ARM Linker PC v18.1.3                     
******************************************************************************
>> Linked Sat Dec  1 12:23:27 2018

OUTPUT FILE NAME:   <usb_keyb_dev.out>
ENTRY POINT SYMBOL: "_c_int00_noargs"  address: 00002aad


MEMORY CONFIGURATION

         name            origin    length      used     unused   attr    fill
----------------------  --------  ---------  --------  --------  ----  --------
  FLASH                 00000000   00040000  0000384e  0003c7b2  R  X
  SRAM                  20000000   00008000  00000b93  0000746d  RW X


SEGMENT ALLOCATION MAP

run origin  load origin   length   init length attrs members
----------  ----------- ---------- ----------- ----- -------
00000000    00000000    00003850   00003850    r-x
  00000000    00000000    0000026c   0000026c    r-- .intvecs
  0000026c    0000026c    000032da   000032da    r-x .text
  00003548    00003548    00000268   00000268    r-- .const
  000037b0    000037b0    000000a0   000000a0    r-- .cinit
20000000    20000000    00000b99   00000000    rw-
  20000000    20000000    0000066a   00000000    rw- .bss
  20000670    20000670    00000400   00000000    rw- .stack
  20000a70    20000a70    00000129   00000000    rw- .data


SECTION ALLOCATION MAP

 output                                  attributes/
section   page    origin      length       input sections
--------  ----  ----------  ----------   ----------------
.intvecs   0    00000000    0000026c     
                  00000000    0000026c     tm4c123gh6pm_startup_ccs.obj (.intvecs)

.text      0    0000026c    000032da     
                  0000026c    00000160     uartstdio.obj (.text:UARTStdioIntHandler)
                  000003cc    00000160     usblib.lib : usbdma.obj (.text:USBLibDMAInit)
                  0000052c    00000150                : usbdenum.obj (.text:USBDCDInit)
                  0000067c    00000150                : usbdenum.obj (.text:USBDEP0StateTxConfig)
                  000007cc    00000150                : usbdenum.obj (.text:USBDeviceIntHandlerInternal)
                  0000091c    00000148                : usbdconfig.obj (.text:USBDeviceConfig)
                  00000a64    00000114                : usbdhid.obj (.text:HandleRequest)
                  00000b78    000000f4                : usbdma.obj (.text:iDMAUSBTransfer)
                  00000c6c    000000e4                : usbdenum.obj (.text:USBDGetDescriptor)
                  00000d50    000000e0                : usbdhid.obj (.text:USBDHIDCompositeInit)
                  00000e30    000000d8                : usbdenum.obj (.text:USBDeviceEnumHandler)
                  00000f08    000000c4                : usbdma.obj (.text:uDMAUSBChannelAllocate)
                  00000fcc    000000bc                : usbdma.obj (.text:uDMAUSBTransfer)
                  00001088    000000a8     uartstdio.obj (.text:UARTwrite)
                  00001130    000000a6     usblib.lib : usbdhidkeyb.obj (.text:HIDKeyboardRxHandler)
                  000011d6    00000002     tm4c123gh6pm_startup_ccs.obj (.text:FaultISR)
                  000011d8    0000009c     usblib.lib : usbdhidkeyb.obj (.text:USBDHIDKeyboardCompositeInit)
                  00001274    0000009c     rtsv7M4_T_le_v4SPD16_eabi.lib : memcpy_t2.asm.obj (.text)
                  00001310    00000098     usblib.lib : usbdenum.obj (.text:USBDSetInterface)
                  000013a8    00000098     main.obj (.text:main)
                  00001440    00000090     usblib.lib : usbdenum.obj (.text:USBDSetConfiguration)
                  000014d0    0000008c     uartstdio.obj (.text:UARTPrimeTransmit)
                  0000155c    0000008c     usblib.lib : usbdconfig.obj (.text:USBDeviceConfigAlternate)
                  000015e8    0000008c     usb_keyboard.obj (.text:USBWriteString)
                  00001674    00000088     buttons.obj (.text:ButtonsPoll)
                  000016fc    00000088     usblib.lib : usbdhid.obj (.text:ProcessIdleTimers)
                  00001784    00000086                : usbdhidkeyb.obj (.text:USBDHIDKeyboardKeyStateChange)
                  0000180a    00000084                : usbdma.obj (.text:iDMAUSBChannelAllocate)
                  0000188e    00000002     tm4c123gh6pm_startup_ccs.obj (.text:IntDefaultHandler)
                  00001890    00000084     driverlib.lib : udma.obj (.text:uDMAChannelTransferSet)
                  00001914    00000080     usblib.lib : usbdenum.obj (.text:USBDClearFeature)
                  00001994    00000080     usb_keyboard.obj (.text:USBKeyboardUpdate)
                  00001a14    0000007a     driverlib.lib : usb.obj (.text:USBDevEndpointConfigSet)
                  00001a8e    0000007a     rtsv7M4_T_le_v4SPD16_eabi.lib : memset_t2.asm.obj (.text)
                  00001b08    00000078     usblib.lib : usbdenum.obj (.text:USBDGetStatus)
                  00001b80    00000070                : usbdenum.obj (.text:USBDEP0StateTx)
                  00001bf0    00000070     main.obj (.text:configureUSB)
                  00001c60    00000070     usblib.lib : usbdma.obj (.text:uDMAUSBArbSizeSet)
                  00001cd0    00000070                : usbdma.obj (.text:uDMAUSBUnitSizeSet)
                  00001d40    0000006c                : usbdenum.obj (.text:USBDSetFeature)
                  00001dac    00000068     buttons.obj (.text:ButtonsInit)
                  00001e14    00000068     driverlib.lib : interrupt.obj (.text:IntDisable)
                  00001e7c    00000068                   : interrupt.obj (.text:IntEnable)
                  00001ee4    00000068     rtsv7M4_T_le_v4SPD16_eabi.lib : copy_decompress_lzss.c.obj (.text:decompress:lzss:__TI_decompress_lzss)
                  00001f4c    00000064     usblib.lib : usbdhid.obj (.text:HandleGetDescriptor)
                  00001fb0    00000064     driverlib.lib : interrupt.obj (.text:IntIsEnabled)
                  00002014    00000064     usblib.lib : usbdma.obj (.text:uDMAUSBChannelEnable)
                  00002078    00000060                : usbdhid.obj (.text:HandleDevice)
                  000020d8    00000060                : usbdhid.obj (.text:ProcessDataFromHost)
                  00002138    00000060                : usbdenum.obj (.text:USBDReadAndDispatchRequest)
                  00002198    0000005e     driverlib.lib : usb.obj (.text:USBDevEndpointStatusClear)
                  000021f6    0000005c     usblib.lib : usbdhid.obj (.text:FindHIDDescriptor)
                  00002252    00000056                : usbdhidkeyb.obj (.text:RemoveKeyFromPressedList)
                  000022a8    00000056                : usbdma.obj (.text:uDMAUSBChannelRelease)
                  000022fe    00000054                : usbdhid.obj (.text:ProcessDataToHost)
                  00002352    00000052                : usbulpi.obj (.text:ULPIConfigSet)
                  000023a4    00000050     driverlib.lib : sysctl.obj (.text:SysCtlPeripheralReset)
                  000023f4    00000050     usblib.lib : usbdcdesc.obj (.text:USBDCDConfigDescGet)
                  00002444    00000050                : usbdenum.obj (.text:USBDeviceResumeTickHandler)
                  00002494    0000004c                : usbdconfig.obj (.text:GetEPDescriptorType)
                  000024e0    0000004c                : usbdenum.obj (.text:USBDStringIndexFromRequest)
                  0000252c    0000004c     driverlib.lib : usb.obj (.text:USBEndpointDMAConfigSet)
                  00002578    0000004c     usblib.lib : usbdma.obj (.text:iDMAUSBChannelEnable)
                  000025c4    0000004a                : usbdcdesc.obj (.text:ConfigAlternateInterfaceGet)
                  0000260e    0000004a                : usbdhid.obj (.text:USBDHIDReportWrite)
                  00002658    0000004a     driverlib.lib : usb.obj (.text:USBDevEndpointStallClear)
                  000026a2    0000004a     usblib.lib : usbdma.obj (.text:uDMAUSBChannelDisable)
                  000026ec    00000048                : usbdhid.obj (.text:SetIdleTimeout)
                  00002734    00000048                : usbdenum.obj (.text:USBDeviceEnumResetHandler)
                  0000277c    00000048     driverlib.lib : udma.obj (.text:uDMAChannelAttributeDisable)
                  000027c4    00000046                   : usb.obj (.text:USBEndpointDataGet)
                  0000280a    00000002     tm4c123gh6pm_startup_ccs.obj (.text:NmiSR)
                  0000280c    00000044     usblib.lib : usbdenum.obj (.text:USBDCDDeviceInfoInit)
                  00002850    00000044                : usbdenum.obj (.text:USBDGetInterface)
                  00002894    00000044     rtsv7M4_T_le_v4SPD16_eabi.lib : autoinit.c.obj (.text:__TI_auto_init_nobinit_nopinit:__TI_auto_init_nobinit_nopinit)
                  000028d8    00000040     usblib.lib : usbdhid.obj (.text:ScheduleReportTransmission)
                  00002918    0000003e                : usbdhidkeyb.obj (.text:HIDKeyboardTxHandler)
                  00002956    0000003c                : usbdma.obj (.text:iDMAUSBChannelRelease)
                  00002992    0000003a     driverlib.lib : usb.obj (.text:USBFIFOConfigSet)
                  000029cc    00000038     usblib.lib : usbtick.obj (.text:InternalUSBRegisterTickHandler)
                  00002a04    00000038                : usbtick.obj (.text:InternalUSBStartOfFrameTick)
                  00002a3c    00000038                : usbdcdesc.obj (.text:USBDCDConfigGetInterfaceEndpoint)
                  00002a74    00000038     driverlib.lib : usb.obj (.text:USBIntStatusControl)
                  00002aac    00000038     rtsv7M4_T_le_v4SPD16_eabi.lib : boot_cortex_m.c.obj (.text:_c_int00_noargs:_c_int00_noargs)
                  00002ae4    00000036     usblib.lib : usbdhid.obj (.text:HandleEndpoints)
                  00002b1a    00000036     driverlib.lib : usb.obj (.text:USBEndpointDataPut)
                  00002b50    00000034     usblib.lib : usbdhid.obj (.text:HIDTickHandler)
                  00002b84    00000034     driverlib.lib : sysctl.obj (.text:SysCtlPeripheralEnable)
                  00002bb8    00000034                   : usb.obj (.text:USBEndpointDataSend)
                  00002bec    00000034     usb_keyboard.obj (.text:USBKeyboardHandler)
                  00002c20    00000034     usblib.lib : usbdma.obj (.text:iDMAUSBChannelStatus)
                  00002c54    00000032                : usbdhid.obj (.text:ClearReportTimer)
                  00002c86    00000032                : usbdhid.obj (.text:HandleConfigChange)
                  00002cb8    00000032                : usbdcdesc.obj (.text:NextConfigDescGet)
                  00002cea    00000032     driverlib.lib : usb.obj (.text:USBDevEndpointStall)
                  00002d1c    00000032     usblib.lib : usbdma.obj (.text:iDMAUSBChannelDisable)
                  00002d4e    00000030                : usbdhidkeyb.obj (.text:AddKeyToPressedList)
                  00002d7e    00000030                : usbdma.obj (.text:DMAUSBIntHandler)
                  00002dae    00000002                : usbdma.obj (.text:iDMAUSBArbSizeSet)
                  00002db0    00000030                : usbtick.obj (.text:InternalUSBTickInit)
                  00002de0    00000030                : usbdenum.obj (.text:USBDGetConfiguration)
                  00002e10    00000030                : usbdhidkeyb.obj (.text:USBDHIDKeyboardInit)
                  00002e40    0000002c                : usbdesc.obj (.text:USBDescGet)
                  00002e6c    0000002c                : usbdma.obj (.text:uDMAUSBIntStatus)
                  00002e98    0000002a                : usbdcdesc.obj (.text:USBDCDConfigDescGetNum)
                  00002ec2    0000002a                : usbdesc.obj (.text:USBDescGetNum)
                  00002eec    0000002a     driverlib.lib : usb.obj (.text:USBDevEndpointDataAck)
                  00002f16    00000028     usblib.lib : usbdhid.obj (.text:GetIdleTimeout)
                  00002f3e    00000002                : usbdma.obj (.text:iDMAUSBUnitSizeSet)
                  00002f40    00000028     usb_keyboard.obj (.text:GetUsageCode)
                  00002f68    00000028     usblib.lib : usbdhid.obj (.text:HandleEP0DataReceived)
                  00002f90    00000028                : usbdenum.obj (.text:USBDSetAddress)
                  00002fb8    00000028     driverlib.lib : usb.obj (.text:USBIntEnableControl)
                  00002fe0    00000028                   : udma.obj (.text:uDMAChannelModeGet)
                  00003008    00000026     usblib.lib : usbdhid.obj (.text:USBDHIDInit)
                  0000302e    00000024     driverlib.lib : usb.obj (.text:USBEndpointDMADisable)
                  00003052    00000024                   : usb.obj (.text:USBEndpointDMAEnable)
                  00003076    00000002     usblib.lib : usbdma.obj (.text:uDMAUSBChannelIntDisable)
                  00003078    00000024                : usbmode.obj (.text:USBStackModeSet)
                  0000309c    00000024     driverlib.lib : udma.obj (.text:uDMAChannelControlSet)
                  000030c0    00000022     usblib.lib : usbdhid.obj (.text:HandleDisconnect)
                  000030e2    00000022                : usbdma.obj (.text:uDMAUSBChannelStatus)
                  00003104    00000020                : usbdconfig.obj (.text:GetEndpointFIFOSize)
                  00003124    00000020                : usbdhid.obj (.text:HandleEP0DataSent)
                  00003144    0000001e     driverlib.lib : usb.obj (.text:USBULPIRegRead)
                  00003162    0000001e                   : usb.obj (.text:USBULPIRegWrite)
                  00003180    0000001c     usblib.lib : usbdcdesc.obj (.text:USBDCDConfigGetInterface)
                  0000319c    0000001c                : usbdenum.obj (.text:USBDCDStallEP0)
                  000031b8    0000001c     driverlib.lib : usb.obj (.text:USBEndpointDataAvail)
                  000031d4    0000001a     usblib.lib : usbdhid.obj (.text:ClearIdleTimers)
                  000031ee    0000001a                : usbdcdesc.obj (.text:USBDCDConfigDescGetSize)
                  00003208    0000001a     driverlib.lib : usb.obj (.text:USBEndpointDMAChannel)
                  00003222    00000018     uartstdio.obj (.text:IsBufferFull)
                  0000323a    00000018     usblib.lib : usbdhid.obj (.text:SetDeferredOpFlag)
                  00003252    00000002                : usbdma.obj (.text:uDMAUSBChannelIntEnable)
                  00003254    00000018                : usbdhandler.obj (.text:USB0DeviceIntHandler)
                  0000326c    00000018                : usbdenum.obj (.text:USBDSetDescriptor)
                  00003284    00000018                : usbdenum.obj (.text:USBDSyncFrame)
                  0000329c    00000018     driverlib.lib : udma.obj (.text:uDMAChannelDisable)
                  000032b4    00000018                   : udma.obj (.text:uDMAChannelEnable)
                  000032cc    00000016                   : usb.obj (.text:USBIntEnableEndpoint)
                  000032e2    00000002     --HOLE-- [fill = 0]
                  000032e4    00000014                   : sysctl.obj (.text:SysCtlUSBPLLEnable)
                  000032f8    00000014     usblib.lib : usbdenum.obj (.text:USBDCDRequestDataEP0)
                  0000330c    00000014                : usbdenum.obj (.text:USBDCDSendDataEP0)
                  00003320    00000014     driverlib.lib : usb.obj (.text:USBDMAChannelConfigSet)
                  00003334    00000014                   : usb.obj (.text:USBHostResume)
                  00003348    00000014                   : usb.obj (.text:_USBIndexWrite)
                  0000335c    00000012     usblib.lib : usbdhid.obj (.text:HandleResume)
                  0000336e    00000012                : usbdhid.obj (.text:HandleSuspend)
                  00003380    00000012     driverlib.lib : usb.obj (.text:USBDMAChannelDisable)
                  00003392    00000012                   : usb.obj (.text:USBDMAChannelEnable)
                  000033a4    00000012                   : usb.obj (.text:USBDMAChannelIntDisable)
                  000033b6    00000012                   : usb.obj (.text:USBDMAChannelIntEnable)
                  000033c8    00000010                   : interrupt.obj (.text:IntMasterEnable)
                  000033d8    00000010     main.obj (.text:SysTickIntHandler)
                  000033e8    00000010     driverlib.lib : usb.obj (.text:USBEndpointStatus)
                  000033f8    0000000e     usblib.lib : usbdma.obj (.text:DMAUSBIntStatusClear)
                  00003406    0000000e     uartstdio.obj (.text:IsBufferEmpty)
                  00003414    0000000e     usblib.lib : usbdhid.obj (.text:USBDHIDTxPacketAvailable)
                  00003422    0000000e     driverlib.lib : usb.obj (.text:USBDMAChannelStatus)
                  00003430    0000000e                   : usb.obj (.text:USBDevLPMDisable)
                  0000343e    0000000e                   : usb.obj (.text:USBDevLPMEnable)
                  0000344c    0000000e                   : usb.obj (.text:USBULPIDisable)
                  0000345a    0000000e                   : usb.obj (.text:USBULPIEnable)
                  00003468    0000000e     rtsv7M4_T_le_v4SPD16_eabi.lib : copy_decompress_none.c.obj (.text:decompress:none:__TI_decompress_none)
                  00003476    0000000c     driverlib.lib : cpu.obj (.text:CPUcpsie)
                  00003482    0000000c                   : usb.obj (.text:USBEndpointPacketCountSet)
                  0000348e    0000000c                   : usb.obj (.text:USBLPMIntEnable)
                  0000349a    0000000c     rtsv7M4_T_le_v4SPD16_eabi.lib : copy_zero_init.c.obj (.text:decompress:ZI:__TI_zero_init)
                  000034a6    0000000a     driverlib.lib : usb.obj (.text:USBClockEnable)
                  000034b0    0000000a                   : usb.obj (.text:USBControllerVersion)
                  000034ba    0000000a                   : usb.obj (.text:USBDMAChannelAddressSet)
                  000034c4    0000000a                   : usb.obj (.text:USBDMAChannelCountSet)
                  000034ce    0000000a                   : usb.obj (.text:USBDevConnect)
                  000034d8    0000000a                   : usb.obj (.text:USBDevDisconnect)
                  000034e2    0000000a                   : usb.obj (.text:USBIntStatusEndpoint)
                  000034ec    00000008                   : usb.obj (.text:USBDevMode)
                  000034f4    00000008                   : usb.obj (.text:USBFIFOAddrGet)
                  000034fc    00000008                   : usb.obj (.text:USBOTGMode)
                  00003504    00000008     usblib.lib : usbdma.obj (.text:iDMAUSBChannelIntDisable)
                  0000350c    00000008                : usbdma.obj (.text:iDMAUSBChannelIntEnable)
                  00003514    00000006     tm4c123gh6pm_startup_ccs.obj (.text:ResetISR)
                  0000351a    00000006     driverlib.lib : usb.obj (.text:USBDMAChannelIntStatus)
                  00003520    00000006                   : usb.obj (.text:USBDevLPMConfig)
                  00003526    00000006                   : usb.obj (.text:USBLPMIntStatus)
                  0000352c    00000006     usblib.lib : usbdma.obj (.text:iDMAUSBIntStatus)
                  00003532    00000004                : usbdma.obj (.text:DMAUSBStatus)
                  00003536    00000004                : usbdhid.obj (.text:HandleReset)
                  0000353a    00000004     driverlib.lib : usb.obj (.text:USBDevAddrSet)
                  0000353e    00000004     rtsv7M4_T_le_v4SPD16_eabi.lib : pre_init.c.obj (.text:_system_pre_init)
                  00003542    00000004                                   : exit.c.obj (.text:abort:abort)

.const     0    00003548    00000268     
                  00003548    00000070     driverlib.lib : interrupt.obj (.const)
                  000035b8    00000068     usb_keyboard.obj (.const:g_pcUsageCodes)
                  00003620    0000003f     usblib.lib : usbdhidkeyb.obj (.const:.string:g_pui8KeybReportDescriptor)
                  0000365f    00000001     --HOLE-- [fill = 0]
                  00003660    00000034                : usbdenum.obj (.const:g_psUSBDStdRequests)
                  00003694    00000034                : usbdhidkeyb.obj (.const)
                  000036c8    00000030                : usbdhid.obj (.const:g_sHIDHandlers)
                  000036f8    00000024     usb_structs.obj (.const:.string:g_pui8ManufacturerString)
                  0000371c    00000022     usb_keyboard.obj (.const:g_pcUsageCodesShift)
                  0000373e    0000001c     usb_structs.obj (.const:.string:g_pui8ProductString)
                  0000375a    00000012     usb_structs.obj (.const:.string:g_pui8SerialNumberString)
                  0000376c    00000010     usb_structs.obj (.const:g_pui8StringDescriptors)
                  0000377c    0000000e     usblib.lib : usbdhidkeyb.obj (.const:.string)
                  0000378a    00000002     --HOLE-- [fill = 0]
                  0000378c    0000000c     uartstdio.obj (.const:g_ui32UARTInt)
                  00003798    00000009     main.obj (.const:.string:password)
                  000037a1    00000003     --HOLE-- [fill = 0]
                  000037a4    00000008     main.obj (.const)
                  000037ac    00000004     usb_structs.obj (.const:.string:g_pui8LangDescriptor)

.cinit     0    000037b0    000000a0     
                  000037b0    00000077     (.cinit..data.load) [load image, compression = lzss]
                  00003827    00000001     --HOLE-- [fill = 0]
                  00003828    0000000c     (__TI_handler_table)
                  00003834    00000004     --HOLE-- [fill = 0]
                  00003838    00000008     (.cinit..bss.load) [load image, compression = zero_init]
                  00003840    00000010     (__TI_cinit_table)

.init_array 
*          0    00000000    00000000     UNINITIALIZED

.bss       0    20000000    0000066a     UNINITIALIZED
                  20000000    00000400     uartstdio.obj (.bss:g_pcUARTTxBuffer)
                  20000400    00000110     usblib.lib : usbdma.obj (.bss:g_psUSBDMAInst)
                  20000510    00000080     uartstdio.obj (.bss:g_pcUARTRxBuffer)
                  20000590    00000050     usblib.lib : usbdenum.obj (.bss:g_psDCDInst)
                  200005e0    00000040                : usbdenum.obj (.bss:g_pui8DataBufferIn)
                  20000620    00000018     (.common:g_pfnTickHandlers)
                  20000638    00000018     (.common:g_pvTickInstance)
                  20000650    00000008     uartstdio.obj (.bss)
                  20000658    00000004     (.common:g_pfnUSBModeCallback)
                  2000065c    00000004     (.common:g_ppsDevInfo)
                  20000660    00000004     (.common:g_ui32SysTickCount)
                  20000664    00000004     (.common:g_ui32ULPISupport)
                  20000668    00000002     (.common:g_sKeyboardState)

.data      0    20000a70    00000129     UNINITIALIZED
                  20000a70    000000a4     usb_structs.obj (.data:g_sKeyboardDevice)
                  20000b14    00000038     usblib.lib : usbdhidkeyb.obj (.data)
                  20000b4c    00000015     uartstdio.obj (.data)
                  20000b61    00000012     usblib.lib : usbdhid.obj (.data)
                  20000b73    00000001     --HOLE--
                  20000b74    0000000c                : usbtick.obj (.data)
                  20000b80    00000009                : usbmode.obj (.data)
                  20000b89    00000003     buttons.obj (.data)
                  20000b8c    00000008     usblib.lib : usbdenum.obj (.data)
                  20000b94    00000005     usb_keyboard.obj (.data)

.stack     0    20000670    00000400     UNINITIALIZED
                  20000670    00000004     rtsv7M4_T_le_v4SPD16_eabi.lib : boot_cortex_m.c.obj (.stack)
                  20000674    000003fc     --HOLE--

MODULE SUMMARY

       Module                         code    ro data   rw data
       ------                         ----    -------   -------
    .\
       tm4c123gh6pm_startup_ccs.obj   12      620       0      
       usb_keyboard.obj               360     138       7      
       main.obj                       280     17        4      
       usb_structs.obj                0       102       164    
    +--+------------------------------+-------+---------+---------+
       Total:                         652     877       175    
                                                               
    .\drivers\
       buttons.obj                    240     0         3      
    +--+------------------------------+-------+---------+---------+
       Total:                         240     0         3      
                                                               
    .\utils\
       uartstdio.obj                  698     12        1181   
    +--+------------------------------+-------+---------+---------+
       Total:                         698     12        1181   
                                                               
    C:/ti/tivaware_c_series_2_1_4_178/driverlib/ccs/Debug/driverlib.lib
       usb.obj                        1354    0         0      
       interrupt.obj                  324     112       0      
       udma.obj                       328     0         0      
       sysctl.obj                     152     0         0      
       cpu.obj                        12      0         0      
    +--+------------------------------+-------+---------+---------+
       Total:                         2170    112       0      
                                                               
    C:/ti/tivaware_c_series_2_1_4_178/usblib/ccs/Debug/usblib.lib
       usbdenum.obj                   2880    52        160    
       usbdma.obj                     2008    0         272    
       usbdhid.obj                    1808    48        18     
       usbdhidkeyb.obj                700     129       56     
       usbdconfig.obj                 576     0         0      
       usbdcdesc.obj                  356     0         0      
       usbtick.obj                    160     0         60     
       usbdesc.obj                    86      0         0      
       usbulpi.obj                    82      0         0      
       usbmode.obj                    36      0         13     
       usbdhandler.obj                24      0         0      
    +--+------------------------------+-------+---------+---------+
       Total:                         8716    229       579    
                                                               
    C:\ti\ccsv8\tools\compiler\ti-cgt-arm_18.1.3.LTS\lib\rtsv7M4_T_le_v4SPD16_eabi.lib
       memcpy_t2.asm.obj              156     0         0      
       memset_t2.asm.obj              122     0         0      
       copy_decompress_lzss.c.obj     104     0         0      
       autoinit.c.obj                 68      0         0      
       boot_cortex_m.c.obj            56      0         0      
       copy_decompress_none.c.obj     14      0         0      
       copy_zero_init.c.obj           12      0         0      
       exit.c.obj                     4       0         0      
       pre_init.c.obj                 4       0         0      
    +--+------------------------------+-------+---------+---------+
       Total:                         540     0         0      
                                                               
       Stack:                         0       0         1024   
       Linker Generated:              0       155       0      
    +--+------------------------------+-------+---------+---------+
       Grand Total:                   13016   1385      2962   


LINKER GENERATED COPY TABLES

__TI_cinit_table @ 00003840 records: 2, size/record: 8, table size: 16
	.data: load addr=000037b0, load size=00000077 bytes, run addr=20000a70, run size=00000129 bytes, compression=lzss
	.bss: load addr=00003838, load size=00000008 bytes, run addr=20000000, run size=0000066a bytes, compression=zero_init


LINKER GENERATED HANDLER TABLE

__TI_handler_table @ 00003828 records: 3, size/record: 4, table size: 12
	index: 0, handler: __TI_decompress_lzss
	index: 1, handler: __TI_decompress_none
	index: 2, handler: __TI_zero_init


GLOBAL SYMBOLS: SORTED ALPHABETICALLY BY Name 

address   name                            
-------   ----                            
00001dad  ButtonsInit                     
00001675  ButtonsPoll                     
00003543  C$$EXIT                         
00003477  CPUcpsie                        
000037a4  ENTER                           
00001e15  IntDisable                      
00001e7d  IntEnable                       
00001fb1  IntIsEnabled                    
000033c9  IntMasterEnable                 
000029cd  InternalUSBRegisterTickHandler  
00002a05  InternalUSBStartOfFrameTick     
00002db1  InternalUSBTickInit             
00003515  ResetISR                        
000037a8  SYSTICKS_PER_SECOND             
00002b85  SysCtlPeripheralEnable          
000023a5  SysCtlPeripheralReset           
000032e5  SysCtlUSBPLLEnable              
000033d9  SysTickIntHandler               
0000026d  UARTStdioIntHandler             
00001089  UARTwrite                       
00002353  ULPIConfigSet                   
00003255  USB0DeviceIntHandler            
000034a7  USBClockEnable                  
000034b1  USBControllerVersion            
000023f5  USBDCDConfigDescGet             
00002e99  USBDCDConfigDescGetNum          
000031ef  USBDCDConfigDescGetSize         
00003181  USBDCDConfigGetInterface        
00002a3d  USBDCDConfigGetInterfaceEndpoint
0000280d  USBDCDDeviceInfoInit            
0000052d  USBDCDInit                      
000032f9  USBDCDRequestDataEP0            
0000330d  USBDCDSendDataEP0               
0000319d  USBDCDStallEP0                  
00000d51  USBDHIDCompositeInit            
00003009  USBDHIDInit                     
000011d9  USBDHIDKeyboardCompositeInit    
00002e11  USBDHIDKeyboardInit             
00001785  USBDHIDKeyboardKeyStateChange   
0000260f  USBDHIDReportWrite              
00003415  USBDHIDTxPacketAvailable        
000034bb  USBDMAChannelAddressSet         
00003321  USBDMAChannelConfigSet          
000034c5  USBDMAChannelCountSet           
00003381  USBDMAChannelDisable            
00003393  USBDMAChannelEnable             
000033a5  USBDMAChannelIntDisable         
000033b7  USBDMAChannelIntEnable          
0000351b  USBDMAChannelIntStatus          
00003423  USBDMAChannelStatus             
00002e41  USBDescGet                      
00002ec3  USBDescGetNum                   
0000353b  USBDevAddrSet                   
000034cf  USBDevConnect                   
000034d9  USBDevDisconnect                
00001a15  USBDevEndpointConfigSet         
00002eed  USBDevEndpointDataAck           
00002ceb  USBDevEndpointStall             
00002659  USBDevEndpointStallClear        
00002199  USBDevEndpointStatusClear       
00003521  USBDevLPMConfig                 
00003431  USBDevLPMDisable                
0000343f  USBDevLPMEnable                 
000034ed  USBDevMode                      
0000091d  USBDeviceConfig                 
0000155d  USBDeviceConfigAlternate        
00000e31  USBDeviceEnumHandler            
00002735  USBDeviceEnumResetHandler       
000007cd  USBDeviceIntHandlerInternal     
00002445  USBDeviceResumeTickHandler      
00003209  USBEndpointDMAChannel           
0000252d  USBEndpointDMAConfigSet         
0000302f  USBEndpointDMADisable           
00003053  USBEndpointDMAEnable            
000031b9  USBEndpointDataAvail            
000027c5  USBEndpointDataGet              
00002b1b  USBEndpointDataPut              
00002bb9  USBEndpointDataSend             
00003483  USBEndpointPacketCountSet       
000033e9  USBEndpointStatus               
000034f5  USBFIFOAddrGet                  
00002993  USBFIFOConfigSet                
00003335  USBHostResume                   
00002fb9  USBIntEnableControl             
000032cd  USBIntEnableEndpoint            
00002a75  USBIntStatusControl             
000034e3  USBIntStatusEndpoint            
00002bed  USBKeyboardHandler              
00001995  USBKeyboardUpdate               
0000348f  USBLPMIntEnable                 
00003527  USBLPMIntStatus                 
000003cd  USBLibDMAInit                   
000034fd  USBOTGMode                      
00003079  USBStackModeSet                 
0000344d  USBULPIDisable                  
0000345b  USBULPIEnable                   
00003145  USBULPIRegRead                  
00003163  USBULPIRegWrite                 
000015e9  USBWriteString                  
20000a70  __STACK_END                     
00000400  __STACK_SIZE                    
20000870  __STACK_TOP                     
00003840  __TI_CINIT_Base                 
00003850  __TI_CINIT_Limit                
00003828  __TI_Handler_Table_Base         
00003834  __TI_Handler_Table_Limit        
00002895  __TI_auto_init_nobinit_nopinit  
00001ee5  __TI_decompress_lzss            
00003469  __TI_decompress_none            
ffffffff  __TI_pprof_out_hndl             
ffffffff  __TI_prof_data_size             
ffffffff  __TI_prof_data_start            
00000000  __TI_static_base__              
0000349b  __TI_zero_init                  
00001a8f  __aeabi_memclr                  
00001a8f  __aeabi_memclr4                 
00001a8f  __aeabi_memclr8                 
00001275  __aeabi_memcpy                  
00001275  __aeabi_memcpy4                 
00001275  __aeabi_memcpy8                 
00001a91  __aeabi_memset                  
00001a91  __aeabi_memset4                 
00001a91  __aeabi_memset8                 
ffffffff  __binit__                       
ffffffff  __c_args__                      
UNDEFED   __mpu_init                      
20000670  __stack                         
00002aad  _c_int00_noargs                 
UNDEFED   _system_post_cinit              
0000353f  _system_pre_init                
00003543  abort                           
ffffffff  binit                           
00001bf1  configureUSB                    
20000b74  g_bUSBTimerInitialized          
20000b80  g_iUSBMode                      
20000620  g_pfnTickHandlers               
00000000  g_pfnVectors                    
2000065c  g_ppsDevInfo                    
20000590  g_psDCDInst                     
20000b61  g_pui8HIDDeviceDescriptor       
000037ac  g_pui8LangDescriptor            
000036f8  g_pui8ManufacturerString        
0000373e  g_pui8ProductString             
0000375a  g_pui8SerialNumberString        
0000376c  g_pui8StringDescriptors         
20000638  g_pvTickInstance                
000036c8  g_sHIDHandlers                  
20000a70  g_sKeyboardDevice               
20000668  g_sKeyboardState                
20000b78  g_ui32CurrentUSBTick            
20000660  g_ui32SysTickCount              
20000b7c  g_ui32USBSOFCount               
20000b84  g_ui32WaitTicks                 
000013a9  main                            
00001275  memcpy                          
00001a97  memset                          
00003798  password                        
0000277d  uDMAChannelAttributeDisable     
0000309d  uDMAChannelControlSet           
0000329d  uDMAChannelDisable              
000032b5  uDMAChannelEnable               
00002fe1  uDMAChannelModeGet              
00001891  uDMAChannelTransferSet          


GLOBAL SYMBOLS: SORTED BY Symbol Address 

address   name                            
-------   ----                            
00000000  __TI_static_base__              
00000000  g_pfnVectors                    
0000026d  UARTStdioIntHandler             
000003cd  USBLibDMAInit                   
00000400  __STACK_SIZE                    
0000052d  USBDCDInit                      
000007cd  USBDeviceIntHandlerInternal     
0000091d  USBDeviceConfig                 
00000d51  USBDHIDCompositeInit            
00000e31  USBDeviceEnumHandler            
00001089  UARTwrite                       
000011d9  USBDHIDKeyboardCompositeInit    
00001275  __aeabi_memcpy                  
00001275  __aeabi_memcpy4                 
00001275  __aeabi_memcpy8                 
00001275  memcpy                          
000013a9  main                            
0000155d  USBDeviceConfigAlternate        
000015e9  USBWriteString                  
00001675  ButtonsPoll                     
00001785  USBDHIDKeyboardKeyStateChange   
00001891  uDMAChannelTransferSet          
00001995  USBKeyboardUpdate               
00001a15  USBDevEndpointConfigSet         
00001a8f  __aeabi_memclr                  
00001a8f  __aeabi_memclr4                 
00001a8f  __aeabi_memclr8                 
00001a91  __aeabi_memset                  
00001a91  __aeabi_memset4                 
00001a91  __aeabi_memset8                 
00001a97  memset                          
00001bf1  configureUSB                    
00001dad  ButtonsInit                     
00001e15  IntDisable                      
00001e7d  IntEnable                       
00001ee5  __TI_decompress_lzss            
00001fb1  IntIsEnabled                    
00002199  USBDevEndpointStatusClear       
00002353  ULPIConfigSet                   
000023a5  SysCtlPeripheralReset           
000023f5  USBDCDConfigDescGet             
00002445  USBDeviceResumeTickHandler      
0000252d  USBEndpointDMAConfigSet         
0000260f  USBDHIDReportWrite              
00002659  USBDevEndpointStallClear        
00002735  USBDeviceEnumResetHandler       
0000277d  uDMAChannelAttributeDisable     
000027c5  USBEndpointDataGet              
0000280d  USBDCDDeviceInfoInit            
00002895  __TI_auto_init_nobinit_nopinit  
00002993  USBFIFOConfigSet                
000029cd  InternalUSBRegisterTickHandler  
00002a05  InternalUSBStartOfFrameTick     
00002a3d  USBDCDConfigGetInterfaceEndpoint
00002a75  USBIntStatusControl             
00002aad  _c_int00_noargs                 
00002b1b  USBEndpointDataPut              
00002b85  SysCtlPeripheralEnable          
00002bb9  USBEndpointDataSend             
00002bed  USBKeyboardHandler              
00002ceb  USBDevEndpointStall             
00002db1  InternalUSBTickInit             
00002e11  USBDHIDKeyboardInit             
00002e41  USBDescGet                      
00002e99  USBDCDConfigDescGetNum          
00002ec3  USBDescGetNum                   
00002eed  USBDevEndpointDataAck           
00002fb9  USBIntEnableControl             
00002fe1  uDMAChannelModeGet              
00003009  USBDHIDInit                     
0000302f  USBEndpointDMADisable           
00003053  USBEndpointDMAEnable            
00003079  USBStackModeSet                 
0000309d  uDMAChannelControlSet           
00003145  USBULPIRegRead                  
00003163  USBULPIRegWrite                 
00003181  USBDCDConfigGetInterface        
0000319d  USBDCDStallEP0                  
000031b9  USBEndpointDataAvail            
000031ef  USBDCDConfigDescGetSize         
00003209  USBEndpointDMAChannel           
00003255  USB0DeviceIntHandler            
0000329d  uDMAChannelDisable              
000032b5  uDMAChannelEnable               
000032cd  USBIntEnableEndpoint            
000032e5  SysCtlUSBPLLEnable              
000032f9  USBDCDRequestDataEP0            
0000330d  USBDCDSendDataEP0               
00003321  USBDMAChannelConfigSet          
00003335  USBHostResume                   
00003381  USBDMAChannelDisable            
00003393  USBDMAChannelEnable             
000033a5  USBDMAChannelIntDisable         
000033b7  USBDMAChannelIntEnable          
000033c9  IntMasterEnable                 
000033d9  SysTickIntHandler               
000033e9  USBEndpointStatus               
00003415  USBDHIDTxPacketAvailable        
00003423  USBDMAChannelStatus             
00003431  USBDevLPMDisable                
0000343f  USBDevLPMEnable                 
0000344d  USBULPIDisable                  
0000345b  USBULPIEnable                   
00003469  __TI_decompress_none            
00003477  CPUcpsie                        
00003483  USBEndpointPacketCountSet       
0000348f  USBLPMIntEnable                 
0000349b  __TI_zero_init                  
000034a7  USBClockEnable                  
000034b1  USBControllerVersion            
000034bb  USBDMAChannelAddressSet         
000034c5  USBDMAChannelCountSet           
000034cf  USBDevConnect                   
000034d9  USBDevDisconnect                
000034e3  USBIntStatusEndpoint            
000034ed  USBDevMode                      
000034f5  USBFIFOAddrGet                  
000034fd  USBOTGMode                      
00003515  ResetISR                        
0000351b  USBDMAChannelIntStatus          
00003521  USBDevLPMConfig                 
00003527  USBLPMIntStatus                 
0000353b  USBDevAddrSet                   
0000353f  _system_pre_init                
00003543  C$$EXIT                         
00003543  abort                           
000036c8  g_sHIDHandlers                  
000036f8  g_pui8ManufacturerString        
0000373e  g_pui8ProductString             
0000375a  g_pui8SerialNumberString        
0000376c  g_pui8StringDescriptors         
00003798  password                        
000037a4  ENTER                           
000037a8  SYSTICKS_PER_SECOND             
000037ac  g_pui8LangDescriptor            
00003828  __TI_Handler_Table_Base         
00003834  __TI_Handler_Table_Limit        
00003840  __TI_CINIT_Base                 
00003850  __TI_CINIT_Limit                
20000590  g_psDCDInst                     
20000620  g_pfnTickHandlers               
20000638  g_pvTickInstance                
2000065c  g_ppsDevInfo                    
20000660  g_ui32SysTickCount              
20000668  g_sKeyboardState                
20000670  __stack                         
20000870  __STACK_TOP                     
20000a70  __STACK_END                     
20000a70  g_sKeyboardDevice               
20000b61  g_pui8HIDDeviceDescriptor       
20000b74  g_bUSBTimerInitialized          
20000b78  g_ui32CurrentUSBTick            
20000b7c  g_ui32USBSOFCount               
20000b80  g_iUSBMode                      
20000b84  g_ui32WaitTicks                 
ffffffff  __TI_pprof_out_hndl             
ffffffff  __TI_prof_data_size             
ffffffff  __TI_prof_data_start            
ffffffff  __binit__                       
ffffffff  __c_args__                      
ffffffff  binit                           
UNDEFED   __mpu_init                      
UNDEFED   _system_post_cinit              

[163 symbols]
