******************************************************************************
                  TI ARM Linker PC v18.1.3                     
******************************************************************************
>> Linked Fri Nov 30 17:22:18 2018

OUTPUT FILE NAME:   <usb_keyb_dev.out>
ENTRY POINT SYMBOL: "_c_int00_noargs"  address: 00002ee5


MEMORY CONFIGURATION

         name            origin    length      used     unused   attr    fill
----------------------  --------  ---------  --------  --------  ----  --------
  FLASH                 00000000   00040000  00003cf9  0003c307  R  X
  SRAM                  20000000   00008000  00000b9e  00007462  RW X


SEGMENT ALLOCATION MAP

run origin  load origin   length   init length attrs members
----------  ----------- ---------- ----------- ----- -------
00000000    00000000    00003d00   00003d00    r-x
  00000000    00000000    0000026c   0000026c    r-- .intvecs
  0000026c    0000026c    00003776   00003776    r-x .text
  000039e4    000039e4    00000277   00000277    r-- .const
  00003c60    00003c60    000000a0   000000a0    r-- .cinit
20000000    20000000    00000ba4   00000000    rw-
  20000000    20000000    0000066a   00000000    rw- .bss
  20000670    20000670    00000400   00000000    rw- .stack
  20000a70    20000a70    00000134   00000000    rw- .data


SECTION ALLOCATION MAP

 output                                  attributes/
section   page    origin      length       input sections
--------  ----  ----------  ----------   ----------------
.intvecs   0    00000000    0000026c     
                  00000000    0000026c     tm4c123gh6pm_startup_ccs.obj (.intvecs)

.text      0    0000026c    00003776     
                  0000026c    000001ea     uartstdio.obj (.text:UARTvprintf)
                  00000456    00000002     tm4c123gh6pm_startup_ccs.obj (.text:FaultISR)
                  00000458    00000160     uartstdio.obj (.text:UARTStdioIntHandler)
                  000005b8    00000160     usblib.lib : usbdma.obj (.text:USBLibDMAInit)
                  00000718    00000150                : usbdenum.obj (.text:USBDCDInit)
                  00000868    00000150                : usbdenum.obj (.text:USBDEP0StateTxConfig)
                  000009b8    00000150                : usbdenum.obj (.text:USBDeviceIntHandlerInternal)
                  00000b08    00000148                : usbdconfig.obj (.text:USBDeviceConfig)
                  00000c50    00000144     main.obj (.text:main)
                  00000d94    00000114     usblib.lib : usbdhid.obj (.text:HandleRequest)
                  00000ea8    00000108     main.obj (.text:USBWriteString)
                  00000fb0    000000f4     usblib.lib : usbdma.obj (.text:iDMAUSBTransfer)
                  000010a4    000000e4                : usbdenum.obj (.text:USBDGetDescriptor)
                  00001188    000000e0                : usbdhid.obj (.text:USBDHIDCompositeInit)
                  00001268    000000d8                : usbdenum.obj (.text:USBDeviceEnumHandler)
                  00001340    000000c4                : usbdma.obj (.text:uDMAUSBChannelAllocate)
                  00001404    000000bc                : usbdma.obj (.text:uDMAUSBTransfer)
                  000014c0    000000b0     uartstdio.obj (.text:UARTStdioConfig)
                  00001570    000000a8     uartstdio.obj (.text:UARTwrite)
                  00001618    000000a6     usblib.lib : usbdhidkeyb.obj (.text:HIDKeyboardRxHandler)
                  000016be    00000002     tm4c123gh6pm_startup_ccs.obj (.text:IntDefaultHandler)
                  000016c0    0000009c     usblib.lib : usbdhidkeyb.obj (.text:USBDHIDKeyboardCompositeInit)
                  0000175c    0000009c     rtsv7M4_T_le_v4SPD16_eabi.lib : memcpy_t2.asm.obj (.text)
                  000017f8    00000098     usblib.lib : usbdenum.obj (.text:USBDSetInterface)
                  00001890    00000090                : usbdenum.obj (.text:USBDSetConfiguration)
                  00001920    0000008c     uartstdio.obj (.text:UARTPrimeTransmit)
                  000019ac    0000008c     usblib.lib : usbdconfig.obj (.text:USBDeviceConfigAlternate)
                  00001a38    00000088     buttons.obj (.text:ButtonsPoll)
                  00001ac0    00000088     usblib.lib : usbdhid.obj (.text:ProcessIdleTimers)
                  00001b48    00000086                : usbdhidkeyb.obj (.text:USBDHIDKeyboardKeyStateChange)
                  00001bce    00000084                : usbdma.obj (.text:iDMAUSBChannelAllocate)
                  00001c52    00000002     tm4c123gh6pm_startup_ccs.obj (.text:NmiSR)
                  00001c54    00000084     driverlib.lib : udma.obj (.text:uDMAChannelTransferSet)
                  00001cd8    00000080     usblib.lib : usbdenum.obj (.text:USBDClearFeature)
                  00001d58    00000080     usb_keyboard.obj (.text:USBKeyboardUpdate)
                  00001dd8    0000007a     driverlib.lib : usb.obj (.text:USBDevEndpointConfigSet)
                  00001e52    0000007a     rtsv7M4_T_le_v4SPD16_eabi.lib : memset_t2.asm.obj (.text)
                  00001ecc    00000078     usblib.lib : usbdenum.obj (.text:USBDGetStatus)
                  00001f44    00000070                : usbdenum.obj (.text:USBDEP0StateTx)
                  00001fb4    00000070                : usbdma.obj (.text:uDMAUSBArbSizeSet)
                  00002024    00000070                : usbdma.obj (.text:uDMAUSBUnitSizeSet)
                  00002094    0000006c                : usbdenum.obj (.text:USBDSetFeature)
                  00002100    00000068     buttons.obj (.text:ButtonsInit)
                  00002168    00000068     driverlib.lib : interrupt.obj (.text:IntDisable)
                  000021d0    00000068                   : interrupt.obj (.text:IntEnable)
                  00002238    00000068     rtsv7M4_T_le_v4SPD16_eabi.lib : copy_decompress_lzss.c.obj (.text:decompress:lzss:__TI_decompress_lzss)
                  000022a0    00000064     main.obj (.text:ConfigureUART)
                  00002304    00000064     usblib.lib : usbdhid.obj (.text:HandleGetDescriptor)
                  00002368    00000064     driverlib.lib : interrupt.obj (.text:IntIsEnabled)
                  000023cc    00000064     usblib.lib : usbdma.obj (.text:uDMAUSBChannelEnable)
                  00002430    00000060                : usbdhid.obj (.text:HandleDevice)
                  00002490    00000060                : usbdhid.obj (.text:ProcessDataFromHost)
                  000024f0    00000060                : usbdenum.obj (.text:USBDReadAndDispatchRequest)
                  00002550    0000005e     driverlib.lib : usb.obj (.text:USBDevEndpointStatusClear)
                  000025ae    0000005c     usblib.lib : usbdhid.obj (.text:FindHIDDescriptor)
                  0000260a    00000056                : usbdhidkeyb.obj (.text:RemoveKeyFromPressedList)
                  00002660    00000056                : usbdma.obj (.text:uDMAUSBChannelRelease)
                  000026b6    00000054                : usbdhid.obj (.text:ProcessDataToHost)
                  0000270a    00000052                : usbulpi.obj (.text:ULPIConfigSet)
                  0000275c    00000050     driverlib.lib : sysctl.obj (.text:SysCtlPeripheralReset)
                  000027ac    00000050     usblib.lib : usbdcdesc.obj (.text:USBDCDConfigDescGet)
                  000027fc    00000050                : usbdenum.obj (.text:USBDeviceResumeTickHandler)
                  0000284c    0000004c                : usbdconfig.obj (.text:GetEPDescriptorType)
                  00002898    0000004c                : usbdenum.obj (.text:USBDStringIndexFromRequest)
                  000028e4    0000004c     driverlib.lib : usb.obj (.text:USBEndpointDMAConfigSet)
                  00002930    0000004c     usblib.lib : usbdma.obj (.text:iDMAUSBChannelEnable)
                  0000297c    0000004a                : usbdcdesc.obj (.text:ConfigAlternateInterfaceGet)
                  000029c6    0000004a                : usbdhid.obj (.text:USBDHIDReportWrite)
                  00002a10    0000004a     driverlib.lib : usb.obj (.text:USBDevEndpointStallClear)
                  00002a5a    0000004a     usblib.lib : usbdma.obj (.text:uDMAUSBChannelDisable)
                  00002aa4    00000048                : usbdhid.obj (.text:SetIdleTimeout)
                  00002aec    00000048                : usbdenum.obj (.text:USBDeviceEnumResetHandler)
                  00002b34    00000048     driverlib.lib : udma.obj (.text:uDMAChannelAttributeDisable)
                  00002b7c    00000046                   : usb.obj (.text:USBEndpointDataGet)
                  00002bc2    00000002     usblib.lib : usbdma.obj (.text:iDMAUSBArbSizeSet)
                  00002bc4    00000044                : usbdenum.obj (.text:USBDCDDeviceInfoInit)
                  00002c08    00000044                : usbdenum.obj (.text:USBDGetInterface)
                  00002c4c    00000044     rtsv7M4_T_le_v4SPD16_eabi.lib : autoinit.c.obj (.text:__TI_auto_init_nobinit_nopinit:__TI_auto_init_nobinit_nopinit)
                  00002c90    00000040     usblib.lib : usbdhid.obj (.text:ScheduleReportTransmission)
                  00002cd0    00000040     rtsv7M4_T_le_v4SPD16_eabi.lib : u_divt2.asm.obj (.text)
                  00002d10    0000003e     usblib.lib : usbdhidkeyb.obj (.text:HIDKeyboardTxHandler)
                  00002d4e    00000002                : usbdma.obj (.text:iDMAUSBUnitSizeSet)
                  00002d50    0000003c     uartstdio.obj (.text:UARTFlushTx)
                  00002d8c    0000003c     usblib.lib : usbdma.obj (.text:iDMAUSBChannelRelease)
                  00002dc8    0000003a     driverlib.lib : usb.obj (.text:USBFIFOConfigSet)
                  00002e02    00000002     rtsv7M4_T_le_v4SPD16_eabi.lib : div0.asm.obj (.text)
                  00002e04    00000038     usblib.lib : usbtick.obj (.text:InternalUSBRegisterTickHandler)
                  00002e3c    00000038                : usbtick.obj (.text:InternalUSBStartOfFrameTick)
                  00002e74    00000038                : usbdcdesc.obj (.text:USBDCDConfigGetInterfaceEndpoint)
                  00002eac    00000038     driverlib.lib : usb.obj (.text:USBIntStatusControl)
                  00002ee4    00000038     rtsv7M4_T_le_v4SPD16_eabi.lib : boot_cortex_m.c.obj (.text:_c_int00_noargs:_c_int00_noargs)
                  00002f1c    00000036     usblib.lib : usbdhid.obj (.text:HandleEndpoints)
                  00002f52    00000036     driverlib.lib : usb.obj (.text:USBEndpointDataPut)
                  00002f88    00000034     usblib.lib : usbdhid.obj (.text:HIDTickHandler)
                  00002fbc    00000034     driverlib.lib : sysctl.obj (.text:SysCtlPeripheralEnable)
                  00002ff0    00000034                   : usb.obj (.text:USBEndpointDataSend)
                  00003024    00000034     usb_keyboard.obj (.text:USBKeyboardHandler)
                  00003058    00000034     usblib.lib : usbdma.obj (.text:iDMAUSBChannelStatus)
                  0000308c    00000032                : usbdhid.obj (.text:ClearReportTimer)
                  000030be    00000032                : usbdhid.obj (.text:HandleConfigChange)
                  000030f0    00000032                : usbdcdesc.obj (.text:NextConfigDescGet)
                  00003122    00000032     driverlib.lib : usb.obj (.text:USBDevEndpointStall)
                  00003154    00000032     usblib.lib : usbdma.obj (.text:iDMAUSBChannelDisable)
                  00003186    00000030                : usbdhidkeyb.obj (.text:AddKeyToPressedList)
                  000031b6    00000030                : usbdma.obj (.text:DMAUSBIntHandler)
                  000031e6    00000002                : usbdma.obj (.text:uDMAUSBChannelIntDisable)
                  000031e8    00000030                : usbtick.obj (.text:InternalUSBTickInit)
                  00003218    00000030                : usbdenum.obj (.text:USBDGetConfiguration)
                  00003248    00000030                : usbdhidkeyb.obj (.text:USBDHIDKeyboardInit)
                  00003278    0000002c     uartstdio.obj (.text:UARTFlushRx)
                  000032a4    0000002c     usblib.lib : usbdesc.obj (.text:USBDescGet)
                  000032d0    0000002c                : usbdma.obj (.text:uDMAUSBIntStatus)
                  000032fc    0000002a                : usbdcdesc.obj (.text:USBDCDConfigDescGetNum)
                  00003326    0000002a                : usbdesc.obj (.text:USBDescGetNum)
                  00003350    0000002a     driverlib.lib : usb.obj (.text:USBDevEndpointDataAck)
                  0000337a    00000028     usblib.lib : usbdhid.obj (.text:GetIdleTimeout)
                  000033a2    00000002                : usbdma.obj (.text:uDMAUSBChannelIntEnable)
                  000033a4    00000028     usb_keyboard.obj (.text:GetUsageCode)
                  000033cc    00000028     usblib.lib : usbdhid.obj (.text:HandleEP0DataReceived)
                  000033f4    00000028                : usbdenum.obj (.text:USBDSetAddress)
                  0000341c    00000028     driverlib.lib : usb.obj (.text:USBIntEnableControl)
                  00003444    00000028                   : udma.obj (.text:uDMAChannelModeGet)
                  0000346c    00000026     usblib.lib : usbdhid.obj (.text:USBDHIDInit)
                  00003492    00000024     driverlib.lib : usb.obj (.text:USBEndpointDMADisable)
                  000034b6    00000024                   : usb.obj (.text:USBEndpointDMAEnable)
                  000034da    00000002     --HOLE-- [fill = 0]
                  000034dc    00000024     usblib.lib : usbmode.obj (.text:USBStackModeSet)
                  00003500    00000024     driverlib.lib : udma.obj (.text:uDMAChannelControlSet)
                  00003524    00000022     usblib.lib : usbdhid.obj (.text:HandleDisconnect)
                  00003546    00000022                : usbdma.obj (.text:uDMAUSBChannelStatus)
                  00003568    00000020                : usbdconfig.obj (.text:GetEndpointFIFOSize)
                  00003588    00000020                : usbdhid.obj (.text:HandleEP0DataSent)
                  000035a8    0000001e     driverlib.lib : usb.obj (.text:USBULPIRegRead)
                  000035c6    0000001e                   : usb.obj (.text:USBULPIRegWrite)
                  000035e4    0000001c     usblib.lib : usbdcdesc.obj (.text:USBDCDConfigGetInterface)
                  00003600    0000001c                : usbdenum.obj (.text:USBDCDStallEP0)
                  0000361c    0000001c     driverlib.lib : usb.obj (.text:USBEndpointDataAvail)
                  00003638    0000001a     usblib.lib : usbdhid.obj (.text:ClearIdleTimers)
                  00003652    0000001a     uartstdio.obj (.text:UARTprintf)
                  0000366c    0000001a     usblib.lib : usbdcdesc.obj (.text:USBDCDConfigDescGetSize)
                  00003686    0000001a     driverlib.lib : usb.obj (.text:USBEndpointDMAChannel)
                  000036a0    00000018     uartstdio.obj (.text:IsBufferFull)
                  000036b8    00000018     usblib.lib : usbdhid.obj (.text:SetDeferredOpFlag)
                  000036d0    00000018                : usbdhandler.obj (.text:USB0DeviceIntHandler)
                  000036e8    00000018                : usbdenum.obj (.text:USBDSetDescriptor)
                  00003700    00000018                : usbdenum.obj (.text:USBDSyncFrame)
                  00003718    00000018     driverlib.lib : udma.obj (.text:uDMAChannelDisable)
                  00003730    00000018                   : udma.obj (.text:uDMAChannelEnable)
                  00003748    00000016                   : usb.obj (.text:USBIntEnableEndpoint)
                  0000375e    00000002     --HOLE-- [fill = 0]
                  00003760    00000014     usb_keyboard.obj (.text:IsKeyboardPending)
                  00003774    00000014     driverlib.lib : sysctl.obj (.text:SysCtlUSBPLLEnable)
                  00003788    00000014     usblib.lib : usbdenum.obj (.text:USBDCDRequestDataEP0)
                  0000379c    00000014                : usbdenum.obj (.text:USBDCDSendDataEP0)
                  000037b0    00000014     driverlib.lib : usb.obj (.text:USBDMAChannelConfigSet)
                  000037c4    00000014                   : usb.obj (.text:USBHostResume)
                  000037d8    00000014                   : usb.obj (.text:_USBIndexWrite)
                  000037ec    00000012     usblib.lib : usbdhid.obj (.text:HandleResume)
                  000037fe    00000012                : usbdhid.obj (.text:HandleSuspend)
                  00003810    00000012     driverlib.lib : usb.obj (.text:USBDMAChannelDisable)
                  00003822    00000012                   : usb.obj (.text:USBDMAChannelEnable)
                  00003834    00000012                   : usb.obj (.text:USBDMAChannelIntDisable)
                  00003846    00000012                   : usb.obj (.text:USBDMAChannelIntEnable)
                  00003858    00000010                   : interrupt.obj (.text:IntMasterEnable)
                  00003868    00000010     main.obj (.text:SysTickIntHandler)
                  00003878    00000010     driverlib.lib : usb.obj (.text:USBEndpointStatus)
                  00003888    0000000e     usblib.lib : usbdma.obj (.text:DMAUSBIntStatusClear)
                  00003896    0000000e     uartstdio.obj (.text:IsBufferEmpty)
                  000038a4    0000000e     usblib.lib : usbdhid.obj (.text:USBDHIDTxPacketAvailable)
                  000038b2    0000000e     driverlib.lib : usb.obj (.text:USBDMAChannelStatus)
                  000038c0    0000000e                   : usb.obj (.text:USBDevLPMDisable)
                  000038ce    0000000e                   : usb.obj (.text:USBDevLPMEnable)
                  000038dc    0000000e                   : usb.obj (.text:USBULPIDisable)
                  000038ea    0000000e                   : usb.obj (.text:USBULPIEnable)
                  000038f8    0000000e     rtsv7M4_T_le_v4SPD16_eabi.lib : copy_decompress_none.c.obj (.text:decompress:none:__TI_decompress_none)
                  00003906    0000000c     driverlib.lib : cpu.obj (.text:CPUcpsie)
                  00003912    0000000c                   : usb.obj (.text:USBEndpointPacketCountSet)
                  0000391e    0000000c                   : usb.obj (.text:USBLPMIntEnable)
                  0000392a    0000000c     rtsv7M4_T_le_v4SPD16_eabi.lib : copy_zero_init.c.obj (.text:decompress:ZI:__TI_zero_init)
                  00003936    0000000a     driverlib.lib : usb.obj (.text:USBClockEnable)
                  00003940    0000000a                   : usb.obj (.text:USBControllerVersion)
                  0000394a    0000000a                   : usb.obj (.text:USBDMAChannelAddressSet)
                  00003954    0000000a                   : usb.obj (.text:USBDMAChannelCountSet)
                  0000395e    0000000a                   : usb.obj (.text:USBDevConnect)
                  00003968    0000000a                   : usb.obj (.text:USBDevDisconnect)
                  00003972    0000000a                   : usb.obj (.text:USBIntStatusEndpoint)
                  0000397c    00000008                   : usb.obj (.text:USBDevMode)
                  00003984    00000008                   : usb.obj (.text:USBFIFOAddrGet)
                  0000398c    00000008                   : usb.obj (.text:USBOTGMode)
                  00003994    00000008     usblib.lib : usbdma.obj (.text:iDMAUSBChannelIntDisable)
                  0000399c    00000008                : usbdma.obj (.text:iDMAUSBChannelIntEnable)
                  000039a4    00000006     driverlib.lib : gpio.obj (.text:GPIOPinWrite)
                  000039aa    00000006     tm4c123gh6pm_startup_ccs.obj (.text:ResetISR)
                  000039b0    00000006     driverlib.lib : uart.obj (.text:UARTClockSourceSet)
                  000039b6    00000006                   : usb.obj (.text:USBDMAChannelIntStatus)
                  000039bc    00000006                   : usb.obj (.text:USBDevLPMConfig)
                  000039c2    00000006                   : usb.obj (.text:USBLPMIntStatus)
                  000039c8    00000006     usblib.lib : usbdma.obj (.text:iDMAUSBIntStatus)
                  000039ce    00000004                : usbdma.obj (.text:DMAUSBStatus)
                  000039d2    00000004                : usbdhid.obj (.text:HandleReset)
                  000039d6    00000004     driverlib.lib : usb.obj (.text:USBDevAddrSet)
                  000039da    00000004     rtsv7M4_T_le_v4SPD16_eabi.lib : pre_init.c.obj (.text:_system_pre_init)
                  000039de    00000004                                   : exit.c.obj (.text:abort:abort)

.const     0    000039e4    00000277     
                  000039e4    00000070     driverlib.lib : interrupt.obj (.const)
                  00003a54    00000068     usb_keyboard.obj (.const:g_pcUsageCodes)
                  00003abc    0000003f     usblib.lib : usbdhidkeyb.obj (.const:.string:g_pui8KeybReportDescriptor)
                  00003afb    00000001     main.obj (.const)
                  00003afc    00000034     usblib.lib : usbdenum.obj (.const:g_psUSBDStdRequests)
                  00003b30    00000034                : usbdhidkeyb.obj (.const)
                  00003b64    00000030                : usbdhid.obj (.const:g_sHIDHandlers)
                  00003b94    00000024     usb_structs.obj (.const:.string:g_pui8ManufacturerString)
                  00003bb8    00000022     usb_keyboard.obj (.const:g_pcUsageCodesShift)
                  00003bda    0000001c     usb_structs.obj (.const:.string:g_pui8ProductString)
                  00003bf6    00000012     usb_structs.obj (.const:.string:g_pui8SerialNumberString)
                  00003c08    00000010     usb_structs.obj (.const:g_pui8StringDescriptors)
                  00003c18    0000000e     usblib.lib : usbdhidkeyb.obj (.const:.string)
                  00003c26    00000002     --HOLE-- [fill = 0]
                  00003c28    0000000c     uartstdio.obj (.const:g_ui32UARTBase)
                  00003c34    0000000c     uartstdio.obj (.const:g_ui32UARTInt)
                  00003c40    0000000c     uartstdio.obj (.const:g_ui32UARTPeriph)
                  00003c4c    0000000b     main.obj (.const:.string:password)
                  00003c57    00000004     usb_structs.obj (.const:.string:g_pui8LangDescriptor)

.cinit     0    00003c60    000000a0     
                  00003c60    0000007c     (.cinit..data.load) [load image, compression = lzss]
                  00003cdc    0000000c     (__TI_handler_table)
                  00003ce8    00000008     (.cinit..bss.load) [load image, compression = zero_init]
                  00003cf0    00000010     (__TI_cinit_table)

.init_array 
*          0    00000000    00000000     UNINITIALIZED

.bss       0    20000000    0000066a     UNINITIALIZED
                  20000000    00000400     uartstdio.obj (.bss:g_pcUARTTxBuffer)
                  20000400    00000110     usblib.lib : usbdma.obj (.bss:g_psUSBDMAInst)
                  20000510    00000080     uartstdio.obj (.bss:g_pcUARTRxBuffer)
                  20000590    00000050     usblib.lib : usbdenum.obj (.bss:g_psDCDInst)
                  200005e0    00000040                : usbdenum.obj (.bss:g_pui8DataBufferIn)
                  20000620    00000018     (.common:g_pfnTickHandlers)
                  20000638    00000018     (.common:g_pvTickInstance)
                  20000650    00000008     uartstdio.obj (.bss)
                  20000658    00000004     (.common:g_pfnUSBModeCallback)
                  2000065c    00000004     (.common:g_ppsDevInfo)
                  20000660    00000004     (.common:g_ui32SysTickCount)
                  20000664    00000004     (.common:g_ui32ULPISupport)
                  20000668    00000002     (.common:g_sKeyboardState)

.data      0    20000a70    00000134     UNINITIALIZED
                  20000a70    000000a4     usb_structs.obj (.data:g_sKeyboardDevice)
                  20000b14    00000038     usblib.lib : usbdhidkeyb.obj (.data)
                  20000b4c    00000015     uartstdio.obj (.data)
                  20000b61    00000012     usblib.lib : usbdhid.obj (.data)
                  20000b73    00000001     --HOLE--
                  20000b74    0000000d     main.obj (.data)
                  20000b81    00000003     buttons.obj (.data)
                  20000b84    0000000c     usblib.lib : usbtick.obj (.data)
                  20000b90    00000009                : usbmode.obj (.data)
                  20000b99    00000003     --HOLE--
                  20000b9c    00000008                : usbdenum.obj (.data)

.stack     0    20000670    00000400     UNINITIALIZED
                  20000670    00000004     rtsv7M4_T_le_v4SPD16_eabi.lib : boot_cortex_m.c.obj (.stack)
                  20000674    000003fc     --HOLE--

MODULE SUMMARY

       Module                         code    ro data   rw data
       ------                         ----    -------   -------
    .\
       main.obj                       704     12        17     
       tm4c123gh6pm_startup_ccs.obj   12      620       0      
       usb_keyboard.obj               240     138       2      
       usb_structs.obj                0       102       164    
    +--+------------------------------+-------+---------+---------+
       Total:                         956     872       183    
                                                               
    .\drivers\
       buttons.obj                    240     0         3      
    +--+------------------------------+-------+---------+---------+
       Total:                         240     0         3      
                                                               
    .\utils\
       uartstdio.obj                  1494    36        1181   
    +--+------------------------------+-------+---------+---------+
       Total:                         1494    36        1181   
                                                               
    C:/ti/tivaware_c_series_2_1_4_178/driverlib/ccs/Debug/driverlib.lib
       usb.obj                        1354    0         0      
       interrupt.obj                  324     112       0      
       udma.obj                       328     0         0      
       sysctl.obj                     152     0         0      
       cpu.obj                        12      0         0      
       gpio.obj                       6       0         0      
       uart.obj                       6       0         0      
    +--+------------------------------+-------+---------+---------+
       Total:                         2182    112       0      
                                                               
    C:/ti/tivaware_c_series_2_1_4_178/usblib/ccs/Debug/usblib.lib
       usbdenum.obj                   2880    52        160    
       usbdma.obj                     2008    0         272    
       usbdhid.obj                    1808    48        18     
       usbdhidkeyb.obj                700     129       56     
       usbdconfig.obj                 576     0         0      
       usbdcdesc.obj                  356     0         0      
       usbtick.obj                    160     0         60     
       usbdesc.obj                    86      0         0      
       usbulpi.obj                    82      0         0      
       usbmode.obj                    36      0         13     
       usbdhandler.obj                24      0         0      
    +--+------------------------------+-------+---------+---------+
       Total:                         8716    229       579    
                                                               
    C:\ti\ccsv8\tools\compiler\ti-cgt-arm_18.1.3.LTS\lib\rtsv7M4_T_le_v4SPD16_eabi.lib
       memcpy_t2.asm.obj              156     0         0      
       memset_t2.asm.obj              122     0         0      
       copy_decompress_lzss.c.obj     104     0         0      
       autoinit.c.obj                 68      0         0      
       u_divt2.asm.obj                64      0         0      
       boot_cortex_m.c.obj            56      0         0      
       copy_decompress_none.c.obj     14      0         0      
       copy_zero_init.c.obj           12      0         0      
       exit.c.obj                     4       0         0      
       pre_init.c.obj                 4       0         0      
       div0.asm.obj                   2       0         0      
    +--+------------------------------+-------+---------+---------+
       Total:                         606     0         0      
                                                               
       Stack:                         0       0         1024   
       Linker Generated:              0       160       0      
    +--+------------------------------+-------+---------+---------+
       Grand Total:                   14194   1409      2970   


LINKER GENERATED COPY TABLES

__TI_cinit_table @ 00003cf0 records: 2, size/record: 8, table size: 16
	.data: load addr=00003c60, load size=0000007c bytes, run addr=20000a70, run size=00000134 bytes, compression=lzss
	.bss: load addr=00003ce8, load size=00000008 bytes, run addr=20000000, run size=0000066a bytes, compression=zero_init


LINKER GENERATED HANDLER TABLE

__TI_handler_table @ 00003cdc records: 3, size/record: 4, table size: 12
	index: 0, handler: __TI_decompress_lzss
	index: 1, handler: __TI_decompress_none
	index: 2, handler: __TI_zero_init


GLOBAL SYMBOLS: SORTED ALPHABETICALLY BY Name 

address   name                            
-------   ----                            
00002101  ButtonsInit                     
00001a39  ButtonsPoll                     
000039df  C$$EXIT                         
00003907  CPUcpsie                        
000022a1  ConfigureUART                   
00003afb  ENTER                           
000039a5  GPIOPinWrite                    
00002169  IntDisable                      
000021d1  IntEnable                       
00002369  IntIsEnabled                    
00003859  IntMasterEnable                 
00002e05  InternalUSBRegisterTickHandler  
00002e3d  InternalUSBStartOfFrameTick     
000031e9  InternalUSBTickInit             
00003761  IsKeyboardPending               
000039ab  ResetISR                        
00002fbd  SysCtlPeripheralEnable          
0000275d  SysCtlPeripheralReset           
00003775  SysCtlUSBPLLEnable              
00003869  SysTickIntHandler               
000039b1  UARTClockSourceSet              
00003279  UARTFlushRx                     
00002d51  UARTFlushTx                     
000014c1  UARTStdioConfig                 
00000459  UARTStdioIntHandler             
00003653  UARTprintf                      
0000026d  UARTvprintf                     
00001571  UARTwrite                       
0000270b  ULPIConfigSet                   
000036d1  USB0DeviceIntHandler            
00003937  USBClockEnable                  
00003941  USBControllerVersion            
000027ad  USBDCDConfigDescGet             
000032fd  USBDCDConfigDescGetNum          
0000366d  USBDCDConfigDescGetSize         
000035e5  USBDCDConfigGetInterface        
00002e75  USBDCDConfigGetInterfaceEndpoint
00002bc5  USBDCDDeviceInfoInit            
00000719  USBDCDInit                      
00003789  USBDCDRequestDataEP0            
0000379d  USBDCDSendDataEP0               
00003601  USBDCDStallEP0                  
00001189  USBDHIDCompositeInit            
0000346d  USBDHIDInit                     
000016c1  USBDHIDKeyboardCompositeInit    
00003249  USBDHIDKeyboardInit             
00001b49  USBDHIDKeyboardKeyStateChange   
000029c7  USBDHIDReportWrite              
000038a5  USBDHIDTxPacketAvailable        
0000394b  USBDMAChannelAddressSet         
000037b1  USBDMAChannelConfigSet          
00003955  USBDMAChannelCountSet           
00003811  USBDMAChannelDisable            
00003823  USBDMAChannelEnable             
00003835  USBDMAChannelIntDisable         
00003847  USBDMAChannelIntEnable          
000039b7  USBDMAChannelIntStatus          
000038b3  USBDMAChannelStatus             
000032a5  USBDescGet                      
00003327  USBDescGetNum                   
000039d7  USBDevAddrSet                   
0000395f  USBDevConnect                   
00003969  USBDevDisconnect                
00001dd9  USBDevEndpointConfigSet         
00003351  USBDevEndpointDataAck           
00003123  USBDevEndpointStall             
00002a11  USBDevEndpointStallClear        
00002551  USBDevEndpointStatusClear       
000039bd  USBDevLPMConfig                 
000038c1  USBDevLPMDisable                
000038cf  USBDevLPMEnable                 
0000397d  USBDevMode                      
00000b09  USBDeviceConfig                 
000019ad  USBDeviceConfigAlternate        
00001269  USBDeviceEnumHandler            
00002aed  USBDeviceEnumResetHandler       
000009b9  USBDeviceIntHandlerInternal     
000027fd  USBDeviceResumeTickHandler      
00003687  USBEndpointDMAChannel           
000028e5  USBEndpointDMAConfigSet         
00003493  USBEndpointDMADisable           
000034b7  USBEndpointDMAEnable            
0000361d  USBEndpointDataAvail            
00002b7d  USBEndpointDataGet              
00002f53  USBEndpointDataPut              
00002ff1  USBEndpointDataSend             
00003913  USBEndpointPacketCountSet       
00003879  USBEndpointStatus               
00003985  USBFIFOAddrGet                  
00002dc9  USBFIFOConfigSet                
000037c5  USBHostResume                   
0000341d  USBIntEnableControl             
00003749  USBIntEnableEndpoint            
00002ead  USBIntStatusControl             
00003973  USBIntStatusEndpoint            
00003025  USBKeyboardHandler              
00001d59  USBKeyboardUpdate               
0000391f  USBLPMIntEnable                 
000039c3  USBLPMIntStatus                 
000005b9  USBLibDMAInit                   
0000398d  USBOTGMode                      
000034dd  USBStackModeSet                 
000038dd  USBULPIDisable                  
000038eb  USBULPIEnable                   
000035a9  USBULPIRegRead                  
000035c7  USBULPIRegWrite                 
00000ea9  USBWriteString                  
20000a70  __STACK_END                     
00000400  __STACK_SIZE                    
20000870  __STACK_TOP                     
00003cf0  __TI_CINIT_Base                 
00003d00  __TI_CINIT_Limit                
00003cdc  __TI_Handler_Table_Base         
00003ce8  __TI_Handler_Table_Limit        
00002c4d  __TI_auto_init_nobinit_nopinit  
00002239  __TI_decompress_lzss            
000038f9  __TI_decompress_none            
ffffffff  __TI_pprof_out_hndl             
ffffffff  __TI_prof_data_size             
ffffffff  __TI_prof_data_start            
00000000  __TI_static_base__              
0000392b  __TI_zero_init                  
00002e03  __aeabi_idiv0                   
00002e03  __aeabi_ldiv0                   
00001e53  __aeabi_memclr                  
00001e53  __aeabi_memclr4                 
00001e53  __aeabi_memclr8                 
0000175d  __aeabi_memcpy                  
0000175d  __aeabi_memcpy4                 
0000175d  __aeabi_memcpy8                 
00001e55  __aeabi_memset                  
00001e55  __aeabi_memset4                 
00001e55  __aeabi_memset8                 
00002cd1  __aeabi_uidiv                   
00002cd1  __aeabi_uidivmod                
ffffffff  __binit__                       
ffffffff  __c_args__                      
UNDEFED   __mpu_init                      
20000670  __stack                         
00002ee5  _c_int00_noargs                 
UNDEFED   _system_post_cinit              
000039db  _system_pre_init                
000039df  abort                           
ffffffff  binit                           
20000b84  g_bUSBTimerInitialized          
20000b90  g_iUSBMode                      
20000b80  g_keyDown                       
20000b7c  g_keyTick                       
20000620  g_pfnTickHandlers               
00000000  g_pfnVectors                    
2000065c  g_ppsDevInfo                    
20000590  g_psDCDInst                     
20000b61  g_pui8HIDDeviceDescriptor       
00003c57  g_pui8LangDescriptor            
00003b94  g_pui8ManufacturerString        
00003bda  g_pui8ProductString             
00003bf6  g_pui8SerialNumberString        
00003c08  g_pui8StringDescriptors         
20000638  g_pvTickInstance                
00003b64  g_sHIDHandlers                  
20000a70  g_sKeyboardDevice               
20000668  g_sKeyboardState                
20000b78  g_spooky_last_tick              
20000b74  g_spooky_message_index          
20000b88  g_ui32CurrentUSBTick            
20000660  g_ui32SysTickCount              
20000b8c  g_ui32USBSOFCount               
20000b94  g_ui32WaitTicks                 
00000c51  main                            
0000175d  memcpy                          
00001e5b  memset                          
00003c4c  password                        
00002b35  uDMAChannelAttributeDisable     
00003501  uDMAChannelControlSet           
00003719  uDMAChannelDisable              
00003731  uDMAChannelEnable               
00003445  uDMAChannelModeGet              
00001c55  uDMAChannelTransferSet          


GLOBAL SYMBOLS: SORTED BY Symbol Address 

address   name                            
-------   ----                            
00000000  __TI_static_base__              
00000000  g_pfnVectors                    
0000026d  UARTvprintf                     
00000400  __STACK_SIZE                    
00000459  UARTStdioIntHandler             
000005b9  USBLibDMAInit                   
00000719  USBDCDInit                      
000009b9  USBDeviceIntHandlerInternal     
00000b09  USBDeviceConfig                 
00000c51  main                            
00000ea9  USBWriteString                  
00001189  USBDHIDCompositeInit            
00001269  USBDeviceEnumHandler            
000014c1  UARTStdioConfig                 
00001571  UARTwrite                       
000016c1  USBDHIDKeyboardCompositeInit    
0000175d  __aeabi_memcpy                  
0000175d  __aeabi_memcpy4                 
0000175d  __aeabi_memcpy8                 
0000175d  memcpy                          
000019ad  USBDeviceConfigAlternate        
00001a39  ButtonsPoll                     
00001b49  USBDHIDKeyboardKeyStateChange   
00001c55  uDMAChannelTransferSet          
00001d59  USBKeyboardUpdate               
00001dd9  USBDevEndpointConfigSet         
00001e53  __aeabi_memclr                  
00001e53  __aeabi_memclr4                 
00001e53  __aeabi_memclr8                 
00001e55  __aeabi_memset                  
00001e55  __aeabi_memset4                 
00001e55  __aeabi_memset8                 
00001e5b  memset                          
00002101  ButtonsInit                     
00002169  IntDisable                      
000021d1  IntEnable                       
00002239  __TI_decompress_lzss            
000022a1  ConfigureUART                   
00002369  IntIsEnabled                    
00002551  USBDevEndpointStatusClear       
0000270b  ULPIConfigSet                   
0000275d  SysCtlPeripheralReset           
000027ad  USBDCDConfigDescGet             
000027fd  USBDeviceResumeTickHandler      
000028e5  USBEndpointDMAConfigSet         
000029c7  USBDHIDReportWrite              
00002a11  USBDevEndpointStallClear        
00002aed  USBDeviceEnumResetHandler       
00002b35  uDMAChannelAttributeDisable     
00002b7d  USBEndpointDataGet              
00002bc5  USBDCDDeviceInfoInit            
00002c4d  __TI_auto_init_nobinit_nopinit  
00002cd1  __aeabi_uidiv                   
00002cd1  __aeabi_uidivmod                
00002d51  UARTFlushTx                     
00002dc9  USBFIFOConfigSet                
00002e03  __aeabi_idiv0                   
00002e03  __aeabi_ldiv0                   
00002e05  InternalUSBRegisterTickHandler  
00002e3d  InternalUSBStartOfFrameTick     
00002e75  USBDCDConfigGetInterfaceEndpoint
00002ead  USBIntStatusControl             
00002ee5  _c_int00_noargs                 
00002f53  USBEndpointDataPut              
00002fbd  SysCtlPeripheralEnable          
00002ff1  USBEndpointDataSend             
00003025  USBKeyboardHandler              
00003123  USBDevEndpointStall             
000031e9  InternalUSBTickInit             
00003249  USBDHIDKeyboardInit             
00003279  UARTFlushRx                     
000032a5  USBDescGet                      
000032fd  USBDCDConfigDescGetNum          
00003327  USBDescGetNum                   
00003351  USBDevEndpointDataAck           
0000341d  USBIntEnableControl             
00003445  uDMAChannelModeGet              
0000346d  USBDHIDInit                     
00003493  USBEndpointDMADisable           
000034b7  USBEndpointDMAEnable            
000034dd  USBStackModeSet                 
00003501  uDMAChannelControlSet           
000035a9  USBULPIRegRead                  
000035c7  USBULPIRegWrite                 
000035e5  USBDCDConfigGetInterface        
00003601  USBDCDStallEP0                  
0000361d  USBEndpointDataAvail            
00003653  UARTprintf                      
0000366d  USBDCDConfigDescGetSize         
00003687  USBEndpointDMAChannel           
000036d1  USB0DeviceIntHandler            
00003719  uDMAChannelDisable              
00003731  uDMAChannelEnable               
00003749  USBIntEnableEndpoint            
00003761  IsKeyboardPending               
00003775  SysCtlUSBPLLEnable              
00003789  USBDCDRequestDataEP0            
0000379d  USBDCDSendDataEP0               
000037b1  USBDMAChannelConfigSet          
000037c5  USBHostResume                   
00003811  USBDMAChannelDisable            
00003823  USBDMAChannelEnable             
00003835  USBDMAChannelIntDisable         
00003847  USBDMAChannelIntEnable          
00003859  IntMasterEnable                 
00003869  SysTickIntHandler               
00003879  USBEndpointStatus               
000038a5  USBDHIDTxPacketAvailable        
000038b3  USBDMAChannelStatus             
000038c1  USBDevLPMDisable                
000038cf  USBDevLPMEnable                 
000038dd  USBULPIDisable                  
000038eb  USBULPIEnable                   
000038f9  __TI_decompress_none            
00003907  CPUcpsie                        
00003913  USBEndpointPacketCountSet       
0000391f  USBLPMIntEnable                 
0000392b  __TI_zero_init                  
00003937  USBClockEnable                  
00003941  USBControllerVersion            
0000394b  USBDMAChannelAddressSet         
00003955  USBDMAChannelCountSet           
0000395f  USBDevConnect                   
00003969  USBDevDisconnect                
00003973  USBIntStatusEndpoint            
0000397d  USBDevMode                      
00003985  USBFIFOAddrGet                  
0000398d  USBOTGMode                      
000039a5  GPIOPinWrite                    
000039ab  ResetISR                        
000039b1  UARTClockSourceSet              
000039b7  USBDMAChannelIntStatus          
000039bd  USBDevLPMConfig                 
000039c3  USBLPMIntStatus                 
000039d7  USBDevAddrSet                   
000039db  _system_pre_init                
000039df  C$$EXIT                         
000039df  abort                           
00003afb  ENTER                           
00003b64  g_sHIDHandlers                  
00003b94  g_pui8ManufacturerString        
00003bda  g_pui8ProductString             
00003bf6  g_pui8SerialNumberString        
00003c08  g_pui8StringDescriptors         
00003c4c  password                        
00003c57  g_pui8LangDescriptor            
00003cdc  __TI_Handler_Table_Base         
00003ce8  __TI_Handler_Table_Limit        
00003cf0  __TI_CINIT_Base                 
00003d00  __TI_CINIT_Limit                
20000590  g_psDCDInst                     
20000620  g_pfnTickHandlers               
20000638  g_pvTickInstance                
2000065c  g_ppsDevInfo                    
20000660  g_ui32SysTickCount              
20000668  g_sKeyboardState                
20000670  __stack                         
20000870  __STACK_TOP                     
20000a70  __STACK_END                     
20000a70  g_sKeyboardDevice               
20000b61  g_pui8HIDDeviceDescriptor       
20000b74  g_spooky_message_index          
20000b78  g_spooky_last_tick              
20000b7c  g_keyTick                       
20000b80  g_keyDown                       
20000b84  g_bUSBTimerInitialized          
20000b88  g_ui32CurrentUSBTick            
20000b8c  g_ui32USBSOFCount               
20000b90  g_iUSBMode                      
20000b94  g_ui32WaitTicks                 
ffffffff  __TI_pprof_out_hndl             
ffffffff  __TI_prof_data_size             
ffffffff  __TI_prof_data_start            
ffffffff  __binit__                       
ffffffff  __c_args__                      
ffffffff  binit                           
UNDEFED   __mpu_init                      
UNDEFED   _system_post_cinit              

[178 symbols]
