******************************************************************************
                  TI ARM Linker PC v18.1.3                     
******************************************************************************
>> Linked Wed Jan  9 09:31:38 2019

OUTPUT FILE NAME:   <usb_keyb_dev.out>
ENTRY POINT SYMBOL: "_c_int00_noargs"  address: 00005191


MEMORY CONFIGURATION

         name            origin    length      used     unused   attr    fill
----------------------  --------  ---------  --------  --------  ----  --------
  FLASH                 00000000   00040000  00006dec  00039214  R  X
  SRAM                  20000000   00008000  00001220  00006de0  RW X


SEGMENT ALLOCATION MAP

run origin  load origin   length   init length attrs members
----------  ----------- ---------- ----------- ----- -------
00000000    00000000    00006df0   00006df0    r-x
  00000000    00000000    0000026c   0000026c    r-- .intvecs
  0000026c    0000026c    0000637c   0000637c    r-x .text
  000065e8    000065e8    00000720   00000720    r-- .const
  00006d08    00006d08    0000000c   0000000c    r-- .init_array
  00006d18    00006d18    000000d8   000000d8    r-- .cinit
20000000    20000000    00001228   00000000    rw-
  20000000    20000000    00000cd4   00000000    rw- .bss
  20000cd8    20000cd8    00000400   00000000    rw- .stack
  200010d8    200010d8    00000144   00000000    rw- .data
  20001220    20001220    00000008   00000000    rw- .sysmem


SECTION ALLOCATION MAP

 output                                  attributes/
section   page    origin      length       input sections
--------  ----  ----------  ----------   ----------------
.intvecs   0    00000000    0000026c     
                  00000000    0000026c     tm4c123gh6pm_startup_ccs.obj (.intvecs)

.text      0    0000026c    0000637c     
                  0000026c    00000460     main.obj (.text:main)
                  000006cc    00000282     MFRC522.obj (.text:_ZN11rfid_reader7MFRC52211select_PICCEPNS_3UidEh)
                  0000094e    000001f6     usblib.lib : usbdcomp.obj (.text:BuildCompositeDescriptor)
                  00000b44    000001a0     Wire.obj (.text:_ZN7TwoWire5beginEv)
                  00000ce4    00000160     uartstdio.obj (.text:UARTStdioIntHandler)
                  00000e44    00000160     usblib.lib : usbdma.obj (.text:USBLibDMAInit)
                  00000fa4    00000150                : usbdenum.obj (.text:USBDCDInit)
                  000010f4    00000150                : usbdenum.obj (.text:USBDEP0StateTxConfig)
                  00001244    00000150                : usbdenum.obj (.text:USBDeviceIntHandlerInternal)
                  00001394    00000148                : usbdconfig.obj (.text:USBDeviceConfig)
                  000014dc    00000126     MFRC522.obj (.text:_ZN11rfid_reader7MFRC52219communicateWithPICCEhhPhhS1_S1_S1_hb)
                  00001602    00000002     tm4c123gh6pm_startup_ccs.obj (.text:FaultISR)
                  00001604    0000011c     main.obj (.text:_Z12configureUSBv)
                  00001720    00000114     usblib.lib : usbdhid.obj (.text:HandleRequest)
                  00001834    00000110     driverlib.lib : sysctl.obj (.text:SysCtlClockGet)
                  00001944    00000108     SPI.obj (.text:_ZN8SPIClass5beginEv)
                  00001a4c    000000f4     usblib.lib : usbdma.obj (.text:iDMAUSBTransfer)
                  00001b40    000000ec     Wire.obj (.text:_ZN7TwoWire5beginEh)
                  00001c2c    000000e4     usblib.lib : usbdenum.obj (.text:USBDGetDescriptor)
                  00001d10    000000e0                : usbdhid.obj (.text:USBDHIDCompositeInit)
                  00001df0    000000d8                : usbdcdc.obj (.text:USBDCDCCompositeInit)
                  00001ec8    000000d8                : usbdenum.obj (.text:USBDeviceEnumHandler)
                  00001fa0    000000d8     Wire.obj (.text:_ZN7TwoWire9forceStopEv)
                  00002078    000000d8     rtsv7M4_T_le_v4SPD16_eabi.lib : memory.c.obj (.text:free)
                  00002150    000000d4     usblib.lib : usbdcdc.obj (.text:HandleRequests)
                  00002224    000000d4                : usbdcomp.obj (.text:USBDCompositeInit)
                  000022f8    000000cc     MFRC522.obj (.text:_ZN11rfid_reader7MFRC52212readRegisterENS_12PCD_RegisterEhPhh)
                  000023c4    000000c4     usblib.lib : usbdma.obj (.text:uDMAUSBChannelAllocate)
                  00002488    000000c0     USBSerialDevice.obj (.text:_ZN9usbdevice15USBSerialDeviceC1EPFYjPvjjS1_ES3_S3_)
                  00002548    000000c0     USBKeyboardDevice.obj (.text:_ZN9usbdevice17USBKeyboardDevice14USBWriteStringEPKci)
                  00002608    000000be     usblib.lib : usbbuffer.obj (.text:HandleRxAvailable)
                  000026c6    000000bc                : usbdma.obj (.text:uDMAUSBTransfer)
                  00002782    000000b4                : usbdcdc.obj (.text:HandleDevice)
                  00002836    00000002     tm4c123gh6pm_startup_ccs.obj (.text:IntDefaultHandler)
                  00002838    000000a8     uartstdio.obj (.text:UARTwrite)
                  000028e0    000000a6     usblib.lib : usbdhidkeyb.obj (.text:HIDKeyboardRxHandler)
                  00002986    00000002     tm4c123gh6pm_startup_ccs.obj (.text:NmiSR)
                  00002988    0000009c     usblib.lib : usbdhidkeyb.obj (.text:USBDHIDKeyboardCompositeInit)
                  00002a24    0000009c     rtsv7M4_T_le_v4SPD16_eabi.lib : memcpy_t2.asm.obj (.text)
                  00002ac0    00000098     usblib.lib : usbdenum.obj (.text:USBDSetInterface)
                  00002b58    00000096                : usbdcdc.obj (.text:CDCTickHandler)
                  00002bee    00000094                : usbdcdc.obj (.text:SendSerialState)
                  00002c82    00000092                : usbbuffer.obj (.text:ScheduleNextTransmission)
                  00002d14    00000090                : usbdcdc.obj (.text:USBDCDCPacketRead)
                  00002da4    00000090                : usbdenum.obj (.text:USBDSetConfiguration)
                  00002e34    0000008c     uartstdio.obj (.text:UARTPrimeTransmit)
                  00002ec0    0000008c     usblib.lib : usbdconfig.obj (.text:USBDeviceConfigAlternate)
                  00002f4c    0000008c     USBSerialDevice.obj (.text:_ZN9usbdevice15USBSerialDevice13GetLineCodingEP11tLineCoding)
                  00002fd8    0000008c     USBKeyboardDevice.obj (.text:_ZN9usbdevice17USBKeyboardDevice22USBPressKeyCombinationEhPKhi)
                  00003064    00000088     usblib.lib : usbdhid.obj (.text:ProcessIdleTimers)
                  000030ec    00000086                : usbdhidkeyb.obj (.text:USBDHIDKeyboardKeyStateChange)
                  00003172    00000002     HardwareSerial.obj (.text:_ZN5Print5flushEv)
                  00003174    00000084     Wire.obj (.text:_ZN7TwoWire5writeEh)
                  000031f8    00000084     USBSerialDevice.obj (.text:_ZN9usbdevice15USBSerialDevice13SetLineCodingEP11tLineCoding)
                  0000327c    00000084     usblib.lib : usbdma.obj (.text:iDMAUSBChannelAllocate)
                  00003300    00000084     driverlib.lib : udma.obj (.text:uDMAChannelTransferSet)
                  00003384    00000080     usblib.lib : usbdenum.obj (.text:USBDClearFeature)
                  00003404    0000007a     driverlib.lib : usb.obj (.text:USBDevEndpointConfigSet)
                  0000347e    0000007a     rtsv7M4_T_le_v4SPD16_eabi.lib : memset_t2.asm.obj (.text)
                  000034f8    00000078     usblib.lib : usbdenum.obj (.text:USBDGetStatus)
                  00003570    00000078     HardwareSerial.obj (.text:_ZN14HardwareSerial13primeTransmitEm)
                  000035e8    00000078     USBKeyboardDevice.obj (.text:_ZN9usbdevice17USBKeyboardDevice17USBKeyboardUpdateEhhb)
                  00003660    00000074     main.obj (.text:_Z14ControlHandlerPvjjS_)
                  000036d4    00000072     usblib.lib : usbdcdc.obj (.text:ProcessDataFromHost)
                  00003746    00000002     USBSerialDevice.obj (.text:_ZN9usbdevice15USBSerialDevice15getSerialDeviceEv)
                  00003748    00000070     usblib.lib : usbdenum.obj (.text:USBDEP0StateTx)
                  000037b8    00000070                : usbdma.obj (.text:uDMAUSBArbSizeSet)
                  00003828    00000070                : usbdma.obj (.text:uDMAUSBUnitSizeSet)
                  00003898    0000006c                : usbdcdc.obj (.text:ProcessDataToHost)
                  00003904    0000006c                : usbdenum.obj (.text:USBDSetFeature)
                  00003970    0000006a     MFRC522.obj (.text:_ZN11rfid_reader7MFRC5224initEv)
                  000039da    00000002     USBSerialDevice.obj (.text:_ZN9usbdevice15USBSerialDevice19SetControlLineStateEt)
                  000039dc    00000068     buttons.obj (.text:ButtonsInit)
                  00003a44    00000068     driverlib.lib : interrupt.obj (.text:IntDisable)
                  00003aac    00000068                   : interrupt.obj (.text:IntEnable)
                  00003b14    00000068     rtsv7M4_T_le_v4SPD16_eabi.lib : copy_decompress_lzss.c.obj (.text:decompress:lzss:__TI_decompress_lzss)
                  00003b7c    00000066     MFRC522.obj (.text:_ZN11rfid_reader7MFRC52212REQA_or_WUPAEhPhS1_)
                  00003be2    00000066     MFRC522.obj (.text:_ZN11rfid_reader7MFRC52212calculateCRCEPhhS1_)
                  00003c48    00000064     usblib.lib : usbdcomp.obj (.text:GetDescriptor)
                  00003cac    00000064                : usbdhid.obj (.text:HandleGetDescriptor)
                  00003d10    00000064                : usbdcomp.obj (.text:HandleRequests)
                  00003d74    00000064     driverlib.lib : interrupt.obj (.text:IntIsEnabled)
                  00003dd8    00000064     usblib.lib : usbbuffer.obj (.text:USBBufferEventCallback)
                  00003e3c    00000064     HardwareSerial.obj (.text:__sti___18_HardwareSerial_cpp_5fc7db02)
                  00003ea0    00000064     usblib.lib : usbdma.obj (.text:uDMAUSBChannelEnable)
                  00003f04    00000060                : usbdcomp.obj (.text:HandleDevice)
                  00003f64    00000060                : usbdhid.obj (.text:HandleDevice)
                  00003fc4    00000060                : usbdhid.obj (.text:ProcessDataFromHost)
                  00004024    00000060                : usbdcdc.obj (.text:USBDCDCPacketWrite)
                  00004084    00000060                : usbdenum.obj (.text:USBDReadAndDispatchRequest)
                  000040e4    00000060     HardwareSerial.obj (.text:_ZN14HardwareSerial5writeEh)
                  00004144    00000060     rtsv7M4_T_le_v4SPD16_eabi.lib : autoinit.c.obj (.text:__TI_auto_init_nobinit:__TI_auto_init_nobinit)
                  000041a4    0000005e     driverlib.lib : usb.obj (.text:USBDevEndpointStatusClear)
                  00004202    0000005c     usblib.lib : usbdhid.obj (.text:FindHIDDescriptor)
                  0000425e    00000002     USBKeyboardDevice.obj (.text:_ZN9usbdevice17USBKeyboardDevice17getKeyboardDeviceEv)
                  00004260    0000005c     MFRC522.obj (.text:_ZN11rfid_reader7MFRC52213writeRegisterEhhPh)
                  000042bc    00000058     USBCompDevice.obj (.text:_ZN9usbdevice13USBCompDeviceC1EPFYjPvjjS1_E)
                  00004314    00000056     usblib.lib : usbdhidkeyb.obj (.text:RemoveKeyFromPressedList)
                  0000436a    00000056                : usbdma.obj (.text:uDMAUSBChannelRelease)
                  000043c0    00000054                : usbdhid.obj (.text:ProcessDataToHost)
                  00004414    00000052                : usbulpi.obj (.text:ULPIConfigSet)
                  00004466    00000002     rtsv7M4_T_le_v4SPD16_eabi.lib : stdlib_typeinfo.cpp.obj (.text:_ZNSt9type_infoD1Ev)
                  00004468    00000050     driverlib.lib : sysctl.obj (.text:SysCtlPeripheralReset)
                  000044b8    00000050     usblib.lib : usbdcdesc.obj (.text:USBDCDConfigDescGet)
                  00004508    00000050                : usbdenum.obj (.text:USBDeviceResumeTickHandler)
                  00004558    00000050     MFRC522.obj (.text:_ZN11rfid_reader7MFRC522C1Ev)
                  000045a8    00000050     USBSerialDevice.obj (.text:_ZN9usbdevice15USBSerialDevice20USBUARTPrimeTransmitEv)
                  000045f8    0000004e     USBSerialDevice.obj (.text:_ZN9usbdevice15USBSerialDevice9connectedEv)
                  00004646    0000004c     usblib.lib : usbdconfig.obj (.text:GetEPDescriptorType)
                  00004692    00000002     rtsv7M4_T_le_v4SPD16_eabi.lib : _lock.c.obj (.text:_nop)
                  00004694    0000004c     usblib.lib : usbdenum.obj (.text:USBDStringIndexFromRequest)
                  000046e0    0000004c     driverlib.lib : usb.obj (.text:USBEndpointDMAConfigSet)
                  0000472c    0000004c     MFRC522.obj (.text:_ZN11rfid_reader7MFRC52212readRegisterEh)
                  00004778    0000004c     usblib.lib : usbdma.obj (.text:iDMAUSBChannelEnable)
                  000047c4    0000004a                : usbdcdesc.obj (.text:ConfigAlternateInterfaceGet)
                  0000480e    0000004a                : usbdcdc.obj (.text:HandleEP0Data)
                  00004858    0000004a                : usbdcdc.obj (.text:HandleEndpoints)
                  000048a2    0000004a                : usbdhid.obj (.text:USBDHIDReportWrite)
                  000048ec    0000004a     driverlib.lib : usb.obj (.text:USBDevEndpointStallClear)
                  00004936    0000004a     usblib.lib : usbdma.obj (.text:uDMAUSBChannelDisable)
                  00004980    00000048                : usbdhid.obj (.text:SetIdleTimeout)
                  000049c8    00000048                : usbdenum.obj (.text:USBDeviceEnumResetHandler)
                  00004a10    00000048     MFRC522.obj (.text:_ZN11rfid_reader7MFRC52213writeRegisterEhh)
                  00004a58    00000048     SPI.obj (.text:_ZN8SPIClass8transferEh)
                  00004aa0    00000048     driverlib.lib : udma.obj (.text:uDMAChannelAttributeDisable)
                  00004ae8    00000046                   : usb.obj (.text:USBEndpointDataGet)
                  00004b2e    00000002     usblib.lib : usbdma.obj (.text:iDMAUSBArbSizeSet)
                  00004b30    00000044                : usbdenum.obj (.text:USBDCDDeviceInfoInit)
                  00004b74    00000044                : usbdenum.obj (.text:USBDGetInterface)
                  00004bb8    00000044     main.obj (.text:_Z9RxHandlerPvjjS_)
                  00004bfc    00000044     USBSerialDevice.obj (.text:_ZN9usbdevice15USBSerialDevice11getInstanceEv)
                  00004c40    00000041     USBSerialDevice.obj (.text:_ZN9usbdevice15USBSerialDevice12disconnectedEv)
                  00004c81    00000001     --HOLE-- [fill = 0]
                  00004c82    00000040     usblib.lib : usbdcomp.obj (.text:ConfigChangeHandler)
                  00004cc2    00000040                : usbdhid.obj (.text:ScheduleReportTransmission)
                  00004d02    00000002                : usbdma.obj (.text:iDMAUSBUnitSizeSet)
                  00004d04    00000040     HardwareSerial.obj (.text:_ZN14HardwareSerialC1Em)
                  00004d44    00000040     HardwareSerial.obj (.text:_ZN14HardwareSerialC1Ev)
                  00004d84    0000003e     usblib.lib : usbdhidkeyb.obj (.text:HIDKeyboardTxHandler)
                  00004dc2    0000003e     USBSerialDevice.obj (.text:_ZN9usbdevice15USBSerialDevice10readBufferEv)
                  00004e00    0000003c     USBCompDevice.obj (.text:_ZN9usbdevice13USBCompDevice4initEv)
                  00004e3c    0000003c     usblib.lib : usbdma.obj (.text:iDMAUSBChannelRelease)
                  00004e78    0000003c     rtsv7M4_T_le_v4SPD16_eabi.lib : memory.c.obj (.text:minsert)
                  00004eb4    0000003a     usblib.lib : usbdcomp.obj (.text:EndpointToIndex)
                  00004eee    0000003a     driverlib.lib : usb.obj (.text:USBFIFOConfigSet)
                  00004f28    00000038     usblib.lib : usbdcomp.obj (.text:HandleDisconnect)
                  00004f60    00000038                : usbtick.obj (.text:InternalUSBRegisterTickHandler)
                  00004f98    00000038                : usbtick.obj (.text:InternalUSBStartOfFrameTick)
                  00004fd0    00000038                : usbdcomp.obj (.text:ResetHandler)
                  00005008    00000038                : usbdcomp.obj (.text:ResumeHandler)
                  00005040    00000038                : usbdcdc.obj (.text:SendBreak)
                  00005078    00000038                : usbdcomp.obj (.text:SuspendHandler)
                  000050b0    00000038                : usbdcdesc.obj (.text:USBDCDConfigGetInterfaceEndpoint)
                  000050e8    00000038     driverlib.lib : usb.obj (.text:USBIntStatusControl)
                  00005120    00000038     usblib.lib : usbringbuf.obj (.text:USBRingBufAdvanceWrite)
                  00005158    00000038     USBSerialDevice.obj (.text:_ZN9usbdevice15USBSerialDevice9SendBreakEb)
                  00005190    00000038     rtsv7M4_T_le_v4SPD16_eabi.lib : boot_cortex_m.c.obj (.text:_c_int00_noargs:_c_int00_noargs)
                  000051c8    00000038                                   : memory.c.obj (.text:minit)
                  00005200    00000036     usblib.lib : usbdhid.obj (.text:HandleEndpoints)
                  00005236    00000036                : usbdcomp.obj (.text:InterfaceChange)
                  0000526c    00000036     driverlib.lib : usb.obj (.text:USBEndpointDataPut)
                  000052a2    00000002     usblib.lib : usbdma.obj (.text:uDMAUSBChannelIntDisable)
                  000052a4    00000034                : usbdhid.obj (.text:HIDTickHandler)
                  000052d8    00000034                : usbdcdc.obj (.text:HandleConfigChange)
                  0000530c    00000034     driverlib.lib : sysctl.obj (.text:SysCtlPeripheralEnable)
                  00005340    00000034                   : usb.obj (.text:USBEndpointDataSend)
                  00005374    00000034     Wire.obj (.text:_ZN7TwoWire4readEv)
                  000053a8    00000034     USBCompDevice.obj (.text:_ZN9usbdevice13USBCompDevice11getInstanceEv)
                  000053dc    00000034     USBSerialDevice.obj (.text:_ZN9usbdevice15USBSerialDevice17pushReceiveBufferEh)
                  00005410    00000034     USBKeyboardDevice.obj (.text:_ZN9usbdevice17USBKeyboardDevice11getInstanceEv)
                  00005444    00000034     usblib.lib : usbdma.obj (.text:iDMAUSBChannelStatus)
                  00005478    00000032                : usbdhid.obj (.text:ClearReportTimer)
                  000054aa    00000032                : usbdhid.obj (.text:HandleConfigChange)
                  000054dc    00000032                : usbdcdesc.obj (.text:NextConfigDescGet)
                  0000550e    00000032                : usbdcdc.obj (.text:ProcessNotificationToHost)
                  00005540    00000032     driverlib.lib : usb.obj (.text:USBDevEndpointStall)
                  00005572    00000032     USBKeyboardDevice.obj (.text:_ZN9usbdevice17USBKeyboardDeviceC1EPFYjPvjjS1_E)
                  000055a4    00000032     usblib.lib : usbdma.obj (.text:iDMAUSBChannelDisable)
                  000055d6    00000030                : usbdhidkeyb.obj (.text:AddKeyToPressedList)
                  00005606    00000030                : usbdma.obj (.text:DMAUSBIntHandler)
                  00005636    00000002                : usbdma.obj (.text:uDMAUSBChannelIntEnable)
                  00005638    00000030                : usbtick.obj (.text:InternalUSBTickInit)
                  00005668    00000030                : usbdenum.obj (.text:USBDGetConfiguration)
                  00005698    00000030                : usbringbuf.obj (.text:UpdateIndexAtomic)
                  000056c8    0000002e                : usbdcomp.obj (.text:HandleEndpoints)
                  000056f6    0000002e                : usbbuffer.obj (.text:USBBufferWrite)
                  00005724    0000002e                : usbdcdc.obj (.text:USBDCDCRxPacketAvailable)
                  00005752    0000002e     Print.obj (.text:_ZN5Print5writeEPKhj)
                  00005780    0000002e     USBSerialDevice.obj (.text:_ZN9usbdevice15USBSerialDevice16popReceiveBufferEv)
                  000057ae    0000002c     usblib.lib : usbdcomp.obj (.text:InterfaceToIndex)
                  000057da    0000002c                : usbdesc.obj (.text:USBDescGet)
                  00005806    00000002     --HOLE-- [fill = 0]
                  00005808    0000002c     HardwareSerial.obj (.text:_ZN14HardwareSerial5flushEv)
                  00005834    0000002c     usblib.lib : usbdma.obj (.text:uDMAUSBIntStatus)
                  00005860    0000002a                : usbbuffer.obj (.text:HandleRequestBuffer)
                  0000588a    0000002a                : usbdcdesc.obj (.text:USBDCDConfigDescGetNum)
                  000058b4    0000002a                : usbdesc.obj (.text:USBDescGetNum)
                  000058de    0000002a     driverlib.lib : usb.obj (.text:USBDevEndpointDataAck)
                  00005908    0000002a     MFRC522.obj (.text:_ZN11rfid_reader7MFRC52214transceiveDataEPhhS1_S1_S1_hb)
                  00005932    00000028     usblib.lib : usbdhid.obj (.text:GetIdleTimeout)
                  0000595a    00000028                : usbdhid.obj (.text:HandleEP0DataReceived)
                  00005982    00000028                : usbbuffer.obj (.text:USBBufferRead)
                  000059aa    00000002     --HOLE-- [fill = 0]
                  000059ac    00000028                : usbdenum.obj (.text:USBDSetAddress)
                  000059d4    00000028     driverlib.lib : usb.obj (.text:USBIntEnableControl)
                  000059fc    00000028     main.obj (.text:_Z18USBKeyboardHandlerPvjjS_)
                  00005a24    00000028     USBKeyboardDevice.obj (.text:_ZN9usbdevice17USBKeyboardDevice12GetUsageCodeEcb)
                  00005a4c    00000028     rtsv7M4_T_le_v4SPD16_eabi.lib : memory.c.obj (.text:mremove)
                  00005a74    00000028     driverlib.lib : udma.obj (.text:uDMAChannelModeGet)
                  00005a9c    00000026     HardwareSerial.obj (.text:_ZN14HardwareSerial4readEv)
                  00005ac2    00000024     usblib.lib : usbdcdc.obj (.text:HandleDisconnect)
                  00005ae6    00000024                : usbdcdc.obj (.text:SendLineStateChange)
                  00005b0a    00000024     driverlib.lib : usb.obj (.text:USBEndpointDMADisable)
                  00005b2e    00000024                   : usb.obj (.text:USBEndpointDMAEnable)
                  00005b52    00000002     --HOLE-- [fill = 0]
                  00005b54    00000024     usblib.lib : usbmode.obj (.text:USBStackModeSet)
                  00005b78    00000024     main.obj (.text:_Z5delayi)
                  00005b9c    00000024     Wire.obj (.text:_ZN7TwoWire4peekEv)
                  00005bc0    00000024     Wire.obj (.text:_ZN7TwoWireC1Ev)
                  00005be4    00000024     driverlib.lib : udma.obj (.text:uDMAChannelControlSet)
                  00005c08    00000022     usblib.lib : usbdcomp.obj (.text:DataReceived)
                  00005c2a    00000022                : usbdcomp.obj (.text:DataSent)
                  00005c4c    00000022                : usbdhid.obj (.text:HandleDisconnect)
                  00005c6e    00000022                : usbdcdc.obj (.text:SendLineCodingChange)
                  00005c90    00000022     Wire.obj (.text:_ZN7TwoWire5writeEPKhj)
                  00005cb2    00000022     usblib.lib : usbdma.obj (.text:uDMAUSBChannelStatus)
                  00005cd4    00000020                : usbdcdc.obj (.text:CheckAndSendBreak)
                  00005cf4    00000020                : usbdconfig.obj (.text:GetEndpointFIFOSize)
                  00005d14    00000020                : usbbuffer.obj (.text:HandleDataRemaining)
                  00005d34    00000020                : usbdhid.obj (.text:HandleEP0DataSent)
                  00005d54    00000020                : usbringbuf.obj (.text:USBRingBufAdvanceRead)
                  00005d74    00000020     MFRC522.obj (.text:_ZN11rfid_reader7MFRC52216isNewCardPresentEv)
                  00005d94    00000020     MFRC522.obj (.text:_ZN11rfid_reader7MFRC5225delayEi)
                  00005db4    00000020     Wire.obj (.text:_ZN7TwoWire5flushEv)
                  00005dd4    0000001e     usblib.lib : usbringbuf.obj (.text:USBRingBufContigFree)
                  00005df2    0000001e     driverlib.lib : usb.obj (.text:USBULPIRegRead)
                  00005e10    0000001e                   : usb.obj (.text:USBULPIRegWrite)
                  00005e2e    0000001e     MFRC522.obj (.text:_ZN11rfid_reader7MFRC5229antennaOnEv)
                  00005e4c    0000001c     usblib.lib : usbdcomp.obj (.text:CompositeEPChange)
                  00005e68    0000001c                : usbdcomp.obj (.text:CompositeIfaceChange)
                  00005e84    0000001c                : usbdcdesc.obj (.text:USBDCDConfigGetInterface)
                  00005ea0    0000001c                : usbdenum.obj (.text:USBDCDStallEP0)
                  00005ebc    0000001c     driverlib.lib : usb.obj (.text:USBEndpointDataAvail)
                  00005ed8    0000001c     usblib.lib : usbringbuf.obj (.text:USBRingBufRead)
                  00005ef4    0000001c                : usbringbuf.obj (.text:USBRingBufWrite)
                  00005f10    0000001c     MFRC522.obj (.text:_ZN11rfid_reader7MFRC5229softResetEv)
                  00005f2c    0000001c     Wire.obj (.text:_ZN7TwoWire9availableEv)
                  00005f48    0000001c     Wire.obj (.text:_ZN7TwoWire9setModuleEm)
                  00005f64    0000001a     usblib.lib : usbdhid.obj (.text:ClearIdleTimers)
                  00005f7e    0000001a                : usbdcdc.obj (.text:DeviceConsumedAllData)
                  00005f98    0000001a                : usbdcdesc.obj (.text:USBDCDConfigDescGetSize)
                  00005fb2    0000001a     driverlib.lib : usb.obj (.text:USBEndpointDMAChannel)
                  00005fcc    0000001a     MFRC522.obj (.text:_ZN11rfid_reader7MFRC52220clearRegisterBitMaskEhh)
                  00005fe6    00000018     uartstdio.obj (.text:IsBufferFull)
                  00005ffe    00000018     usblib.lib : usbdcdc.obj (.text:SetDeferredOpFlag)
                  00006016    00000018                : usbdhid.obj (.text:SetDeferredOpFlag)
                  0000602e    00000002     --HOLE-- [fill = 0]
                  00006030    00000018                : usbdhandler.obj (.text:USB0DeviceIntHandler)
                  00006048    00000018                : usbbuffer.obj (.text:USBBufferInit)
                  00006060    00000018                : usbdenum.obj (.text:USBDCDFeatureGet)
                  00006078    00000018                : usbdenum.obj (.text:USBDSetDescriptor)
                  00006090    00000018                : usbdenum.obj (.text:USBDSyncFrame)
                  000060a8    00000018     USBKeyboardDevice.obj (.text:_ZN9usbdevice17USBKeyboardDevice17releaseSpecialKeyEv)
                  000060c0    00000018     driverlib.lib : udma.obj (.text:uDMAChannelDisable)
                  000060d8    00000018                   : udma.obj (.text:uDMAChannelEnable)
                  000060f0    00000016     usblib.lib : usbdcdc.obj (.text:CheckAndSendLineCodingChange)
                  00006106    00000016                : usbdcdc.obj (.text:CheckAndSendLineStateChange)
                  0000611c    00000016     driverlib.lib : usb.obj (.text:USBIntEnableEndpoint)
                  00006132    00000016     usblib.lib : usbringbuf.obj (.text:USBRingBufFlush)
                  00006148    00000016                : usbringbuf.obj (.text:USBRingBufReadOne)
                  0000615e    00000016                : usbringbuf.obj (.text:USBRingBufUsed)
                  00006174    00000016     MFRC522.obj (.text:_ZN11rfid_reader7MFRC52218setRegisterBitMaskEhh)
                  0000618a    00000016     HardwareSerial.obj (.text:_ZN14HardwareSerial9availableEv)
                  000061a0    00000016     USBSerialDevice.obj (.text:_ZN9usbdevice15USBSerialDevice10initBufferEv)
                  000061b6    00000014     usblib.lib : usbbuffer.obj (.text:HandleTxComplete)
                  000061ca    00000002     --HOLE-- [fill = 0]
                  000061cc    00000014     driverlib.lib : sysctl.obj (.text:SysCtlUSBPLLEnable)
                  000061e0    00000014     usblib.lib : usbdcdc.obj (.text:USBDCDCTxPacketAvailable)
                  000061f4    00000014                : usbdenum.obj (.text:USBDCDRequestDataEP0)
                  00006208    00000014                : usbdenum.obj (.text:USBDCDSendDataEP0)
                  0000621c    00000014     driverlib.lib : usb.obj (.text:USBDMAChannelConfigSet)
                  00006230    00000014                   : usb.obj (.text:USBHostResume)
                  00006244    00000014                   : usb.obj (.text:_USBIndexWrite)
                  00006258    00000014     MFRC522.obj (.text:_ZN11rfid_reader7MFRC52214readCardSerialEv)
                  0000626c    00000012     usblib.lib : usbdcdc.obj (.text:HandleResume)
                  0000627e    00000012                : usbdhid.obj (.text:HandleResume)
                  00006290    00000012                : usbdcdc.obj (.text:HandleSuspend)
                  000062a2    00000012                : usbdhid.obj (.text:HandleSuspend)
                  000062b4    00000012     driverlib.lib : usb.obj (.text:USBDMAChannelDisable)
                  000062c6    00000012                   : usb.obj (.text:USBDMAChannelEnable)
                  000062d8    00000012                   : usb.obj (.text:USBDMAChannelIntDisable)
                  000062ea    00000012                   : usb.obj (.text:USBDMAChannelIntEnable)
                  000062fc    00000012     usblib.lib : usbringbuf.obj (.text:USBRingBufFree)
                  0000630e    00000012     HardwareSerial.obj (.text:_ZN14HardwareSerial4peekEv)
                  00006320    00000010     driverlib.lib : i2c.obj (.text:I2CSlaveEnable)
                  00006330    00000010                   : interrupt.obj (.text:IntMasterDisable)
                  00006340    00000010                   : interrupt.obj (.text:IntMasterEnable)
                  00006350    00000010     tm4c123gh6pm_startup_ccs.obj (.text:SysTickIntHandler)
                  00006360    00000010     driverlib.lib : usb.obj (.text:USBEndpointStatus)
                  00006370    00000010     usblib.lib : usbringbuf.obj (.text:USBRingBufContigUsed)
                  00006380    00000010                : usbringbuf.obj (.text:USBRingBufWriteOne)
                  00006390    0000000e                : usbdma.obj (.text:DMAUSBIntStatusClear)
                  0000639e    0000000e     driverlib.lib : i2c.obj (.text:I2CSlaveInit)
                  000063ac    0000000e     uartstdio.obj (.text:IsBufferEmpty)
                  000063ba    0000000e     usblib.lib : usbdhid.obj (.text:USBDHIDTxPacketAvailable)
                  000063c8    0000000e     driverlib.lib : usb.obj (.text:USBDMAChannelStatus)
                  000063d6    0000000e                   : usb.obj (.text:USBDevLPMDisable)
                  000063e4    0000000e                   : usb.obj (.text:USBDevLPMEnable)
                  000063f2    0000000e                   : usb.obj (.text:USBULPIDisable)
                  00006400    0000000e                   : usb.obj (.text:USBULPIEnable)
                  0000640e    0000000e     rtsv7M4_T_le_v4SPD16_eabi.lib : typeinfo.c.obj (.text:_ZN10__cxxabiv117__class_type_infoD0Ev)
                  0000641c    0000000e                                   : typeinfo.c.obj (.text:_ZN10__cxxabiv120__si_class_type_infoD0Ev)
                  0000642a    0000000e                                   : copy_decompress_none.c.obj (.text:decompress:none:__TI_decompress_none)
                  00006438    0000000c     driverlib.lib : cpu.obj (.text:CPUcpsid)
                  00006444    0000000c                   : cpu.obj (.text:CPUcpsie)
                  00006450    0000000c                   : i2c.obj (.text:I2CSlaveIntEnableEx)
                  0000645c    0000000c                   : usb.obj (.text:USBEndpointPacketCountSet)
                  00006468    0000000c                   : usb.obj (.text:USBLPMIntEnable)
                  00006474    0000000c     usblib.lib : usbringbuf.obj (.text:USBRingBufInit)
                  00006480    0000000c     USBCompDevice.obj (.text:_ZN9usbdevice13USBCompDevice20registerEventHandlerEPFYjPvjjS1_E)
                  0000648c    0000000c     USBSerialDevice.obj (.text:_ZN9usbdevice15USBSerialDevice17registerRxHandlerEPFYjPvjjS1_E)
                  00006498    0000000c     USBSerialDevice.obj (.text:_ZN9usbdevice15USBSerialDevice17registerTxHandlerEPFYjPvjjS1_E)
                  000064a4    0000000c     USBSerialDevice.obj (.text:_ZN9usbdevice15USBSerialDevice22registerControlHandlerEPFYjPvjjS1_E)
                  000064b0    0000000c     USBKeyboardDevice.obj (.text:_ZN9usbdevice17USBKeyboardDevice23registerKeyboardHandlerEPFYjPvjjS1_E)
                  000064bc    0000000c     rtsv7M4_T_le_v4SPD16_eabi.lib : guard.c.obj (.text:__cxa_guard_acquire)
                  000064c8    0000000c     SPI.obj (.text:__sti___7_SPI_cpp_230ca784)
                  000064d4    0000000c     Wire.obj (.text:__sti___8_Wire_cpp_4e348ebc)
                  000064e0    0000000c     rtsv7M4_T_le_v4SPD16_eabi.lib : copy_zero_init.c.obj (.text:decompress:ZI:__TI_zero_init)
                  000064ec    0000000a     driverlib.lib : usb.obj (.text:USBClockEnable)
                  000064f6    0000000a                   : usb.obj (.text:USBControllerVersion)
                  00006500    0000000a                   : usb.obj (.text:USBDMAChannelAddressSet)
                  0000650a    0000000a                   : usb.obj (.text:USBDMAChannelCountSet)
                  00006514    0000000a                   : usb.obj (.text:USBDevConnect)
                  0000651e    0000000a                   : usb.obj (.text:USBDevDisconnect)
                  00006528    0000000a                   : usb.obj (.text:USBIntStatusEndpoint)
                  00006532    0000000a     SPI.obj (.text:_ZN8SPIClassC1Ev)
                  0000653c    0000000a     rtsv7M4_T_le_v4SPD16_eabi.lib : guard.c.obj (.text:__cxa_guard_release)
                  00006546    00000008     driverlib.lib : usb.obj (.text:USBDevMode)
                  0000654e    00000008                   : usb.obj (.text:USBFIFOAddrGet)
                  00006556    00000008                   : usb.obj (.text:USBOTGMode)
                  0000655e    00000008     rtsv7M4_T_le_v4SPD16_eabi.lib : new.cpp.obj (.text:_ZdlPv)
                  00006566    00000008     usblib.lib : usbdma.obj (.text:iDMAUSBChannelIntDisable)
                  0000656e    00000008                : usbdma.obj (.text:iDMAUSBChannelIntEnable)
                  00006576    00000006     driverlib.lib : i2c.obj (.text:I2CSlaveDataPut)
                  0000657c    00000006     tm4c123gh6pm_startup_ccs.obj (.text:ResetISR)
                  00006582    00000006     driverlib.lib : sysctl.obj (.text:SysCtlDelay)
                  00006588    00000006     usblib.lib : usbbuffer.obj (.text:USBBufferFlush)
                  0000658e    00000006     driverlib.lib : usb.obj (.text:USBDMAChannelIntStatus)
                  00006594    00000006                   : usb.obj (.text:USBDevLPMConfig)
                  0000659a    00000006                   : usb.obj (.text:USBLPMIntStatus)
                  000065a0    00000006     SPI.obj (.text:_ZN8SPIClass9setModuleEh)
                  000065a6    00000006     USBSerialDevice.obj (.text:_ZN9usbdevice15USBSerialDevice5writeEPhj)
                  000065ac    00000006     rtsv7M4_T_le_v4SPD16_eabi.lib : pure_virt.c.obj (.text:__cxa_pure_virtual)
                  000065b2    00000006     usblib.lib : usbdma.obj (.text:iDMAUSBIntStatus)
                  000065b8    00000004                : usbdma.obj (.text:DMAUSBStatus)
                  000065bc    00000004                : usbdhid.obj (.text:HandleReset)
                  000065c0    00000004     driverlib.lib : usb.obj (.text:USBDevAddrSet)
                  000065c4    00000004     main.obj (.text:_Z15USBEventHandlerPvjjS_)
                  000065c8    00000004     main.obj (.text:_Z9TxHandlerPvjjS_)
                  000065cc    00000004     rtsv7M4_T_le_v4SPD16_eabi.lib : typeinfo.c.obj (.text:_ZN10__cxxabiv117__class_type_infoD1Ev)
                  000065d0    00000004                                   : typeinfo.c.obj (.text:_ZN10__cxxabiv120__si_class_type_infoD1Ev)
                  000065d4    00000004     HardwareSerial.obj (.text:_ZN5Print17availableForWriteEv)
                  000065d8    00000004     rtsv7M4_T_le_v4SPD16_eabi.lib : new.cpp.obj (.text:_ZdlPvj)
                  000065dc    00000004                                   : error.c.obj (.text:__abort_execution)
                  000065e0    00000004                                   : pre_init.c.obj (.text:_system_pre_init)
                  000065e4    00000004                                   : exit.c.obj (.text:abort:abort)

.const     0    000065e8    00000720     
                  000065e8    00000070     driverlib.lib : interrupt.obj (.const)
                  00006658    0000006c                   : sysctl.obj (.const:g_pui32Xtals)
                  000066c4    0000006a     USBKeyboardDevice.obj (.const:_ZN43_INTERNAL_21_USBKeyboardDevice_cpp_497fa7839usbdevice14g_pcUsageCodesE)
                  0000672e    00000002     main.obj (.const:.string:$P$T0$1)
                  00006730    00000058     usblib.lib : usbdcdc.obj (.const)
                  00006788    00000040     SPI.obj (.const:g_ulSSIConfig)
                  000067c8    0000003f     usblib.lib : usbdhidkeyb.obj (.const:.string:g_pui8KeybReportDescriptor)
                  00006807    00000036     usb_structs.obj (.const:.string:g_pui8ConfigString)
                  0000683d    00000002     main.obj (.const:.string:$P$T3$4)
                  0000683f    00000001     --HOLE-- [fill = 0]
                  00006840    00000034     usblib.lib : usbdenum.obj (.const:g_psUSBDStdRequests)
                  00006874    00000034                : usbdhidkeyb.obj (.const)
                  000068a8    00000030                : usbdcdc.obj (.const:g_sCDCHandlers)
                  000068d8    00000030                : usbdcomp.obj (.const:g_sCompHandlers)
                  00006908    00000030                : usbdhid.obj (.const:g_sHIDHandlers)
                  00006938    0000002e                : usbdcdc.obj (.const:.string)
                  00006966    0000002c     usb_structs.obj (.const:.string:g_pui8ControlInterfaceString)
                  00006992    00000025     rtsv7M4_T_le_v4SPD16_eabi.lib : typeinfo.c.obj (.const:.typeinfo:_ZTSN10__cxxabiv120__si_class_type_infoE)
                  000069b7    00000024     usb_structs.obj (.const:.string:g_pui8ManufacturerString)
                  000069db    00000001     --HOLE-- [fill = 0]
                  000069dc    00000024     HardwareSerial.obj (.const:_ZTV14HardwareSerial)
                  00006a00    00000024     HardwareSerial.obj (.const:_ZTV6Stream)
                  00006a24    00000024     Wire.obj (.const:_ZTV7TwoWire)
                  00006a48    00000023     usblib.lib : usbdcdc.obj (.const:.string:g_pui8CDCSerCommInterface)
                  00006a6b    00000022     rtsv7M4_T_le_v4SPD16_eabi.lib : typeinfo.c.obj (.const:.typeinfo:_ZTSN10__cxxabiv117__class_type_infoE)
                  00006a8d    00000022     USBKeyboardDevice.obj (.const:_ZN43_INTERNAL_21_USBKeyboardDevice_cpp_497fa7839usbdevice19g_pcUsageCodesShiftE)
                  00006aaf    00000001     --HOLE-- [fill = 0]
                  00006ab0    00000020     HardwareSerial.obj (.const:g_ulUARTBase)
                  00006ad0    00000020     HardwareSerial.obj (.const:g_ulUARTInt)
                  00006af0    00000020     Wire.obj (.const:g_uli2cConfig)
                  00006b10    0000001a     usb_structs.obj (.const:.string:g_pui8ProductString)
                  00006b2a    00000002     --HOLE-- [fill = 0]
                  00006b2c    00000018     Print.obj (.const:_ZTV5Print)
                  00006b44    00000018     usb_structs.obj (.const:g_pui8StringDescriptors)
                  00006b5c    00000012     usb_structs.obj (.const:.string:g_pui8SerialNumberString)
                  00006b6e    00000011     HardwareSerial.obj (.const:.typeinfo:_ZTS14HardwareSerial)
                  00006b7f    00000001     --HOLE-- [fill = 0]
                  00006b80    00000010     rtsv7M4_T_le_v4SPD16_eabi.lib : typeinfo.c.obj (.const:_ZTVN10__cxxabiv117__class_type_infoE)
                  00006b90    00000010                                   : typeinfo.c.obj (.const:_ZTVN10__cxxabiv120__si_class_type_infoE)
                  00006ba0    00000010     SPI.obj (.const:g_ulSSIBase)
                  00006bb0    00000010     SPI.obj (.const:g_ulSSIPeriph)
                  00006bc0    00000010     SPI.obj (.const:g_ulSSIPins)
                  00006bd0    00000010     SPI.obj (.const:g_ulSSIPort)
                  00006be0    00000010     Wire.obj (.const:g_uli2cBase)
                  00006bf0    00000010     Wire.obj (.const:g_uli2cInt)
                  00006c00    00000010     Wire.obj (.const:g_uli2cMasterBase)
                  00006c10    00000010     Wire.obj (.const:g_uli2cPeriph)
                  00006c20    00000010     Wire.obj (.const:g_uli2cSCLPins)
                  00006c30    00000010     Wire.obj (.const:g_uli2cSDAPins)
                  00006c40    00000010     Wire.obj (.const:g_uli2cSlaveBase)
                  00006c50    0000000e     usblib.lib : usbdhidkeyb.obj (.const:.string)
                  00006c5e    0000000d     rtsv7M4_T_le_v4SPD16_eabi.lib : stdlib_typeinfo.cpp.obj (.const:.typeinfo:_ZTSSt9type_info)
                  00006c6b    00000001     --HOLE-- [fill = 0]
                  00006c6c    0000000c     HardwareSerial.obj (.const:.typeinfo:_ZTI14HardwareSerial)
                  00006c78    0000000c     HardwareSerial.obj (.const:.typeinfo:_ZTI6Stream)
                  00006c84    0000000c     Wire.obj (.const:.typeinfo:_ZTI7TwoWire)
                  00006c90    0000000c     rtsv7M4_T_le_v4SPD16_eabi.lib : typeinfo.c.obj (.const:.typeinfo:_ZTIN10__cxxabiv117__class_type_infoE)
                  00006c9c    0000000c                                   : typeinfo.c.obj (.const:.typeinfo:_ZTIN10__cxxabiv120__si_class_type_infoE)
                  00006ca8    0000000c     uartstdio.obj (.const:g_ui32UARTInt)
                  00006cb4    0000000b     main.obj (.const)
                  00006cbf    00000009     usblib.lib : usbdcomp.obj (.const:.string)
                  00006cc8    00000009     Wire.obj (.const:.typeinfo:_ZTS7TwoWire)
                  00006cd1    00000003     --HOLE-- [fill = 0]
                  00006cd4    00000008     Print.obj (.const:.typeinfo:_ZTI5Print)
                  00006cdc    00000008     rtsv7M4_T_le_v4SPD16_eabi.lib : stdlib_typeinfo.cpp.obj (.const:.typeinfo:_ZTISt9type_info)
                  00006ce4    00000008     HardwareSerial.obj (.const:.typeinfo:_ZTS6Stream)
                  00006cec    00000007     Print.obj (.const:.typeinfo:_ZTS5Print)
                  00006cf3    00000006     main.obj (.const:.string:$P$T1$2)
                  00006cf9    00000006     main.obj (.const:.string:$P$T2$3)
                  00006cff    00000004     usb_structs.obj (.const:.string:g_pui8LangDescriptor)
                  00006d03    00000001     --HOLE-- [fill = 0]
                  00006d04    00000004     usb_structs.obj (.const)

.cinit     0    00006d18    000000d8     
                  00006d18    000000b4     (.cinit..data.load) [load image, compression = lzss]
                  00006dcc    0000000c     (__TI_handler_table)
                  00006dd8    00000008     (.cinit..bss.load) [load image, compression = zero_init]
                  00006de0    00000010     (__TI_cinit_table)

.init_array 
*          0    00006d08    0000000c     
                  00006d08    00000004     Wire.obj (.init_array)
                  00006d0c    00000004     SPI.obj (.init_array)
                  00006d10    00000004     HardwareSerial.obj (.init_array)

.bss       0    20000000    00000cd4     UNINITIALIZED
                  20000000    00000400     uartstdio.obj (.bss:g_pcUARTTxBuffer)
                  20000400    0000026c     USBSerialDevice.obj (.bss:instance$2)
                  2000066c    00000110     usblib.lib : usbdma.obj (.bss:g_psUSBDMAInst)
                  2000077c    000000f8     USBCompDevice.obj (.bss:instance$2)
                  20000874    000000a4     USBKeyboardDevice.obj (.bss:instance$2)
                  20000918    00000080     uartstdio.obj (.bss:g_pcUARTRxBuffer)
                  20000998    00000050     usblib.lib : usbdenum.obj (.bss:g_psDCDInst)
                  200009e8    00000040                : usbdenum.obj (.bss:g_pui8DataBufferIn)
                  20000a28    00000040     (.common:_ZN7TwoWire8rxBufferE)
                  20000a68    00000040     (.common:_ZN7TwoWire8txBufferE)
                  20000aa8    00000038     HardwareSerial.obj (.bss:Serial1)
                  20000ae0    00000038     HardwareSerial.obj (.bss:Serial2)
                  20000b18    00000038     HardwareSerial.obj (.bss:Serial3)
                  20000b50    00000038     HardwareSerial.obj (.bss:Serial4)
                  20000b88    00000038     HardwareSerial.obj (.bss:Serial5)
                  20000bc0    00000038     HardwareSerial.obj (.bss:Serial6)
                  20000bf8    00000038     HardwareSerial.obj (.bss:Serial7)
                  20000c30    00000038     HardwareSerial.obj (.bss:Serial)
                  20000c68    00000018     (.common:g_pfnTickHandlers)
                  20000c80    00000018     (.common:g_pvTickInstance)
                  20000c98    00000010     Wire.obj (.bss:Wire)
                  20000ca8    00000008     uartstdio.obj (.bss)
                  20000cb0    00000004     USBCompDevice.obj (.bss)
                  20000cb4    00000004     USBKeyboardDevice.obj (.bss)
                  20000cb8    00000004     USBSerialDevice.obj (.bss)
                  20000cbc    00000004     (.common:g_pfnUSBModeCallback)
                  20000cc0    00000004     (.common:g_ppCompConfigDescriptors)
                  20000cc4    00000004     (.common:g_ppsDevInfo)
                  20000cc8    00000004     (.common:g_ui32ULPISupport)
                  20000ccc    00000004     (.common:ui32TxCount)
                  20000cd0    00000002     SPI.obj (.bss:SPI)
                  20000cd2    00000002     (.common:_ZN9usbdevice16g_sKeyboardStateE)

.stack     0    20000cd8    00000400     UNINITIALIZED
                  20000cd8    00000004     rtsv7M4_T_le_v4SPD16_eabi.lib : boot_cortex_m.c.obj (.stack)
                  20000cdc    000003fc     --HOLE--

.data      0    200010d8    00000144     UNINITIALIZED
                  200010d8    0000005e     usblib.lib : usbdcdc.obj (.data)
                  20001136    00000002     --HOLE--
                  20001138    00000038                : usbdhidkeyb.obj (.data)
                  20001170    00000015     uartstdio.obj (.data)
                  20001185    00000012     usblib.lib : usbdcomp.obj (.data)
                  20001197    00000012                : usbdhid.obj (.data)
                  200011a9    00000003     buttons.obj (.data)
                  200011ac    00000010     USBKeyboardDevice.obj (.data)
                  200011bc    0000000c     rtsv7M4_T_le_v4SPD16_eabi.lib : memory.c.obj (.data:$O1$$)
                  200011c8    0000000c     USBSerialDevice.obj (.data)
                  200011d4    0000000c     usblib.lib : usbtick.obj (.data)
                  200011e0    00000009     Wire.obj (.data)
                  200011e9    00000003     --HOLE--
                  200011ec    00000009     usblib.lib : usbmode.obj (.data)
                  200011f5    00000003     --HOLE--
                  200011f8    00000008     rtsv7M4_T_le_v4SPD16_eabi.lib : _lock.c.obj (.data:$O1$$)
                  20001200    00000008     usblib.lib : usbdenum.obj (.data)
                  20001208    00000006     main.obj (.data)
                  2000120e    00000002     --HOLE--
                  20001210    00000004     USBCompDevice.obj (.data)
                  20001214    00000004     main.obj (.data:currentUid)
                  20001218    00000004     tm4c123gh6pm_startup_ccs.obj (.data)

.sysmem    0    20001220    00000008     UNINITIALIZED
                  20001220    00000008     rtsv7M4_T_le_v4SPD16_eabi.lib : memory.c.obj (.sysmem)

MODULE SUMMARY

       Module                         code    ro data   rw data
       ------                         ----    -------   -------
    .\drivers\
       buttons.obj                    104     0         3      
    +--+------------------------------+-------+---------+---------+
       Total:                         104     0         3      
                                                               
    .\src\
       main.obj                       1672    27        16     
       tm4c123gh6pm_startup_ccs.obj   28      620       4      
    +--+------------------------------+-------+---------+---------+
       Total:                         1700    647       20     
                                                               
    .\src\energia\
       Wire.obj                       1258    205       153    
       HardwareSerial.obj             572     189       448    
       SPI.obj                        364     132       2      
       Print.obj                      46      39        0      
    +--+------------------------------+-------+---------+---------+
       Total:                         2240    565       603    
                                                               
    .\src\rfid\
       MFRC522.obj                    2002    0         0      
    +--+------------------------------+-------+---------+---------+
       Total:                         2002    0         0      
                                                               
    .\src\usb\
       USBSerialDevice.obj            1039    0         636    
       USBKeyboardDevice.obj          632     140       184    
       USBCompDevice.obj              212     0         256    
       usb_structs.obj                0       210       0      
    +--+------------------------------+-------+---------+---------+
       Total:                         1883    350       1076   
                                                               
    .\utils\
       uartstdio.obj                  698     12        1181   
    +--+------------------------------+-------+---------+---------+
       Total:                         698     12        1181   
                                                               
    C:/ti/tivaware_c_series_2_1_4_178/driverlib/ccs/Debug/driverlib.lib
       usb.obj                        1354    0         0      
       sysctl.obj                     430     108       0      
       interrupt.obj                  340     112       0      
       udma.obj                       328     0         0      
       i2c.obj                        48      0         0      
       cpu.obj                        24      0         0      
    +--+------------------------------+-------+---------+---------+
       Total:                         2524    220       0      
                                                               
    C:/ti/tivaware_c_series_2_1_4_178/usblib/ccs/Debug/usblib.lib
       usbdenum.obj                   2904    52        160    
       usbdcdc.obj                    2008    217       94     
       usbdma.obj                     2008    0         272    
       usbdhid.obj                    1770    48        18     
       usbdcomp.obj                   1624    57        22     
       usbdhidkeyb.obj                652     129       56     
       usbbuffer.obj                  646     0         0      
       usbdconfig.obj                 576     0         0      
       usbdcdesc.obj                  356     0         0      
       usbringbuf.obj                 350     0         0      
       usbtick.obj                    160     0         60     
       usbdesc.obj                    86      0         0      
       usbulpi.obj                    82      0         0      
       usbmode.obj                    36      0         13     
       usbdhandler.obj                24      0         0      
    +--+------------------------------+-------+---------+---------+
       Total:                         13282   503       695    
                                                               
    C:\ti\ccsv8\tools\compiler\ti-cgt-arm_18.1.3.LTS\lib\rtsv7M4_T_le_v4SPD16_eabi.lib
       memory.c.obj                   372     0         12     
       typeinfo.c.obj                 36      127       0      
       memcpy_t2.asm.obj              156     0         0      
       memset_t2.asm.obj              122     0         0      
       copy_decompress_lzss.c.obj     104     0         0      
       autoinit.c.obj                 96      0         0      
       boot_cortex_m.c.obj            56      0         0      
       stdlib_typeinfo.cpp.obj        2       21        0      
       guard.c.obj                    22      0         0      
       copy_decompress_none.c.obj     14      0         0      
       copy_zero_init.c.obj           12      0         0      
       new.cpp.obj                    12      0         0      
       _lock.c.obj                    2       0         8      
       pure_virt.c.obj                6       0         0      
       error.c.obj                    4       0         0      
       exit.c.obj                     4       0         0      
       pre_init.c.obj                 4       0         0      
    +--+------------------------------+-------+---------+---------+
       Total:                         1024    148       20     
                                                               
       Heap:                          0       0         8      
       Stack:                         0       0         1024   
       Linker Generated:              0       216       0      
    +--+------------------------------+-------+---------+---------+
       Grand Total:                   25457   2661      4630   


LINKER GENERATED COPY TABLES

__TI_cinit_table @ 00006de0 records: 2, size/record: 8, table size: 16
	.data: load addr=00006d18, load size=000000b4 bytes, run addr=200010d8, run size=00000144 bytes, compression=lzss
	.bss: load addr=00006dd8, load size=00000008 bytes, run addr=20000000, run size=00000cd4 bytes, compression=zero_init


LINKER GENERATED HANDLER TABLE

__TI_handler_table @ 00006dcc records: 3, size/record: 4, table size: 12
	index: 0, handler: __TI_decompress_lzss
	index: 1, handler: __TI_decompress_none
	index: 2, handler: __TI_zero_init


GLOBAL SYMBOLS: SORTED ALPHABETICALLY BY Name 

address   name                                                                  
-------   ----                                                                  
0000094f  BuildCompositeDescriptor                                              
000039dd  ButtonsInit                                                           
000065e5  C$$EXIT                                                               
00006439  CPUcpsid                                                              
00006445  CPUcpsie                                                              
00006577  I2CSlaveDataPut                                                       
00006321  I2CSlaveEnable                                                        
0000639f  I2CSlaveInit                                                          
00006451  I2CSlaveIntEnableEx                                                   
00003a45  IntDisable                                                            
00003aad  IntEnable                                                             
00003d75  IntIsEnabled                                                          
00006331  IntMasterDisable                                                      
00006341  IntMasterEnable                                                       
00004f61  InternalUSBRegisterTickHandler                                        
00004f99  InternalUSBStartOfFrameTick                                           
00005639  InternalUSBTickInit                                                   
00006d04  NUM_STRING_DESCRIPTORS                                                
000036d5  ProcessDataFromHost                                                   
00003899  ProcessDataToHost                                                     
0000550f  ProcessNotificationToHost                                             
0000657d  ResetISR                                                              
00006d08  SHT$$INIT_ARRAY$$Base                                                 
00006d14  SHT$$INIT_ARRAY$$Limit                                                
20000cd0  SPI                                                                   
20000c30  Serial                                                                
20000aa8  Serial1                                                               
20000ae0  Serial2                                                               
20000b18  Serial3                                                               
20000b50  Serial4                                                               
20000b88  Serial5                                                               
20000bc0  Serial6                                                               
20000bf8  Serial7                                                               
00001835  SysCtlClockGet                                                        
00006583  SysCtlDelay                                                           
0000530d  SysCtlPeripheralEnable                                                
00004469  SysCtlPeripheralReset                                                 
000061cd  SysCtlUSBPLLEnable                                                    
00006351  SysTickIntHandler                                                     
00000ce5  UARTStdioIntHandler                                                   
00002839  UARTwrite                                                             
00004415  ULPIConfigSet                                                         
00006031  USB0DeviceIntHandler                                                  
00003dd9  USBBufferEventCallback                                                
00006589  USBBufferFlush                                                        
00006049  USBBufferInit                                                         
00005983  USBBufferRead                                                         
000056f7  USBBufferWrite                                                        
000064ed  USBClockEnable                                                        
000064f7  USBControllerVersion                                                  
00001df1  USBDCDCCompositeInit                                                  
00002d15  USBDCDCPacketRead                                                     
00004025  USBDCDCPacketWrite                                                    
00005725  USBDCDCRxPacketAvailable                                              
000061e1  USBDCDCTxPacketAvailable                                              
000044b9  USBDCDConfigDescGet                                                   
0000588b  USBDCDConfigDescGetNum                                                
00005f99  USBDCDConfigDescGetSize                                               
00005e85  USBDCDConfigGetInterface                                              
000050b1  USBDCDConfigGetInterfaceEndpoint                                      
00004b31  USBDCDDeviceInfoInit                                                  
00006061  USBDCDFeatureGet                                                      
00000fa5  USBDCDInit                                                            
000061f5  USBDCDRequestDataEP0                                                  
00006209  USBDCDSendDataEP0                                                     
00005ea1  USBDCDStallEP0                                                        
00002225  USBDCompositeInit                                                     
00001d11  USBDHIDCompositeInit                                                  
00002989  USBDHIDKeyboardCompositeInit                                          
000030ed  USBDHIDKeyboardKeyStateChange                                         
000048a3  USBDHIDReportWrite                                                    
000063bb  USBDHIDTxPacketAvailable                                              
00006501  USBDMAChannelAddressSet                                               
0000621d  USBDMAChannelConfigSet                                                
0000650b  USBDMAChannelCountSet                                                 
000062b5  USBDMAChannelDisable                                                  
000062c7  USBDMAChannelEnable                                                   
000062d9  USBDMAChannelIntDisable                                               
000062eb  USBDMAChannelIntEnable                                                
0000658f  USBDMAChannelIntStatus                                                
000063c9  USBDMAChannelStatus                                                   
000057db  USBDescGet                                                            
000058b5  USBDescGetNum                                                         
000065c1  USBDevAddrSet                                                         
00006515  USBDevConnect                                                         
0000651f  USBDevDisconnect                                                      
00003405  USBDevEndpointConfigSet                                               
000058df  USBDevEndpointDataAck                                                 
00005541  USBDevEndpointStall                                                   
000048ed  USBDevEndpointStallClear                                              
000041a5  USBDevEndpointStatusClear                                             
00006595  USBDevLPMConfig                                                       
000063d7  USBDevLPMDisable                                                      
000063e5  USBDevLPMEnable                                                       
00006547  USBDevMode                                                            
00001395  USBDeviceConfig                                                       
00002ec1  USBDeviceConfigAlternate                                              
00001ec9  USBDeviceEnumHandler                                                  
000049c9  USBDeviceEnumResetHandler                                             
00001245  USBDeviceIntHandlerInternal                                           
00004509  USBDeviceResumeTickHandler                                            
00005fb3  USBEndpointDMAChannel                                                 
000046e1  USBEndpointDMAConfigSet                                               
00005b0b  USBEndpointDMADisable                                                 
00005b2f  USBEndpointDMAEnable                                                  
00005ebd  USBEndpointDataAvail                                                  
00004ae9  USBEndpointDataGet                                                    
0000526d  USBEndpointDataPut                                                    
00005341  USBEndpointDataSend                                                   
0000645d  USBEndpointPacketCountSet                                             
00006361  USBEndpointStatus                                                     
0000654f  USBFIFOAddrGet                                                        
00004eef  USBFIFOConfigSet                                                      
00006231  USBHostResume                                                         
000059d5  USBIntEnableControl                                                   
0000611d  USBIntEnableEndpoint                                                  
000050e9  USBIntStatusControl                                                   
00006529  USBIntStatusEndpoint                                                  
00006469  USBLPMIntEnable                                                       
0000659b  USBLPMIntStatus                                                       
00000e45  USBLibDMAInit                                                         
00006557  USBOTGMode                                                            
00005d55  USBRingBufAdvanceRead                                                 
00005121  USBRingBufAdvanceWrite                                                
00005dd5  USBRingBufContigFree                                                  
00006371  USBRingBufContigUsed                                                  
00006133  USBRingBufFlush                                                       
000062fd  USBRingBufFree                                                        
00006475  USBRingBufInit                                                        
00005ed9  USBRingBufRead                                                        
00006149  USBRingBufReadOne                                                     
0000615f  USBRingBufUsed                                                        
00005ef5  USBRingBufWrite                                                       
00006381  USBRingBufWriteOne                                                    
00005b55  USBStackModeSet                                                       
000063f3  USBULPIDisable                                                        
00006401  USBULPIEnable                                                         
00005df3  USBULPIRegRead                                                        
00005e11  USBULPIRegWrite                                                       
20000c98  Wire                                                                  
00001605  _Z12configureUSBv                                                     
00003661  _Z14ControlHandlerPvjjS_                                              
000065c5  _Z15USBEventHandlerPvjjS_                                             
000059fd  _Z18USBKeyboardHandlerPvjjS_                                          
00005b79  _Z5delayi                                                             
00004bb9  _Z9RxHandlerPvjjS_                                                    
000065c9  _Z9TxHandlerPvjjS_                                                    
0000640f  _ZN10__cxxabiv117__class_type_infoD0Ev                                
000065cd  _ZN10__cxxabiv117__class_type_infoD1Ev                                
000065cd  _ZN10__cxxabiv117__class_type_infoD2Ev                                
0000641d  _ZN10__cxxabiv120__si_class_type_infoD0Ev                             
000065d1  _ZN10__cxxabiv120__si_class_type_infoD1Ev                             
000065d1  _ZN10__cxxabiv120__si_class_type_infoD2Ev                             
000006cd  _ZN11rfid_reader7MFRC52211select_PICCEPNS_3UidEh                      
00003b7d  _ZN11rfid_reader7MFRC52212REQA_or_WUPAEhPhS1_                         
00003be3  _ZN11rfid_reader7MFRC52212calculateCRCEPhhS1_                         
000022f9  _ZN11rfid_reader7MFRC52212readRegisterENS_12PCD_RegisterEhPhh         
0000472d  _ZN11rfid_reader7MFRC52212readRegisterEh                              
00004a11  _ZN11rfid_reader7MFRC52213writeRegisterEhh                            
00004261  _ZN11rfid_reader7MFRC52213writeRegisterEhhPh                          
00006259  _ZN11rfid_reader7MFRC52214readCardSerialEv                            
00005909  _ZN11rfid_reader7MFRC52214transceiveDataEPhhS1_S1_S1_hb               
00005d75  _ZN11rfid_reader7MFRC52216isNewCardPresentEv                          
00006175  _ZN11rfid_reader7MFRC52218setRegisterBitMaskEhh                       
000014dd  _ZN11rfid_reader7MFRC52219communicateWithPICCEhhPhhS1_S1_S1_hb        
00005fcd  _ZN11rfid_reader7MFRC52220clearRegisterBitMaskEhh                     
00003971  _ZN11rfid_reader7MFRC5224initEv                                       
00005d95  _ZN11rfid_reader7MFRC5225delayEi                                      
00005e2f  _ZN11rfid_reader7MFRC5229antennaOnEv                                  
00005f11  _ZN11rfid_reader7MFRC5229softResetEv                                  
00004559  _ZN11rfid_reader7MFRC522C1Ev                                          
00004559  _ZN11rfid_reader7MFRC522C2Ev                                          
00003571  _ZN14HardwareSerial13primeTransmitEm                                  
0000630f  _ZN14HardwareSerial4peekEv                                            
00005a9d  _ZN14HardwareSerial4readEv                                            
00005809  _ZN14HardwareSerial5flushEv                                           
000040e5  _ZN14HardwareSerial5writeEh                                           
0000618b  _ZN14HardwareSerial9availableEv                                       
00004d05  _ZN14HardwareSerialC1Em                                               
00004d45  _ZN14HardwareSerialC1Ev                                               
00004d05  _ZN14HardwareSerialC2Em                                               
00004d45  _ZN14HardwareSerialC2Ev                                               
000065d5  _ZN5Print17availableForWriteEv                                        
00003173  _ZN5Print5flushEv                                                     
00005753  _ZN5Print5writeEPKhj                                                  
200011e0  _ZN7TwoWire11rxReadIndexE                                             
200011e3  _ZN7TwoWire11txReadIndexE                                             
200011e8  _ZN7TwoWire12currentStateE                                            
200011e1  _ZN7TwoWire12rxWriteIndexE                                            
200011e6  _ZN7TwoWire12slaveAddressE                                            
200011e7  _ZN7TwoWire12transmittingE                                            
200011e4  _ZN7TwoWire12txWriteIndexE                                            
00005b9d  _ZN7TwoWire4peekEv                                                    
00005375  _ZN7TwoWire4readEv                                                    
00001b41  _ZN7TwoWire5beginEh                                                   
00000b45  _ZN7TwoWire5beginEv                                                   
00005db5  _ZN7TwoWire5flushEv                                                   
00005c91  _ZN7TwoWire5writeEPKhj                                                
00003175  _ZN7TwoWire5writeEh                                                   
20000a28  _ZN7TwoWire8rxBufferE                                                 
20000a68  _ZN7TwoWire8txBufferE                                                 
00005f2d  _ZN7TwoWire9availableEv                                               
00001fa1  _ZN7TwoWire9forceStopEv                                               
200011e5  _ZN7TwoWire9i2cModuleE                                                
00005f49  _ZN7TwoWire9setModuleEm                                               
200011e2  _ZN7TwoWire9txAddressE                                                
00005bc1  _ZN7TwoWireC1Ev                                                       
00005bc1  _ZN7TwoWireC2Ev                                                       
00001945  _ZN8SPIClass5beginEv                                                  
00004a59  _ZN8SPIClass8transferEh                                               
000065a1  _ZN8SPIClass9setModuleEh                                              
00006533  _ZN8SPIClassC1Ev                                                      
00006533  _ZN8SPIClassC2Ev                                                      
000053a9  _ZN9usbdevice13USBCompDevice11getInstanceEv                           
20001210  _ZN9usbdevice13USBCompDevice12eventHandlerE                           
00006481  _ZN9usbdevice13USBCompDevice20registerEventHandlerEPFYjPvjjS1_E       
00004e01  _ZN9usbdevice13USBCompDevice4initEv                                   
000042bd  _ZN9usbdevice13USBCompDeviceC1EPFYjPvjjS1_E                           
000042bd  _ZN9usbdevice13USBCompDeviceC2EPFYjPvjjS1_E                           
000061a1  _ZN9usbdevice15USBSerialDevice10initBufferEv                          
00004dc3  _ZN9usbdevice15USBSerialDevice10readBufferEv                          
00004bfd  _ZN9usbdevice15USBSerialDevice11getInstanceEv                         
00004c41  _ZN9usbdevice15USBSerialDevice12disconnectedEv                        
00002f4d  _ZN9usbdevice15USBSerialDevice13GetLineCodingEP11tLineCoding          
000031f9  _ZN9usbdevice15USBSerialDevice13SetLineCodingEP11tLineCoding          
200011c8  _ZN9usbdevice15USBSerialDevice14controlHandlerE                       
00003747  _ZN9usbdevice15USBSerialDevice15getSerialDeviceEv                     
00005781  _ZN9usbdevice15USBSerialDevice16popReceiveBufferEv                    
000053dd  _ZN9usbdevice15USBSerialDevice17pushReceiveBufferEh                   
0000648d  _ZN9usbdevice15USBSerialDevice17registerRxHandlerEPFYjPvjjS1_E        
00006499  _ZN9usbdevice15USBSerialDevice17registerTxHandlerEPFYjPvjjS1_E        
000039db  _ZN9usbdevice15USBSerialDevice19SetControlLineStateEt                 
000045a9  _ZN9usbdevice15USBSerialDevice20USBUARTPrimeTransmitEv                
000064a5  _ZN9usbdevice15USBSerialDevice22registerControlHandlerEPFYjPvjjS1_E   
000065a7  _ZN9usbdevice15USBSerialDevice5writeEPhj                              
00005159  _ZN9usbdevice15USBSerialDevice9SendBreakEb                            
000045f9  _ZN9usbdevice15USBSerialDevice9connectedEv                            
200011cc  _ZN9usbdevice15USBSerialDevice9rxHandlerE                             
200011d0  _ZN9usbdevice15USBSerialDevice9txHandlerE                             
00002489  _ZN9usbdevice15USBSerialDeviceC1EPFYjPvjjS1_ES3_S3_                   
00002489  _ZN9usbdevice15USBSerialDeviceC2EPFYjPvjjS1_ES3_S3_                   
20000cd2  _ZN9usbdevice16g_sKeyboardStateE                                      
00005411  _ZN9usbdevice17USBKeyboardDevice11getInstanceEv                       
00005a25  _ZN9usbdevice17USBKeyboardDevice12GetUsageCodeEcb                     
00002549  _ZN9usbdevice17USBKeyboardDevice14USBWriteStringEPKci                 
200011ac  _ZN9usbdevice17USBKeyboardDevice15keyboardHandlerE                    
000035e9  _ZN9usbdevice17USBKeyboardDevice17USBKeyboardUpdateEhhb               
0000425f  _ZN9usbdevice17USBKeyboardDevice17getKeyboardDeviceEv                 
000060a9  _ZN9usbdevice17USBKeyboardDevice17releaseSpecialKeyEv                 
00002fd9  _ZN9usbdevice17USBKeyboardDevice22USBPressKeyCombinationEhPKhi        
000064b1  _ZN9usbdevice17USBKeyboardDevice23registerKeyboardHandlerEPFYjPvjjS1_E
00005573  _ZN9usbdevice17USBKeyboardDeviceC1EPFYjPvjjS1_E                       
00005573  _ZN9usbdevice17USBKeyboardDeviceC2EPFYjPvjjS1_E                       
00004467  _ZNSt9type_infoD1Ev                                                   
00004467  _ZNSt9type_infoD2Ev                                                   
000065e5  _ZSt17__throw_bad_allocv                                              
00006c6c  _ZTI14HardwareSerial                                                  
00006cd4  _ZTI5Print                                                            
00006c78  _ZTI6Stream                                                           
00006c84  _ZTI7TwoWire                                                          
00006c90  _ZTIN10__cxxabiv117__class_type_infoE                                 
00006c9c  _ZTIN10__cxxabiv120__si_class_type_infoE                              
00006cdc  _ZTISt9type_info                                                      
00006b6e  _ZTS14HardwareSerial                                                  
00006cec  _ZTS5Print                                                            
00006ce4  _ZTS6Stream                                                           
00006cc8  _ZTS7TwoWire                                                          
00006a6b  _ZTSN10__cxxabiv117__class_type_infoE                                 
00006992  _ZTSN10__cxxabiv120__si_class_type_infoE                              
00006c5e  _ZTSSt9type_info                                                      
000069dc  _ZTV14HardwareSerial                                                  
00006b2c  _ZTV5Print                                                            
00006a00  _ZTV6Stream                                                           
00006a24  _ZTV7TwoWire                                                          
00006b80  _ZTVN10__cxxabiv117__class_type_infoE                                 
00006b90  _ZTVN10__cxxabiv120__si_class_type_infoE                              
0000655f  _ZdlPv                                                                
000065d9  _ZdlPvj                                                               
200010d8  __STACK_END                                                           
00000400  __STACK_SIZE                                                          
20000ed8  __STACK_TOP                                                           
00000008  __SYSMEM_SIZE                                                         
00006de0  __TI_CINIT_Base                                                       
00006df0  __TI_CINIT_Limit                                                      
00006dcc  __TI_Handler_Table_Base                                               
00006dd8  __TI_Handler_Table_Limit                                              
00004145  __TI_auto_init_nobinit                                                
00003b15  __TI_decompress_lzss                                                  
0000642b  __TI_decompress_none                                                  
ffffffff  __TI_pprof_out_hndl                                                   
ffffffff  __TI_prof_data_size                                                   
ffffffff  __TI_prof_data_start                                                  
00000000  __TI_static_base__                                                    
000064e1  __TI_zero_init                                                        
000065dd  __abort_execution                                                     
0000347f  __aeabi_memclr                                                        
[...]
000059fd  _Z18USBKeyboardHandlerPvjjS_                                          
00005a25  _ZN9usbdevice17USBKeyboardDevice12GetUsageCodeEcb                     
00005a75  uDMAChannelModeGet                                                    
00005a9d  _ZN14HardwareSerial4readEv                                            
00005b0b  USBEndpointDMADisable                                                 
00005b2f  USBEndpointDMAEnable                                                  
00005b55  USBStackModeSet                                                       
00005b79  _Z5delayi                                                             
00005b9d  _ZN7TwoWire4peekEv                                                    
00005bc1  _ZN7TwoWireC1Ev                                                       
00005bc1  _ZN7TwoWireC2Ev                                                       
00005be5  uDMAChannelControlSet                                                 
00005c91  _ZN7TwoWire5writeEPKhj                                                
00005d55  USBRingBufAdvanceRead                                                 
00005d75  _ZN11rfid_reader7MFRC52216isNewCardPresentEv                          
00005d95  _ZN11rfid_reader7MFRC5225delayEi                                      
00005db5  _ZN7TwoWire5flushEv                                                   
00005dd5  USBRingBufContigFree                                                  
00005df3  USBULPIRegRead                                                        
00005e11  USBULPIRegWrite                                                       
00005e2f  _ZN11rfid_reader7MFRC5229antennaOnEv                                  
00005e85  USBDCDConfigGetInterface                                              
00005ea1  USBDCDStallEP0                                                        
00005ebd  USBEndpointDataAvail                                                  
00005ed9  USBRingBufRead                                                        
00005ef5  USBRingBufWrite                                                       
00005f11  _ZN11rfid_reader7MFRC5229softResetEv                                  
00005f2d  _ZN7TwoWire9availableEv                                               
00005f49  _ZN7TwoWire9setModuleEm                                               
00005f99  USBDCDConfigDescGetSize                                               
00005fb3  USBEndpointDMAChannel                                                 
00005fcd  _ZN11rfid_reader7MFRC52220clearRegisterBitMaskEhh                     
00006031  USB0DeviceIntHandler                                                  
00006049  USBBufferInit                                                         
00006061  USBDCDFeatureGet                                                      
000060a9  _ZN9usbdevice17USBKeyboardDevice17releaseSpecialKeyEv                 
000060c1  uDMAChannelDisable                                                    
000060d9  uDMAChannelEnable                                                     
0000611d  USBIntEnableEndpoint                                                  
00006133  USBRingBufFlush                                                       
00006149  USBRingBufReadOne                                                     
0000615f  USBRingBufUsed                                                        
00006175  _ZN11rfid_reader7MFRC52218setRegisterBitMaskEhh                       
0000618b  _ZN14HardwareSerial9availableEv                                       
000061a1  _ZN9usbdevice15USBSerialDevice10initBufferEv                          
000061cd  SysCtlUSBPLLEnable                                                    
000061e1  USBDCDCTxPacketAvailable                                              
000061f5  USBDCDRequestDataEP0                                                  
00006209  USBDCDSendDataEP0                                                     
0000621d  USBDMAChannelConfigSet                                                
00006231  USBHostResume                                                         
00006259  _ZN11rfid_reader7MFRC52214readCardSerialEv                            
000062b5  USBDMAChannelDisable                                                  
000062c7  USBDMAChannelEnable                                                   
000062d9  USBDMAChannelIntDisable                                               
000062eb  USBDMAChannelIntEnable                                                
000062fd  USBRingBufFree                                                        
0000630f  _ZN14HardwareSerial4peekEv                                            
00006321  I2CSlaveEnable                                                        
00006331  IntMasterDisable                                                      
00006341  IntMasterEnable                                                       
00006351  SysTickIntHandler                                                     
00006361  USBEndpointStatus                                                     
00006371  USBRingBufContigUsed                                                  
00006381  USBRingBufWriteOne                                                    
0000639f  I2CSlaveInit                                                          
000063bb  USBDHIDTxPacketAvailable                                              
000063c9  USBDMAChannelStatus                                                   
000063d7  USBDevLPMDisable                                                      
000063e5  USBDevLPMEnable                                                       
000063f3  USBULPIDisable                                                        
00006401  USBULPIEnable                                                         
0000640f  _ZN10__cxxabiv117__class_type_infoD0Ev                                
0000641d  _ZN10__cxxabiv120__si_class_type_infoD0Ev                             
0000642b  __TI_decompress_none                                                  
00006439  CPUcpsid                                                              
00006445  CPUcpsie                                                              
00006451  I2CSlaveIntEnableEx                                                   
0000645d  USBEndpointPacketCountSet                                             
00006469  USBLPMIntEnable                                                       
00006475  USBRingBufInit                                                        
00006481  _ZN9usbdevice13USBCompDevice20registerEventHandlerEPFYjPvjjS1_E       
0000648d  _ZN9usbdevice15USBSerialDevice17registerRxHandlerEPFYjPvjjS1_E        
00006499  _ZN9usbdevice15USBSerialDevice17registerTxHandlerEPFYjPvjjS1_E        
000064a5  _ZN9usbdevice15USBSerialDevice22registerControlHandlerEPFYjPvjjS1_E   
000064b1  _ZN9usbdevice17USBKeyboardDevice23registerKeyboardHandlerEPFYjPvjjS1_E
000064bd  __cxa_guard_acquire                                                   
000064c9  __sti___7_SPI_cpp_230ca784                                            
000064d5  __sti___8_Wire_cpp_4e348ebc                                           
000064e1  __TI_zero_init                                                        
000064ed  USBClockEnable                                                        
000064f7  USBControllerVersion                                                  
00006501  USBDMAChannelAddressSet                                               
0000650b  USBDMAChannelCountSet                                                 
00006515  USBDevConnect                                                         
0000651f  USBDevDisconnect                                                      
00006529  USBIntStatusEndpoint                                                  
00006533  _ZN8SPIClassC1Ev                                                      
00006533  _ZN8SPIClassC2Ev                                                      
0000653d  __cxa_guard_release                                                   
00006547  USBDevMode                                                            
0000654f  USBFIFOAddrGet                                                        
00006557  USBOTGMode                                                            
0000655f  _ZdlPv                                                                
00006577  I2CSlaveDataPut                                                       
0000657d  ResetISR                                                              
00006583  SysCtlDelay                                                           
00006589  USBBufferFlush                                                        
0000658f  USBDMAChannelIntStatus                                                
00006595  USBDevLPMConfig                                                       
0000659b  USBLPMIntStatus                                                       
000065a1  _ZN8SPIClass9setModuleEh                                              
000065a7  _ZN9usbdevice15USBSerialDevice5writeEPhj                              
000065ad  __cxa_pure_virtual                                                    
000065c1  USBDevAddrSet                                                         
000065c5  _Z15USBEventHandlerPvjjS_                                             
000065c9  _Z9TxHandlerPvjjS_                                                    
000065cd  _ZN10__cxxabiv117__class_type_infoD1Ev                                
000065cd  _ZN10__cxxabiv117__class_type_infoD2Ev                                
000065d1  _ZN10__cxxabiv120__si_class_type_infoD1Ev                             
000065d1  _ZN10__cxxabiv120__si_class_type_infoD2Ev                             
000065d5  _ZN5Print17availableForWriteEv                                        
000065d9  _ZdlPvj                                                               
000065dd  __abort_execution                                                     
000065e1  _system_pre_init                                                      
000065e5  C$$EXIT                                                               
000065e5  _ZSt17__throw_bad_allocv                                              
000065e5  abort                                                                 
00006730  g_sCDCSerConfigSection                                                
00006738  g_sIADSerConfigSection                                                
00006740  g_sCDCSerCommInterfaceSection                                         
00006748  g_sCDCSerDataInterfaceSection                                         
00006750  g_sCDCSerDataInterfaceSectionHS                                       
00006758  g_sCDCSerConfigHeader                                                 
00006760  g_sCDCSerConfigHeaderHS                                               
00006768  g_sCDCCompSerConfigHeader                                             
00006770  g_sCDCCompSerConfigHeaderHS                                           
00006778  g_ppCDCSerConfigDescriptors                                           
0000677c  g_ppCDCSerConfigDescriptorsHS                                         
00006780  g_pCDCCompSerConfigDescriptors                                        
00006784  g_pCDCCompSerConfigDescriptorsHS                                      
00006807  g_pui8ConfigString                                                    
000068a8  g_sCDCHandlers                                                        
000068d8  g_sCompHandlers                                                       
00006908  g_sHIDHandlers                                                        
00006938  g_pui8CDCSerDataInterface                                             
0000694f  g_pui8CDCSerDataInterfaceHS                                           
00006966  g_pui8ControlInterfaceString                                          
00006992  _ZTSN10__cxxabiv120__si_class_type_infoE                              
000069b7  g_pui8ManufacturerString                                              
000069dc  _ZTV14HardwareSerial                                                  
00006a00  _ZTV6Stream                                                           
00006a24  _ZTV7TwoWire                                                          
00006a48  g_pui8CDCSerCommInterface                                             
00006a6b  _ZTSN10__cxxabiv117__class_type_infoE                                 
00006b10  g_pui8ProductString                                                   
00006b2c  _ZTV5Print                                                            
00006b44  g_pui8StringDescriptors                                               
00006b5c  g_pui8SerialNumberString                                              
00006b6e  _ZTS14HardwareSerial                                                  
00006b80  _ZTVN10__cxxabiv117__class_type_infoE                                 
00006b90  _ZTVN10__cxxabiv120__si_class_type_infoE                              
00006c5e  _ZTSSt9type_info                                                      
00006c6c  _ZTI14HardwareSerial                                                  
00006c78  _ZTI6Stream                                                           
00006c84  _ZTI7TwoWire                                                          
00006c90  _ZTIN10__cxxabiv117__class_type_infoE                                 
00006c9c  _ZTIN10__cxxabiv120__si_class_type_infoE                              
00006cc8  _ZTS7TwoWire                                                          
00006cd4  _ZTI5Print                                                            
00006cdc  _ZTISt9type_info                                                      
00006ce4  _ZTS6Stream                                                           
00006cec  _ZTS5Print                                                            
00006cff  g_pui8LangDescriptor                                                  
00006d04  NUM_STRING_DESCRIPTORS                                                
00006d08  SHT$$INIT_ARRAY$$Base                                                 
00006d14  SHT$$INIT_ARRAY$$Limit                                                
00006dcc  __TI_Handler_Table_Base                                               
00006dd8  __TI_Handler_Table_Limit                                              
00006de0  __TI_CINIT_Base                                                       
00006df0  __TI_CINIT_Limit                                                      
20000998  g_psDCDInst                                                           
20000a28  _ZN7TwoWire8rxBufferE                                                 
20000a68  _ZN7TwoWire8txBufferE                                                 
20000aa8  Serial1                                                               
20000ae0  Serial2                                                               
20000b18  Serial3                                                               
20000b50  Serial4                                                               
20000b88  Serial5                                                               
20000bc0  Serial6                                                               
20000bf8  Serial7                                                               
20000c30  Serial                                                                
20000c68  g_pfnTickHandlers                                                     
20000c80  g_pvTickInstance                                                      
20000c98  Wire                                                                  
20000cc0  g_ppCompConfigDescriptors                                             
20000cc4  g_ppsDevInfo                                                          
20000ccc  ui32TxCount                                                           
20000cd0  SPI                                                                   
20000cd2  _ZN9usbdevice16g_sKeyboardStateE                                      
20000cd8  __stack                                                               
20000ed8  __STACK_TOP                                                           
200010d8  __STACK_END                                                           
200010d8  g_pui8CDCSerDeviceDescriptor                                          
200010ea  g_pui8CDCSerDescriptor                                                
200010f3  g_pui8IADSerDescriptor                                                
200010fc  g_psCDCSerSections                                                    
20001108  g_psCDCSerSectionsHS                                                  
20001114  g_psCDCCompSerSections                                                
20001124  g_psCDCCompSerSectionsHS                                              
20001197  g_pui8HIDDeviceDescriptor                                             
200011ac  _ZN9usbdevice17USBKeyboardDevice15keyboardHandlerE                    
200011c8  _ZN9usbdevice15USBSerialDevice14controlHandlerE                       
200011cc  _ZN9usbdevice15USBSerialDevice9rxHandlerE                             
200011d0  _ZN9usbdevice15USBSerialDevice9txHandlerE                             
200011d4  g_bUSBTimerInitialized                                                
200011d8  g_ui32CurrentUSBTick                                                  
200011dc  g_ui32USBSOFCount                                                     
200011e0  _ZN7TwoWire11rxReadIndexE                                             
200011e1  _ZN7TwoWire12rxWriteIndexE                                            
200011e2  _ZN7TwoWire9txAddressE                                                
200011e3  _ZN7TwoWire11txReadIndexE                                             
200011e4  _ZN7TwoWire12txWriteIndexE                                            
200011e5  _ZN7TwoWire9i2cModuleE                                                
200011e6  _ZN7TwoWire12slaveAddressE                                            
200011e7  _ZN7TwoWire12transmittingE                                            
200011e8  _ZN7TwoWire12currentStateE                                            
200011ec  g_iUSBMode                                                            
200011f0  g_ui32WaitTicks                                                       
200011f8  _lock                                                                 
200011fc  _unlock                                                               
20001208  cardMissing                                                           
2000120c  os                                                                    
2000120d  singleUser                                                            
20001210  _ZN9usbdevice13USBCompDevice12eventHandlerE                           
20001214  currentUid                                                            
20001218  g_ui32SysTickCount                                                    
20001220  _sys_memory                                                           
ffffffff  __TI_pprof_out_hndl                                                   
ffffffff  __TI_prof_data_size                                                   
ffffffff  __TI_prof_data_start                                                  
ffffffff  __binit__                                                             
ffffffff  __c_args__                                                            
ffffffff  binit                                                                 
UNDEFED   __mpu_init                                                            
UNDEFED   _system_post_cinit                                                    

[385 symbols]
