<?xml version="1.0" encoding="ISO-8859-1" ?>
<link_info>
   <banner>TI ARM Linker PC v18.1.3.LTS</banner>
   <copyright>Copyright (c) 1996-2017 Texas Instruments Incorporated</copyright>
   <link_time>0x5c0163ba</link_time>
   <link_errors>0x0</link_errors>
   <output_file>usb_keyb_dev.out</output_file>
   <entry_point>
      <name>_c_int00_noargs</name>
      <address>0x2ee5</address>
   </entry_point>
   <input_file_list>
      <input_file id="fl-2">
         <path>.\</path>
         <kind>object</kind>
         <file>data.obj</file>
         <name>data.obj</name>
      </input_file>
      <input_file id="fl-3">
         <path>.\</path>
         <kind>object</kind>
         <file>main.obj</file>
         <name>main.obj</name>
      </input_file>
      <input_file id="fl-4">
         <path>.\</path>
         <kind>object</kind>
         <file>tm4c123gh6pm_startup_ccs.obj</file>
         <name>tm4c123gh6pm_startup_ccs.obj</name>
      </input_file>
      <input_file id="fl-5">
         <path>.\</path>
         <kind>object</kind>
         <file>usb_keyboard.obj</file>
         <name>usb_keyboard.obj</name>
      </input_file>
      <input_file id="fl-6">
         <path>.\</path>
         <kind>object</kind>
         <file>usb_structs.obj</file>
         <name>usb_structs.obj</name>
      </input_file>
      <input_file id="fl-7">
         <path>.\drivers\</path>
         <kind>object</kind>
         <file>buttons.obj</file>
         <name>buttons.obj</name>
      </input_file>
      <input_file id="fl-8">
         <path>.\utils\</path>
         <kind>object</kind>
         <file>uartstdio.obj</file>
         <name>uartstdio.obj</name>
      </input_file>
      <input_file id="fl-e">
         <kind>object</kind>
         <file>&lt;internal&gt;</file>
         <name>&lt;internal&gt;</name>
      </input_file>
      <input_file id="fl-c4">
         <path>C:\ti\ccsv8\tools\compiler\ti-cgt-arm_18.1.3.LTS\lib\</path>
         <kind>archive</kind>
         <file>rtsv7M4_T_le_v4SPD16_eabi.lib</file>
         <name>u_divt2.asm.obj</name>
      </input_file>
      <input_file id="fl-c5">
         <path>C:\ti\ccsv8\tools\compiler\ti-cgt-arm_18.1.3.LTS\lib\</path>
         <kind>archive</kind>
         <file>rtsv7M4_T_le_v4SPD16_eabi.lib</file>
         <name>copy_zero_init.c.obj</name>
      </input_file>
      <input_file id="fl-c6">
         <path>C:\ti\ccsv8\tools\compiler\ti-cgt-arm_18.1.3.LTS\lib\</path>
         <kind>archive</kind>
         <file>rtsv7M4_T_le_v4SPD16_eabi.lib</file>
         <name>copy_decompress_none.c.obj</name>
      </input_file>
      <input_file id="fl-c7">
         <path>C:\ti\ccsv8\tools\compiler\ti-cgt-arm_18.1.3.LTS\lib\</path>
         <kind>archive</kind>
         <file>rtsv7M4_T_le_v4SPD16_eabi.lib</file>
         <name>copy_decompress_lzss.c.obj</name>
      </input_file>
      <input_file id="fl-c8">
         <path>C:\ti\ccsv8\tools\compiler\ti-cgt-arm_18.1.3.LTS\lib\</path>
         <kind>archive</kind>
         <file>rtsv7M4_T_le_v4SPD16_eabi.lib</file>
         <name>boot_cortex_m.c.obj</name>
      </input_file>
      <input_file id="fl-c9">
         <path>C:\ti\ccsv8\tools\compiler\ti-cgt-arm_18.1.3.LTS\lib\</path>
         <kind>archive</kind>
         <file>rtsv7M4_T_le_v4SPD16_eabi.lib</file>
         <name>div0.asm.obj</name>
      </input_file>
      <input_file id="fl-ca">
         <path>C:\ti\ccsv8\tools\compiler\ti-cgt-arm_18.1.3.LTS\lib\</path>
         <kind>archive</kind>
         <file>rtsv7M4_T_le_v4SPD16_eabi.lib</file>
         <name>memset_t2.asm.obj</name>
      </input_file>
      <input_file id="fl-cb">
         <path>C:\ti\ccsv8\tools\compiler\ti-cgt-arm_18.1.3.LTS\lib\</path>
         <kind>archive</kind>
         <file>rtsv7M4_T_le_v4SPD16_eabi.lib</file>
         <name>memcpy_t2.asm.obj</name>
      </input_file>
      <input_file id="fl-cc">
         <path>C:\ti\ccsv8\tools\compiler\ti-cgt-arm_18.1.3.LTS\lib\</path>
         <kind>archive</kind>
         <file>rtsv7M4_T_le_v4SPD16_eabi.lib</file>
         <name>autoinit.c.obj</name>
      </input_file>
      <input_file id="fl-cd">
         <path>C:\ti\ccsv8\tools\compiler\ti-cgt-arm_18.1.3.LTS\lib\</path>
         <kind>archive</kind>
         <file>rtsv7M4_T_le_v4SPD16_eabi.lib</file>
         <name>pre_init.c.obj</name>
      </input_file>
      <input_file id="fl-ce">
         <path>C:\ti\ccsv8\tools\compiler\ti-cgt-arm_18.1.3.LTS\lib\</path>
         <kind>archive</kind>
         <file>rtsv7M4_T_le_v4SPD16_eabi.lib</file>
         <name>cpy_tbl.c.obj</name>
      </input_file>
      <input_file id="fl-cf">
         <path>C:\ti\ccsv8\tools\compiler\ti-cgt-arm_18.1.3.LTS\lib\</path>
         <kind>archive</kind>
         <file>rtsv7M4_T_le_v4SPD16_eabi.lib</file>
         <name>exit.c.obj</name>
      </input_file>
      <input_file id="fl-d0">
         <path>C:\ti\ccsv8\tools\compiler\ti-cgt-arm_18.1.3.LTS\lib\</path>
         <kind>archive</kind>
         <file>rtsv7M4_T_le_v4SPD16_eabi.lib</file>
         <name>_lock.c.obj</name>
      </input_file>
      <input_file id="fl-d1">
         <path>C:\ti\ccsv8\tools\compiler\ti-cgt-arm_18.1.3.LTS\lib\</path>
         <kind>archive</kind>
         <file>rtsv7M4_T_le_v4SPD16_eabi.lib</file>
         <name>args_main.c.obj</name>
      </input_file>
      <input_file id="fl-d2">
         <path>C:\ti\tivaware_c_series_2_1_4_178\driverlib\ccs\Debug\</path>
         <kind>archive</kind>
         <file>driverlib.lib</file>
         <name>gpio.obj</name>
      </input_file>
      <input_file id="fl-d3">
         <path>C:\ti\tivaware_c_series_2_1_4_178\driverlib\ccs\Debug\</path>
         <kind>archive</kind>
         <file>driverlib.lib</file>
         <name>interrupt.obj</name>
      </input_file>
      <input_file id="fl-d4">
         <path>C:\ti\tivaware_c_series_2_1_4_178\driverlib\ccs\Debug\</path>
         <kind>archive</kind>
         <file>driverlib.lib</file>
         <name>uart.obj</name>
      </input_file>
      <input_file id="fl-d5">
         <path>C:\ti\tivaware_c_series_2_1_4_178\driverlib\ccs\Debug\</path>
         <kind>archive</kind>
         <file>driverlib.lib</file>
         <name>cpu.obj</name>
      </input_file>
      <input_file id="fl-d6">
         <path>C:\ti\tivaware_c_series_2_1_4_178\usblib\ccs\Debug\</path>
         <kind>archive</kind>
         <file>usblib.lib</file>
         <name>usbmode.obj</name>
      </input_file>
      <input_file id="fl-d7">
         <path>C:\ti\tivaware_c_series_2_1_4_178\usblib\ccs\Debug\</path>
         <kind>archive</kind>
         <file>usblib.lib</file>
         <name>usbtick.obj</name>
      </input_file>
      <input_file id="fl-d8">
         <path>C:\ti\tivaware_c_series_2_1_4_178\usblib\ccs\Debug\</path>
         <kind>archive</kind>
         <file>usblib.lib</file>
         <name>usbhostenum.obj</name>
      </input_file>
      <input_file id="fl-d9">
         <path>C:\ti\tivaware_c_series_2_1_4_178\usblib\ccs\Debug\</path>
         <kind>archive</kind>
         <file>usblib.lib</file>
         <name>usbdenum.obj</name>
      </input_file>
      <input_file id="fl-da">
         <path>C:\ti\tivaware_c_series_2_1_4_178\usblib\ccs\Debug\</path>
         <kind>archive</kind>
         <file>usblib.lib</file>
         <name>usbdhandler.obj</name>
      </input_file>
      <input_file id="fl-db">
         <path>C:\ti\tivaware_c_series_2_1_4_178\usblib\ccs\Debug\</path>
         <kind>archive</kind>
         <file>usblib.lib</file>
         <name>usbdhidkeyb.obj</name>
      </input_file>
      <input_file id="fl-dc">
         <path>C:\ti\tivaware_c_series_2_1_4_178\usblib\ccs\Debug\</path>
         <kind>archive</kind>
         <file>usblib.lib</file>
         <name>usbdesc.obj</name>
      </input_file>
      <input_file id="fl-dd">
         <path>C:\ti\tivaware_c_series_2_1_4_178\usblib\ccs\Debug\</path>
         <kind>archive</kind>
         <file>usblib.lib</file>
         <name>usbdma.obj</name>
      </input_file>
      <input_file id="fl-de">
         <path>C:\ti\tivaware_c_series_2_1_4_178\usblib\ccs\Debug\</path>
         <kind>archive</kind>
         <file>usblib.lib</file>
         <name>usbulpi.obj</name>
      </input_file>
      <input_file id="fl-df">
         <path>C:\ti\tivaware_c_series_2_1_4_178\usblib\ccs\Debug\</path>
         <kind>archive</kind>
         <file>usblib.lib</file>
         <name>usbhhub.obj</name>
      </input_file>
      <input_file id="fl-e0">
         <path>C:\ti\tivaware_c_series_2_1_4_178\usblib\ccs\Debug\</path>
         <kind>archive</kind>
         <file>usblib.lib</file>
         <name>usbdcdesc.obj</name>
      </input_file>
      <input_file id="fl-e1">
         <path>C:\ti\tivaware_c_series_2_1_4_178\usblib\ccs\Debug\</path>
         <kind>archive</kind>
         <file>usblib.lib</file>
         <name>usbdconfig.obj</name>
      </input_file>
      <input_file id="fl-e2">
         <path>C:\ti\tivaware_c_series_2_1_4_178\usblib\ccs\Debug\</path>
         <kind>archive</kind>
         <file>usblib.lib</file>
         <name>usbdhid.obj</name>
      </input_file>
      <input_file id="fl-e3">
         <path>C:\ti\tivaware_c_series_2_1_4_178\driverlib\ccs\Debug\</path>
         <kind>archive</kind>
         <file>driverlib.lib</file>
         <name>sysctl.obj</name>
      </input_file>
      <input_file id="fl-e4">
         <path>C:\ti\tivaware_c_series_2_1_4_178\driverlib\ccs\Debug\</path>
         <kind>archive</kind>
         <file>driverlib.lib</file>
         <name>udma.obj</name>
      </input_file>
      <input_file id="fl-e5">
         <path>C:\ti\tivaware_c_series_2_1_4_178\driverlib\ccs\Debug\</path>
         <kind>archive</kind>
         <file>driverlib.lib</file>
         <name>usb.obj</name>
      </input_file>
   </input_file_list>
   <object_component_list>
      <object_component id="oc-f">
         <name>.intvecs</name>
         <load_address>0x0</load_address>
         <run_address>0x0</run_address>
         <size>0x26c</size>
         <input_file_ref idref="fl-4"/>
      </object_component>
      <object_component id="oc-2ac">
         <name>.text:UARTvprintf</name>
         <load_address>0x26c</load_address>
         <run_address>0x26c</run_address>
         <size>0x1ea</size>
         <input_file_ref idref="fl-8"/>
      </object_component>
      <object_component id="oc-30">
         <name>.text:FaultISR</name>
         <load_address>0x456</load_address>
         <run_address>0x456</run_address>
         <size>0x2</size>
         <input_file_ref idref="fl-4"/>
      </object_component>
      <object_component id="oc-42">
         <name>.text:UARTStdioIntHandler</name>
         <load_address>0x458</load_address>
         <run_address>0x458</run_address>
         <size>0x160</size>
         <input_file_ref idref="fl-8"/>
      </object_component>
      <object_component id="oc-4c0">
         <name>.text:USBLibDMAInit</name>
         <load_address>0x5b8</load_address>
         <run_address>0x5b8</run_address>
         <size>0x160</size>
         <input_file_ref idref="fl-dd"/>
      </object_component>
      <object_component id="oc-372">
         <name>.text:USBDCDInit</name>
         <load_address>0x718</load_address>
         <run_address>0x718</run_address>
         <size>0x150</size>
         <input_file_ref idref="fl-d9"/>
      </object_component>
      <object_component id="oc-25c">
         <name>.text:USBDEP0StateTxConfig</name>
         <load_address>0x868</load_address>
         <run_address>0x868</run_address>
         <size>0x150</size>
         <input_file_ref idref="fl-d9"/>
      </object_component>
      <object_component id="oc-c8">
         <name>.text:USBDeviceIntHandlerInternal</name>
         <load_address>0x9b8</load_address>
         <run_address>0x9b8</run_address>
         <size>0x150</size>
         <input_file_ref idref="fl-d9"/>
      </object_component>
      <object_component id="oc-538">
         <name>.text:USBDeviceConfig</name>
         <load_address>0xb08</load_address>
         <run_address>0xb08</run_address>
         <size>0x148</size>
         <input_file_ref idref="fl-e1"/>
      </object_component>
      <object_component id="oc-fc">
         <name>.text:main</name>
         <load_address>0xc50</load_address>
         <run_address>0xc50</run_address>
         <size>0x144</size>
         <input_file_ref idref="fl-3"/>
      </object_component>
      <object_component id="oc-567">
         <name>.text:HandleRequest</name>
         <load_address>0xd94</load_address>
         <run_address>0xd94</run_address>
         <size>0x114</size>
         <input_file_ref idref="fl-e2"/>
      </object_component>
      <object_component id="oc-1d2">
         <name>.text:USBWriteString</name>
         <load_address>0xea8</load_address>
         <run_address>0xea8</run_address>
         <size>0x108</size>
         <input_file_ref idref="fl-3"/>
      </object_component>
      <object_component id="oc-660">
         <name>.text:iDMAUSBTransfer</name>
         <load_address>0xfb0</load_address>
         <run_address>0xfb0</run_address>
         <size>0xf4</size>
         <input_file_ref idref="fl-dd"/>
      </object_component>
      <object_component id="oc-400">
         <name>.text:USBDGetDescriptor</name>
         <load_address>0x10a4</load_address>
         <run_address>0x10a4</run_address>
         <size>0xe4</size>
         <input_file_ref idref="fl-d9"/>
      </object_component>
      <object_component id="oc-35c">
         <name>.text:USBDHIDCompositeInit</name>
         <load_address>0x1188</load_address>
         <run_address>0x1188</run_address>
         <size>0xe0</size>
         <input_file_ref idref="fl-e2"/>
      </object_component>
      <object_component id="oc-17e">
         <name>.text:USBDeviceEnumHandler</name>
         <load_address>0x1268</load_address>
         <run_address>0x1268</run_address>
         <size>0xd8</size>
         <input_file_ref idref="fl-d9"/>
      </object_component>
      <object_component id="oc-5ee">
         <name>.text:uDMAUSBChannelAllocate</name>
         <load_address>0x1340</load_address>
         <run_address>0x1340</run_address>
         <size>0xc4</size>
         <input_file_ref idref="fl-dd"/>
      </object_component>
      <object_component id="oc-630">
         <name>.text:uDMAUSBTransfer</name>
         <load_address>0x1404</load_address>
         <run_address>0x1404</run_address>
         <size>0xbc</size>
         <input_file_ref idref="fl-dd"/>
      </object_component>
      <object_component id="oc-289">
         <name>.text:UARTStdioConfig</name>
         <load_address>0x14c0</load_address>
         <run_address>0x14c0</run_address>
         <size>0xb0</size>
         <input_file_ref idref="fl-8"/>
      </object_component>
      <object_component id="oc-a2">
         <name>.text:UARTwrite</name>
         <load_address>0x1570</load_address>
         <run_address>0x1570</run_address>
         <size>0xa8</size>
         <input_file_ref idref="fl-8"/>
      </object_component>
      <object_component id="oc-362">
         <name>.text:HIDKeyboardRxHandler</name>
         <load_address>0x1618</load_address>
         <run_address>0x1618</run_address>
         <size>0xa6</size>
         <input_file_ref idref="fl-db"/>
      </object_component>
      <object_component id="oc-36">
         <name>.text:IntDefaultHandler</name>
         <load_address>0x16be</load_address>
         <run_address>0x16be</run_address>
         <size>0x2</size>
         <input_file_ref idref="fl-4"/>
      </object_component>
      <object_component id="oc-297">
         <name>.text:USBDHIDKeyboardCompositeInit</name>
         <load_address>0x16c0</load_address>
         <run_address>0x16c0</run_address>
         <size>0x9c</size>
         <input_file_ref idref="fl-db"/>
      </object_component>
      <object_component id="oc-5c">
         <name>.text</name>
         <load_address>0x175c</load_address>
         <run_address>0x175c</run_address>
         <size>0x9c</size>
         <input_file_ref idref="fl-cb"/>
      </object_component>
      <object_component id="oc-41e">
         <name>.text:USBDSetInterface</name>
         <load_address>0x17f8</load_address>
         <run_address>0x17f8</run_address>
         <size>0x98</size>
         <input_file_ref idref="fl-d9"/>
      </object_component>
      <object_component id="oc-412">
         <name>.text:USBDSetConfiguration</name>
         <load_address>0x1890</load_address>
         <run_address>0x1890</run_address>
         <size>0x90</size>
         <input_file_ref idref="fl-d9"/>
      </object_component>
      <object_component id="oc-96">
         <name>.text:UARTPrimeTransmit</name>
         <load_address>0x1920</load_address>
         <run_address>0x1920</run_address>
         <size>0x8c</size>
         <input_file_ref idref="fl-8"/>
      </object_component>
      <object_component id="oc-54c">
         <name>.text:USBDeviceConfigAlternate</name>
         <load_address>0x19ac</load_address>
         <run_address>0x19ac</run_address>
         <size>0x8c</size>
         <input_file_ref idref="fl-e1"/>
      </object_component>
      <object_component id="oc-1cc">
         <name>.text:ButtonsPoll</name>
         <load_address>0x1a38</load_address>
         <run_address>0x1a38</run_address>
         <size>0x88</size>
         <input_file_ref idref="fl-7"/>
      </object_component>
      <object_component id="oc-5a7">
         <name>.text:ProcessIdleTimers</name>
         <load_address>0x1ac0</load_address>
         <run_address>0x1ac0</run_address>
         <size>0x88</size>
         <input_file_ref idref="fl-e2"/>
      </object_component>
      <object_component id="oc-3a4">
         <name>.text:USBDHIDKeyboardKeyStateChange</name>
         <load_address>0x1b48</load_address>
         <run_address>0x1b48</run_address>
         <size>0x86</size>
         <input_file_ref idref="fl-db"/>
      </object_component>
      <object_component id="oc-642">
         <name>.text:iDMAUSBChannelAllocate</name>
         <load_address>0x1bce</load_address>
         <run_address>0x1bce</run_address>
         <size>0x84</size>
         <input_file_ref idref="fl-dd"/>
      </object_component>
      <object_component id="oc-2a">
         <name>.text:NmiSR</name>
         <load_address>0x1c52</load_address>
         <run_address>0x1c52</run_address>
         <size>0x2</size>
         <input_file_ref idref="fl-4"/>
      </object_component>
      <object_component id="oc-75d">
         <name>.text:uDMAChannelTransferSet</name>
         <load_address>0x1c54</load_address>
         <run_address>0x1c54</run_address>
         <size>0x84</size>
         <input_file_ref idref="fl-e4"/>
      </object_component>
      <object_component id="oc-3ee">
         <name>.text:USBDClearFeature</name>
         <load_address>0x1cd8</load_address>
         <run_address>0x1cd8</run_address>
         <size>0x80</size>
         <input_file_ref idref="fl-d9"/>
      </object_component>
      <object_component id="oc-2cd">
         <name>.text:USBKeyboardUpdate</name>
         <load_address>0x1d58</load_address>
         <run_address>0x1d58</run_address>
         <size>0x80</size>
         <input_file_ref idref="fl-5"/>
      </object_component>
      <object_component id="oc-69e">
         <name>.text:USBDevEndpointConfigSet</name>
         <load_address>0x1dd8</load_address>
         <run_address>0x1dd8</run_address>
         <size>0x7a</size>
         <input_file_ref idref="fl-e5"/>
      </object_component>
      <object_component id="oc-f0">
         <name>.text</name>
         <load_address>0x1e52</load_address>
         <run_address>0x1e52</run_address>
         <size>0x7a</size>
         <input_file_ref idref="fl-ca"/>
      </object_component>
      <object_component id="oc-3e8">
         <name>.text:USBDGetStatus</name>
         <load_address>0x1ecc</load_address>
         <run_address>0x1ecc</run_address>
         <size>0x78</size>
         <input_file_ref idref="fl-d9"/>
      </object_component>
      <object_component id="oc-262">
         <name>.text:USBDEP0StateTx</name>
         <load_address>0x1f44</load_address>
         <run_address>0x1f44</run_address>
         <size>0x70</size>
         <input_file_ref idref="fl-d9"/>
      </object_component>
      <object_component id="oc-5e8">
         <name>.text:uDMAUSBArbSizeSet</name>
         <load_address>0x1fb4</load_address>
         <run_address>0x1fb4</run_address>
         <size>0x70</size>
         <input_file_ref idref="fl-dd"/>
      </object_component>
      <object_component id="oc-636">
         <name>.text:uDMAUSBUnitSizeSet</name>
         <load_address>0x2024</load_address>
         <run_address>0x2024</run_address>
         <size>0x70</size>
         <input_file_ref idref="fl-dd"/>
      </object_component>
      <object_component id="oc-3f4">
         <name>.text:USBDSetFeature</name>
         <load_address>0x2094</load_address>
         <run_address>0x2094</run_address>
         <size>0x6c</size>
         <input_file_ref idref="fl-d9"/>
      </object_component>
      <object_component id="oc-1ba">
         <name>.text:ButtonsInit</name>
         <load_address>0x2100</load_address>
         <run_address>0x2100</run_address>
         <size>0x68</size>
         <input_file_ref idref="fl-7"/>
      </object_component>
      <object_component id="oc-736">
         <name>.text:IntDisable</name>
         <load_address>0x2168</load_address>
         <run_address>0x2168</run_address>
         <size>0x68</size>
         <input_file_ref idref="fl-d3"/>
      </object_component>
      <object_component id="oc-4d8">
         <name>.text:IntEnable</name>
         <load_address>0x21d0</load_address>
         <run_address>0x21d0</run_address>
         <size>0x68</size>
         <input_file_ref idref="fl-d3"/>
      </object_component>
      <object_component id="oc-12">
         <name>.text:decompress:lzss:__TI_decompress_lzss</name>
         <load_address>0x2238</load_address>
         <run_address>0x2238</run_address>
         <size>0x68</size>
         <input_file_ref idref="fl-c7"/>
      </object_component>
      <object_component id="oc-1a8">
         <name>.text:ConfigureUART</name>
         <load_address>0x22a0</load_address>
         <run_address>0x22a0</run_address>
         <size>0x64</size>
         <input_file_ref idref="fl-3"/>
      </object_component>
      <object_component id="oc-561">
         <name>.text:HandleGetDescriptor</name>
         <load_address>0x2304</load_address>
         <run_address>0x2304</run_address>
         <size>0x64</size>
         <input_file_ref idref="fl-e2"/>
      </object_component>
      <object_component id="oc-730">
         <name>.text:IntIsEnabled</name>
         <load_address>0x2368</load_address>
         <run_address>0x2368</run_address>
         <size>0x64</size>
         <input_file_ref idref="fl-d3"/>
      </object_component>
      <object_component id="oc-5fa">
         <name>.text:uDMAUSBChannelEnable</name>
         <load_address>0x23cc</load_address>
         <run_address>0x23cc</run_address>
         <size>0x64</size>
         <input_file_ref idref="fl-dd"/>
      </object_component>
      <object_component id="oc-59d">
         <name>.text:HandleDevice</name>
         <load_address>0x2430</load_address>
         <run_address>0x2430</run_address>
         <size>0x60</size>
         <input_file_ref idref="fl-e2"/>
      </object_component>
      <object_component id="oc-6e9">
         <name>.text:ProcessDataFromHost</name>
         <load_address>0x2490</load_address>
         <run_address>0x2490</run_address>
         <size>0x60</size>
         <input_file_ref idref="fl-e2"/>
      </object_component>
      <object_component id="oc-256">
         <name>.text:USBDReadAndDispatchRequest</name>
         <load_address>0x24f0</load_address>
         <run_address>0x24f0</run_address>
         <size>0x60</size>
         <input_file_ref idref="fl-d9"/>
      </object_component>
      <object_component id="oc-23e">
         <name>.text:USBDevEndpointStatusClear</name>
         <load_address>0x2550</load_address>
         <run_address>0x2550</run_address>
         <size>0x5e</size>
         <input_file_ref idref="fl-e5"/>
      </object_component>
      <object_component id="oc-6c2">
         <name>.text:FindHIDDescriptor</name>
         <load_address>0x25ae</load_address>
         <run_address>0x25ae</run_address>
         <size>0x5c</size>
         <input_file_ref idref="fl-e2"/>
      </object_component>
      <object_component id="oc-4f8">
         <name>.text:RemoveKeyFromPressedList</name>
         <load_address>0x260a</load_address>
         <run_address>0x260a</run_address>
         <size>0x56</size>
         <input_file_ref idref="fl-db"/>
      </object_component>
      <object_component id="oc-60c">
         <name>.text:uDMAUSBChannelRelease</name>
         <load_address>0x2660</load_address>
         <run_address>0x2660</run_address>
         <size>0x56</size>
         <input_file_ref idref="fl-dd"/>
      </object_component>
      <object_component id="oc-6ef">
         <name>.text:ProcessDataToHost</name>
         <load_address>0x26b6</load_address>
         <run_address>0x26b6</run_address>
         <size>0x54</size>
         <input_file_ref idref="fl-e2"/>
      </object_component>
      <object_component id="oc-496">
         <name>.text:ULPIConfigSet</name>
         <load_address>0x270a</load_address>
         <run_address>0x270a</run_address>
         <size>0x52</size>
         <input_file_ref idref="fl-de"/>
      </object_component>
      <object_component id="oc-478">
         <name>.text:SysCtlPeripheralReset</name>
         <load_address>0x275c</load_address>
         <run_address>0x275c</run_address>
         <size>0x50</size>
         <input_file_ref idref="fl-e3"/>
      </object_component>
      <object_component id="oc-692">
         <name>.text:USBDCDConfigDescGet</name>
         <load_address>0x27ac</load_address>
         <run_address>0x27ac</run_address>
         <size>0x50</size>
         <input_file_ref idref="fl-e0"/>
      </object_component>
      <object_component id="oc-160">
         <name>.text:USBDeviceResumeTickHandler</name>
         <load_address>0x27fc</load_address>
         <run_address>0x27fc</run_address>
         <size>0x50</size>
         <input_file_ref idref="fl-d9"/>
      </object_component>
      <object_component id="oc-698">
         <name>.text:GetEPDescriptorType</name>
         <load_address>0x284c</load_address>
         <run_address>0x284c</run_address>
         <size>0x4c</size>
         <input_file_ref idref="fl-e1"/>
      </object_component>
      <object_component id="oc-52f">
         <name>.text:USBDStringIndexFromRequest</name>
         <load_address>0x2898</load_address>
         <run_address>0x2898</run_address>
         <size>0x4c</size>
         <input_file_ref idref="fl-d9"/>
      </object_component>
      <object_component id="oc-769">
         <name>.text:USBEndpointDMAConfigSet</name>
         <load_address>0x28e4</load_address>
         <run_address>0x28e4</run_address>
         <size>0x4c</size>
         <input_file_ref idref="fl-e5"/>
      </object_component>
      <object_component id="oc-66c">
         <name>.text:iDMAUSBChannelEnable</name>
         <load_address>0x2930</load_address>
         <run_address>0x2930</run_address>
         <size>0x4c</size>
         <input_file_ref idref="fl-dd"/>
      </object_component>
      <object_component id="oc-6b9">
         <name>.text:ConfigAlternateInterfaceGet</name>
         <load_address>0x297c</load_address>
         <run_address>0x297c</run_address>
         <size>0x4a</size>
         <input_file_ref idref="fl-e0"/>
      </object_component>
      <object_component id="oc-469">
         <name>.text:USBDHIDReportWrite</name>
         <load_address>0x29c6</load_address>
         <run_address>0x29c6</run_address>
         <size>0x4a</size>
         <input_file_ref idref="fl-e2"/>
      </object_component>
      <object_component id="oc-526">
         <name>.text:USBDevEndpointStallClear</name>
         <load_address>0x2a10</load_address>
         <run_address>0x2a10</run_address>
         <size>0x4a</size>
         <input_file_ref idref="fl-e5"/>
      </object_component>
      <object_component id="oc-5f4">
         <name>.text:uDMAUSBChannelDisable</name>
         <load_address>0x2a5a</load_address>
         <run_address>0x2a5a</run_address>
         <size>0x4a</size>
         <input_file_ref idref="fl-dd"/>
      </object_component>
      <object_component id="oc-6db">
         <name>.text:SetIdleTimeout</name>
         <load_address>0x2aa4</load_address>
         <run_address>0x2aa4</run_address>
         <size>0x48</size>
         <input_file_ref idref="fl-e2"/>
      </object_component>
      <object_component id="oc-15a">
         <name>.text:USBDeviceEnumResetHandler</name>
         <load_address>0x2aec</load_address>
         <run_address>0x2aec</run_address>
         <size>0x48</size>
         <input_file_ref idref="fl-d9"/>
      </object_component>
      <object_component id="oc-71c">
         <name>.text:uDMAChannelAttributeDisable</name>
         <load_address>0x2b34</load_address>
         <run_address>0x2b34</run_address>
         <size>0x48</size>
         <input_file_ref idref="fl-e4"/>
      </object_component>
      <object_component id="oc-24a">
         <name>.text:USBEndpointDataGet</name>
         <load_address>0x2b7c</load_address>
         <run_address>0x2b7c</run_address>
         <size>0x46</size>
         <input_file_ref idref="fl-e5"/>
      </object_component>
      <object_component id="oc-63c">
         <name>.text:iDMAUSBArbSizeSet</name>
         <load_address>0x2bc2</load_address>
         <run_address>0x2bc2</run_address>
         <size>0x2</size>
         <input_file_ref idref="fl-dd"/>
      </object_component>
      <object_component id="oc-443">
         <name>.text:USBDCDDeviceInfoInit</name>
         <load_address>0x2bc4</load_address>
         <run_address>0x2bc4</run_address>
         <size>0x44</size>
         <input_file_ref idref="fl-d9"/>
      </object_component>
      <object_component id="oc-418">
         <name>.text:USBDGetInterface</name>
         <load_address>0x2c08</load_address>
         <run_address>0x2c08</run_address>
         <size>0x44</size>
         <input_file_ref idref="fl-d9"/>
      </object_component>
      <object_component id="oc-1ee">
         <name>.text:__TI_auto_init_nobinit_nopinit:__TI_auto_init_nobinit_nopinit</name>
         <load_address>0x2c4c</load_address>
         <run_address>0x2c4c</run_address>
         <size>0x44</size>
         <input_file_ref idref="fl-cc"/>
      </object_component>
      <object_component id="oc-5ba">
         <name>.text:ScheduleReportTransmission</name>
         <load_address>0x2c90</load_address>
         <run_address>0x2c90</run_address>
         <size>0x40</size>
         <input_file_ref idref="fl-e2"/>
      </object_component>
      <object_component id="oc-38f">
         <name>.text</name>
         <load_address>0x2cd0</load_address>
         <run_address>0x2cd0</run_address>
         <size>0x40</size>
         <input_file_ref idref="fl-c4"/>
      </object_component>
      <object_component id="oc-368">
         <name>.text:HIDKeyboardTxHandler</name>
         <load_address>0x2d10</load_address>
         <run_address>0x2d10</run_address>
         <size>0x3e</size>
         <input_file_ref idref="fl-db"/>
      </object_component>
      <object_component id="oc-678">
         <name>.text:iDMAUSBUnitSizeSet</name>
         <load_address>0x2d4e</load_address>
         <run_address>0x2d4e</run_address>
         <size>0x2</size>
         <input_file_ref idref="fl-dd"/>
      </object_component>
      <object_component id="oc-341">
         <name>.text:UARTFlushTx</name>
         <load_address>0x2d50</load_address>
         <run_address>0x2d50</run_address>
         <size>0x3c</size>
         <input_file_ref idref="fl-8"/>
      </object_component>
      <object_component id="oc-666">
         <name>.text:iDMAUSBChannelRelease</name>
         <load_address>0x2d8c</load_address>
         <run_address>0x2d8c</run_address>
         <size>0x3c</size>
         <input_file_ref idref="fl-dd"/>
      </object_component>
      <object_component id="oc-6aa">
         <name>.text:USBFIFOConfigSet</name>
         <load_address>0x2dc8</load_address>
         <run_address>0x2dc8</run_address>
         <size>0x3a</size>
         <input_file_ref idref="fl-e5"/>
      </object_component>
      <object_component id="oc-4e2">
         <name>.text</name>
         <load_address>0x2e02</load_address>
         <run_address>0x2e02</run_address>
         <size>0x2</size>
         <input_file_ref idref="fl-c9"/>
      </object_component>
      <object_component id="oc-455">
         <name>.text:InternalUSBRegisterTickHandler</name>
         <load_address>0x2e04</load_address>
         <run_address>0x2e04</run_address>
         <size>0x38</size>
         <input_file_ref idref="fl-d7"/>
      </object_component>
      <object_component id="oc-166">
         <name>.text:InternalUSBStartOfFrameTick</name>
         <load_address>0x2e3c</load_address>
         <run_address>0x2e3c</run_address>
         <size>0x38</size>
         <input_file_ref idref="fl-d7"/>
      </object_component>
      <object_component id="oc-43d">
         <name>.text:USBDCDConfigGetInterfaceEndpoint</name>
         <load_address>0x2e74</load_address>
         <run_address>0x2e74</run_address>
         <size>0x38</size>
         <input_file_ref idref="fl-e0"/>
      </object_component>
      <object_component id="oc-c2">
         <name>.text:USBIntStatusControl</name>
         <load_address>0x2eac</load_address>
         <run_address>0x2eac</run_address>
         <size>0x38</size>
         <input_file_ref idref="fl-e5"/>
      </object_component>
      <object_component id="oc-7a">
         <name>.text:_c_int00_noargs:_c_int00_noargs</name>
         <load_address>0x2ee4</load_address>
         <run_address>0x2ee4</run_address>
         <size>0x38</size>
         <input_file_ref idref="fl-c8"/>
      </object_component>
      <object_component id="oc-597">
         <name>.text:HandleEndpoints</name>
         <load_address>0x2f1c</load_address>
         <run_address>0x2f1c</run_address>
         <size>0x36</size>
         <input_file_ref idref="fl-e2"/>
      </object_component>
      <object_component id="oc-326">
         <name>.text:USBEndpointDataPut</name>
         <load_address>0x2f52</load_address>
         <run_address>0x2f52</run_address>
         <size>0x36</size>
         <input_file_ref idref="fl-e5"/>
      </object_component>
      <object_component id="oc-461">
         <name>.text:HIDTickHandler</name>
         <load_address>0x2f88</load_address>
         <run_address>0x2f88</run_address>
         <size>0x34</size>
         <input_file_ref idref="fl-e2"/>
      </object_component>
      <object_component id="oc-47e">
         <name>.text:SysCtlPeripheralEnable</name>
         <load_address>0x2fbc</load_address>
         <run_address>0x2fbc</run_address>
         <size>0x34</size>
         <input_file_ref idref="fl-e3"/>
      </object_component>
      <object_component id="oc-32c">
         <name>.text:USBEndpointDataSend</name>
         <load_address>0x2ff0</load_address>
         <run_address>0x2ff0</run_address>
         <size>0x34</size>
         <input_file_ref idref="fl-e5"/>
      </object_component>
      <object_component id="oc-2d7">
         <name>.text:USBKeyboardHandler</name>
         <load_address>0x3024</load_address>
         <run_address>0x3024</run_address>
         <size>0x34</size>
         <input_file_ref idref="fl-5"/>
      </object_component>
      <object_component id="oc-648">
         <name>.text:iDMAUSBChannelStatus</name>
         <load_address>0x3058</load_address>
         <run_address>0x3058</run_address>
         <size>0x34</size>
         <input_file_ref idref="fl-dd"/>
      </object_component>
      <object_component id="oc-5b4">
         <name>.text:ClearReportTimer</name>
         <load_address>0x308c</load_address>
         <run_address>0x308c</run_address>
         <size>0x32</size>
         <input_file_ref idref="fl-e2"/>
      </object_component>
      <object_component id="oc-56d">
         <name>.text:HandleConfigChange</name>
         <load_address>0x30be</load_address>
         <run_address>0x30be</run_address>
         <size>0x32</size>
         <input_file_ref idref="fl-e2"/>
      </object_component>
      <object_component id="oc-556">
         <name>.text:NextConfigDescGet</name>
         <load_address>0x30f0</load_address>
         <run_address>0x30f0</run_address>
         <size>0x32</size>
         <input_file_ref idref="fl-e0"/>
      </object_component>
      <object_component id="oc-3df">
         <name>.text:USBDevEndpointStall</name>
         <load_address>0x3122</load_address>
         <run_address>0x3122</run_address>
         <size>0x32</size>
         <input_file_ref idref="fl-e5"/>
      </object_component>
      <object_component id="oc-672">
         <name>.text:iDMAUSBChannelDisable</name>
         <load_address>0x3154</load_address>
         <run_address>0x3154</run_address>
         <size>0x32</size>
         <input_file_ref idref="fl-dd"/>
      </object_component>
      <object_component id="oc-4fe">
         <name>.text:AddKeyToPressedList</name>
         <load_address>0x3186</load_address>
         <run_address>0x3186</run_address>
         <size>0x30</size>
         <input_file_ref idref="fl-db"/>
      </object_component>
      <object_component id="oc-618">
         <name>.text:DMAUSBIntHandler</name>
         <load_address>0x31b6</load_address>
         <run_address>0x31b6</run_address>
         <size>0x30</size>
         <input_file_ref idref="fl-dd"/>
      </object_component>
      <object_component id="oc-606">
         <name>.text:uDMAUSBChannelIntDisable</name>
         <load_address>0x31e6</load_address>
         <run_address>0x31e6</run_address>
         <size>0x2</size>
         <input_file_ref idref="fl-dd"/>
      </object_component>
      <object_component id="oc-44f">
         <name>.text:InternalUSBTickInit</name>
         <load_address>0x31e8</load_address>
         <run_address>0x31e8</run_address>
         <size>0x30</size>
         <input_file_ref idref="fl-d7"/>
      </object_component>
      <object_component id="oc-40c">
         <name>.text:USBDGetConfiguration</name>
         <load_address>0x3218</load_address>
         <run_address>0x3218</run_address>
         <size>0x30</size>
         <input_file_ref idref="fl-d9"/>
      </object_component>
      <object_component id="oc-1b4">
         <name>.text:USBDHIDKeyboardInit</name>
         <load_address>0x3248</load_address>
         <run_address>0x3248</run_address>
         <size>0x30</size>
         <input_file_ref idref="fl-db"/>
      </object_component>
      <object_component id="oc-33b">
         <name>.text:UARTFlushRx</name>
         <load_address>0x3278</load_address>
         <run_address>0x3278</run_address>
         <size>0x2c</size>
         <input_file_ref idref="fl-8"/>
      </object_component>
      <object_component id="oc-7b8">
         <name>.text:USBDescGet</name>
         <load_address>0x32a4</load_address>
         <run_address>0x32a4</run_address>
         <size>0x2c</size>
         <input_file_ref idref="fl-dc"/>
      </object_component>
      <object_component id="oc-61e">
         <name>.text:uDMAUSBIntStatus</name>
         <load_address>0x32d0</load_address>
         <run_address>0x32d0</run_address>
         <size>0x2c</size>
         <input_file_ref idref="fl-dd"/>
      </object_component>
      <object_component id="oc-540">
         <name>.text:USBDCDConfigDescGetNum</name>
         <load_address>0x32fc</load_address>
         <run_address>0x32fc</run_address>
         <size>0x2a</size>
         <input_file_ref idref="fl-e0"/>
      </object_component>
      <object_component id="oc-6b2">
         <name>.text:USBDescGetNum</name>
         <load_address>0x3326</load_address>
         <run_address>0x3326</run_address>
         <size>0x2a</size>
         <input_file_ref idref="fl-dc"/>
      </object_component>
      <object_component id="oc-250">
         <name>.text:USBDevEndpointDataAck</name>
         <load_address>0x3350</load_address>
         <run_address>0x3350</run_address>
         <size>0x2a</size>
         <input_file_ref idref="fl-e5"/>
      </object_component>
      <object_component id="oc-6d5">
         <name>.text:GetIdleTimeout</name>
         <load_address>0x337a</load_address>
         <run_address>0x337a</run_address>
         <size>0x28</size>
         <input_file_ref idref="fl-e2"/>
      </object_component>
      <object_component id="oc-600">
         <name>.text:uDMAUSBChannelIntEnable</name>
         <load_address>0x33a2</load_address>
         <run_address>0x33a2</run_address>
         <size>0x2</size>
         <input_file_ref idref="fl-dd"/>
      </object_component>
      <object_component id="oc-39e">
         <name>.text:GetUsageCode</name>
         <load_address>0x33a4</load_address>
         <run_address>0x33a4</run_address>
         <size>0x28</size>
         <input_file_ref idref="fl-5"/>
      </object_component>
      <object_component id="oc-573">
         <name>.text:HandleEP0DataReceived</name>
         <load_address>0x33cc</load_address>
         <run_address>0x33cc</run_address>
         <size>0x28</size>
         <input_file_ref idref="fl-e2"/>
      </object_component>
      <object_component id="oc-3fa">
         <name>.text:USBDSetAddress</name>
         <load_address>0x33f4</load_address>
         <run_address>0x33f4</run_address>
         <size>0x28</size>
         <input_file_ref idref="fl-d9"/>
      </object_component>
      <object_component id="oc-4c6">
         <name>.text:USBIntEnableControl</name>
         <load_address>0x341c</load_address>
         <run_address>0x341c</run_address>
         <size>0x28</size>
         <input_file_ref idref="fl-e5"/>
      </object_component>
      <object_component id="oc-74e">
         <name>.text:uDMAChannelModeGet</name>
         <load_address>0x3444</load_address>
         <run_address>0x3444</run_address>
         <size>0x28</size>
         <input_file_ref idref="fl-e4"/>
      </object_component>
      <object_component id="oc-29d">
         <name>.text:USBDHIDInit</name>
         <load_address>0x346c</load_address>
         <run_address>0x346c</run_address>
         <size>0x26</size>
         <input_file_ref idref="fl-e2"/>
      </object_component>
      <object_component id="oc-722">
         <name>.text:USBEndpointDMADisable</name>
         <load_address>0x3492</load_address>
         <run_address>0x3492</run_address>
         <size>0x24</size>
         <input_file_ref idref="fl-e5"/>
      </object_component>
      <object_component id="oc-73c">
         <name>.text:USBEndpointDMAEnable</name>
         <load_address>0x34b6</load_address>
         <run_address>0x34b6</run_address>
         <size>0x24</size>
         <input_file_ref idref="fl-e5"/>
      </object_component>
      <object_component id="oc-1ae">
         <name>.text:USBStackModeSet</name>
         <load_address>0x34dc</load_address>
         <run_address>0x34dc</run_address>
         <size>0x24</size>
         <input_file_ref idref="fl-d6"/>
      </object_component>
      <object_component id="oc-70f">
         <name>.text:uDMAChannelControlSet</name>
         <load_address>0x3500</load_address>
         <run_address>0x3500</run_address>
         <size>0x24</size>
         <input_file_ref idref="fl-e4"/>
      </object_component>
      <object_component id="oc-591">
         <name>.text:HandleDisconnect</name>
         <load_address>0x3524</load_address>
         <run_address>0x3524</run_address>
         <size>0x22</size>
         <input_file_ref idref="fl-e2"/>
      </object_component>
      <object_component id="oc-612">
         <name>.text:uDMAUSBChannelStatus</name>
         <load_address>0x3546</load_address>
         <run_address>0x3546</run_address>
         <size>0x22</size>
         <input_file_ref idref="fl-dd"/>
      </object_component>
      <object_component id="oc-6a4">
         <name>.text:GetEndpointFIFOSize</name>
         <load_address>0x3568</load_address>
         <run_address>0x3568</run_address>
         <size>0x20</size>
         <input_file_ref idref="fl-e1"/>
      </object_component>
      <object_component id="oc-579">
         <name>.text:HandleEP0DataSent</name>
         <load_address>0x3588</load_address>
         <run_address>0x3588</run_address>
         <size>0x20</size>
         <input_file_ref idref="fl-e2"/>
      </object_component>
      <object_component id="oc-5cb">
         <name>.text:USBULPIRegRead</name>
         <load_address>0x35a8</load_address>
         <run_address>0x35a8</run_address>
         <size>0x1e</size>
         <input_file_ref idref="fl-e5"/>
      </object_component>
      <object_component id="oc-5d1">
         <name>.text:USBULPIRegWrite</name>
         <load_address>0x35c6</load_address>
         <run_address>0x35c6</run_address>
         <size>0x1e</size>
         <input_file_ref idref="fl-e5"/>
      </object_component>
      <object_component id="oc-546">
         <name>.text:USBDCDConfigGetInterface</name>
         <load_address>0x35e4</load_address>
         <run_address>0x35e4</run_address>
         <size>0x1c</size>
         <input_file_ref idref="fl-e0"/>
      </object_component>
      <object_component id="oc-313">
         <name>.text:USBDCDStallEP0</name>
         <load_address>0x3600</load_address>
         <run_address>0x3600</run_address>
         <size>0x1c</size>
         <input_file_ref idref="fl-d9"/>
      </object_component>
      <object_component id="oc-5ad">
         <name>.text:USBEndpointDataAvail</name>
         <load_address>0x361c</load_address>
         <run_address>0x361c</run_address>
         <size>0x1c</size>
         <input_file_ref idref="fl-e5"/>
      </object_component>
      <object_component id="oc-449">
         <name>.text:ClearIdleTimers</name>
         <load_address>0x3638</load_address>
         <run_address>0x3638</run_address>
         <size>0x1a</size>
         <input_file_ref idref="fl-e2"/>
      </object_component>
      <object_component id="oc-1c0">
         <name>.text:UARTprintf</name>
         <load_address>0x3652</load_address>
         <run_address>0x3652</run_address>
         <size>0x1a</size>
         <input_file_ref idref="fl-8"/>
      </object_component>
      <object_component id="oc-320">
         <name>.text:USBDCDConfigDescGetSize</name>
         <load_address>0x366c</load_address>
         <run_address>0x366c</run_address>
         <size>0x1a</size>
         <input_file_ref idref="fl-e0"/>
      </object_component>
      <object_component id="oc-716">
         <name>.text:USBEndpointDMAChannel</name>
         <load_address>0x3686</load_address>
         <run_address>0x3686</run_address>
         <size>0x1a</size>
         <input_file_ref idref="fl-e5"/>
      </object_component>
      <object_component id="oc-a8">
         <name>.text:IsBufferFull</name>
         <load_address>0x36a0</load_address>
         <run_address>0x36a0</run_address>
         <size>0x18</size>
         <input_file_ref idref="fl-8"/>
      </object_component>
      <object_component id="oc-6f7">
         <name>.text:SetDeferredOpFlag</name>
         <load_address>0x36b8</load_address>
         <run_address>0x36b8</run_address>
         <size>0x18</size>
         <input_file_ref idref="fl-e2"/>
      </object_component>
      <object_component id="oc-48">
         <name>.text:USB0DeviceIntHandler</name>
         <load_address>0x36d0</load_address>
         <run_address>0x36d0</run_address>
         <size>0x18</size>
         <input_file_ref idref="fl-da"/>
      </object_component>
      <object_component id="oc-406">
         <name>.text:USBDSetDescriptor</name>
         <load_address>0x36e8</load_address>
         <run_address>0x36e8</run_address>
         <size>0x18</size>
         <input_file_ref idref="fl-d9"/>
      </object_component>
      <object_component id="oc-424">
         <name>.text:USBDSyncFrame</name>
         <load_address>0x3700</load_address>
         <run_address>0x3700</run_address>
         <size>0x18</size>
         <input_file_ref idref="fl-d9"/>
      </object_component>
      <object_component id="oc-729">
         <name>.text:uDMAChannelDisable</name>
         <load_address>0x3718</load_address>
         <run_address>0x3718</run_address>
         <size>0x18</size>
         <input_file_ref idref="fl-e4"/>
      </object_component>
      <object_component id="oc-742">
         <name>.text:uDMAChannelEnable</name>
         <load_address>0x3730</load_address>
         <run_address>0x3730</run_address>
         <size>0x18</size>
         <input_file_ref idref="fl-e4"/>
      </object_component>
      <object_component id="oc-4cc">
         <name>.text:USBIntEnableEndpoint</name>
         <load_address>0x3748</load_address>
         <run_address>0x3748</run_address>
         <size>0x16</size>
         <input_file_ref idref="fl-e5"/>
      </object_component>
      <object_component id="oc-2c7">
         <name>.text:IsKeyboardPending</name>
         <load_address>0x3760</load_address>
         <run_address>0x3760</run_address>
         <size>0x14</size>
         <input_file_ref idref="fl-5"/>
      </object_component>
      <object_component id="oc-484">
         <name>.text:SysCtlUSBPLLEnable</name>
         <load_address>0x3774</load_address>
         <run_address>0x3774</run_address>
         <size>0x14</size>
         <input_file_ref idref="fl-e3"/>
      </object_component>
      <object_component id="oc-6cf">
         <name>.text:USBDCDRequestDataEP0</name>
         <load_address>0x3788</load_address>
         <run_address>0x3788</run_address>
         <size>0x14</size>
         <input_file_ref idref="fl-d9"/>
      </object_component>
      <object_component id="oc-6c8">
         <name>.text:USBDCDSendDataEP0</name>
         <load_address>0x379c</load_address>
         <run_address>0x379c</run_address>
         <size>0x14</size>
         <input_file_ref idref="fl-d9"/>
      </object_component>
      <object_component id="oc-7a1">
         <name>.text:USBDMAChannelConfigSet</name>
         <load_address>0x37b0</load_address>
         <run_address>0x37b0</run_address>
         <size>0x14</size>
         <input_file_ref idref="fl-e5"/>
      </object_component>
      <object_component id="oc-229">
         <name>.text:USBHostResume</name>
         <load_address>0x37c4</load_address>
         <run_address>0x37c4</run_address>
         <size>0x14</size>
         <input_file_ref idref="fl-e5"/>
      </object_component>
      <object_component id="oc-7c2">
         <name>.text:_USBIndexWrite</name>
         <load_address>0x37d8</load_address>
         <run_address>0x37d8</run_address>
         <size>0x14</size>
         <input_file_ref idref="fl-e5"/>
      </object_component>
      <object_component id="oc-58b">
         <name>.text:HandleResume</name>
         <load_address>0x37ec</load_address>
         <run_address>0x37ec</run_address>
         <size>0x12</size>
         <input_file_ref idref="fl-e2"/>
      </object_component>
      <object_component id="oc-585">
         <name>.text:HandleSuspend</name>
         <load_address>0x37fe</load_address>
         <run_address>0x37fe</run_address>
         <size>0x12</size>
         <input_file_ref idref="fl-e2"/>
      </object_component>
      <object_component id="oc-772">
         <name>.text:USBDMAChannelDisable</name>
         <load_address>0x3810</load_address>
         <run_address>0x3810</run_address>
         <size>0x12</size>
         <input_file_ref idref="fl-e5"/>
      </object_component>
      <object_component id="oc-7a7">
         <name>.text:USBDMAChannelEnable</name>
         <load_address>0x3822</load_address>
         <run_address>0x3822</run_address>
         <size>0x12</size>
         <input_file_ref idref="fl-e5"/>
      </object_component>
      <object_component id="oc-78e">
         <name>.text:USBDMAChannelIntDisable</name>
         <load_address>0x3834</load_address>
         <run_address>0x3834</run_address>
         <size>0x12</size>
         <input_file_ref idref="fl-e5"/>
      </object_component>
      <object_component id="oc-787">
         <name>.text:USBDMAChannelIntEnable</name>
         <load_address>0x3846</load_address>
         <run_address>0x3846</run_address>
         <size>0x12</size>
         <input_file_ref idref="fl-e5"/>
      </object_component>
      <object_component id="oc-1c6">
         <name>.text:IntMasterEnable</name>
         <load_address>0x3858</load_address>
         <run_address>0x3858</run_address>
         <size>0x10</size>
         <input_file_ref idref="fl-d3"/>
      </object_component>
      <object_component id="oc-3c">
         <name>.text:SysTickIntHandler</name>
         <load_address>0x3868</load_address>
         <run_address>0x3868</run_address>
         <size>0x10</size>
         <input_file_ref idref="fl-3"/>
      </object_component>
      <object_component id="oc-238">
         <name>.text:USBEndpointStatus</name>
         <load_address>0x3878</load_address>
         <run_address>0x3878</run_address>
         <size>0x10</size>
         <input_file_ref idref="fl-e5"/>
      </object_component>
      <object_component id="oc-624">
         <name>.text:DMAUSBIntStatusClear</name>
         <load_address>0x3888</load_address>
         <run_address>0x3888</run_address>
         <size>0xe</size>
         <input_file_ref idref="fl-dd"/>
      </object_component>
      <object_component id="oc-9c">
         <name>.text:IsBufferEmpty</name>
         <load_address>0x3896</load_address>
         <run_address>0x3896</run_address>
         <size>0xe</size>
         <input_file_ref idref="fl-8"/>
      </object_component>
      <object_component id="oc-504">
         <name>.text:USBDHIDTxPacketAvailable</name>
         <load_address>0x38a4</load_address>
         <run_address>0x38a4</run_address>
         <size>0xe</size>
         <input_file_ref idref="fl-e2"/>
      </object_component>
      <object_component id="oc-779">
         <name>.text:USBDMAChannelStatus</name>
         <load_address>0x38b2</load_address>
         <run_address>0x38b2</run_address>
         <size>0xe</size>
         <input_file_ref idref="fl-e5"/>
      </object_component>
      <object_component id="oc-4ae">
         <name>.text:USBDevLPMDisable</name>
         <load_address>0x38c0</load_address>
         <run_address>0x38c0</run_address>
         <size>0xe</size>
         <input_file_ref idref="fl-e5"/>
      </object_component>
      <object_component id="oc-172">
         <name>.text:USBDevLPMEnable</name>
         <load_address>0x38ce</load_address>
         <run_address>0x38ce</run_address>
         <size>0xe</size>
         <input_file_ref idref="fl-e5"/>
      </object_component>
      <object_component id="oc-49c">
         <name>.text:USBULPIDisable</name>
         <load_address>0x38dc</load_address>
         <run_address>0x38dc</run_address>
         <size>0xe</size>
         <input_file_ref idref="fl-e5"/>
      </object_component>
      <object_component id="oc-490">
         <name>.text:USBULPIEnable</name>
         <load_address>0x38ea</load_address>
         <run_address>0x38ea</run_address>
         <size>0xe</size>
         <input_file_ref idref="fl-e5"/>
      </object_component>
      <object_component id="oc-18">
         <name>.text:decompress:none:__TI_decompress_none</name>
         <load_address>0x38f8</load_address>
         <run_address>0x38f8</run_address>
         <size>0xe</size>
         <input_file_ref idref="fl-c6"/>
      </object_component>
      <object_component id="oc-2b8">
         <name>.text:CPUcpsie</name>
         <load_address>0x3906</load_address>
         <run_address>0x3906</run_address>
         <size>0xc</size>
         <input_file_ref idref="fl-d5"/>
      </object_component>
      <object_component id="oc-763">
         <name>.text:USBEndpointPacketCountSet</name>
         <load_address>0x3912</load_address>
         <run_address>0x3912</run_address>
         <size>0xc</size>
         <input_file_ref idref="fl-e5"/>
      </object_component>
      <object_component id="oc-4ba">
         <name>.text:USBLPMIntEnable</name>
         <load_address>0x391e</load_address>
         <run_address>0x391e</run_address>
         <size>0xc</size>
         <input_file_ref idref="fl-e5"/>
      </object_component>
      <object_component id="oc-6e">
         <name>.text:decompress:ZI:__TI_zero_init</name>
         <load_address>0x392a</load_address>
         <run_address>0x392a</run_address>
         <size>0xc</size>
         <input_file_ref idref="fl-c5"/>
      </object_component>
      <object_component id="oc-48a">
         <name>.text:USBClockEnable</name>
         <load_address>0x3936</load_address>
         <run_address>0x3936</run_address>
         <size>0xa</size>
         <input_file_ref idref="fl-e5"/>
      </object_component>
      <object_component id="oc-5df">
         <name>.text:USBControllerVersion</name>
         <load_address>0x3940</load_address>
         <run_address>0x3940</run_address>
         <size>0xa</size>
         <input_file_ref idref="fl-e5"/>
      </object_component>
      <object_component id="oc-795">
         <name>.text:USBDMAChannelAddressSet</name>
         <load_address>0x394a</load_address>
         <run_address>0x394a</run_address>
         <size>0xa</size>
         <input_file_ref idref="fl-e5"/>
      </object_component>
      <object_component id="oc-79b">
         <name>.text:USBDMAChannelCountSet</name>
         <load_address>0x3954</load_address>
         <run_address>0x3954</run_address>
         <size>0xa</size>
         <input_file_ref idref="fl-e5"/>
      </object_component>
      <object_component id="oc-4d2">
         <name>.text:USBDevConnect</name>
         <load_address>0x395e</load_address>
         <run_address>0x395e</run_address>
         <size>0xa</size>
         <input_file_ref idref="fl-e5"/>
      </object_component>
      <object_component id="oc-184">
         <name>.text:USBDevDisconnect</name>
         <load_address>0x3968</load_address>
         <run_address>0x3968</run_address>
         <size>0xa</size>
         <input_file_ref idref="fl-e5"/>
      </object_component>
      <object_component id="oc-178">
         <name>.text:USBIntStatusEndpoint</name>
         <load_address>0x3972</load_address>
         <run_address>0x3972</run_address>
         <size>0xa</size>
         <input_file_ref idref="fl-e5"/>
      </object_component>
      <object_component id="oc-4a8">
         <name>.text:USBDevMode</name>
         <load_address>0x397c</load_address>
         <run_address>0x397c</run_address>
         <size>0x8</size>
         <input_file_ref idref="fl-e5"/>
      </object_component>
      <object_component id="oc-757">
         <name>.text:USBFIFOAddrGet</name>
         <load_address>0x3984</load_address>
         <run_address>0x3984</run_address>
         <size>0x8</size>
         <input_file_ref idref="fl-e5"/>
      </object_component>
      <object_component id="oc-4a2">
         <name>.text:USBOTGMode</name>
         <load_address>0x398c</load_address>
         <run_address>0x398c</run_address>
         <size>0x8</size>
         <input_file_ref idref="fl-e5"/>
      </object_component>
      <object_component id="oc-65a">
         <name>.text:iDMAUSBChannelIntDisable</name>
         <load_address>0x3994</load_address>
         <run_address>0x3994</run_address>
         <size>0x8</size>
         <input_file_ref idref="fl-dd"/>
      </object_component>
      <object_component id="oc-654">
         <name>.text:iDMAUSBChannelIntEnable</name>
         <load_address>0x399c</load_address>
         <run_address>0x399c</run_address>
         <size>0x8</size>
         <input_file_ref idref="fl-dd"/>
      </object_component>
      <object_component id="oc-2c1">
         <name>.text:GPIOPinWrite</name>
         <load_address>0x39a4</load_address>
         <run_address>0x39a4</run_address>
         <size>0x6</size>
         <input_file_ref idref="fl-d2"/>
      </object_component>
      <object_component id="oc-24">
         <name>.text:ResetISR</name>
         <load_address>0x39aa</load_address>
         <run_address>0x39aa</run_address>
         <size>0x6</size>
         <input_file_ref idref="fl-4"/>
      </object_component>
      <object_component id="oc-283">
         <name>.text:UARTClockSourceSet</name>
         <load_address>0x39b0</load_address>
         <run_address>0x39b0</run_address>
         <size>0x6</size>
         <input_file_ref idref="fl-d4"/>
      </object_component>
      <object_component id="oc-780">
         <name>.text:USBDMAChannelIntStatus</name>
         <load_address>0x39b6</load_address>
         <run_address>0x39b6</run_address>
         <size>0x6</size>
         <input_file_ref idref="fl-e5"/>
      </object_component>
      <object_component id="oc-4b4">
         <name>.text:USBDevLPMConfig</name>
         <load_address>0x39bc</load_address>
         <run_address>0x39bc</run_address>
         <size>0x6</size>
         <input_file_ref idref="fl-e5"/>
      </object_component>
      <object_component id="oc-16c">
         <name>.text:USBLPMIntStatus</name>
         <load_address>0x39c2</load_address>
         <run_address>0x39c2</run_address>
         <size>0x6</size>
         <input_file_ref idref="fl-e5"/>
      </object_component>
      <object_component id="oc-64e">
         <name>.text:iDMAUSBIntStatus</name>
         <load_address>0x39c8</load_address>
         <run_address>0x39c8</run_address>
         <size>0x6</size>
         <input_file_ref idref="fl-dd"/>
      </object_component>
      <object_component id="oc-62a">
         <name>.text:DMAUSBStatus</name>
         <load_address>0x39ce</load_address>
         <run_address>0x39ce</run_address>
         <size>0x4</size>
         <input_file_ref idref="fl-dd"/>
      </object_component>
      <object_component id="oc-57f">
         <name>.text:HandleReset</name>
         <load_address>0x39d2</load_address>
         <run_address>0x39d2</run_address>
         <size>0x4</size>
         <input_file_ref idref="fl-e2"/>
      </object_component>
      <object_component id="oc-244">
         <name>.text:USBDevAddrSet</name>
         <load_address>0x39d6</load_address>
         <run_address>0x39d6</run_address>
         <size>0x4</size>
         <input_file_ref idref="fl-e5"/>
      </object_component>
      <object_component id="oc-f6">
         <name>.text:_system_pre_init</name>
         <load_address>0x39da</load_address>
         <run_address>0x39da</run_address>
         <size>0x4</size>
         <input_file_ref idref="fl-cd"/>
      </object_component>
      <object_component id="oc-1e2">
         <name>.text:abort:abort</name>
         <load_address>0x39de</load_address>
         <run_address>0x39de</run_address>
         <size>0x4</size>
         <input_file_ref idref="fl-cf"/>
      </object_component>
      <object_component id="oc-683">
         <name>.const</name>
         <load_address>0x39e4</load_address>
         <run_address>0x39e4</run_address>
         <size>0x70</size>
         <input_file_ref idref="fl-d3"/>
      </object_component>
      <object_component id="oc-4f4">
         <name>.const:g_pcUsageCodes</name>
         <load_address>0x3a54</load_address>
         <run_address>0x3a54</run_address>
         <size>0x68</size>
         <input_file_ref idref="fl-5"/>
      </object_component>
      <object_component id="oc-473">
         <name>.const:.string:g_pui8KeybReportDescriptor</name>
         <load_address>0x3abc</load_address>
         <run_address>0x3abc</run_address>
         <size>0x3f</size>
         <input_file_ref idref="fl-db"/>
      </object_component>
      <object_component id="oc-1db">
         <name>.const</name>
         <load_address>0x3afb</load_address>
         <run_address>0x3afb</run_address>
         <size>0x1</size>
         <input_file_ref idref="fl-3"/>
      </object_component>
      <object_component id="oc-31c">
         <name>.const:g_psUSBDStdRequests</name>
         <load_address>0x3afc</load_address>
         <run_address>0x3afc</run_address>
         <size>0x34</size>
         <input_file_ref idref="fl-d9"/>
      </object_component>
      <object_component id="oc-36e">
         <name>.const</name>
         <load_address>0x3b30</load_address>
         <run_address>0x3b30</run_address>
         <size>0x34</size>
         <input_file_ref idref="fl-db"/>
      </object_component>
      <object_component id="oc-45b">
         <name>.const:g_sHIDHandlers</name>
         <load_address>0x3b64</load_address>
         <run_address>0x3b64</run_address>
         <size>0x30</size>
         <input_file_ref idref="fl-e2"/>
      </object_component>
      <object_component id="oc-3b1">
         <name>.const:.string:g_pui8ManufacturerString</name>
         <load_address>0x3b94</load_address>
         <run_address>0x3b94</run_address>
         <size>0x24</size>
         <input_file_ref idref="fl-6"/>
      </object_component>
      <object_component id="oc-4f1">
         <name>.const:g_pcUsageCodesShift</name>
         <load_address>0x3bb8</load_address>
         <run_address>0x3bb8</run_address>
         <size>0x22</size>
         <input_file_ref idref="fl-5"/>
      </object_component>
      <object_component id="oc-3b4">
         <name>.const:.string:g_pui8ProductString</name>
         <load_address>0x3bda</load_address>
         <run_address>0x3bda</run_address>
         <size>0x1c</size>
         <input_file_ref idref="fl-6"/>
      </object_component>
      <object_component id="oc-3b7">
         <name>.const:.string:g_pui8SerialNumberString</name>
         <load_address>0x3bf6</load_address>
         <run_address>0x3bf6</run_address>
         <size>0x12</size>
         <input_file_ref idref="fl-6"/>
      </object_component>
      <object_component id="oc-2dd">
         <name>.const:g_pui8StringDescriptors</name>
         <load_address>0x3c08</load_address>
         <run_address>0x3c08</run_address>
         <size>0x10</size>
         <input_file_ref idref="fl-6"/>
      </object_component>
      <object_component id="oc-470">
         <name>.const:.string</name>
         <load_address>0x3c18</load_address>
         <run_address>0x3c18</run_address>
         <size>0xe</size>
         <input_file_ref idref="fl-db"/>
      </object_component>
      <object_component id="oc-34a">
         <name>.const:g_ui32UARTBase</name>
         <load_address>0x3c28</load_address>
         <run_address>0x3c28</run_address>
         <size>0xc</size>
         <input_file_ref idref="fl-8"/>
      </object_component>
      <object_component id="oc-142">
         <name>.const:g_ui32UARTInt</name>
         <load_address>0x3c34</load_address>
         <run_address>0x3c34</run_address>
         <size>0xc</size>
         <input_file_ref idref="fl-8"/>
      </object_component>
      <object_component id="oc-347">
         <name>.const:g_ui32UARTPeriph</name>
         <load_address>0x3c40</load_address>
         <run_address>0x3c40</run_address>
         <size>0xc</size>
         <input_file_ref idref="fl-8"/>
      </object_component>
      <object_component id="oc-1de">
         <name>.const:.string:password</name>
         <load_address>0x3c4c</load_address>
         <run_address>0x3c4c</run_address>
         <size>0xb</size>
         <input_file_ref idref="fl-3"/>
      </object_component>
      <object_component id="oc-3ae">
         <name>.const:.string:g_pui8LangDescriptor</name>
         <load_address>0x3c57</load_address>
         <run_address>0x3c57</run_address>
         <size>0x4</size>
         <input_file_ref idref="fl-6"/>
      </object_component>
      <object_component id="oc-82c">
         <name>.cinit..data.load</name>
         <load_address>0x3c60</load_address>
         <run_address>0x3c60</run_address>
         <size>0x7c</size>
      </object_component>
      <object_component id="oc-82a">
         <name>__TI_handler_table</name>
         <load_address>0x3cdc</load_address>
         <run_address>0x3cdc</run_address>
         <size>0xc</size>
      </object_component>
      <object_component id="oc-82d">
         <name>.cinit..bss.load</name>
         <load_address>0x3ce8</load_address>
         <run_address>0x3ce8</run_address>
         <size>0x8</size>
      </object_component>
      <object_component id="oc-82b">
         <name>__TI_cinit_table</name>
         <load_address>0x3cf0</load_address>
         <run_address>0x3cf0</run_address>
         <size>0x10</size>
      </object_component>
      <object_component id="oc-2d3">
         <name>.data</name>
         <load_address>0x20000b74</load_address>
         <run_address>0x20000b74</run_address>
         <size>0xd</size>
         <input_file_ref idref="fl-3"/>
      </object_component>
      <object_component id="oc-1d8">
         <name>.data:g_sKeyboardDevice</name>
         <load_address>0x20000a70</load_address>
         <run_address>0x20000a70</run_address>
         <size>0xa4</size>
         <input_file_ref idref="fl-6"/>
      </object_component>
      <object_component id="oc-2a8">
         <name>.data</name>
         <load_address>0x20000b81</load_address>
         <run_address>0x20000b81</run_address>
         <size>0x3</size>
         <input_file_ref idref="fl-7"/>
      </object_component>
      <object_component id="oc-ae">
         <name>.data</name>
         <load_address>0x20000b4c</load_address>
         <run_address>0x20000b4c</run_address>
         <size>0x15</size>
         <input_file_ref idref="fl-8"/>
      </object_component>
      <object_component id="oc-290">
         <name>.data</name>
         <load_address>0x20000b90</load_address>
         <run_address>0x20000b90</run_address>
         <size>0x9</size>
         <input_file_ref idref="fl-d6"/>
      </object_component>
      <object_component id="oc-190">
         <name>.data</name>
         <load_address>0x20000b84</load_address>
         <run_address>0x20000b84</run_address>
         <size>0xc</size>
         <input_file_ref idref="fl-d7"/>
      </object_component>
      <object_component id="oc-193">
         <name>.data</name>
         <load_address>0x20000b9c</load_address>
         <run_address>0x20000b9c</run_address>
         <size>0x8</size>
         <input_file_ref idref="fl-d9"/>
      </object_component>
      <object_component id="oc-2a3">
         <name>.data</name>
         <load_address>0x20000b14</load_address>
         <run_address>0x20000b14</run_address>
         <size>0x38</size>
         <input_file_ref idref="fl-db"/>
      </object_component>
      <object_component id="oc-45e">
         <name>.data</name>
         <load_address>0x20000b61</load_address>
         <run_address>0x20000b61</run_address>
         <size>0x12</size>
         <input_file_ref idref="fl-e2"/>
      </object_component>
      <object_component id="oc-b1">
         <name>.bss</name>
         <uninitialized>true</uninitialized>
         <run_address>0x20000650</run_address>
         <size>0x8</size>
         <input_file_ref idref="fl-8"/>
      </object_component>
      <object_component id="oc-145">
         <name>.bss:g_pcUARTTxBuffer</name>
         <uninitialized>true</uninitialized>
         <run_address>0x20000000</run_address>
         <size>0x400</size>
         <input_file_ref idref="fl-8"/>
      </object_component>
      <object_component id="oc-b4">
         <name>.bss:g_pcUARTRxBuffer</name>
         <uninitialized>true</uninitialized>
         <run_address>0x20000510</run_address>
         <size>0x80</size>
         <input_file_ref idref="fl-8"/>
      </object_component>
      <object_component id="oc-319">
         <name>.bss:g_pui8DataBufferIn</name>
         <uninitialized>true</uninitialized>
         <run_address>0x200005e0</run_address>
         <size>0x40</size>
         <input_file_ref idref="fl-d9"/>
      </object_component>
      <object_component id="oc-18d">
         <name>.bss:g_psDCDInst</name>
         <uninitialized>true</uninitialized>
         <run_address>0x20000590</run_address>
         <size>0x50</size>
         <input_file_ref idref="fl-d9"/>
      </object_component>
      <object_component id="oc-5e5">
         <name>.bss:g_psUSBDMAInst</name>
         <uninitialized>true</uninitialized>
         <run_address>0x20000400</run_address>
         <size>0x110</size>
         <input_file_ref idref="fl-dd"/>
      </object_component>
      <object_component id="oc-92">
         <name>.common:g_ui32SysTickCount</name>
         <uninitialized>true</uninitialized>
         <run_address>0x20000660</run_address>
         <size>0x4</size>
      </object_component>
      <object_component id="oc-39a">
         <name>.common:g_sKeyboardState</name>
         <uninitialized>true</uninitialized>
         <run_address>0x20000668</run_address>
         <size>0x2</size>
      </object_component>
      <object_component id="oc-293">
         <name>.common:g_pfnUSBModeCallback</name>
         <uninitialized>true</uninitialized>
         <run_address>0x20000658</run_address>
         <size>0x4</size>
      </object_component>
      <object_component id="oc-230">
         <name>.common:g_pfnTickHandlers</name>
         <uninitialized>true</uninitialized>
         <run_address>0x20000620</run_address>
         <size>0x18</size>
      </object_component>
      <object_component id="oc-233">
         <name>.common:g_pvTickInstance</name>
         <uninitialized>true</uninitialized>
         <run_address>0x20000638</run_address>
         <size>0x18</size>
      </object_component>
      <object_component id="oc-4de">
         <name>.common:g_ui32ULPISupport</name>
         <uninitialized>true</uninitialized>
         <run_address>0x20000664</run_address>
         <size>0x4</size>
      </object_component>
      <object_component id="oc-18a">
         <name>.common:g_ppsDevInfo</name>
         <uninitialized>true</uninitialized>
         <run_address>0x2000065c</run_address>
         <size>0x4</size>
      </object_component>
      <object_component id="oc-21">
         <name>.stack</name>
         <uninitialized>true</uninitialized>
         <run_address>0x20000670</run_address>
         <size>0x4</size>
         <input_file_ref idref="fl-c8"/>
      </object_component>
      <object_component id="oc-82e">
         <name>.stack</name>
         <uninitialized>true</uninitialized>
         <run_address>0x20000670</run_address>
         <size>0x0</size>
      </object_component>
      <object_component id="oc-197">
         <name>.debug_info</name>
         <load_address>0x0</load_address>
         <run_address>0x0</run_address>
         <size>0x34e</size>
         <input_file_ref idref="fl-2"/>
      </object_component>
      <object_component id="oc-11a">
         <name>.debug_info</name>
         <load_address>0x34e</load_address>
         <run_address>0x34e</run_address>
         <size>0x234</size>
         <input_file_ref idref="fl-2"/>
      </object_component>
      <object_component id="oc-110">
         <name>.debug_info</name>
         <load_address>0x582</load_address>
         <run_address>0x582</run_address>
         <size>0x3d4</size>
         <input_file_ref idref="fl-2"/>
      </object_component>
      <object_component id="oc-27e">
         <name>.debug_info</name>
         <load_address>0x956</load_address>
         <run_address>0x956</run_address>
         <size>0x1b4</size>
         <input_file_ref idref="fl-2"/>
      </object_component>
      <object_component id="oc-115">
         <name>.debug_info</name>
         <load_address>0xb0a</load_address>
         <run_address>0xb0a</run_address>
         <size>0x219</size>
         <input_file_ref idref="fl-2"/>
      </object_component>
      <object_component id="oc-124">
         <name>.debug_info</name>
         <load_address>0xd23</load_address>
         <run_address>0xd23</run_address>
         <size>0xa85</size>
         <input_file_ref idref="fl-2"/>
      </object_component>
      <object_component id="oc-d6">
         <name>.debug_info</name>
         <load_address>0x17a8</load_address>
         <run_address>0x17a8</run_address>
         <size>0x26b</size>
         <input_file_ref idref="fl-2"/>
      </object_component>
      <object_component id="oc-11f">
         <name>.debug_info</name>
         <load_address>0x1a13</load_address>
         <run_address>0x1a13</run_address>
         <size>0x153</size>
         <input_file_ref idref="fl-2"/>
      </object_component>
      <object_component id="oc-133">
         <name>.debug_info</name>
         <load_address>0x1b66</load_address>
         <run_address>0x1b66</run_address>
         <size>0xe4</size>
         <input_file_ref idref="fl-2"/>
      </object_component>
      <object_component id="oc-b8">
         <name>.debug_info</name>
         <load_address>0x1c4a</load_address>
         <run_address>0x1c4a</run_address>
         <size>0x8b</size>
         <input_file_ref idref="fl-2"/>
      </object_component>
      <object_component id="oc-153">
         <name>.debug_info</name>
         <load_address>0x1cd5</load_address>
         <run_address>0x1cd5</run_address>
         <size>0x297</size>
         <input_file_ref idref="fl-2"/>
      </object_component>
      <object_component id="oc-bd">
         <name>.debug_info</name>
         <load_address>0x1f6c</load_address>
         <run_address>0x1f6c</run_address>
         <size>0xbb</size>
         <input_file_ref idref="fl-2"/>
      </object_component>
      <object_component id="oc-19f">
         <name>.debug_info</name>
         <load_address>0x2027</load_address>
         <run_address>0x2027</run_address>
         <size>0x2c</size>
         <input_file_ref idref="fl-2"/>
      </object_component>
      <object_component id="oc-2b3">
         <name>.debug_info</name>
         <load_address>0x2053</load_address>
         <run_address>0x2053</run_address>
         <size>0x2c</size>
         <input_file_ref idref="fl-2"/>
      </object_component>
      <object_component id="oc-13d">
         <name>.debug_info</name>
         <load_address>0x207f</load_address>
         <run_address>0x207f</run_address>
         <size>0x35</size>
         <input_file_ref idref="fl-2"/>
      </object_component>
      <object_component id="oc-93">
         <name>.debug_info</name>
         <load_address>0x20b4</load_address>
         <run_address>0x20b4</run_address>
         <size>0x9c7</size>
         <input_file_ref idref="fl-3"/>
      </object_component>
      <object_component id="oc-1dc">
         <name>.debug_info</name>
         <load_address>0x2a7b</load_address>
         <run_address>0x2a7b</run_address>
         <size>0xc5</size>
         <input_file_ref idref="fl-3"/>
      </object_component>
      <object_component id="oc-1df">
         <name>.debug_info</name>
         <load_address>0x2b40</load_address>
         <run_address>0x2b40</run_address>
         <size>0xcb</size>
         <input_file_ref idref="fl-3"/>
      </object_component>
      <object_component id="oc-2d4">
         <name>.debug_info</name>
         <load_address>0x2c0b</load_address>
         <run_address>0x2c0b</run_address>
         <size>0x162</size>
         <input_file_ref idref="fl-3"/>
      </object_component>
      <object_component id="oc-1a9">
         <name>.debug_info</name>
         <load_address>0x2d6d</load_address>
         <run_address>0x2d6d</run_address>
         <size>0x151</size>
         <input_file_ref idref="fl-3"/>
      </object_component>
[...]
      </symbol>
      <symbol id="sm-354">
         <name>__aeabi_memset</name>
         <value>0x1e55</value>
         <object_component_ref idref="oc-f0"/>
      </symbol>
      <symbol id="sm-355">
         <name>memset</name>
         <value>0x1e5b</value>
         <object_component_ref idref="oc-f0"/>
      </symbol>
      <symbol id="sm-356">
         <name>__aeabi_memset8</name>
         <value>0x1e55</value>
         <object_component_ref idref="oc-f0"/>
      </symbol>
      <symbol id="sm-357">
         <name>__aeabi_memset4</name>
         <value>0x1e55</value>
         <object_component_ref idref="oc-f0"/>
      </symbol>
      <symbol id="sm-358">
         <name>__aeabi_memclr8</name>
         <value>0x1e53</value>
         <object_component_ref idref="oc-f0"/>
      </symbol>
      <symbol id="sm-359">
         <name>__aeabi_memclr4</name>
         <value>0x1e53</value>
         <object_component_ref idref="oc-f0"/>
      </symbol>
      <symbol id="sm-35a">
         <name>__aeabi_memclr</name>
         <value>0x1e53</value>
         <object_component_ref idref="oc-f0"/>
      </symbol>
      <symbol id="sm-375">
         <name>memcpy</name>
         <value>0x175d</value>
         <object_component_ref idref="oc-5c"/>
      </symbol>
      <symbol id="sm-376">
         <name>__aeabi_memcpy</name>
         <value>0x175d</value>
         <object_component_ref idref="oc-5c"/>
      </symbol>
      <symbol id="sm-377">
         <name>__aeabi_memcpy8</name>
         <value>0x175d</value>
         <object_component_ref idref="oc-5c"/>
      </symbol>
      <symbol id="sm-378">
         <name>__aeabi_memcpy4</name>
         <value>0x175d</value>
         <object_component_ref idref="oc-5c"/>
      </symbol>
      <symbol id="sm-3a0">
         <name>__TI_auto_init_nobinit_nopinit</name>
         <value>0x2c4d</value>
         <object_component_ref idref="oc-1ee"/>
      </symbol>
      <symbol id="sm-3aa">
         <name>_system_pre_init</name>
         <value>0x39db</value>
         <object_component_ref idref="oc-f6"/>
      </symbol>
      <symbol id="sm-3b6">
         <name>C$$EXIT</name>
         <value>0x39df</value>
         <object_component_ref idref="oc-1e2"/>
      </symbol>
      <symbol id="sm-3b7">
         <name>abort</name>
         <value>0x39df</value>
         <object_component_ref idref="oc-1e2"/>
      </symbol>
      <symbol id="sm-3cb">
         <name>GPIOPinWrite</name>
         <value>0x39a5</value>
         <object_component_ref idref="oc-2c1"/>
      </symbol>
      <symbol id="sm-41f">
         <name>IntIsEnabled</name>
         <value>0x2369</value>
         <object_component_ref idref="oc-730"/>
      </symbol>
      <symbol id="sm-420">
         <name>IntEnable</name>
         <value>0x21d1</value>
         <object_component_ref idref="oc-4d8"/>
      </symbol>
      <symbol id="sm-421">
         <name>IntDisable</name>
         <value>0x2169</value>
         <object_component_ref idref="oc-736"/>
      </symbol>
      <symbol id="sm-422">
         <name>IntMasterEnable</name>
         <value>0x3859</value>
         <object_component_ref idref="oc-1c6"/>
      </symbol>
      <symbol id="sm-42f">
         <name>UARTClockSourceSet</name>
         <value>0x39b1</value>
         <object_component_ref idref="oc-283"/>
      </symbol>
      <symbol id="sm-439">
         <name>CPUcpsie</name>
         <value>0x3907</value>
         <object_component_ref idref="oc-2b8"/>
      </symbol>
      <symbol id="sm-478">
         <name>g_iUSBMode</name>
         <value>0x20000b90</value>
         <object_component_ref idref="oc-290"/>
      </symbol>
      <symbol id="sm-479">
         <name>USBStackModeSet</name>
         <value>0x34dd</value>
         <object_component_ref idref="oc-1ae"/>
      </symbol>
      <symbol id="sm-47a">
         <name>g_ui32WaitTicks</name>
         <value>0x20000b94</value>
         <object_component_ref idref="oc-290"/>
      </symbol>
      <symbol id="sm-4b2">
         <name>g_pfnTickHandlers</name>
         <value>0x20000620</value>
      </symbol>
      <symbol id="sm-4b3">
         <name>g_pvTickInstance</name>
         <value>0x20000638</value>
      </symbol>
      <symbol id="sm-4b4">
         <name>g_ui32USBSOFCount</name>
         <value>0x20000b8c</value>
         <object_component_ref idref="oc-190"/>
      </symbol>
      <symbol id="sm-4b5">
         <name>g_bUSBTimerInitialized</name>
         <value>0x20000b84</value>
         <object_component_ref idref="oc-190"/>
      </symbol>
      <symbol id="sm-4b6">
         <name>g_ui32CurrentUSBTick</name>
         <value>0x20000b88</value>
         <object_component_ref idref="oc-190"/>
      </symbol>
      <symbol id="sm-4b7">
         <name>InternalUSBStartOfFrameTick</name>
         <value>0x2e3d</value>
         <object_component_ref idref="oc-166"/>
      </symbol>
      <symbol id="sm-4b8">
         <name>InternalUSBRegisterTickHandler</name>
         <value>0x2e05</value>
         <object_component_ref idref="oc-455"/>
      </symbol>
      <symbol id="sm-4b9">
         <name>InternalUSBTickInit</name>
         <value>0x31e9</value>
         <object_component_ref idref="oc-44f"/>
      </symbol>
      <symbol id="sm-655">
         <name>g_ppsDevInfo</name>
         <value>0x2000065c</value>
      </symbol>
      <symbol id="sm-656">
         <name>USBDCDSendDataEP0</name>
         <value>0x379d</value>
         <object_component_ref idref="oc-6c8"/>
      </symbol>
      <symbol id="sm-657">
         <name>USBDCDStallEP0</name>
         <value>0x3601</value>
         <object_component_ref idref="oc-313"/>
      </symbol>
      <symbol id="sm-658">
         <name>USBDCDRequestDataEP0</name>
         <value>0x3789</value>
         <object_component_ref idref="oc-6cf"/>
      </symbol>
      <symbol id="sm-659">
         <name>USBDeviceEnumHandler</name>
         <value>0x1269</value>
         <object_component_ref idref="oc-17e"/>
      </symbol>
      <symbol id="sm-65a">
         <name>USBDCDInit</name>
         <value>0x719</value>
         <object_component_ref idref="oc-372"/>
      </symbol>
      <symbol id="sm-65b">
         <name>USBDeviceEnumResetHandler</name>
         <value>0x2aed</value>
         <object_component_ref idref="oc-15a"/>
      </symbol>
      <symbol id="sm-65c">
         <name>g_psDCDInst</name>
         <value>0x20000590</value>
         <object_component_ref idref="oc-18d"/>
      </symbol>
      <symbol id="sm-65d">
         <name>USBDCDDeviceInfoInit</name>
         <value>0x2bc5</value>
         <object_component_ref idref="oc-443"/>
      </symbol>
      <symbol id="sm-65e">
         <name>USBDeviceIntHandlerInternal</name>
         <value>0x9b9</value>
         <object_component_ref idref="oc-c8"/>
      </symbol>
      <symbol id="sm-65f">
         <name>USBDeviceResumeTickHandler</name>
         <value>0x27fd</value>
         <object_component_ref idref="oc-160"/>
      </symbol>
      <symbol id="sm-66b">
         <name>USB0DeviceIntHandler</name>
         <value>0x36d1</value>
         <object_component_ref idref="oc-48"/>
      </symbol>
      <symbol id="sm-719">
         <name>USBDHIDKeyboardInit</name>
         <value>0x3249</value>
         <object_component_ref idref="oc-1b4"/>
      </symbol>
      <symbol id="sm-71a">
         <name>USBDHIDKeyboardCompositeInit</name>
         <value>0x16c1</value>
         <object_component_ref idref="oc-297"/>
      </symbol>
      <symbol id="sm-71b">
         <name>USBDHIDKeyboardKeyStateChange</name>
         <value>0x1b49</value>
         <object_component_ref idref="oc-3a4"/>
      </symbol>
      <symbol id="sm-73e">
         <name>USBDescGet</name>
         <value>0x32a5</value>
         <object_component_ref idref="oc-7b8"/>
      </symbol>
      <symbol id="sm-73f">
         <name>USBDescGetNum</name>
         <value>0x3327</value>
         <object_component_ref idref="oc-6b2"/>
      </symbol>
      <symbol id="sm-884">
         <name>USBLibDMAInit</name>
         <value>0x5b9</value>
         <object_component_ref idref="oc-4c0"/>
      </symbol>
      <symbol id="sm-891">
         <name>ULPIConfigSet</name>
         <value>0x270b</value>
         <object_component_ref idref="oc-496"/>
      </symbol>
      <symbol id="sm-8e2">
         <name>USBDCDConfigDescGet</name>
         <value>0x27ad</value>
         <object_component_ref idref="oc-692"/>
      </symbol>
      <symbol id="sm-8e3">
         <name>USBDCDConfigGetInterface</name>
         <value>0x35e5</value>
         <object_component_ref idref="oc-546"/>
      </symbol>
      <symbol id="sm-8e4">
         <name>USBDCDConfigDescGetSize</name>
         <value>0x366d</value>
         <object_component_ref idref="oc-320"/>
      </symbol>
      <symbol id="sm-8e5">
         <name>USBDCDConfigGetInterfaceEndpoint</name>
         <value>0x2e75</value>
         <object_component_ref idref="oc-43d"/>
      </symbol>
      <symbol id="sm-8e6">
         <name>USBDCDConfigDescGetNum</name>
         <value>0x32fd</value>
         <object_component_ref idref="oc-540"/>
      </symbol>
      <symbol id="sm-933">
         <name>USBDeviceConfigAlternate</name>
         <value>0x19ad</value>
         <object_component_ref idref="oc-54c"/>
      </symbol>
      <symbol id="sm-934">
         <name>USBDeviceConfig</name>
         <value>0xb09</value>
         <object_component_ref idref="oc-538"/>
      </symbol>
      <symbol id="sm-a78">
         <name>USBDHIDInit</name>
         <value>0x346d</value>
         <object_component_ref idref="oc-29d"/>
      </symbol>
      <symbol id="sm-a79">
         <name>USBDHIDReportWrite</name>
         <value>0x29c7</value>
         <object_component_ref idref="oc-469"/>
      </symbol>
      <symbol id="sm-a7a">
         <name>g_sHIDHandlers</name>
         <value>0x3b64</value>
         <object_component_ref idref="oc-45b"/>
      </symbol>
      <symbol id="sm-a7b">
         <name>USBDHIDCompositeInit</name>
         <value>0x1189</value>
         <object_component_ref idref="oc-35c"/>
      </symbol>
      <symbol id="sm-a7c">
         <name>g_pui8HIDDeviceDescriptor</name>
         <value>0x20000b61</value>
         <object_component_ref idref="oc-45e"/>
      </symbol>
      <symbol id="sm-a7d">
         <name>USBDHIDTxPacketAvailable</name>
         <value>0x38a5</value>
         <object_component_ref idref="oc-504"/>
      </symbol>
      <symbol id="sm-aa7">
         <name>SysCtlPeripheralEnable</name>
         <value>0x2fbd</value>
         <object_component_ref idref="oc-47e"/>
      </symbol>
      <symbol id="sm-aa8">
         <name>SysCtlUSBPLLEnable</name>
         <value>0x3775</value>
         <object_component_ref idref="oc-484"/>
      </symbol>
      <symbol id="sm-aa9">
         <name>SysCtlPeripheralReset</name>
         <value>0x275d</value>
         <object_component_ref idref="oc-478"/>
      </symbol>
      <symbol id="sm-af4">
         <name>uDMAChannelControlSet</name>
         <value>0x3501</value>
         <object_component_ref idref="oc-70f"/>
      </symbol>
      <symbol id="sm-af5">
         <name>uDMAChannelDisable</name>
         <value>0x3719</value>
         <object_component_ref idref="oc-729"/>
      </symbol>
      <symbol id="sm-af6">
         <name>uDMAChannelModeGet</name>
         <value>0x3445</value>
         <object_component_ref idref="oc-74e"/>
      </symbol>
      <symbol id="sm-af7">
         <name>uDMAChannelTransferSet</name>
         <value>0x1c55</value>
         <object_component_ref idref="oc-75d"/>
      </symbol>
      <symbol id="sm-af8">
         <name>uDMAChannelAttributeDisable</name>
         <value>0x2b35</value>
         <object_component_ref idref="oc-71c"/>
      </symbol>
      <symbol id="sm-af9">
         <name>uDMAChannelEnable</name>
         <value>0x3731</value>
         <object_component_ref idref="oc-742"/>
      </symbol>
      <symbol id="sm-ca8">
         <name>USBLPMIntEnable</name>
         <value>0x391f</value>
         <object_component_ref idref="oc-4ba"/>
      </symbol>
      <symbol id="sm-ca9">
         <name>USBEndpointDataAvail</name>
         <value>0x361d</value>
         <object_component_ref idref="oc-5ad"/>
      </symbol>
      <symbol id="sm-caa">
         <name>USBClockEnable</name>
         <value>0x3937</value>
         <object_component_ref idref="oc-48a"/>
      </symbol>
      <symbol id="sm-cab">
         <name>USBDevDisconnect</name>
         <value>0x3969</value>
         <object_component_ref idref="oc-184"/>
      </symbol>
      <symbol id="sm-cac">
         <name>USBDevEndpointStallClear</name>
         <value>0x2a11</value>
         <object_component_ref idref="oc-526"/>
      </symbol>
      <symbol id="sm-cad">
         <name>USBEndpointDataPut</name>
         <value>0x2f53</value>
         <object_component_ref idref="oc-326"/>
      </symbol>
      <symbol id="sm-cae">
         <name>USBDMAChannelIntStatus</name>
         <value>0x39b7</value>
         <object_component_ref idref="oc-780"/>
      </symbol>
      <symbol id="sm-caf">
         <name>USBDevAddrSet</name>
         <value>0x39d7</value>
         <object_component_ref idref="oc-244"/>
      </symbol>
      <symbol id="sm-cb0">
         <name>USBDMAChannelCountSet</name>
         <value>0x3955</value>
         <object_component_ref idref="oc-79b"/>
      </symbol>
      <symbol id="sm-cb1">
         <name>USBLPMIntStatus</name>
         <value>0x39c3</value>
         <object_component_ref idref="oc-16c"/>
      </symbol>
      <symbol id="sm-cb2">
         <name>USBDMAChannelAddressSet</name>
         <value>0x394b</value>
         <object_component_ref idref="oc-795"/>
      </symbol>
      <symbol id="sm-cb3">
         <name>USBULPIDisable</name>
         <value>0x38dd</value>
         <object_component_ref idref="oc-49c"/>
      </symbol>
      <symbol id="sm-cb4">
         <name>USBIntStatusControl</name>
         <value>0x2ead</value>
         <object_component_ref idref="oc-c2"/>
      </symbol>
      <symbol id="sm-cb5">
         <name>USBEndpointDMADisable</name>
         <value>0x3493</value>
         <object_component_ref idref="oc-722"/>
      </symbol>
      <symbol id="sm-cb6">
         <name>USBDevEndpointDataAck</name>
         <value>0x3351</value>
         <object_component_ref idref="oc-250"/>
      </symbol>
      <symbol id="sm-cb7">
         <name>USBOTGMode</name>
         <value>0x398d</value>
         <object_component_ref idref="oc-4a2"/>
      </symbol>
      <symbol id="sm-cb8">
         <name>USBDMAChannelConfigSet</name>
         <value>0x37b1</value>
         <object_component_ref idref="oc-7a1"/>
      </symbol>
      <symbol id="sm-cb9">
         <name>USBULPIRegRead</name>
         <value>0x35a9</value>
         <object_component_ref idref="oc-5cb"/>
      </symbol>
      <symbol id="sm-cba">
         <name>USBDevMode</name>
         <value>0x397d</value>
         <object_component_ref idref="oc-4a8"/>
      </symbol>
      <symbol id="sm-cbb">
         <name>USBIntEnableEndpoint</name>
         <value>0x3749</value>
         <object_component_ref idref="oc-4cc"/>
      </symbol>
      <symbol id="sm-cbc">
         <name>USBEndpointDataGet</name>
         <value>0x2b7d</value>
         <object_component_ref idref="oc-24a"/>
      </symbol>
      <symbol id="sm-cbd">
         <name>USBDevEndpointStatusClear</name>
         <value>0x2551</value>
         <object_component_ref idref="oc-23e"/>
      </symbol>
      <symbol id="sm-cbe">
         <name>USBULPIEnable</name>
         <value>0x38eb</value>
         <object_component_ref idref="oc-490"/>
      </symbol>
      <symbol id="sm-cbf">
         <name>USBFIFOAddrGet</name>
         <value>0x3985</value>
         <object_component_ref idref="oc-757"/>
      </symbol>
      <symbol id="sm-cc0">
         <name>USBDMAChannelStatus</name>
         <value>0x38b3</value>
         <object_component_ref idref="oc-779"/>
      </symbol>
      <symbol id="sm-cc1">
         <name>USBULPIRegWrite</name>
         <value>0x35c7</value>
         <object_component_ref idref="oc-5d1"/>
      </symbol>
      <symbol id="sm-cc2">
         <name>USBDMAChannelIntEnable</name>
         <value>0x3847</value>
         <object_component_ref idref="oc-787"/>
      </symbol>
      <symbol id="sm-cc3">
         <name>USBDevLPMConfig</name>
         <value>0x39bd</value>
         <object_component_ref idref="oc-4b4"/>
      </symbol>
      <symbol id="sm-cc4">
         <name>USBDevLPMEnable</name>
         <value>0x38cf</value>
         <object_component_ref idref="oc-172"/>
      </symbol>
      <symbol id="sm-cc5">
         <name>USBControllerVersion</name>
         <value>0x3941</value>
         <object_component_ref idref="oc-5df"/>
      </symbol>
      <symbol id="sm-cc6">
         <name>USBFIFOConfigSet</name>
         <value>0x2dc9</value>
         <object_component_ref idref="oc-6aa"/>
      </symbol>
      <symbol id="sm-cc7">
         <name>USBEndpointDMAEnable</name>
         <value>0x34b7</value>
         <object_component_ref idref="oc-73c"/>
      </symbol>
      <symbol id="sm-cc8">
         <name>USBDevLPMDisable</name>
         <value>0x38c1</value>
         <object_component_ref idref="oc-4ae"/>
      </symbol>
      <symbol id="sm-cc9">
         <name>USBEndpointDataSend</name>
         <value>0x2ff1</value>
         <object_component_ref idref="oc-32c"/>
      </symbol>
      <symbol id="sm-cca">
         <name>USBIntStatusEndpoint</name>
         <value>0x3973</value>
         <object_component_ref idref="oc-178"/>
      </symbol>
      <symbol id="sm-ccb">
         <name>USBEndpointStatus</name>
         <value>0x3879</value>
         <object_component_ref idref="oc-238"/>
      </symbol>
      <symbol id="sm-ccc">
         <name>USBEndpointPacketCountSet</name>
         <value>0x3913</value>
         <object_component_ref idref="oc-763"/>
      </symbol>
      <symbol id="sm-ccd">
         <name>USBDMAChannelIntDisable</name>
         <value>0x3835</value>
         <object_component_ref idref="oc-78e"/>
      </symbol>
      <symbol id="sm-cce">
         <name>USBEndpointDMAConfigSet</name>
         <value>0x28e5</value>
         <object_component_ref idref="oc-769"/>
      </symbol>
      <symbol id="sm-ccf">
         <name>USBDevEndpointStall</name>
         <value>0x3123</value>
         <object_component_ref idref="oc-3df"/>
      </symbol>
      <symbol id="sm-cd0">
         <name>USBDevConnect</name>
         <value>0x395f</value>
         <object_component_ref idref="oc-4d2"/>
      </symbol>
      <symbol id="sm-cd1">
         <name>USBDevEndpointConfigSet</name>
         <value>0x1dd9</value>
         <object_component_ref idref="oc-69e"/>
      </symbol>
      <symbol id="sm-cd2">
         <name>USBDMAChannelDisable</name>
         <value>0x3811</value>
         <object_component_ref idref="oc-772"/>
      </symbol>
      <symbol id="sm-cd3">
         <name>USBDMAChannelEnable</name>
         <value>0x3823</value>
         <object_component_ref idref="oc-7a7"/>
      </symbol>
      <symbol id="sm-cd4">
         <name>USBHostResume</name>
         <value>0x37c5</value>
         <object_component_ref idref="oc-229"/>
      </symbol>
      <symbol id="sm-cd5">
         <name>USBIntEnableControl</name>
         <value>0x341d</value>
         <object_component_ref idref="oc-4c6"/>
      </symbol>
      <symbol id="sm-cd6">
         <name>USBEndpointDMAChannel</name>
         <value>0x3687</value>
         <object_component_ref idref="oc-716"/>
      </symbol>
      <symbol id="sm-cd7">
         <name>__TI_static_base__</name>
         <value>0x0</value>
      </symbol>
      <symbol id="sm-cda">
         <name>__mpu_init</name>
         <value>0x0</value>
      </symbol>
      <symbol id="sm-cdb">
         <name>_system_post_cinit</name>
         <value>0x0</value>
      </symbol>
   </symbol_table>
   <title>Link successful</title>
</link_info>
