<?xml version="1.0" encoding="ISO-8859-1" ?>
<link_info>
   <banner>TI ARM Linker PC v18.1.3.LTS</banner>
   <copyright>Copyright (c) 1996-2017 Texas Instruments Incorporated</copyright>
   <link_time>0x5bf3e23a</link_time>
   <link_errors>0x0</link_errors>
   <output_file>usb_dev_gamepad.out</output_file>
   <entry_point>
      <name>_c_int00_noargs</name>
      <address>0x3c2d</address>
   </entry_point>
   <input_file_list>
      <input_file id="fl-2">
         <path>.\</path>
         <kind>object</kind>
         <file>data.obj</file>
         <name>data.obj</name>
      </input_file>
      <input_file id="fl-3">
         <path>.\</path>
         <kind>object</kind>
         <file>main.obj</file>
         <name>main.obj</name>
      </input_file>
      <input_file id="fl-4">
         <path>.\</path>
         <kind>object</kind>
         <file>tm4c123gh6pm_startup_ccs.obj</file>
         <name>tm4c123gh6pm_startup_ccs.obj</name>
      </input_file>
      <input_file id="fl-5">
         <path>.\</path>
         <kind>object</kind>
         <file>usb_keyboard.obj</file>
         <name>usb_keyboard.obj</name>
      </input_file>
      <input_file id="fl-6">
         <path>.\</path>
         <kind>object</kind>
         <file>usb_structs.obj</file>
         <name>usb_structs.obj</name>
      </input_file>
      <input_file id="fl-7">
         <path>.\drivers\</path>
         <kind>object</kind>
         <file>buttons.obj</file>
         <name>buttons.obj</name>
      </input_file>
      <input_file id="fl-8">
         <path>.\utils\</path>
         <kind>object</kind>
         <file>uartstdio.obj</file>
         <name>uartstdio.obj</name>
      </input_file>
      <input_file id="fl-e">
         <kind>object</kind>
         <file>&lt;internal&gt;</file>
         <name>&lt;internal&gt;</name>
      </input_file>
      <input_file id="fl-c4">
         <path>C:\ti\ccsv8\tools\compiler\ti-cgt-arm_18.1.3.LTS\lib\</path>
         <kind>archive</kind>
         <file>rtsv7M4_T_le_v4SPD16_eabi.lib</file>
         <name>u_divt2.asm.obj</name>
      </input_file>
      <input_file id="fl-c5">
         <path>C:\ti\ccsv8\tools\compiler\ti-cgt-arm_18.1.3.LTS\lib\</path>
         <kind>archive</kind>
         <file>rtsv7M4_T_le_v4SPD16_eabi.lib</file>
         <name>copy_zero_init.c.obj</name>
      </input_file>
      <input_file id="fl-c6">
         <path>C:\ti\ccsv8\tools\compiler\ti-cgt-arm_18.1.3.LTS\lib\</path>
         <kind>archive</kind>
         <file>rtsv7M4_T_le_v4SPD16_eabi.lib</file>
         <name>copy_decompress_none.c.obj</name>
      </input_file>
      <input_file id="fl-c7">
         <path>C:\ti\ccsv8\tools\compiler\ti-cgt-arm_18.1.3.LTS\lib\</path>
         <kind>archive</kind>
         <file>rtsv7M4_T_le_v4SPD16_eabi.lib</file>
         <name>copy_decompress_lzss.c.obj</name>
      </input_file>
      <input_file id="fl-c8">
         <path>C:\ti\ccsv8\tools\compiler\ti-cgt-arm_18.1.3.LTS\lib\</path>
         <kind>archive</kind>
         <file>rtsv7M4_T_le_v4SPD16_eabi.lib</file>
         <name>boot_cortex_m.c.obj</name>
      </input_file>
      <input_file id="fl-c9">
         <path>C:\ti\ccsv8\tools\compiler\ti-cgt-arm_18.1.3.LTS\lib\</path>
         <kind>archive</kind>
         <file>rtsv7M4_T_le_v4SPD16_eabi.lib</file>
         <name>div0.asm.obj</name>
      </input_file>
      <input_file id="fl-ca">
         <path>C:\ti\ccsv8\tools\compiler\ti-cgt-arm_18.1.3.LTS\lib\</path>
         <kind>archive</kind>
         <file>rtsv7M4_T_le_v4SPD16_eabi.lib</file>
         <name>memset_t2.asm.obj</name>
      </input_file>
      <input_file id="fl-cb">
         <path>C:\ti\ccsv8\tools\compiler\ti-cgt-arm_18.1.3.LTS\lib\</path>
         <kind>archive</kind>
         <file>rtsv7M4_T_le_v4SPD16_eabi.lib</file>
         <name>memcpy_t2.asm.obj</name>
      </input_file>
      <input_file id="fl-cc">
         <path>C:\ti\ccsv8\tools\compiler\ti-cgt-arm_18.1.3.LTS\lib\</path>
         <kind>archive</kind>
         <file>rtsv7M4_T_le_v4SPD16_eabi.lib</file>
         <name>autoinit.c.obj</name>
      </input_file>
      <input_file id="fl-cd">
         <path>C:\ti\ccsv8\tools\compiler\ti-cgt-arm_18.1.3.LTS\lib\</path>
         <kind>archive</kind>
         <file>rtsv7M4_T_le_v4SPD16_eabi.lib</file>
         <name>pre_init.c.obj</name>
      </input_file>
      <input_file id="fl-ce">
         <path>C:\ti\ccsv8\tools\compiler\ti-cgt-arm_18.1.3.LTS\lib\</path>
         <kind>archive</kind>
         <file>rtsv7M4_T_le_v4SPD16_eabi.lib</file>
         <name>cpy_tbl.c.obj</name>
      </input_file>
      <input_file id="fl-cf">
         <path>C:\ti\ccsv8\tools\compiler\ti-cgt-arm_18.1.3.LTS\lib\</path>
         <kind>archive</kind>
         <file>rtsv7M4_T_le_v4SPD16_eabi.lib</file>
         <name>exit.c.obj</name>
      </input_file>
      <input_file id="fl-d0">
         <path>C:\ti\ccsv8\tools\compiler\ti-cgt-arm_18.1.3.LTS\lib\</path>
         <kind>archive</kind>
         <file>rtsv7M4_T_le_v4SPD16_eabi.lib</file>
         <name>_lock.c.obj</name>
      </input_file>
      <input_file id="fl-d1">
         <path>C:\ti\ccsv8\tools\compiler\ti-cgt-arm_18.1.3.LTS\lib\</path>
         <kind>archive</kind>
         <file>rtsv7M4_T_le_v4SPD16_eabi.lib</file>
         <name>args_main.c.obj</name>
      </input_file>
      <input_file id="fl-d2">
         <path>C:\ti\tivaware_c_series_2_1_4_178\driverlib\ccs\Debug\</path>
         <kind>archive</kind>
         <file>driverlib.lib</file>
         <name>adc.obj</name>
      </input_file>
      <input_file id="fl-d3">
         <path>C:\ti\tivaware_c_series_2_1_4_178\driverlib\ccs\Debug\</path>
         <kind>archive</kind>
         <file>driverlib.lib</file>
         <name>gpio.obj</name>
      </input_file>
      <input_file id="fl-d4">
         <path>C:\ti\tivaware_c_series_2_1_4_178\driverlib\ccs\Debug\</path>
         <kind>archive</kind>
         <file>driverlib.lib</file>
         <name>interrupt.obj</name>
      </input_file>
      <input_file id="fl-d5">
         <path>C:\ti\tivaware_c_series_2_1_4_178\driverlib\ccs\Debug\</path>
         <kind>archive</kind>
         <file>driverlib.lib</file>
         <name>uart.obj</name>
      </input_file>
      <input_file id="fl-d6">
         <path>C:\ti\tivaware_c_series_2_1_4_178\driverlib\ccs\Debug\</path>
         <kind>archive</kind>
         <file>driverlib.lib</file>
         <name>cpu.obj</name>
      </input_file>
      <input_file id="fl-d7">
         <path>C:\ti\tivaware_c_series_2_1_4_178\usblib\ccs\Debug\</path>
         <kind>archive</kind>
         <file>usblib.lib</file>
         <name>usbmode.obj</name>
      </input_file>
      <input_file id="fl-d8">
         <path>C:\ti\tivaware_c_series_2_1_4_178\usblib\ccs\Debug\</path>
         <kind>archive</kind>
         <file>usblib.lib</file>
         <name>usbtick.obj</name>
      </input_file>
      <input_file id="fl-d9">
         <path>C:\ti\tivaware_c_series_2_1_4_178\usblib\ccs\Debug\</path>
         <kind>archive</kind>
         <file>usblib.lib</file>
         <name>usbhostenum.obj</name>
      </input_file>
      <input_file id="fl-da">
         <path>C:\ti\tivaware_c_series_2_1_4_178\usblib\ccs\Debug\</path>
         <kind>archive</kind>
         <file>usblib.lib</file>
         <name>usbdcomp.obj</name>
      </input_file>
      <input_file id="fl-db">
         <path>C:\ti\tivaware_c_series_2_1_4_178\usblib\ccs\Debug\</path>
         <kind>archive</kind>
         <file>usblib.lib</file>
         <name>usbdenum.obj</name>
      </input_file>
      <input_file id="fl-dc">
         <path>C:\ti\tivaware_c_series_2_1_4_178\usblib\ccs\Debug\</path>
         <kind>archive</kind>
         <file>usblib.lib</file>
         <name>usbdhandler.obj</name>
      </input_file>
      <input_file id="fl-dd">
         <path>C:\ti\tivaware_c_series_2_1_4_178\usblib\ccs\Debug\</path>
         <kind>archive</kind>
         <file>usblib.lib</file>
         <name>usbdhidkeyb.obj</name>
      </input_file>
      <input_file id="fl-de">
         <path>C:\ti\tivaware_c_series_2_1_4_178\usblib\ccs\Debug\</path>
         <kind>archive</kind>
         <file>usblib.lib</file>
         <name>usbdesc.obj</name>
      </input_file>
      <input_file id="fl-df">
         <path>C:\ti\tivaware_c_series_2_1_4_178\usblib\ccs\Debug\</path>
         <kind>archive</kind>
         <file>usblib.lib</file>
         <name>usbdma.obj</name>
      </input_file>
      <input_file id="fl-e0">
         <path>C:\ti\tivaware_c_series_2_1_4_178\usblib\ccs\Debug\</path>
         <kind>archive</kind>
         <file>usblib.lib</file>
         <name>usbulpi.obj</name>
      </input_file>
      <input_file id="fl-e1">
         <path>C:\ti\tivaware_c_series_2_1_4_178\usblib\ccs\Debug\</path>
         <kind>archive</kind>
         <file>usblib.lib</file>
         <name>usbhhub.obj</name>
      </input_file>
      <input_file id="fl-e2">
         <path>C:\ti\tivaware_c_series_2_1_4_178\usblib\ccs\Debug\</path>
         <kind>archive</kind>
         <file>usblib.lib</file>
         <name>usbdcdesc.obj</name>
      </input_file>
      <input_file id="fl-e3">
         <path>C:\ti\tivaware_c_series_2_1_4_178\usblib\ccs\Debug\</path>
         <kind>archive</kind>
         <file>usblib.lib</file>
         <name>usbdconfig.obj</name>
      </input_file>
      <input_file id="fl-e4">
         <path>C:\ti\tivaware_c_series_2_1_4_178\usblib\ccs\Debug\</path>
         <kind>archive</kind>
         <file>usblib.lib</file>
         <name>usbdhid.obj</name>
      </input_file>
      <input_file id="fl-e5">
         <path>C:\ti\tivaware_c_series_2_1_4_178\driverlib\ccs\Debug\</path>
         <kind>archive</kind>
         <file>driverlib.lib</file>
         <name>sysctl.obj</name>
      </input_file>
      <input_file id="fl-e6">
         <path>C:\ti\tivaware_c_series_2_1_4_178\driverlib\ccs\Debug\</path>
         <kind>archive</kind>
         <file>driverlib.lib</file>
         <name>udma.obj</name>
      </input_file>
      <input_file id="fl-e7">
         <path>C:\ti\tivaware_c_series_2_1_4_178\driverlib\ccs\Debug\</path>
         <kind>archive</kind>
         <file>driverlib.lib</file>
         <name>usb.obj</name>
      </input_file>
   </input_file_list>
   <object_component_list>
      <object_component id="oc-f">
         <name>.intvecs</name>
         <load_address>0x0</load_address>
         <run_address>0x0</run_address>
         <size>0x26c</size>
         <input_file_ref idref="fl-4"/>
      </object_component>
      <object_component id="oc-11f">
         <name>.text:main</name>
         <load_address>0x26c</load_address>
         <run_address>0x26c</run_address>
         <size>0x640</size>
         <input_file_ref idref="fl-3"/>
      </object_component>
      <object_component id="oc-48">
         <name>.text:ADC00IntHandler</name>
         <load_address>0x8ac</load_address>
         <run_address>0x8ac</run_address>
         <size>0x324</size>
         <input_file_ref idref="fl-3"/>
      </object_component>
      <object_component id="oc-321">
         <name>.text:BuildCompositeDescriptor</name>
         <load_address>0xbd0</load_address>
         <run_address>0xbd0</run_address>
         <size>0x1f6</size>
         <input_file_ref idref="fl-da"/>
      </object_component>
      <object_component id="oc-30">
         <name>.text:FaultISR</name>
         <load_address>0xdc6</load_address>
         <run_address>0xdc6</run_address>
         <size>0x2</size>
         <input_file_ref idref="fl-4"/>
      </object_component>
      <object_component id="oc-33a">
         <name>.text:UARTvprintf</name>
         <load_address>0xdc8</load_address>
         <run_address>0xdc8</run_address>
         <size>0x1ea</size>
         <input_file_ref idref="fl-8"/>
      </object_component>
      <object_component id="oc-36">
         <name>.text:IntDefaultHandler</name>
         <load_address>0xfb2</load_address>
         <run_address>0xfb2</run_address>
         <size>0x2</size>
         <input_file_ref idref="fl-4"/>
      </object_component>
      <object_component id="oc-1d4">
         <name>.text:InitADC00</name>
         <load_address>0xfb4</load_address>
         <run_address>0xfb4</run_address>
         <size>0x164</size>
         <input_file_ref idref="fl-3"/>
      </object_component>
      <object_component id="oc-42">
         <name>.text:UARTStdioIntHandler</name>
         <load_address>0x1118</load_address>
         <run_address>0x1118</run_address>
         <size>0x160</size>
         <input_file_ref idref="fl-8"/>
      </object_component>
      <object_component id="oc-4b0">
         <name>.text:USBLibDMAInit</name>
         <load_address>0x1278</load_address>
         <run_address>0x1278</run_address>
         <size>0x160</size>
         <input_file_ref idref="fl-df"/>
      </object_component>
      <object_component id="oc-327">
         <name>.text:USBDCDInit</name>
         <load_address>0x13d8</load_address>
         <run_address>0x13d8</run_address>
         <size>0x150</size>
         <input_file_ref idref="fl-db"/>
      </object_component>
      <object_component id="oc-2b9">
         <name>.text:USBDEP0StateTxConfig</name>
         <load_address>0x1528</load_address>
         <run_address>0x1528</run_address>
         <size>0x150</size>
         <input_file_ref idref="fl-db"/>
      </object_component>
      <object_component id="oc-ea">
         <name>.text:USBDeviceIntHandlerInternal</name>
         <load_address>0x1678</load_address>
         <run_address>0x1678</run_address>
         <size>0x150</size>
         <input_file_ref idref="fl-db"/>
      </object_component>
      <object_component id="oc-775">
         <name>.text:USBDeviceConfig</name>
         <load_address>0x17c8</load_address>
         <run_address>0x17c8</run_address>
         <size>0x148</size>
         <input_file_ref idref="fl-e3"/>
      </object_component>
      <object_component id="oc-5f4">
         <name>.text:HandleRequest</name>
         <load_address>0x1910</load_address>
         <run_address>0x1910</run_address>
         <size>0x114</size>
         <input_file_ref idref="fl-e4"/>
      </object_component>
      <object_component id="oc-6f8">
         <name>.text:iDMAUSBTransfer</name>
         <load_address>0x1a24</load_address>
         <run_address>0x1a24</run_address>
         <size>0xf4</size>
         <input_file_ref idref="fl-df"/>
      </object_component>
      <object_component id="oc-59f">
         <name>.text:USBDGetDescriptor</name>
         <load_address>0x1b18</load_address>
         <run_address>0x1b18</run_address>
         <size>0xe4</size>
         <input_file_ref idref="fl-db"/>
      </object_component>
      <object_component id="oc-2fe">
         <name>.text:USBDHIDCompositeInit</name>
         <load_address>0x1bfc</load_address>
         <run_address>0x1bfc</run_address>
         <size>0xe0</size>
         <input_file_ref idref="fl-e4"/>
      </object_component>
      <object_component id="oc-1ab">
         <name>.text:USBDeviceEnumHandler</name>
         <load_address>0x1cdc</load_address>
         <run_address>0x1cdc</run_address>
         <size>0xd8</size>
         <input_file_ref idref="fl-db"/>
      </object_component>
      <object_component id="oc-1f2">
         <name>.text:USBDCompositeInit</name>
         <load_address>0x1db4</load_address>
         <run_address>0x1db4</run_address>
         <size>0xd4</size>
         <input_file_ref idref="fl-da"/>
      </object_component>
      <object_component id="oc-686">
         <name>.text:uDMAUSBChannelAllocate</name>
         <load_address>0x1e88</load_address>
         <run_address>0x1e88</run_address>
         <size>0xc4</size>
         <input_file_ref idref="fl-df"/>
      </object_component>
      <object_component id="oc-6c8">
         <name>.text:uDMAUSBTransfer</name>
         <load_address>0x1f4c</load_address>
         <run_address>0x1f4c</run_address>
         <size>0xbc</size>
         <input_file_ref idref="fl-df"/>
      </object_component>
      <object_component id="oc-2ec">
         <name>.text:UARTStdioConfig</name>
         <load_address>0x2008</load_address>
         <run_address>0x2008</run_address>
         <size>0xb0</size>
         <input_file_ref idref="fl-8"/>
      </object_component>
      <object_component id="oc-ae">
         <name>.text:UARTwrite</name>
         <load_address>0x20b8</load_address>
         <run_address>0x20b8</run_address>
         <size>0xa8</size>
         <input_file_ref idref="fl-8"/>
      </object_component>
      <object_component id="oc-304">
         <name>.text:HIDKeyboardRxHandler</name>
         <load_address>0x2160</load_address>
         <run_address>0x2160</run_address>
         <size>0xa6</size>
         <input_file_ref idref="fl-dd"/>
      </object_component>
      <object_component id="oc-2a">
         <name>.text:NmiSR</name>
         <load_address>0x2206</load_address>
         <run_address>0x2206</run_address>
         <size>0x2</size>
         <input_file_ref idref="fl-4"/>
      </object_component>
      <object_component id="oc-1ec">
         <name>.text:USBDHIDKeyboardCompositeInit</name>
         <load_address>0x2208</load_address>
         <run_address>0x2208</run_address>
         <size>0x9c</size>
         <input_file_ref idref="fl-dd"/>
      </object_component>
      <object_component id="oc-68">
         <name>.text</name>
         <load_address>0x22a4</load_address>
         <run_address>0x22a4</run_address>
         <size>0x9c</size>
         <input_file_ref idref="fl-cb"/>
      </object_component>
      <object_component id="oc-5bd">
         <name>.text:USBDSetInterface</name>
         <load_address>0x2340</load_address>
         <run_address>0x2340</run_address>
         <size>0x98</size>
         <input_file_ref idref="fl-db"/>
      </object_component>
      <object_component id="oc-5b1">
         <name>.text:USBDSetConfiguration</name>
         <load_address>0x23d8</load_address>
         <run_address>0x23d8</run_address>
         <size>0x90</size>
         <input_file_ref idref="fl-db"/>
      </object_component>
      <object_component id="oc-a2">
         <name>.text:UARTPrimeTransmit</name>
         <load_address>0x2468</load_address>
         <run_address>0x2468</run_address>
         <size>0x8c</size>
         <input_file_ref idref="fl-8"/>
      </object_component>
      <object_component id="oc-783">
         <name>.text:USBDeviceConfigAlternate</name>
         <load_address>0x24f4</load_address>
         <run_address>0x24f4</run_address>
         <size>0x8c</size>
         <input_file_ref idref="fl-e3"/>
      </object_component>
      <object_component id="oc-634">
         <name>.text:ProcessIdleTimers</name>
         <load_address>0x2580</load_address>
         <run_address>0x2580</run_address>
         <size>0x88</size>
         <input_file_ref idref="fl-e4"/>
      </object_component>
      <object_component id="oc-356">
         <name>.text:USBDHIDKeyboardKeyStateChange</name>
         <load_address>0x2608</load_address>
         <run_address>0x2608</run_address>
         <size>0x86</size>
         <input_file_ref idref="fl-dd"/>
      </object_component>
      <object_component id="oc-6da">
         <name>.text:iDMAUSBChannelAllocate</name>
         <load_address>0x268e</load_address>
         <run_address>0x268e</run_address>
         <size>0x84</size>
         <input_file_ref idref="fl-df"/>
      </object_component>
      <object_component id="oc-6d4">
         <name>.text:iDMAUSBArbSizeSet</name>
         <load_address>0x2712</load_address>
         <run_address>0x2712</run_address>
         <size>0x2</size>
         <input_file_ref idref="fl-df"/>
      </object_component>
      <object_component id="oc-82f">
         <name>.text:uDMAChannelTransferSet</name>
         <load_address>0x2714</load_address>
         <run_address>0x2714</run_address>
         <size>0x84</size>
         <input_file_ref idref="fl-e6"/>
      </object_component>
      <object_component id="oc-58d">
         <name>.text:USBDClearFeature</name>
         <load_address>0x2798</load_address>
         <run_address>0x2798</run_address>
         <size>0x80</size>
         <input_file_ref idref="fl-db"/>
      </object_component>
      <object_component id="oc-210">
         <name>.text:USBKeyboardUpdate</name>
         <load_address>0x2818</load_address>
         <run_address>0x2818</run_address>
         <size>0x80</size>
         <input_file_ref idref="fl-5"/>
      </object_component>
      <object_component id="oc-895">
         <name>.text:USBDevEndpointConfigSet</name>
         <load_address>0x2898</load_address>
         <run_address>0x2898</run_address>
         <size>0x7a</size>
         <input_file_ref idref="fl-e7"/>
      </object_component>
      <object_component id="oc-113">
         <name>.text</name>
         <load_address>0x2912</load_address>
         <run_address>0x2912</run_address>
         <size>0x7a</size>
         <input_file_ref idref="fl-ca"/>
      </object_component>
      <object_component id="oc-587">
         <name>.text:USBDGetStatus</name>
         <load_address>0x298c</load_address>
         <run_address>0x298c</run_address>
         <size>0x78</size>
         <input_file_ref idref="fl-db"/>
      </object_component>
      <object_component id="oc-2bf">
         <name>.text:USBDEP0StateTx</name>
         <load_address>0x2a04</load_address>
         <run_address>0x2a04</run_address>
         <size>0x70</size>
         <input_file_ref idref="fl-db"/>
      </object_component>
      <object_component id="oc-680">
         <name>.text:uDMAUSBArbSizeSet</name>
         <load_address>0x2a74</load_address>
         <run_address>0x2a74</run_address>
         <size>0x70</size>
         <input_file_ref idref="fl-df"/>
      </object_component>
      <object_component id="oc-6ce">
         <name>.text:uDMAUSBUnitSizeSet</name>
         <load_address>0x2ae4</load_address>
         <run_address>0x2ae4</run_address>
         <size>0x70</size>
         <input_file_ref idref="fl-df"/>
      </object_component>
      <object_component id="oc-367">
         <name>.text:USBEventHandler</name>
         <load_address>0x2b54</load_address>
         <run_address>0x2b54</run_address>
         <size>0x6d</size>
         <input_file_ref idref="fl-3"/>
      </object_component>
      <object_component id="oc-710">
         <name>.text:iDMAUSBUnitSizeSet</name>
         <load_address>0x2bc2</load_address>
         <run_address>0x2bc2</run_address>
         <size>0x2</size>
         <input_file_ref idref="fl-df"/>
      </object_component>
      <object_component id="oc-593">
         <name>.text:USBDSetFeature</name>
         <load_address>0x2bc4</load_address>
         <run_address>0x2bc4</run_address>
         <size>0x6c</size>
         <input_file_ref idref="fl-db"/>
      </object_component>
      <object_component id="oc-808">
         <name>.text:IntDisable</name>
         <load_address>0x2c30</load_address>
         <run_address>0x2c30</run_address>
         <size>0x68</size>
         <input_file_ref idref="fl-d4"/>
      </object_component>
      <object_component id="oc-4c8">
         <name>.text:IntEnable</name>
         <load_address>0x2c98</load_address>
         <run_address>0x2c98</run_address>
         <size>0x68</size>
         <input_file_ref idref="fl-d4"/>
      </object_component>
      <object_component id="oc-12">
         <name>.text:decompress:lzss:__TI_decompress_lzss</name>
         <load_address>0x2d00</load_address>
         <run_address>0x2d00</run_address>
         <size>0x68</size>
         <input_file_ref idref="fl-c7"/>
      </object_component>
      <object_component id="oc-1da">
         <name>.text:ConfigureUART</name>
         <load_address>0x2d68</load_address>
         <run_address>0x2d68</run_address>
         <size>0x64</size>
         <input_file_ref idref="fl-3"/>
      </object_component>
      <object_component id="oc-4d0">
         <name>.text:GetDescriptor</name>
         <load_address>0x2dcc</load_address>
         <run_address>0x2dcc</run_address>
         <size>0x64</size>
         <input_file_ref idref="fl-da"/>
      </object_component>
      <object_component id="oc-5ee">
         <name>.text:HandleGetDescriptor</name>
         <load_address>0x2e30</load_address>
         <run_address>0x2e30</run_address>
         <size>0x64</size>
         <input_file_ref idref="fl-e4"/>
      </object_component>
      <object_component id="oc-4d6">
         <name>.text:HandleRequests</name>
         <load_address>0x2e94</load_address>
         <run_address>0x2e94</run_address>
         <size>0x64</size>
         <input_file_ref idref="fl-da"/>
      </object_component>
      <object_component id="oc-802">
         <name>.text:IntIsEnabled</name>
         <load_address>0x2ef8</load_address>
         <run_address>0x2ef8</run_address>
         <size>0x64</size>
         <input_file_ref idref="fl-d4"/>
      </object_component>
      <object_component id="oc-692">
         <name>.text:uDMAUSBChannelEnable</name>
         <load_address>0x2f5c</load_address>
         <run_address>0x2f5c</run_address>
         <size>0x64</size>
         <input_file_ref idref="fl-df"/>
      </object_component>
      <object_component id="oc-512">
         <name>.text:HandleDevice</name>
         <load_address>0x2fc0</load_address>
         <run_address>0x2fc0</run_address>
         <size>0x60</size>
         <input_file_ref idref="fl-da"/>
      </object_component>
      <object_component id="oc-62a">
         <name>.text:HandleDevice</name>
         <load_address>0x3020</load_address>
         <run_address>0x3020</run_address>
         <size>0x60</size>
         <input_file_ref idref="fl-e4"/>
      </object_component>
      <object_component id="oc-7c2">
         <name>.text:ProcessDataFromHost</name>
         <load_address>0x3080</load_address>
         <run_address>0x3080</run_address>
         <size>0x60</size>
         <input_file_ref idref="fl-e4"/>
      </object_component>
      <object_component id="oc-2b3">
         <name>.text:USBDReadAndDispatchRequest</name>
         <load_address>0x30e0</load_address>
         <run_address>0x30e0</run_address>
         <size>0x60</size>
         <input_file_ref idref="fl-db"/>
      </object_component>
      <object_component id="oc-29b">
         <name>.text:USBDevEndpointStatusClear</name>
         <load_address>0x3140</load_address>
         <run_address>0x3140</run_address>
         <size>0x5e</size>
         <input_file_ref idref="fl-e7"/>
      </object_component>
      <object_component id="oc-79b">
         <name>.text:FindHIDDescriptor</name>
         <load_address>0x319e</load_address>
         <run_address>0x319e</run_address>
         <size>0x5c</size>
         <input_file_ref idref="fl-e4"/>
      </object_component>
      <object_component id="oc-53a">
         <name>.text:RemoveKeyFromPressedList</name>
         <load_address>0x31fa</load_address>
         <run_address>0x31fa</run_address>
         <size>0x56</size>
         <input_file_ref idref="fl-dd"/>
      </object_component>
      <object_component id="oc-6a4">
         <name>.text:uDMAUSBChannelRelease</name>
         <load_address>0x3250</load_address>
         <run_address>0x3250</run_address>
         <size>0x56</size>
         <input_file_ref idref="fl-df"/>
      </object_component>
      <object_component id="oc-7c8">
         <name>.text:ProcessDataToHost</name>
         <load_address>0x32a6</load_address>
         <run_address>0x32a6</run_address>
         <size>0x54</size>
         <input_file_ref idref="fl-e4"/>
      </object_component>
      <object_component id="oc-486">
         <name>.text:ULPIConfigSet</name>
         <load_address>0x32fa</load_address>
         <run_address>0x32fa</run_address>
         <size>0x52</size>
         <input_file_ref idref="fl-e0"/>
      </object_component>
      <object_component id="oc-46e">
         <name>.text:SysCtlPeripheralReset</name>
         <load_address>0x334c</load_address>
         <run_address>0x334c</run_address>
         <size>0x50</size>
         <input_file_ref idref="fl-e5"/>
      </object_component>
      <object_component id="oc-78d">
         <name>.text:USBDCDConfigDescGet</name>
         <load_address>0x339c</load_address>
         <run_address>0x339c</run_address>
         <size>0x50</size>
         <input_file_ref idref="fl-e2"/>
      </object_component>
      <object_component id="oc-18d">
         <name>.text:USBDeviceResumeTickHandler</name>
         <load_address>0x33ec</load_address>
         <run_address>0x33ec</run_address>
         <size>0x50</size>
         <input_file_ref idref="fl-db"/>
      </object_component>
      <object_component id="oc-88f">
         <name>.text:GetEPDescriptorType</name>
         <load_address>0x343c</load_address>
         <run_address>0x343c</run_address>
         <size>0x4c</size>
         <input_file_ref idref="fl-e3"/>
      </object_component>
      <object_component id="oc-76c">
         <name>.text:USBDStringIndexFromRequest</name>
         <load_address>0x3488</load_address>
         <run_address>0x3488</run_address>
         <size>0x4c</size>
         <input_file_ref idref="fl-db"/>
      </object_component>
      <object_component id="oc-83b">
         <name>.text:USBEndpointDMAConfigSet</name>
         <load_address>0x34d4</load_address>
         <run_address>0x34d4</run_address>
         <size>0x4c</size>
         <input_file_ref idref="fl-e7"/>
      </object_component>
      <object_component id="oc-704">
         <name>.text:iDMAUSBChannelEnable</name>
         <load_address>0x3520</load_address>
         <run_address>0x3520</run_address>
         <size>0x4c</size>
         <input_file_ref idref="fl-df"/>
      </object_component>
      <object_component id="oc-793">
         <name>.text:ConfigAlternateInterfaceGet</name>
         <load_address>0x356c</load_address>
         <run_address>0x356c</run_address>
         <size>0x4a</size>
         <input_file_ref idref="fl-e2"/>
      </object_component>
      <object_component id="oc-43b">
         <name>.text:USBDHIDReportWrite</name>
         <load_address>0x35b6</load_address>
         <run_address>0x35b6</run_address>
         <size>0x4a</size>
         <input_file_ref idref="fl-e4"/>
      </object_component>
      <object_component id="oc-763">
         <name>.text:USBDevEndpointStallClear</name>
         <load_address>0x3600</load_address>
         <run_address>0x3600</run_address>
         <size>0x4a</size>
         <input_file_ref idref="fl-e7"/>
      </object_component>
      <object_component id="oc-68c">
         <name>.text:uDMAUSBChannelDisable</name>
         <load_address>0x364a</load_address>
         <run_address>0x364a</run_address>
         <size>0x4a</size>
         <input_file_ref idref="fl-df"/>
      </object_component>
      <object_component id="oc-7b4">
         <name>.text:SetIdleTimeout</name>
         <load_address>0x3694</load_address>
         <run_address>0x3694</run_address>
         <size>0x48</size>
         <input_file_ref idref="fl-e4"/>
      </object_component>
      <object_component id="oc-187">
         <name>.text:USBDeviceEnumResetHandler</name>
         <load_address>0x36dc</load_address>
         <run_address>0x36dc</run_address>
         <size>0x48</size>
         <input_file_ref idref="fl-db"/>
      </object_component>
      <object_component id="oc-7ee">
         <name>.text:uDMAChannelAttributeDisable</name>
         <load_address>0x3724</load_address>
         <run_address>0x3724</run_address>
         <size>0x48</size>
         <input_file_ref idref="fl-e6"/>
      </object_component>
      <object_component id="oc-2a7">
         <name>.text:USBEndpointDataGet</name>
         <load_address>0x376c</load_address>
         <run_address>0x376c</run_address>
         <size>0x46</size>
         <input_file_ref idref="fl-e7"/>
      </object_component>
      <object_component id="oc-73d">
         <name>.text</name>
         <load_address>0x37b2</load_address>
         <run_address>0x37b2</run_address>
         <size>0x2</size>
         <input_file_ref idref="fl-c9"/>
      </object_component>
      <object_component id="oc-315">
         <name>.text:USBDCDDeviceInfoInit</name>
         <load_address>0x37b4</load_address>
         <run_address>0x37b4</run_address>
         <size>0x44</size>
         <input_file_ref idref="fl-db"/>
      </object_component>
      <object_component id="oc-5b7">
         <name>.text:USBDGetInterface</name>
         <load_address>0x37f8</load_address>
         <run_address>0x37f8</run_address>
         <size>0x44</size>
         <input_file_ref idref="fl-db"/>
      </object_component>
      <object_component id="oc-249">
         <name>.text:__TI_auto_init_nobinit_nopinit:__TI_auto_init_nobinit_nopinit</name>
         <load_address>0x383c</load_address>
         <run_address>0x383c</run_address>
         <size>0x44</size>
         <input_file_ref idref="fl-cc"/>
      </object_component>
      <object_component id="oc-4e2">
         <name>.text:ConfigChangeHandler</name>
         <load_address>0x3880</load_address>
         <run_address>0x3880</run_address>
         <size>0x40</size>
         <input_file_ref idref="fl-da"/>
      </object_component>
      <object_component id="oc-649">
         <name>.text:ScheduleReportTransmission</name>
         <load_address>0x38c0</load_address>
         <run_address>0x38c0</run_address>
         <size>0x40</size>
         <input_file_ref idref="fl-e4"/>
      </object_component>
      <object_component id="oc-52a">
         <name>.text</name>
         <load_address>0x3900</load_address>
         <run_address>0x3900</run_address>
         <size>0x40</size>
         <input_file_ref idref="fl-c4"/>
      </object_component>
      <object_component id="oc-30a">
         <name>.text:HIDKeyboardTxHandler</name>
         <load_address>0x3940</load_address>
         <run_address>0x3940</run_address>
         <size>0x3e</size>
         <input_file_ref idref="fl-dd"/>
      </object_component>
      <object_component id="oc-69e">
         <name>.text:uDMAUSBChannelIntDisable</name>
         <load_address>0x397e</load_address>
         <run_address>0x397e</run_address>
         <size>0x2</size>
         <input_file_ref idref="fl-df"/>
      </object_component>
      <object_component id="oc-3e3">
         <name>.text:UARTFlushTx</name>
         <load_address>0x3980</load_address>
         <run_address>0x3980</run_address>
         <size>0x3c</size>
         <input_file_ref idref="fl-8"/>
      </object_component>
      <object_component id="oc-6fe">
         <name>.text:iDMAUSBChannelRelease</name>
         <load_address>0x39bc</load_address>
         <run_address>0x39bc</run_address>
         <size>0x3c</size>
         <input_file_ref idref="fl-df"/>
      </object_component>
      <object_component id="oc-720">
         <name>.text:EndpointToIndex</name>
         <load_address>0x39f8</load_address>
         <run_address>0x39f8</run_address>
         <size>0x3a</size>
         <input_file_ref idref="fl-da"/>
      </object_component>
      <object_component id="oc-8a1">
         <name>.text:USBFIFOConfigSet</name>
         <load_address>0x3a32</load_address>
         <run_address>0x3a32</run_address>
         <size>0x3a</size>
         <input_file_ref idref="fl-e7"/>
      </object_component>
      <object_component id="oc-506">
         <name>.text:HandleDisconnect</name>
         <load_address>0x3a6c</load_address>
         <run_address>0x3a6c</run_address>
         <size>0x38</size>
         <input_file_ref idref="fl-da"/>
      </object_component>
      <object_component id="oc-426">
         <name>.text:InternalUSBRegisterTickHandler</name>
         <load_address>0x3aa4</load_address>
         <run_address>0x3aa4</run_address>
         <size>0x38</size>
         <input_file_ref idref="fl-d8"/>
      </object_component>
      <object_component id="oc-193">
         <name>.text:InternalUSBStartOfFrameTick</name>
         <load_address>0x3adc</load_address>
         <run_address>0x3adc</run_address>
         <size>0x38</size>
         <input_file_ref idref="fl-d8"/>
      </object_component>
      <object_component id="oc-4f4">
         <name>.text:ResetHandler</name>
         <load_address>0x3b14</load_address>
         <run_address>0x3b14</run_address>
         <size>0x38</size>
         <input_file_ref idref="fl-da"/>
      </object_component>
      <object_component id="oc-500">
         <name>.text:ResumeHandler</name>
         <load_address>0x3b4c</load_address>
         <run_address>0x3b4c</run_address>
         <size>0x38</size>
         <input_file_ref idref="fl-da"/>
      </object_component>
      <object_component id="oc-4fa">
         <name>.text:SuspendHandler</name>
         <load_address>0x3b84</load_address>
         <run_address>0x3b84</run_address>
         <size>0x38</size>
         <input_file_ref idref="fl-da"/>
      </object_component>
      <object_component id="oc-414">
         <name>.text:USBDCDConfigGetInterfaceEndpoint</name>
         <load_address>0x3bbc</load_address>
         <run_address>0x3bbc</run_address>
         <size>0x38</size>
         <input_file_ref idref="fl-e2"/>
      </object_component>
      <object_component id="oc-e4">
         <name>.text:USBIntStatusControl</name>
         <load_address>0x3bf4</load_address>
         <run_address>0x3bf4</run_address>
         <size>0x38</size>
         <input_file_ref idref="fl-e7"/>
      </object_component>
      <object_component id="oc-86">
         <name>.text:_c_int00_noargs:_c_int00_noargs</name>
         <load_address>0x3c2c</load_address>
         <run_address>0x3c2c</run_address>
         <size>0x38</size>
         <input_file_ref idref="fl-c8"/>
      </object_component>
      <object_component id="oc-624">
         <name>.text:HandleEndpoints</name>
         <load_address>0x3c64</load_address>
         <run_address>0x3c64</run_address>
         <size>0x36</size>
         <input_file_ref idref="fl-e4"/>
      </object_component>
      <object_component id="oc-4dc">
         <name>.text:InterfaceChange</name>
         <load_address>0x3c9a</load_address>
         <run_address>0x3c9a</run_address>
         <size>0x36</size>
         <input_file_ref idref="fl-da"/>
      </object_component>
      <object_component id="oc-3c4">
         <name>.text:USBEndpointDataPut</name>
         <load_address>0x3cd0</load_address>
         <run_address>0x3cd0</run_address>
         <size>0x36</size>
         <input_file_ref idref="fl-e7"/>
      </object_component>
      <object_component id="oc-698">
         <name>.text:uDMAUSBChannelIntEnable</name>
         <load_address>0x3d06</load_address>
         <run_address>0x3d06</run_address>
         <size>0x2</size>
         <input_file_ref idref="fl-df"/>
      </object_component>
      <object_component id="oc-432">
         <name>.text:HIDTickHandler</name>
         <load_address>0x3d08</load_address>
         <run_address>0x3d08</run_address>
         <size>0x34</size>
         <input_file_ref idref="fl-e4"/>
      </object_component>
      <object_component id="oc-31b">
         <name>.text:SysCtlPeripheralEnable</name>
         <load_address>0x3d3c</load_address>
         <run_address>0x3d3c</run_address>
         <size>0x34</size>
         <input_file_ref idref="fl-e5"/>
      </object_component>
      <object_component id="oc-3ca">
         <name>.text:USBEndpointDataSend</name>
         <load_address>0x3d70</load_address>
         <run_address>0x3d70</run_address>
         <size>0x34</size>
         <input_file_ref idref="fl-e7"/>
      </object_component>
      <object_component id="oc-35f">
         <name>.text:USBKeyboardHandler</name>
         <load_address>0x3da4</load_address>
         <run_address>0x3da4</run_address>
         <size>0x34</size>
         <input_file_ref idref="fl-5"/>
      </object_component>
      <object_component id="oc-6e0">
         <name>.text:iDMAUSBChannelStatus</name>
         <load_address>0x3dd8</load_address>
         <run_address>0x3dd8</run_address>
         <size>0x34</size>
         <input_file_ref idref="fl-df"/>
      </object_component>
      <object_component id="oc-643">
         <name>.text:ClearReportTimer</name>
         <load_address>0x3e0c</load_address>
         <run_address>0x3e0c</run_address>
         <size>0x32</size>
         <input_file_ref idref="fl-e4"/>
      </object_component>
      <object_component id="oc-5fa">
         <name>.text:HandleConfigChange</name>
         <load_address>0x3e3e</load_address>
         <run_address>0x3e3e</run_address>
         <size>0x32</size>
         <input_file_ref idref="fl-e4"/>
      </object_component>
      <object_component id="oc-5e4">
         <name>.text:NextConfigDescGet</name>
         <load_address>0x3e70</load_address>
         <run_address>0x3e70</run_address>
         <size>0x32</size>
         <input_file_ref idref="fl-e2"/>
      </object_component>
      <object_component id="oc-57e">
         <name>.text:USBDevEndpointStall</name>
         <load_address>0x3ea2</load_address>
         <run_address>0x3ea2</run_address>
         <size>0x32</size>
         <input_file_ref idref="fl-e7"/>
      </object_component>
      <object_component id="oc-70a">
         <name>.text:iDMAUSBChannelDisable</name>
         <load_address>0x3ed4</load_address>
         <run_address>0x3ed4</run_address>
         <size>0x32</size>
         <input_file_ref idref="fl-df"/>
      </object_component>
      <object_component id="oc-540">
         <name>.text:AddKeyToPressedList</name>
         <load_address>0x3f06</load_address>
         <run_address>0x3f06</run_address>
         <size>0x30</size>
         <input_file_ref idref="fl-dd"/>
      </object_component>
      <object_component id="oc-6b0">
         <name>.text:DMAUSBIntHandler</name>
         <load_address>0x3f36</load_address>
         <run_address>0x3f36</run_address>
         <size>0x30</size>
         <input_file_ref idref="fl-df"/>
      </object_component>
      <object_component id="oc-420">
         <name>.text:InternalUSBTickInit</name>
         <load_address>0x3f68</load_address>
         <run_address>0x3f68</run_address>
         <size>0x30</size>
         <input_file_ref idref="fl-d8"/>
      </object_component>
      <object_component id="oc-5ab">
         <name>.text:USBDGetConfiguration</name>
         <load_address>0x3f98</load_address>
         <run_address>0x3f98</run_address>
         <size>0x30</size>
         <input_file_ref idref="fl-db"/>
      </object_component>
      <object_component id="oc-50c">
         <name>.text:HandleEndpoints</name>
         <load_address>0x3fc8</load_address>
         <run_address>0x3fc8</run_address>
         <size>0x2e</size>
         <input_file_ref idref="fl-da"/>
      </object_component>
      <object_component id="oc-726">
         <name>.text:InterfaceToIndex</name>
         <load_address>0x3ff6</load_address>
         <run_address>0x3ff6</run_address>
         <size>0x2c</size>
         <input_file_ref idref="fl-da"/>
      </object_component>
      <object_component id="oc-3dd">
         <name>.text:UARTFlushRx</name>
         <load_address>0x4024</load_address>
         <run_address>0x4024</run_address>
         <size>0x2c</size>
         <input_file_ref idref="fl-8"/>
      </object_component>
      <object_component id="oc-8b1">
         <name>.text:USBDescGet</name>
         <load_address>0x4050</load_address>
         <run_address>0x4050</run_address>
         <size>0x2c</size>
         <input_file_ref idref="fl-de"/>
      </object_component>
      <object_component id="oc-6b6">
         <name>.text:uDMAUSBIntStatus</name>
         <load_address>0x407c</load_address>
         <run_address>0x407c</run_address>
         <size>0x2c</size>
         <input_file_ref idref="fl-df"/>
      </object_component>
      <object_component id="oc-77d">
         <name>.text:USBDCDConfigDescGetNum</name>
         <load_address>0x40a8</load_address>
         <run_address>0x40a8</run_address>
         <size>0x2a</size>
         <input_file_ref idref="fl-e2"/>
      </object_component>
      <object_component id="oc-8a9">
         <name>.text:USBDescGetNum</name>
         <load_address>0x40d2</load_address>
         <run_address>0x40d2</run_address>
         <size>0x2a</size>
         <input_file_ref idref="fl-de"/>
      </object_component>
      <object_component id="oc-2ad">
         <name>.text:USBDevEndpointDataAck</name>
         <load_address>0x40fc</load_address>
         <run_address>0x40fc</run_address>
         <size>0x2a</size>
         <input_file_ref idref="fl-e7"/>
      </object_component>
      <object_component id="oc-7ae">
         <name>.text:GetIdleTimeout</name>
         <load_address>0x4126</load_address>
         <run_address>0x4126</run_address>
         <size>0x28</size>
         <input_file_ref idref="fl-e4"/>
      </object_component>
      <object_component id="oc-350">
         <name>.text:GetUsageCode</name>
         <load_address>0x4150</load_address>
         <run_address>0x4150</run_address>
         <size>0x28</size>
         <input_file_ref idref="fl-5"/>
      </object_component>
      <object_component id="oc-600">
         <name>.text:HandleEP0DataReceived</name>
         <load_address>0x4178</load_address>
         <run_address>0x4178</run_address>
         <size>0x28</size>
         <input_file_ref idref="fl-e4"/>
      </object_component>
      <object_component id="oc-599">
         <name>.text:USBDSetAddress</name>
         <load_address>0x41a0</load_address>
         <run_address>0x41a0</run_address>
         <size>0x28</size>
         <input_file_ref idref="fl-db"/>
      </object_component>
      <object_component id="oc-4b6">
         <name>.text:USBIntEnableControl</name>
         <load_address>0x41c8</load_address>
         <run_address>0x41c8</run_address>
         <size>0x28</size>
         <input_file_ref idref="fl-e7"/>
      </object_component>
      <object_component id="oc-820">
         <name>.text:uDMAChannelModeGet</name>
         <load_address>0x41f0</load_address>
         <run_address>0x41f0</run_address>
         <size>0x28</size>
         <input_file_ref idref="fl-e6"/>
      </object_component>
      <object_component id="oc-7f4">
         <name>.text:USBEndpointDMADisable</name>
         <load_address>0x4218</load_address>
         <run_address>0x4218</run_address>
         <size>0x24</size>
         <input_file_ref idref="fl-e7"/>
      </object_component>
      <object_component id="oc-80e">
         <name>.text:USBEndpointDMAEnable</name>
         <load_address>0x423c</load_address>
         <run_address>0x423c</run_address>
         <size>0x24</size>
         <input_file_ref idref="fl-e7"/>
      </object_component>
      <object_component id="oc-1e0">
         <name>.text:USBStackModeSet</name>
         <load_address>0x4260</load_address>
         <run_address>0x4260</run_address>
         <size>0x24</size>
         <input_file_ref idref="fl-d7"/>
      </object_component>
      <object_component id="oc-7e1">
         <name>.text:uDMAChannelControlSet</name>
         <load_address>0x4284</load_address>
         <run_address>0x4284</run_address>
         <size>0x24</size>
         <input_file_ref idref="fl-e6"/>
      </object_component>
      <object_component id="oc-54">
         <name>.text:uDMAErrorHandler</name>
         <load_address>0x42a8</load_address>
         <run_address>0x42a8</run_address>
         <size>0x24</size>
         <input_file_ref idref="fl-3"/>
      </object_component>
      <object_component id="oc-4e8">
         <name>.text:DataReceived</name>
         <load_address>0x42cc</load_address>
         <run_address>0x42cc</run_address>
         <size>0x22</size>
         <input_file_ref idref="fl-da"/>
      </object_component>
      <object_component id="oc-4ee">
         <name>.text:DataSent</name>
         <load_address>0x42ee</load_address>
         <run_address>0x42ee</run_address>
         <size>0x22</size>
         <input_file_ref idref="fl-da"/>
      </object_component>
      <object_component id="oc-61e">
         <name>.text:HandleDisconnect</name>
         <load_address>0x4310</load_address>
         <run_address>0x4310</run_address>
         <size>0x22</size>
         <input_file_ref idref="fl-e4"/>
      </object_component>
      <object_component id="oc-6aa">
         <name>.text:uDMAUSBChannelStatus</name>
         <load_address>0x4332</load_address>
         <run_address>0x4332</run_address>
         <size>0x22</size>
         <input_file_ref idref="fl-df"/>
      </object_component>
      <object_component id="oc-89b">
         <name>.text:GetEndpointFIFOSize</name>
         <load_address>0x4354</load_address>
         <run_address>0x4354</run_address>
         <size>0x20</size>
         <input_file_ref idref="fl-e3"/>
      </object_component>
      <object_component id="oc-606">
         <name>.text:HandleEP0DataSent</name>
         <load_address>0x4374</load_address>
         <run_address>0x4374</run_address>
         <size>0x20</size>
         <input_file_ref idref="fl-e4"/>
      </object_component>
      <object_component id="oc-663">
         <name>.text:USBULPIRegRead</name>
         <load_address>0x4394</load_address>
         <run_address>0x4394</run_address>
         <size>0x1e</size>
         <input_file_ref idref="fl-e7"/>
      </object_component>
      <object_component id="oc-669">
         <name>.text:USBULPIRegWrite</name>
         <load_address>0x43b2</load_address>
         <run_address>0x43b2</run_address>
         <size>0x1e</size>
         <input_file_ref idref="fl-e7"/>
      </object_component>
      <object_component id="oc-461">
         <name>.text:CompositeEPChange</name>
         <load_address>0x43d0</load_address>
         <run_address>0x43d0</run_address>
         <size>0x1c</size>
         <input_file_ref idref="fl-da"/>
      </object_component>
      <object_component id="oc-467">
         <name>.text:CompositeIfaceChange</name>
         <load_address>0x43ec</load_address>
         <run_address>0x43ec</run_address>
         <size>0x1c</size>
         <input_file_ref idref="fl-da"/>
      </object_component>
      <object_component id="oc-5de">
         <name>.text:USBDCDConfigGetInterface</name>
         <load_address>0x4408</load_address>
         <run_address>0x4408</run_address>
         <size>0x1c</size>
         <input_file_ref idref="fl-e2"/>
      </object_component>
      <object_component id="oc-3b1">
         <name>.text:USBDCDStallEP0</name>
         <load_address>0x4424</load_address>
         <run_address>0x4424</run_address>
         <size>0x1c</size>
         <input_file_ref idref="fl-db"/>
      </object_component>
      <object_component id="oc-63a">
         <name>.text:USBEndpointDataAvail</name>
         <load_address>0x4440</load_address>
         <run_address>0x4440</run_address>
         <size>0x1c</size>
         <input_file_ref idref="fl-e7"/>
      </object_component>
      <object_component id="oc-41a">
         <name>.text:ClearIdleTimers</name>
         <load_address>0x445c</load_address>
         <run_address>0x445c</run_address>
         <size>0x1a</size>
         <input_file_ref idref="fl-e4"/>
      </object_component>
      <object_component id="oc-1f8">
         <name>.text:UARTprintf</name>
         <load_address>0x4476</load_address>
         <run_address>0x4476</run_address>
         <size>0x1a</size>
         <input_file_ref idref="fl-8"/>
      </object_component>
      <object_component id="oc-3be">
         <name>.text:USBDCDConfigDescGetSize</name>
         <load_address>0x4490</load_address>
         <run_address>0x4490</run_address>
         <size>0x1a</size>
         <input_file_ref idref="fl-e2"/>
      </object_component>
      <object_component id="oc-7e8">
         <name>.text:USBEndpointDMAChannel</name>
         <load_address>0x44aa</load_address>
         <run_address>0x44aa</run_address>
         <size>0x1a</size>
         <input_file_ref idref="fl-e7"/>
      </object_component>
      <object_component id="oc-b4">
         <name>.text:IsBufferFull</name>
         <load_address>0x44c4</load_address>
         <run_address>0x44c4</run_address>
         <size>0x18</size>
         <input_file_ref idref="fl-8"/>
      </object_component>
      <object_component id="oc-7d0">
         <name>.text:SetDeferredOpFlag</name>
         <load_address>0x44dc</load_address>
         <run_address>0x44dc</run_address>
         <size>0x18</size>
         <input_file_ref idref="fl-e4"/>
      </object_component>
      <object_component id="oc-4e">
         <name>.text:USB0DeviceIntHandler</name>
         <load_address>0x44f4</load_address>
         <run_address>0x44f4</run_address>
         <size>0x18</size>
         <input_file_ref idref="fl-dc"/>
      </object_component>
      <object_component id="oc-5a5">
         <name>.text:USBDSetDescriptor</name>
         <load_address>0x450c</load_address>
         <run_address>0x450c</run_address>
         <size>0x18</size>
         <input_file_ref idref="fl-db"/>
      </object_component>
      <object_component id="oc-5c3">
         <name>.text:USBDSyncFrame</name>
         <load_address>0x4524</load_address>
         <run_address>0x4524</run_address>
         <size>0x18</size>
         <input_file_ref idref="fl-db"/>
      </object_component>
      <object_component id="oc-7fb">
         <name>.text:uDMAChannelDisable</name>
         <load_address>0x453c</load_address>
         <run_address>0x453c</run_address>
         <size>0x18</size>
         <input_file_ref idref="fl-e6"/>
      </object_component>
      <object_component id="oc-814">
         <name>.text:uDMAChannelEnable</name>
         <load_address>0x4554</load_address>
         <run_address>0x4554</run_address>
         <size>0x18</size>
         <input_file_ref idref="fl-e6"/>
      </object_component>
      <object_component id="oc-4bc">
         <name>.text:USBIntEnableEndpoint</name>
         <load_address>0x456c</load_address>
         <run_address>0x456c</run_address>
         <size>0x16</size>
         <input_file_ref idref="fl-e7"/>
      </object_component>
      <object_component id="oc-20a">
         <name>.text:IsKeyboardPending</name>
         <load_address>0x4584</load_address>
         <run_address>0x4584</run_address>
         <size>0x14</size>
         <input_file_ref idref="fl-5"/>
      </object_component>
      <object_component id="oc-474">
         <name>.text:SysCtlUSBPLLEnable</name>
         <load_address>0x4598</load_address>
         <run_address>0x4598</run_address>
         <size>0x14</size>
         <input_file_ref idref="fl-e5"/>
      </object_component>
      <object_component id="oc-7a8">
         <name>.text:USBDCDRequestDataEP0</name>
         <load_address>0x45ac</load_address>
         <run_address>0x45ac</run_address>
         <size>0x14</size>
         <input_file_ref idref="fl-db"/>
      </object_component>
      <object_component id="oc-7a1">
         <name>.text:USBDCDSendDataEP0</name>
         <load_address>0x45c0</load_address>
         <run_address>0x45c0</run_address>
         <size>0x14</size>
         <input_file_ref idref="fl-db"/>
      </object_component>
      <object_component id="oc-873">
         <name>.text:USBDMAChannelConfigSet</name>
         <load_address>0x45d4</load_address>
         <run_address>0x45d4</run_address>
         <size>0x14</size>
         <input_file_ref idref="fl-e7"/>
      </object_component>
      <object_component id="oc-286">
         <name>.text:USBHostResume</name>
         <load_address>0x45e8</load_address>
         <run_address>0x45e8</run_address>
         <size>0x14</size>
         <input_file_ref idref="fl-e7"/>
      </object_component>
      <object_component id="oc-8dc">
         <name>.text:_USBIndexWrite</name>
         <load_address>0x45fc</load_address>
         <run_address>0x45fc</run_address>
         <size>0x14</size>
         <input_file_ref idref="fl-e7"/>
      </object_component>
      <object_component id="oc-618">
         <name>.text:HandleResume</name>
         <load_address>0x4610</load_address>
         <run_address>0x4610</run_address>
         <size>0x12</size>
         <input_file_ref idref="fl-e4"/>
      </object_component>
      <object_component id="oc-612">
         <name>.text:HandleSuspend</name>
         <load_address>0x4622</load_address>
         <run_address>0x4622</run_address>
         <size>0x12</size>
         <input_file_ref idref="fl-e4"/>
      </object_component>
      <object_component id="oc-844">
         <name>.text:USBDMAChannelDisable</name>
         <load_address>0x4634</load_address>
         <run_address>0x4634</run_address>
         <size>0x12</size>
         <input_file_ref idref="fl-e7"/>
      </object_component>
      <object_component id="oc-879">
         <name>.text:USBDMAChannelEnable</name>
         <load_address>0x4646</load_address>
         <run_address>0x4646</run_address>
         <size>0x12</size>
         <input_file_ref idref="fl-e7"/>
      </object_component>
      <object_component id="oc-860">
         <name>.text:USBDMAChannelIntDisable</name>
         <load_address>0x4658</load_address>
         <run_address>0x4658</run_address>
         <size>0x12</size>
         <input_file_ref idref="fl-e7"/>
      </object_component>
      <object_component id="oc-859">
         <name>.text:USBDMAChannelIntEnable</name>
         <load_address>0x466a</load_address>
         <run_address>0x466a</run_address>
         <size>0x12</size>
         <input_file_ref idref="fl-e7"/>
      </object_component>
      <object_component id="oc-2d9">
         <name>.text:ADCSequenceDMAEnable</name>
         <load_address>0x467c</load_address>
         <run_address>0x467c</run_address>
         <size>0x10</size>
         <input_file_ref idref="fl-d2"/>
      </object_component>
      <object_component id="oc-1fe">
         <name>.text:IntMasterEnable</name>
         <load_address>0x468c</load_address>
         <run_address>0x468c</run_address>
         <size>0x10</size>
         <input_file_ref idref="fl-d4"/>
      </object_component>
      <object_component id="oc-3c">
         <name>.text:SysTickIntHandler</name>
         <load_address>0x469c</load_address>
         <run_address>0x469c</run_address>
         <size>0x10</size>
         <input_file_ref idref="fl-3"/>
      </object_component>
      <object_component id="oc-295">
         <name>.text:USBEndpointStatus</name>
         <load_address>0x46ac</load_address>
         <run_address>0x46ac</run_address>
         <size>0x10</size>
         <input_file_ref idref="fl-e7"/>
      </object_component>
      <object_component id="oc-2df">
         <name>.text:ADCSequenceEnable</name>
         <load_address>0x46bc</load_address>
         <run_address>0x46bc</run_address>
         <size>0xe</size>
         <input_file_ref idref="fl-d2"/>
      </object_component>
      <object_component id="oc-6bc">
         <name>.text:DMAUSBIntStatusClear</name>
         <load_address>0x46ca</load_address>
         <run_address>0x46ca</run_address>
         <size>0xe</size>
         <input_file_ref idref="fl-df"/>
      </object_component>
      <object_component id="oc-a8">
         <name>.text:IsBufferEmpty</name>
         <load_address>0x46d8</load_address>
         <run_address>0x46d8</run_address>
         <size>0xe</size>
         <input_file_ref idref="fl-8"/>
      </object_component>
      <object_component id="oc-546">
         <name>.text:USBDHIDTxPacketAvailable</name>
         <load_address>0x46e6</load_address>
         <run_address>0x46e6</run_address>
         <size>0xe</size>
         <input_file_ref idref="fl-e4"/>
      </object_component>
      <object_component id="oc-84b">
         <name>.text:USBDMAChannelStatus</name>
         <load_address>0x46f4</load_address>
         <run_address>0x46f4</run_address>
         <size>0xe</size>
         <input_file_ref idref="fl-e7"/>
      </object_component>
      <object_component id="oc-49e">
         <name>.text:USBDevLPMDisable</name>
         <load_address>0x4702</load_address>
         <run_address>0x4702</run_address>
         <size>0xe</size>
         <input_file_ref idref="fl-e7"/>
      </object_component>
      <object_component id="oc-19f">
         <name>.text:USBDevLPMEnable</name>
         <load_address>0x4710</load_address>
         <run_address>0x4710</run_address>
         <size>0xe</size>
         <input_file_ref idref="fl-e7"/>
      </object_component>
      <object_component id="oc-48c">
         <name>.text:USBULPIDisable</name>
         <load_address>0x471e</load_address>
         <run_address>0x471e</run_address>
         <size>0xe</size>
         <input_file_ref idref="fl-e7"/>
      </object_component>
      <object_component id="oc-480">
         <name>.text:USBULPIEnable</name>
         <load_address>0x472c</load_address>
         <run_address>0x472c</run_address>
         <size>0xe</size>
         <input_file_ref idref="fl-e7"/>
      </object_component>
      <object_component id="oc-18">
         <name>.text:decompress:none:__TI_decompress_none</name>
         <load_address>0x473a</load_address>
         <run_address>0x473a</run_address>
         <size>0xe</size>
         <input_file_ref idref="fl-c6"/>
      </object_component>
      <object_component id="oc-346">
         <name>.text:CPUcpsie</name>
         <load_address>0x4748</load_address>
         <run_address>0x4748</run_address>
         <size>0xc</size>
         <input_file_ref idref="fl-d6"/>
      </object_component>
      <object_component id="oc-835">
         <name>.text:USBEndpointPacketCountSet</name>
         <load_address>0x4754</load_address>
         <run_address>0x4754</run_address>
         <size>0xc</size>
         <input_file_ref idref="fl-e7"/>
      </object_component>
      <object_component id="oc-1e6">
         <name>.text:USBKeyboardInit</name>
         <load_address>0x4760</load_address>
         <run_address>0x4760</run_address>
         <size>0xc</size>
         <input_file_ref idref="fl-5"/>
      </object_component>
      <object_component id="oc-4aa">
         <name>.text:USBLPMIntEnable</name>
         <load_address>0x476c</load_address>
         <run_address>0x476c</run_address>
         <size>0xc</size>
         <input_file_ref idref="fl-e7"/>
      </object_component>
      <object_component id="oc-7a">
         <name>.text:decompress:ZI:__TI_zero_init</name>
         <load_address>0x4778</load_address>
         <run_address>0x4778</run_address>
         <size>0xc</size>
         <input_file_ref idref="fl-c5"/>
      </object_component>
      <object_component id="oc-47a">
         <name>.text:USBClockEnable</name>
         <load_address>0x4784</load_address>
         <run_address>0x4784</run_address>
         <size>0xa</size>
         <input_file_ref idref="fl-e7"/>
      </object_component>
      <object_component id="oc-677">
         <name>.text:USBControllerVersion</name>
         <load_address>0x478e</load_address>
         <run_address>0x478e</run_address>
         <size>0xa</size>
         <input_file_ref idref="fl-e7"/>
      </object_component>
      <object_component id="oc-867">
         <name>.text:USBDMAChannelAddressSet</name>
         <load_address>0x4798</load_address>
         <run_address>0x4798</run_address>
         <size>0xa</size>
         <input_file_ref idref="fl-e7"/>
      </object_component>
      <object_component id="oc-86d">
         <name>.text:USBDMAChannelCountSet</name>
         <load_address>0x47a2</load_address>
         <run_address>0x47a2</run_address>
         <size>0xa</size>
         <input_file_ref idref="fl-e7"/>
      </object_component>
      <object_component id="oc-4c2">
         <name>.text:USBDevConnect</name>
         <load_address>0x47ac</load_address>
         <run_address>0x47ac</run_address>
         <size>0xa</size>
         <input_file_ref idref="fl-e7"/>
      </object_component>
      <object_component id="oc-1b1">
         <name>.text:USBDevDisconnect</name>
         <load_address>0x47b6</load_address>
         <run_address>0x47b6</run_address>
         <size>0xa</size>
         <input_file_ref idref="fl-e7"/>
      </object_component>
      <object_component id="oc-1a5">
         <name>.text:USBIntStatusEndpoint</name>
         <load_address>0x47c0</load_address>
         <run_address>0x47c0</run_address>
         <size>0xa</size>
         <input_file_ref idref="fl-e7"/>
      </object_component>
      <object_component id="oc-498">
         <name>.text:USBDevMode</name>
         <load_address>0x47ca</load_address>
         <run_address>0x47ca</run_address>
         <size>0x8</size>
         <input_file_ref idref="fl-e7"/>
      </object_component>
      <object_component id="oc-829">
         <name>.text:USBFIFOAddrGet</name>
         <load_address>0x47d2</load_address>
         <run_address>0x47d2</run_address>
         <size>0x8</size>
         <input_file_ref idref="fl-e7"/>
      </object_component>
      <object_component id="oc-492">
         <name>.text:USBOTGMode</name>
         <load_address>0x47da</load_address>
         <run_address>0x47da</run_address>
         <size>0x8</size>
         <input_file_ref idref="fl-e7"/>
      </object_component>
      <object_component id="oc-6f2">
         <name>.text:iDMAUSBChannelIntDisable</name>
         <load_address>0x47e2</load_address>
         <run_address>0x47e2</run_address>
         <size>0x8</size>
         <input_file_ref idref="fl-df"/>
      </object_component>
      <object_component id="oc-6ec">
         <name>.text:iDMAUSBChannelIntEnable</name>
         <load_address>0x47ea</load_address>
         <run_address>0x47ea</run_address>
         <size>0x8</size>
         <input_file_ref idref="fl-df"/>
      </object_component>
      <object_component id="oc-204">
         <name>.text:GPIOPinWrite</name>
         <load_address>0x47f2</load_address>
         <run_address>0x47f2</run_address>
         <size>0x6</size>
         <input_file_ref idref="fl-d3"/>
      </object_component>
      <object_component id="oc-24">
         <name>.text:ResetISR</name>
         <load_address>0x47f8</load_address>
         <run_address>0x47f8</run_address>
         <size>0x6</size>
         <input_file_ref idref="fl-4"/>
      </object_component>
      <object_component id="oc-2e6">
         <name>.text:UARTClockSourceSet</name>
         <load_address>0x47fe</load_address>
         <run_address>0x47fe</run_address>
         <size>0x6</size>
         <input_file_ref idref="fl-d5"/>
      </object_component>
      <object_component id="oc-852">
         <name>.text:USBDMAChannelIntStatus</name>
         <load_address>0x4804</load_address>
         <run_address>0x4804</run_address>
         <size>0x6</size>
         <input_file_ref idref="fl-e7"/>
      </object_component>
      <object_component id="oc-4a4">
         <name>.text:USBDevLPMConfig</name>
         <load_address>0x480a</load_address>
         <run_address>0x480a</run_address>
         <size>0x6</size>
         <input_file_ref idref="fl-e7"/>
      </object_component>
      <object_component id="oc-199">
         <name>.text:USBLPMIntStatus</name>
         <load_address>0x4810</load_address>
         <run_address>0x4810</run_address>
         <size>0x6</size>
         <input_file_ref idref="fl-e7"/>
      </object_component>
      <object_component id="oc-6e6">
         <name>.text:iDMAUSBIntStatus</name>
         <load_address>0x4816</load_address>
         <run_address>0x4816</run_address>
         <size>0x6</size>
         <input_file_ref idref="fl-df"/>
      </object_component>
      <object_component id="oc-6c2">
         <name>.text:DMAUSBStatus</name>
         <load_address>0x481c</load_address>
         <run_address>0x481c</run_address>
         <size>0x4</size>
         <input_file_ref idref="fl-df"/>
      </object_component>
      <object_component id="oc-60c">
         <name>.text:HandleReset</name>
         <load_address>0x4820</load_address>
         <run_address>0x4820</run_address>
         <size>0x4</size>
         <input_file_ref idref="fl-e4"/>
      </object_component>
      <object_component id="oc-2a1">
         <name>.text:USBDevAddrSet</name>
         <load_address>0x4824</load_address>
         <run_address>0x4824</run_address>
         <size>0x4</size>
         <input_file_ref idref="fl-e7"/>
      </object_component>
      <object_component id="oc-119">
         <name>.text:_system_pre_init</name>
         <load_address>0x4828</load_address>
         <run_address>0x4828</run_address>
         <size>0x4</size>
         <input_file_ref idref="fl-cd"/>
      </object_component>
      <object_component id="oc-23d">
         <name>.text:abort:abort</name>
         <load_address>0x482c</load_address>
         <run_address>0x482c</run_address>
         <size>0x4</size>
         <input_file_ref idref="fl-cf"/>
      </object_component>
      <object_component id="oc-22d">
         <name>.const:g_fftSignalA</name>
         <load_address>0x4830</load_address>
         <run_address>0x4830</run_address>
         <size>0x1000</size>
         <input_file_ref idref="fl-2"/>
      </object_component>
      <object_component id="oc-233">
         <name>.const:g_fftSignalB</name>
         <load_address>0x5830</load_address>
         <run_address>0x5830</run_address>
         <size>0x1000</size>
         <input_file_ref idref="fl-2"/>
      </object_component>
      <object_component id="oc-236">
         <name>.const:g_fftSignalC</name>
         <load_address>0x6830</load_address>
         <run_address>0x6830</run_address>
         <size>0x1000</size>
         <input_file_ref idref="fl-2"/>
      </object_component>
      <object_component id="oc-239">
         <name>.const:g_fftSignalD</name>
         <load_address>0x7830</load_address>
         <run_address>0x7830</run_address>
         <size>0x1000</size>
         <input_file_ref idref="fl-2"/>
      </object_component>
      <object_component id="oc-d1">
         <name>.const:g_filter</name>
         <load_address>0x8830</load_address>
         <run_address>0x8830</run_address>
         <size>0x128</size>
         <input_file_ref idref="fl-2"/>
      </object_component>
      <object_component id="oc-71b">
         <name>.const</name>
         <load_address>0x8958</load_address>
         <run_address>0x8958</run_address>
         <size>0x70</size>
         <input_file_ref idref="fl-d4"/>
      </object_component>
      <object_component id="oc-536">
         <name>.const:g_pcUsageCodes</name>
         <load_address>0x89c8</load_address>
         <run_address>0x89c8</run_address>
         <size>0x68</size>
         <input_file_ref idref="fl-5"/>
      </object_component>
      <object_component id="oc-448">
         <name>.const:.string:g_pui8KeybReportDescriptor</name>
         <load_address>0x8a30</load_address>
         <run_address>0x8a30</run_address>
         <size>0x3f</size>
         <input_file_ref idref="fl-dd"/>
      </object_component>
      <object_component id="oc-3ba">
         <name>.const:g_psUSBDStdRequests</name>
         <load_address>0x8a70</load_address>
         <run_address>0x8a70</run_address>
         <size>0x34</size>
         <input_file_ref idref="fl-db"/>
      </object_component>
      <object_component id="oc-310">
         <name>.const</name>
         <load_address>0x8aa4</load_address>
         <run_address>0x8aa4</run_address>
         <size>0x34</size>
         <input_file_ref idref="fl-dd"/>
      </object_component>
      <object_component id="oc-32d">
         <name>.const:g_sCompHandlers</name>
         <load_address>0x8ad8</load_address>
         <run_address>0x8ad8</run_address>
         <size>0x30</size>
         <input_file_ref idref="fl-da"/>
      </object_component>
      <object_component id="oc-42c">
         <name>.const:g_sHIDHandlers</name>
         <load_address>0x8b08</load_address>
         <run_address>0x8b08</run_address>
         <size>0x30</size>
         <input_file_ref idref="fl-e4"/>
      </object_component>
      <object_component id="oc-552">
         <name>.const:.string:g_pui8ManufacturerString</name>
         <load_address>0x8b38</load_address>
         <run_address>0x8b38</run_address>
         <size>0x24</size>
         <input_file_ref idref="fl-6"/>
      </object_component>
      <object_component id="oc-533">
         <name>.const:g_pcUsageCodesShift</name>
         <load_address>0x8b5c</load_address>
         <run_address>0x8b5c</run_address>
         <size>0x22</size>
         <input_file_ref idref="fl-5"/>
      </object_component>
      <object_component id="oc-555">
         <name>.const:.string:g_pui8ProductString</name>
         <load_address>0x8b7e</load_address>
         <run_address>0x8b7e</run_address>
         <size>0x1c</size>
         <input_file_ref idref="fl-6"/>
      </object_component>
      <object_component id="oc-558">
         <name>.const:.string:g_pui8SerialNumberString</name>
         <load_address>0x8b9a</load_address>
         <run_address>0x8b9a</run_address>
         <size>0x12</size>
         <input_file_ref idref="fl-6"/>
      </object_component>
      <object_component id="oc-36d">
         <name>.const:g_pui8StringDescriptors</name>
         <load_address>0x8bac</load_address>
         <run_address>0x8bac</run_address>
         <size>0x10</size>
         <input_file_ref idref="fl-6"/>
      </object_component>
      <object_component id="oc-445">
         <name>.const:.string</name>
         <load_address>0x8bbc</load_address>
         <run_address>0x8bbc</run_address>
         <size>0xe</size>
         <input_file_ref idref="fl-dd"/>
      </object_component>
      <object_component id="oc-221">
         <name>.const:.string:g_message</name>
         <load_address>0x8bca</load_address>
         <run_address>0x8bca</run_address>
         <size>0x2</size>
         <input_file_ref idref="fl-3"/>
      </object_component>
      <object_component id="oc-3ec">
         <name>.const:g_ui32UARTBase</name>
         <load_address>0x8bcc</load_address>
         <run_address>0x8bcc</run_address>
         <size>0xc</size>
         <input_file_ref idref="fl-8"/>
      </object_component>
      <object_component id="oc-160">
         <name>.const:g_ui32UARTInt</name>
         <load_address>0x8bd8</load_address>
         <run_address>0x8bd8</run_address>
         <size>0xc</size>
         <input_file_ref idref="fl-8"/>
      </object_component>
      <object_component id="oc-3e9">
         <name>.const:g_ui32UARTPeriph</name>
         <load_address>0x8be4</load_address>
         <run_address>0x8be4</run_address>
         <size>0xc</size>
         <input_file_ref idref="fl-8"/>
      </object_component>
      <object_component id="oc-336">
         <name>.const:.string</name>
         <load_address>0x8bf0</load_address>
         <run_address>0x8bf0</run_address>
         <size>0x9</size>
         <input_file_ref idref="fl-da"/>
      </object_component>
      <object_component id="oc-224">
         <name>.const:.string:g_spooky_message</name>
         <load_address>0x8bf9</load_address>
         <run_address>0x8bf9</run_address>
         <size>0x7</size>
         <input_file_ref idref="fl-3"/>
      </object_component>
      <object_component id="oc-54f">
         <name>.const:.string:g_pui8LangDescriptor</name>
         <load_address>0x8c00</load_address>
         <run_address>0x8c00</run_address>
         <size>0x4</size>
         <input_file_ref idref="fl-6"/>
      </object_component>
      <object_component id="oc-925">
         <name>.cinit..data.load</name>
         <load_address>0x8c08</load_address>
         <run_address>0x8c08</run_address>
         <size>0x9c</size>
      </object_component>
      <object_component id="oc-923">
         <name>__TI_handler_table</name>
         <load_address>0x8ca4</load_address>
         <run_address>0x8ca4</run_address>
         <size>0xc</size>
      </object_component>
      <object_component id="oc-926">
         <name>.cinit..bss.load</name>
         <load_address>0x8cb0</load_address>
         <run_address>0x8cb0</run_address>
         <size>0x8</size>
      </object_component>
      <object_component id="oc-924">
         <name>__TI_cinit_table</name>
         <load_address>0x8cb8</load_address>
         <run_address>0x8cb8</run_address>
         <size>0x10</size>
      </object_component>
      <object_component id="oc-ce">
         <name>.data</name>
         <load_address>0x20005ea8</load_address>
         <run_address>0x20005ea8</run_address>
         <size>0x41</size>
         <input_file_ref idref="fl-3"/>
      </object_component>
      <object_component id="oc-da">
         <name>.data:g_filterBufferImag</name>
         <load_address>0x20005b10</load_address>
         <run_address>0x20005b10</run_address>
         <size>0x138</size>
         <input_file_ref idref="fl-3"/>
      </object_component>
      <object_component id="oc-d4">
         <name>.data:g_filterBufferReal</name>
         <load_address>0x20005c50</load_address>
         <run_address>0x20005c50</run_address>
         <size>0x138</size>
         <input_file_ref idref="fl-3"/>
      </object_component>
      <object_component id="oc-21a">
         <name>.data:g_sKeyboardDevice</name>
         <load_address>0x20005d88</load_address>
         <run_address>0x20005d88</run_address>
         <size>0xa4</size>
         <input_file_ref idref="fl-6"/>
      </object_component>
      <object_component id="oc-21d">
         <name>.data:g_sCompDevice</name>
         <load_address>0x20005e2c</load_address>
         <run_address>0x20005e2c</run_address>
         <size>0x7c</size>
         <input_file_ref idref="fl-6"/>
      </object_component>
      <object_component id="oc-ba">
         <name>.data</name>
         <load_address>0x20005f24</load_address>
         <run_address>0x20005f24</run_address>
         <size>0x15</size>
         <input_file_ref idref="fl-8"/>
      </object_component>
      <object_component id="oc-2f3">
         <name>.data</name>
         <load_address>0x20005f6c</load_address>
         <run_address>0x20005f6c</run_address>
         <size>0x9</size>
         <input_file_ref idref="fl-d7"/>
      </object_component>
      <object_component id="oc-1bd">
         <name>.data</name>
         <load_address>0x20005f60</load_address>
         <run_address>0x20005f60</run_address>
         <size>0xc</size>
         <input_file_ref idref="fl-d8"/>
      </object_component>
      <object_component id="oc-330">
         <name>.data</name>
         <load_address>0x20005f39</load_address>
         <run_address>0x20005f39</run_address>
         <size>0x12</size>
         <input_file_ref idref="fl-da"/>
      </object_component>
      <object_component id="oc-1c0">
         <name>.data</name>
         <load_address>0x20005c48</load_address>
         <run_address>0x20005c48</run_address>
         <size>0x8</size>
         <input_file_ref idref="fl-db"/>
      </object_component>
      <object_component id="oc-442">
         <name>.data</name>
         <load_address>0x20005eec</load_address>
         <run_address>0x20005eec</run_address>
         <size>0x38</size>
         <input_file_ref idref="fl-dd"/>
      </object_component>
      <object_component id="oc-42f">
         <name>.data</name>
         <load_address>0x20005f4b</load_address>
         <run_address>0x20005f4b</run_address>
         <size>0x12</size>
         <input_file_ref idref="fl-e4"/>
      </object_component>
      <object_component id="oc-d7">
         <name>.bss:g_adcPing</name>
         <uninitialized>true</uninitialized>
         <run_address>0x20005a60</run_address>
         <size>0x20</size>
         <input_file_ref idref="fl-3"/>
      </object_component>
      <object_component id="oc-e0">
[...]
      </symbol>
      <symbol id="sm-44d">
         <name>__aeabi_memclr8</name>
         <value>0x2913</value>
         <object_component_ref idref="oc-113"/>
      </symbol>
      <symbol id="sm-44e">
         <name>__aeabi_memclr4</name>
         <value>0x2913</value>
         <object_component_ref idref="oc-113"/>
      </symbol>
      <symbol id="sm-44f">
         <name>__aeabi_memclr</name>
         <value>0x2913</value>
         <object_component_ref idref="oc-113"/>
      </symbol>
      <symbol id="sm-46a">
         <name>memcpy</name>
         <value>0x22a5</value>
         <object_component_ref idref="oc-68"/>
      </symbol>
      <symbol id="sm-46b">
         <name>__aeabi_memcpy</name>
         <value>0x22a5</value>
         <object_component_ref idref="oc-68"/>
      </symbol>
      <symbol id="sm-46c">
         <name>__aeabi_memcpy8</name>
         <value>0x22a5</value>
         <object_component_ref idref="oc-68"/>
      </symbol>
      <symbol id="sm-46d">
         <name>__aeabi_memcpy4</name>
         <value>0x22a5</value>
         <object_component_ref idref="oc-68"/>
      </symbol>
      <symbol id="sm-495">
         <name>__TI_auto_init_nobinit_nopinit</name>
         <value>0x383d</value>
         <object_component_ref idref="oc-249"/>
      </symbol>
      <symbol id="sm-49f">
         <name>_system_pre_init</name>
         <value>0x4829</value>
         <object_component_ref idref="oc-119"/>
      </symbol>
      <symbol id="sm-4ab">
         <name>C$$EXIT</name>
         <value>0x482d</value>
         <object_component_ref idref="oc-23d"/>
      </symbol>
      <symbol id="sm-4ac">
         <name>abort</name>
         <value>0x482d</value>
         <object_component_ref idref="oc-23d"/>
      </symbol>
      <symbol id="sm-4c9">
         <name>ADCSequenceDMAEnable</name>
         <value>0x467d</value>
         <object_component_ref idref="oc-2d9"/>
      </symbol>
      <symbol id="sm-4ca">
         <name>ADCSequenceEnable</name>
         <value>0x46bd</value>
         <object_component_ref idref="oc-2df"/>
      </symbol>
      <symbol id="sm-4d7">
         <name>GPIOPinWrite</name>
         <value>0x47f3</value>
         <object_component_ref idref="oc-204"/>
      </symbol>
      <symbol id="sm-52b">
         <name>IntIsEnabled</name>
         <value>0x2ef9</value>
         <object_component_ref idref="oc-802"/>
      </symbol>
      <symbol id="sm-52c">
         <name>IntEnable</name>
         <value>0x2c99</value>
         <object_component_ref idref="oc-4c8"/>
      </symbol>
      <symbol id="sm-52d">
         <name>IntDisable</name>
         <value>0x2c31</value>
         <object_component_ref idref="oc-808"/>
      </symbol>
      <symbol id="sm-52e">
         <name>IntMasterEnable</name>
         <value>0x468d</value>
         <object_component_ref idref="oc-1fe"/>
      </symbol>
      <symbol id="sm-53b">
         <name>UARTClockSourceSet</name>
         <value>0x47ff</value>
         <object_component_ref idref="oc-2e6"/>
      </symbol>
      <symbol id="sm-545">
         <name>CPUcpsie</name>
         <value>0x4749</value>
         <object_component_ref idref="oc-346"/>
      </symbol>
      <symbol id="sm-584">
         <name>g_iUSBMode</name>
         <value>0x20005f6c</value>
         <object_component_ref idref="oc-2f3"/>
      </symbol>
      <symbol id="sm-585">
         <name>USBStackModeSet</name>
         <value>0x4261</value>
         <object_component_ref idref="oc-1e0"/>
      </symbol>
      <symbol id="sm-586">
         <name>g_ui32WaitTicks</name>
         <value>0x20005f70</value>
         <object_component_ref idref="oc-2f3"/>
      </symbol>
      <symbol id="sm-5be">
         <name>g_pfnTickHandlers</name>
         <value>0x20005aa0</value>
      </symbol>
      <symbol id="sm-5bf">
         <name>g_pvTickInstance</name>
         <value>0x20005ad0</value>
      </symbol>
      <symbol id="sm-5c0">
         <name>g_ui32USBSOFCount</name>
         <value>0x20005f68</value>
         <object_component_ref idref="oc-1bd"/>
      </symbol>
      <symbol id="sm-5c1">
         <name>g_bUSBTimerInitialized</name>
         <value>0x20005f60</value>
         <object_component_ref idref="oc-1bd"/>
      </symbol>
      <symbol id="sm-5c2">
         <name>g_ui32CurrentUSBTick</name>
         <value>0x20005f64</value>
         <object_component_ref idref="oc-1bd"/>
      </symbol>
      <symbol id="sm-5c3">
         <name>InternalUSBStartOfFrameTick</name>
         <value>0x3add</value>
         <object_component_ref idref="oc-193"/>
      </symbol>
      <symbol id="sm-5c4">
         <name>InternalUSBRegisterTickHandler</name>
         <value>0x3aa5</value>
         <object_component_ref idref="oc-426"/>
      </symbol>
      <symbol id="sm-5c5">
         <name>InternalUSBTickInit</name>
         <value>0x3f69</value>
         <object_component_ref idref="oc-420"/>
      </symbol>
      <symbol id="sm-6e2">
         <name>g_ppCompConfigDescriptors</name>
         <value>0x20005af4</value>
      </symbol>
      <symbol id="sm-6e3">
         <name>BuildCompositeDescriptor</name>
         <value>0xbd1</value>
         <object_component_ref idref="oc-321"/>
      </symbol>
      <symbol id="sm-6e4">
         <name>g_sCompHandlers</name>
         <value>0x8ad8</value>
         <object_component_ref idref="oc-32d"/>
      </symbol>
      <symbol id="sm-6e5">
         <name>USBDCompositeInit</name>
         <value>0x1db5</value>
         <object_component_ref idref="oc-1f2"/>
      </symbol>
      <symbol id="sm-880">
         <name>g_ppsDevInfo</name>
         <value>0x20005af8</value>
      </symbol>
      <symbol id="sm-881">
         <name>USBDCDSendDataEP0</name>
         <value>0x45c1</value>
         <object_component_ref idref="oc-7a1"/>
      </symbol>
      <symbol id="sm-882">
         <name>USBDCDStallEP0</name>
         <value>0x4425</value>
         <object_component_ref idref="oc-3b1"/>
      </symbol>
      <symbol id="sm-883">
         <name>USBDCDRequestDataEP0</name>
         <value>0x45ad</value>
         <object_component_ref idref="oc-7a8"/>
      </symbol>
      <symbol id="sm-884">
         <name>USBDeviceEnumHandler</name>
         <value>0x1cdd</value>
         <object_component_ref idref="oc-1ab"/>
      </symbol>
      <symbol id="sm-885">
         <name>USBDCDInit</name>
         <value>0x13d9</value>
         <object_component_ref idref="oc-327"/>
      </symbol>
      <symbol id="sm-886">
         <name>USBDeviceEnumResetHandler</name>
         <value>0x36dd</value>
         <object_component_ref idref="oc-187"/>
      </symbol>
      <symbol id="sm-887">
         <name>g_psDCDInst</name>
         <value>0x20005990</value>
         <object_component_ref idref="oc-1ba"/>
      </symbol>
      <symbol id="sm-888">
         <name>USBDCDDeviceInfoInit</name>
         <value>0x37b5</value>
         <object_component_ref idref="oc-315"/>
      </symbol>
      <symbol id="sm-889">
         <name>USBDeviceIntHandlerInternal</name>
         <value>0x1679</value>
         <object_component_ref idref="oc-ea"/>
      </symbol>
      <symbol id="sm-88a">
         <name>USBDeviceResumeTickHandler</name>
         <value>0x33ed</value>
         <object_component_ref idref="oc-18d"/>
      </symbol>
      <symbol id="sm-896">
         <name>USB0DeviceIntHandler</name>
         <value>0x44f5</value>
         <object_component_ref idref="oc-4e"/>
      </symbol>
      <symbol id="sm-939">
         <name>USBDHIDKeyboardCompositeInit</name>
         <value>0x2209</value>
         <object_component_ref idref="oc-1ec"/>
      </symbol>
      <symbol id="sm-93a">
         <name>USBDHIDKeyboardKeyStateChange</name>
         <value>0x2609</value>
         <object_component_ref idref="oc-356"/>
      </symbol>
      <symbol id="sm-95d">
         <name>USBDescGet</name>
         <value>0x4051</value>
         <object_component_ref idref="oc-8b1"/>
      </symbol>
      <symbol id="sm-95e">
         <name>USBDescGetNum</name>
         <value>0x40d3</value>
         <object_component_ref idref="oc-8a9"/>
      </symbol>
      <symbol id="sm-aa3">
         <name>USBLibDMAInit</name>
         <value>0x1279</value>
         <object_component_ref idref="oc-4b0"/>
      </symbol>
      <symbol id="sm-ab0">
         <name>ULPIConfigSet</name>
         <value>0x32fb</value>
         <object_component_ref idref="oc-486"/>
      </symbol>
      <symbol id="sm-b01">
         <name>USBDCDConfigDescGet</name>
         <value>0x339d</value>
         <object_component_ref idref="oc-78d"/>
      </symbol>
      <symbol id="sm-b02">
         <name>USBDCDConfigGetInterface</name>
         <value>0x4409</value>
         <object_component_ref idref="oc-5de"/>
      </symbol>
      <symbol id="sm-b03">
         <name>USBDCDConfigDescGetSize</name>
         <value>0x4491</value>
         <object_component_ref idref="oc-3be"/>
      </symbol>
      <symbol id="sm-b04">
         <name>USBDCDConfigGetInterfaceEndpoint</name>
         <value>0x3bbd</value>
         <object_component_ref idref="oc-414"/>
      </symbol>
      <symbol id="sm-b05">
         <name>USBDCDConfigDescGetNum</name>
         <value>0x40a9</value>
         <object_component_ref idref="oc-77d"/>
      </symbol>
      <symbol id="sm-b52">
         <name>USBDeviceConfigAlternate</name>
         <value>0x24f5</value>
         <object_component_ref idref="oc-783"/>
      </symbol>
      <symbol id="sm-b53">
         <name>USBDeviceConfig</name>
         <value>0x17c9</value>
         <object_component_ref idref="oc-775"/>
      </symbol>
      <symbol id="sm-c8f">
         <name>USBDHIDReportWrite</name>
         <value>0x35b7</value>
         <object_component_ref idref="oc-43b"/>
      </symbol>
      <symbol id="sm-c90">
         <name>g_sHIDHandlers</name>
         <value>0x8b08</value>
         <object_component_ref idref="oc-42c"/>
      </symbol>
      <symbol id="sm-c91">
         <name>USBDHIDCompositeInit</name>
         <value>0x1bfd</value>
         <object_component_ref idref="oc-2fe"/>
      </symbol>
      <symbol id="sm-c92">
         <name>g_pui8HIDDeviceDescriptor</name>
         <value>0x20005f4b</value>
         <object_component_ref idref="oc-42f"/>
      </symbol>
      <symbol id="sm-c93">
         <name>USBDHIDTxPacketAvailable</name>
         <value>0x46e7</value>
         <object_component_ref idref="oc-546"/>
      </symbol>
      <symbol id="sm-cbd">
         <name>SysCtlPeripheralEnable</name>
         <value>0x3d3d</value>
         <object_component_ref idref="oc-31b"/>
      </symbol>
      <symbol id="sm-cbe">
         <name>SysCtlUSBPLLEnable</name>
         <value>0x4599</value>
         <object_component_ref idref="oc-474"/>
      </symbol>
      <symbol id="sm-cbf">
         <name>SysCtlPeripheralReset</name>
         <value>0x334d</value>
         <object_component_ref idref="oc-46e"/>
      </symbol>
      <symbol id="sm-d0a">
         <name>uDMAChannelControlSet</name>
         <value>0x4285</value>
         <object_component_ref idref="oc-7e1"/>
      </symbol>
      <symbol id="sm-d0b">
         <name>uDMAChannelDisable</name>
         <value>0x453d</value>
         <object_component_ref idref="oc-7fb"/>
      </symbol>
      <symbol id="sm-d0c">
         <name>uDMAChannelModeGet</name>
         <value>0x41f1</value>
         <object_component_ref idref="oc-820"/>
      </symbol>
      <symbol id="sm-d0d">
         <name>uDMAChannelTransferSet</name>
         <value>0x2715</value>
         <object_component_ref idref="oc-82f"/>
      </symbol>
      <symbol id="sm-d0e">
         <name>uDMAChannelAttributeDisable</name>
         <value>0x3725</value>
         <object_component_ref idref="oc-7ee"/>
      </symbol>
      <symbol id="sm-d0f">
         <name>uDMAChannelEnable</name>
         <value>0x4555</value>
         <object_component_ref idref="oc-814"/>
      </symbol>
      <symbol id="sm-ebe">
         <name>USBLPMIntEnable</name>
         <value>0x476d</value>
         <object_component_ref idref="oc-4aa"/>
      </symbol>
      <symbol id="sm-ebf">
         <name>USBEndpointDataAvail</name>
         <value>0x4441</value>
         <object_component_ref idref="oc-63a"/>
      </symbol>
      <symbol id="sm-ec0">
         <name>USBClockEnable</name>
         <value>0x4785</value>
         <object_component_ref idref="oc-47a"/>
      </symbol>
      <symbol id="sm-ec1">
         <name>USBDevDisconnect</name>
         <value>0x47b7</value>
         <object_component_ref idref="oc-1b1"/>
      </symbol>
      <symbol id="sm-ec2">
         <name>USBDevEndpointStallClear</name>
         <value>0x3601</value>
         <object_component_ref idref="oc-763"/>
      </symbol>
      <symbol id="sm-ec3">
         <name>USBEndpointDataPut</name>
         <value>0x3cd1</value>
         <object_component_ref idref="oc-3c4"/>
      </symbol>
      <symbol id="sm-ec4">
         <name>USBDMAChannelIntStatus</name>
         <value>0x4805</value>
         <object_component_ref idref="oc-852"/>
      </symbol>
      <symbol id="sm-ec5">
         <name>USBDevAddrSet</name>
         <value>0x4825</value>
         <object_component_ref idref="oc-2a1"/>
      </symbol>
      <symbol id="sm-ec6">
         <name>USBDMAChannelCountSet</name>
         <value>0x47a3</value>
         <object_component_ref idref="oc-86d"/>
      </symbol>
      <symbol id="sm-ec7">
         <name>USBLPMIntStatus</name>
         <value>0x4811</value>
         <object_component_ref idref="oc-199"/>
      </symbol>
      <symbol id="sm-ec8">
         <name>USBDMAChannelAddressSet</name>
         <value>0x4799</value>
         <object_component_ref idref="oc-867"/>
      </symbol>
      <symbol id="sm-ec9">
         <name>USBULPIDisable</name>
         <value>0x471f</value>
         <object_component_ref idref="oc-48c"/>
      </symbol>
      <symbol id="sm-eca">
         <name>USBIntStatusControl</name>
         <value>0x3bf5</value>
         <object_component_ref idref="oc-e4"/>
      </symbol>
      <symbol id="sm-ecb">
         <name>USBEndpointDMADisable</name>
         <value>0x4219</value>
         <object_component_ref idref="oc-7f4"/>
      </symbol>
      <symbol id="sm-ecc">
         <name>USBDevEndpointDataAck</name>
         <value>0x40fd</value>
         <object_component_ref idref="oc-2ad"/>
      </symbol>
      <symbol id="sm-ecd">
         <name>USBOTGMode</name>
         <value>0x47db</value>
         <object_component_ref idref="oc-492"/>
      </symbol>
      <symbol id="sm-ece">
         <name>USBDMAChannelConfigSet</name>
         <value>0x45d5</value>
         <object_component_ref idref="oc-873"/>
      </symbol>
      <symbol id="sm-ecf">
         <name>USBULPIRegRead</name>
         <value>0x4395</value>
         <object_component_ref idref="oc-663"/>
      </symbol>
      <symbol id="sm-ed0">
         <name>USBDevMode</name>
         <value>0x47cb</value>
         <object_component_ref idref="oc-498"/>
      </symbol>
      <symbol id="sm-ed1">
         <name>USBIntEnableEndpoint</name>
         <value>0x456d</value>
         <object_component_ref idref="oc-4bc"/>
      </symbol>
      <symbol id="sm-ed2">
         <name>USBEndpointDataGet</name>
         <value>0x376d</value>
         <object_component_ref idref="oc-2a7"/>
      </symbol>
      <symbol id="sm-ed3">
         <name>USBDevEndpointStatusClear</name>
         <value>0x3141</value>
         <object_component_ref idref="oc-29b"/>
      </symbol>
      <symbol id="sm-ed4">
         <name>USBULPIEnable</name>
         <value>0x472d</value>
         <object_component_ref idref="oc-480"/>
      </symbol>
      <symbol id="sm-ed5">
         <name>USBFIFOAddrGet</name>
         <value>0x47d3</value>
         <object_component_ref idref="oc-829"/>
      </symbol>
      <symbol id="sm-ed6">
         <name>USBDMAChannelStatus</name>
         <value>0x46f5</value>
         <object_component_ref idref="oc-84b"/>
      </symbol>
      <symbol id="sm-ed7">
         <name>USBULPIRegWrite</name>
         <value>0x43b3</value>
         <object_component_ref idref="oc-669"/>
      </symbol>
      <symbol id="sm-ed8">
         <name>USBDMAChannelIntEnable</name>
         <value>0x466b</value>
         <object_component_ref idref="oc-859"/>
      </symbol>
      <symbol id="sm-ed9">
         <name>USBDevLPMConfig</name>
         <value>0x480b</value>
         <object_component_ref idref="oc-4a4"/>
      </symbol>
      <symbol id="sm-eda">
         <name>USBDevLPMEnable</name>
         <value>0x4711</value>
         <object_component_ref idref="oc-19f"/>
      </symbol>
      <symbol id="sm-edb">
         <name>USBControllerVersion</name>
         <value>0x478f</value>
         <object_component_ref idref="oc-677"/>
      </symbol>
      <symbol id="sm-edc">
         <name>USBFIFOConfigSet</name>
         <value>0x3a33</value>
         <object_component_ref idref="oc-8a1"/>
      </symbol>
      <symbol id="sm-edd">
         <name>USBEndpointDMAEnable</name>
         <value>0x423d</value>
         <object_component_ref idref="oc-80e"/>
      </symbol>
      <symbol id="sm-ede">
         <name>USBDevLPMDisable</name>
         <value>0x4703</value>
         <object_component_ref idref="oc-49e"/>
      </symbol>
      <symbol id="sm-edf">
         <name>USBEndpointDataSend</name>
         <value>0x3d71</value>
         <object_component_ref idref="oc-3ca"/>
      </symbol>
      <symbol id="sm-ee0">
         <name>USBIntStatusEndpoint</name>
         <value>0x47c1</value>
         <object_component_ref idref="oc-1a5"/>
      </symbol>
      <symbol id="sm-ee1">
         <name>USBEndpointStatus</name>
         <value>0x46ad</value>
         <object_component_ref idref="oc-295"/>
      </symbol>
      <symbol id="sm-ee2">
         <name>USBEndpointPacketCountSet</name>
         <value>0x4755</value>
         <object_component_ref idref="oc-835"/>
      </symbol>
      <symbol id="sm-ee3">
         <name>USBDMAChannelIntDisable</name>
         <value>0x4659</value>
         <object_component_ref idref="oc-860"/>
      </symbol>
      <symbol id="sm-ee4">
         <name>USBEndpointDMAConfigSet</name>
         <value>0x34d5</value>
         <object_component_ref idref="oc-83b"/>
      </symbol>
      <symbol id="sm-ee5">
         <name>USBDevEndpointStall</name>
         <value>0x3ea3</value>
         <object_component_ref idref="oc-57e"/>
      </symbol>
      <symbol id="sm-ee6">
         <name>USBDevConnect</name>
         <value>0x47ad</value>
         <object_component_ref idref="oc-4c2"/>
      </symbol>
      <symbol id="sm-ee7">
         <name>USBDevEndpointConfigSet</name>
         <value>0x2899</value>
         <object_component_ref idref="oc-895"/>
      </symbol>
      <symbol id="sm-ee8">
         <name>USBDMAChannelDisable</name>
         <value>0x4635</value>
         <object_component_ref idref="oc-844"/>
      </symbol>
      <symbol id="sm-ee9">
         <name>USBDMAChannelEnable</name>
         <value>0x4647</value>
         <object_component_ref idref="oc-879"/>
      </symbol>
      <symbol id="sm-eea">
         <name>USBHostResume</name>
         <value>0x45e9</value>
         <object_component_ref idref="oc-286"/>
      </symbol>
      <symbol id="sm-eeb">
         <name>USBIntEnableControl</name>
         <value>0x41c9</value>
         <object_component_ref idref="oc-4b6"/>
      </symbol>
      <symbol id="sm-eec">
         <name>USBEndpointDMAChannel</name>
         <value>0x44ab</value>
         <object_component_ref idref="oc-7e8"/>
      </symbol>
      <symbol id="sm-eed">
         <name>__TI_static_base__</name>
         <value>0x0</value>
      </symbol>
      <symbol id="sm-ef0">
         <name>__mpu_init</name>
         <value>0x0</value>
      </symbol>
      <symbol id="sm-ef1">
         <name>_system_post_cinit</name>
         <value>0x0</value>
      </symbol>
   </symbol_table>
   <title>Link successful</title>
</link_info>
