******************************************************************************
                  TI ARM Linker PC v18.1.3                     
******************************************************************************
>> Linked Sun Jan  6 15:37:03 2019

OUTPUT FILE NAME:   <usb_keyb_dev.out>
ENTRY POINT SYMBOL: "_c_int00_noargs"  address: 00005089


MEMORY CONFIGURATION

         name            origin    length      used     unused   attr    fill
----------------------  --------  ---------  --------  --------  ----  --------
  FLASH                 00000000   00040000  00006cd6  0003932a  R  X
  SRAM                  20000000   00008000  000013a0  00006c60  RW X


SEGMENT ALLOCATION MAP

run origin  load origin   length   init length attrs members
----------  ----------- ---------- ----------- ----- -------
00000000    00000000    00006cd8   00006cd8    r-x
  00000000    00000000    0000026c   0000026c    r-- .intvecs
  0000026c    0000026c    0000626e   0000626e    r-x .text
  000064dc    000064dc    00000710   00000710    r-- .const
  00006bec    00006bec    0000000c   0000000c    r-- .init_array
  00006bf8    00006bf8    000000e0   000000e0    r-- .cinit
20000000    20000000    000013a8   00000000    rw-
  20000000    20000000    00000e54   00000000    rw- .bss
  20000e58    20000e58    00000400   00000000    rw- .stack
  20001258    20001258    00000144   00000000    rw- .data
  200013a0    200013a0    00000008   00000000    rw- .sysmem


SECTION ALLOCATION MAP

 output                                  attributes/
section   page    origin      length       input sections
--------  ----  ----------  ----------   ----------------
.intvecs   0    00000000    0000026c     
                  00000000    0000026c     tm4c123gh6pm_startup_ccs.obj (.intvecs)

.text      0    0000026c    0000626e     
                  0000026c    000003b8     main.obj (.text:main)
                  00000624    00000282     MFRC522.obj (.text:_ZN11rfid_reader7MFRC52211select_PICCEPNS_3UidEh)
                  000008a6    000001f6     usblib.lib : usbdcomp.obj (.text:BuildCompositeDescriptor)
                  00000a9c    000001a0     Wire.obj (.text:_ZN7TwoWire5beginEv)
                  00000c3c    00000160     uartstdio.obj (.text:UARTStdioIntHandler)
                  00000d9c    00000160     usblib.lib : usbdma.obj (.text:USBLibDMAInit)
                  00000efc    00000150                : usbdenum.obj (.text:USBDCDInit)
                  0000104c    00000150                : usbdenum.obj (.text:USBDEP0StateTxConfig)
                  0000119c    00000150                : usbdenum.obj (.text:USBDeviceIntHandlerInternal)
                  000012ec    00000148                : usbdconfig.obj (.text:USBDeviceConfig)
                  00001434    00000126     MFRC522.obj (.text:_ZN11rfid_reader7MFRC52219communicateWithPICCEhhPhhS1_S1_S1_hb)
                  0000155a    00000002     tm4c123gh6pm_startup_ccs.obj (.text:FaultISR)
                  0000155c    00000124     main.obj (.text:_Z12configureUSBv)
                  00001680    00000114     usblib.lib : usbdhid.obj (.text:HandleRequest)
                  00001794    00000110     driverlib.lib : sysctl.obj (.text:SysCtlClockGet)
                  000018a4    00000108     SPI.obj (.text:_ZN8SPIClass5beginEv)
                  000019ac    000000f4     usblib.lib : usbdma.obj (.text:iDMAUSBTransfer)
                  00001aa0    000000ec     Wire.obj (.text:_ZN7TwoWire5beginEh)
                  00001b8c    000000e4     usblib.lib : usbdenum.obj (.text:USBDGetDescriptor)
                  00001c70    000000e0                : usbdhid.obj (.text:USBDHIDCompositeInit)
                  00001d50    000000d8                : usbdcdc.obj (.text:USBDCDCCompositeInit)
                  00001e28    000000d8                : usbdenum.obj (.text:USBDeviceEnumHandler)
                  00001f00    000000d8     Wire.obj (.text:_ZN7TwoWire9forceStopEv)
                  00001fd8    000000d8     rtsv7M4_T_le_v4SPD16_eabi.lib : memory.c.obj (.text:free)
                  000020b0    000000d4     usblib.lib : usbdcdc.obj (.text:HandleRequests)
                  00002184    000000d4                : usbdcomp.obj (.text:USBDCompositeInit)
                  00002258    000000cc     MFRC522.obj (.text:_ZN11rfid_reader7MFRC52212readRegisterENS_12PCD_RegisterEhPhh)
                  00002324    000000c4     usblib.lib : usbdma.obj (.text:uDMAUSBChannelAllocate)
                  000023e8    000000be                : usbbuffer.obj (.text:HandleRxAvailable)
                  000024a6    00000002     tm4c123gh6pm_startup_ccs.obj (.text:IntDefaultHandler)
                  000024a8    000000bc     USBSerialDevice.obj (.text:_ZN9usbdevice15USBSerialDeviceC1EPFYjPvjjS1_ES3_S3_)
                  00002564    000000bc     usblib.lib : usbdma.obj (.text:uDMAUSBTransfer)
                  00002620    000000b4                : usbdcdc.obj (.text:HandleDevice)
                  000026d4    000000a8     uartstdio.obj (.text:UARTwrite)
                  0000277c    000000a6     usblib.lib : usbdhidkeyb.obj (.text:HIDKeyboardRxHandler)
                  00002822    00000002     tm4c123gh6pm_startup_ccs.obj (.text:NmiSR)
                  00002824    0000009c     usblib.lib : usbdhidkeyb.obj (.text:USBDHIDKeyboardCompositeInit)
                  000028c0    0000009c     rtsv7M4_T_le_v4SPD16_eabi.lib : memcpy_t2.asm.obj (.text)
                  0000295c    00000098     usblib.lib : usbdenum.obj (.text:USBDSetInterface)
                  000029f4    00000098     USBKeyboardDevice.obj (.text:_ZN9usbdevice17USBKeyboardDevice14USBWriteStringEPKci)
                  00002a8c    00000096     usblib.lib : usbdcdc.obj (.text:CDCTickHandler)
                  00002b22    00000094                : usbdcdc.obj (.text:SendSerialState)
                  00002bb6    00000092                : usbbuffer.obj (.text:ScheduleNextTransmission)
                  00002c48    00000090                : usbdcdc.obj (.text:USBDCDCPacketRead)
                  00002cd8    00000090                : usbdenum.obj (.text:USBDSetConfiguration)
                  00002d68    0000008c     uartstdio.obj (.text:UARTPrimeTransmit)
                  00002df4    0000008c     usblib.lib : usbdconfig.obj (.text:USBDeviceConfigAlternate)
                  00002e80    0000008c     USBSerialDevice.obj (.text:_ZN9usbdevice15USBSerialDevice13GetLineCodingEP11tLineCoding)
                  00002f0c    0000008c     USBKeyboardDevice.obj (.text:_ZN9usbdevice17USBKeyboardDevice22USBPressKeyCombinationEhPKhi)
                  00002f98    00000088     usblib.lib : usbdhid.obj (.text:ProcessIdleTimers)
                  00003020    00000086                : usbdhidkeyb.obj (.text:USBDHIDKeyboardKeyStateChange)
                  000030a6    00000002     HardwareSerial.obj (.text:_ZN5Print5flushEv)
                  000030a8    00000084     Wire.obj (.text:_ZN7TwoWire5writeEh)
                  0000312c    00000084     USBSerialDevice.obj (.text:_ZN9usbdevice15USBSerialDevice13SetLineCodingEP11tLineCoding)
                  000031b0    00000084     usblib.lib : usbdma.obj (.text:iDMAUSBChannelAllocate)
                  00003234    00000084     driverlib.lib : udma.obj (.text:uDMAChannelTransferSet)
                  000032b8    00000080     usblib.lib : usbdenum.obj (.text:USBDClearFeature)
                  00003338    0000007a     driverlib.lib : usb.obj (.text:USBDevEndpointConfigSet)
                  000033b2    0000007a     rtsv7M4_T_le_v4SPD16_eabi.lib : memset_t2.asm.obj (.text)
                  0000342c    00000078     usblib.lib : usbdenum.obj (.text:USBDGetStatus)
                  000034a4    00000078     HardwareSerial.obj (.text:_ZN14HardwareSerial13primeTransmitEm)
                  0000351c    00000078     USBKeyboardDevice.obj (.text:_ZN9usbdevice17USBKeyboardDevice17USBKeyboardUpdateEhhb)
                  00003594    00000074     main.obj (.text:_Z14ControlHandlerPvjjS_)
                  00003608    00000072     usblib.lib : usbdcdc.obj (.text:ProcessDataFromHost)
                  0000367a    00000002     USBSerialDevice.obj (.text:_ZN9usbdevice15USBSerialDevice15getSerialDeviceEv)
                  0000367c    00000070     usblib.lib : usbdenum.obj (.text:USBDEP0StateTx)
                  000036ec    00000070                : usbdma.obj (.text:uDMAUSBArbSizeSet)
                  0000375c    00000070                : usbdma.obj (.text:uDMAUSBUnitSizeSet)
                  000037cc    0000006c                : usbdcdc.obj (.text:ProcessDataToHost)
                  00003838    0000006c                : usbdenum.obj (.text:USBDSetFeature)
                  000038a4    0000006a     MFRC522.obj (.text:_ZN11rfid_reader7MFRC5224initEv)
                  0000390e    00000002     USBSerialDevice.obj (.text:_ZN9usbdevice15USBSerialDevice19SetControlLineStateEt)
                  00003910    00000068     buttons.obj (.text:ButtonsInit)
                  00003978    00000068     driverlib.lib : interrupt.obj (.text:IntDisable)
                  000039e0    00000068                   : interrupt.obj (.text:IntEnable)
                  00003a48    00000068     rtsv7M4_T_le_v4SPD16_eabi.lib : copy_decompress_lzss.c.obj (.text:decompress:lzss:__TI_decompress_lzss)
                  00003ab0    00000066     MFRC522.obj (.text:_ZN11rfid_reader7MFRC52212REQA_or_WUPAEhPhS1_)
                  00003b16    00000066     MFRC522.obj (.text:_ZN11rfid_reader7MFRC52212calculateCRCEPhhS1_)
                  00003b7c    00000064     usblib.lib : usbdcomp.obj (.text:GetDescriptor)
                  00003be0    00000064                : usbdhid.obj (.text:HandleGetDescriptor)
                  00003c44    00000064                : usbdcomp.obj (.text:HandleRequests)
                  00003ca8    00000064     driverlib.lib : interrupt.obj (.text:IntIsEnabled)
                  00003d0c    00000064     usblib.lib : usbbuffer.obj (.text:USBBufferEventCallback)
                  00003d70    00000064     HardwareSerial.obj (.text:__sti___18_HardwareSerial_cpp_5fc7db02)
                  00003dd4    00000064     usblib.lib : usbdma.obj (.text:uDMAUSBChannelEnable)
                  00003e38    00000060                : usbdcomp.obj (.text:HandleDevice)
                  00003e98    00000060                : usbdhid.obj (.text:HandleDevice)
                  00003ef8    00000060                : usbdhid.obj (.text:ProcessDataFromHost)
                  00003f58    00000060                : usbdcdc.obj (.text:USBDCDCPacketWrite)
                  00003fb8    00000060                : usbdenum.obj (.text:USBDReadAndDispatchRequest)
                  00004018    00000060     HardwareSerial.obj (.text:_ZN14HardwareSerial5writeEh)
                  00004078    00000060     rtsv7M4_T_le_v4SPD16_eabi.lib : autoinit.c.obj (.text:__TI_auto_init_nobinit:__TI_auto_init_nobinit)
                  000040d8    0000005e     driverlib.lib : usb.obj (.text:USBDevEndpointStatusClear)
                  00004136    0000005c     usblib.lib : usbdhid.obj (.text:FindHIDDescriptor)
                  00004192    00000002     USBKeyboardDevice.obj (.text:_ZN9usbdevice17USBKeyboardDevice17getKeyboardDeviceEv)
                  00004194    0000005c     MFRC522.obj (.text:_ZN11rfid_reader7MFRC52213writeRegisterEhhPh)
                  000041f0    00000058     USBCompDevice.obj (.text:_ZN9usbdevice13USBCompDeviceC1EPFYjPvjjS1_E)
                  00004248    00000056     usblib.lib : usbdhidkeyb.obj (.text:RemoveKeyFromPressedList)
                  0000429e    00000056                : usbdma.obj (.text:uDMAUSBChannelRelease)
                  000042f4    00000054                : usbdhid.obj (.text:ProcessDataToHost)
                  00004348    00000052                : usbulpi.obj (.text:ULPIConfigSet)
                  0000439a    00000002     rtsv7M4_T_le_v4SPD16_eabi.lib : stdlib_typeinfo.cpp.obj (.text:_ZNSt9type_infoD1Ev)
                  0000439c    00000050     driverlib.lib : sysctl.obj (.text:SysCtlPeripheralReset)
                  000043ec    00000050     usblib.lib : usbdcdesc.obj (.text:USBDCDConfigDescGet)
                  0000443c    00000050                : usbdenum.obj (.text:USBDeviceResumeTickHandler)
                  0000448c    00000050     MFRC522.obj (.text:_ZN11rfid_reader7MFRC522C1Ev)
                  000044dc    00000050     USBSerialDevice.obj (.text:_ZN9usbdevice15USBSerialDevice20USBUARTPrimeTransmitEv)
                  0000452c    0000004e     USBSerialDevice.obj (.text:_ZN9usbdevice15USBSerialDevice9connectedEv)
                  0000457a    0000004c     usblib.lib : usbdconfig.obj (.text:GetEPDescriptorType)
                  000045c6    00000002     rtsv7M4_T_le_v4SPD16_eabi.lib : _lock.c.obj (.text:_nop)
                  000045c8    0000004c     usblib.lib : usbdenum.obj (.text:USBDStringIndexFromRequest)
                  00004614    0000004c     driverlib.lib : usb.obj (.text:USBEndpointDMAConfigSet)
                  00004660    0000004c     MFRC522.obj (.text:_ZN11rfid_reader7MFRC52212readRegisterEh)
                  000046ac    0000004c     usblib.lib : usbdma.obj (.text:iDMAUSBChannelEnable)
                  000046f8    0000004a                : usbdcdesc.obj (.text:ConfigAlternateInterfaceGet)
                  00004742    0000004a                : usbdcdc.obj (.text:HandleEP0Data)
                  0000478c    0000004a                : usbdcdc.obj (.text:HandleEndpoints)
                  000047d6    0000004a                : usbdhid.obj (.text:USBDHIDReportWrite)
                  00004820    0000004a     driverlib.lib : usb.obj (.text:USBDevEndpointStallClear)
                  0000486a    0000004a     usblib.lib : usbdma.obj (.text:uDMAUSBChannelDisable)
                  000048b4    00000048                : usbdhid.obj (.text:SetIdleTimeout)
                  000048fc    00000048                : usbdenum.obj (.text:USBDeviceEnumResetHandler)
                  00004944    00000048     MFRC522.obj (.text:_ZN11rfid_reader7MFRC52213writeRegisterEhh)
                  0000498c    00000048     SPI.obj (.text:_ZN8SPIClass8transferEh)
                  000049d4    00000048     driverlib.lib : udma.obj (.text:uDMAChannelAttributeDisable)
                  00004a1c    00000046                   : usb.obj (.text:USBEndpointDataGet)
                  00004a62    00000002     usblib.lib : usbdma.obj (.text:iDMAUSBArbSizeSet)
                  00004a64    00000044                : usbdenum.obj (.text:USBDCDDeviceInfoInit)
                  00004aa8    00000044                : usbdenum.obj (.text:USBDGetInterface)
                  00004aec    00000044     main.obj (.text:_Z9RxHandlerPvjjS_)
                  00004b30    00000044     USBSerialDevice.obj (.text:_ZN9usbdevice15USBSerialDevice11getInstanceEv)
                  00004b74    00000041     USBSerialDevice.obj (.text:_ZN9usbdevice15USBSerialDevice12disconnectedEv)
                  00004bb5    00000001     --HOLE-- [fill = 0]
                  00004bb6    00000040     usblib.lib : usbdcomp.obj (.text:ConfigChangeHandler)
                  00004bf6    00000040                : usbdhid.obj (.text:ScheduleReportTransmission)
                  00004c36    00000002                : usbdma.obj (.text:iDMAUSBUnitSizeSet)
                  00004c38    00000040     HardwareSerial.obj (.text:_ZN14HardwareSerialC1Em)
                  00004c78    00000040     HardwareSerial.obj (.text:_ZN14HardwareSerialC1Ev)
                  00004cb8    0000003e     usblib.lib : usbdhidkeyb.obj (.text:HIDKeyboardTxHandler)
                  00004cf6    0000003c     USBCompDevice.obj (.text:_ZN9usbdevice13USBCompDevice4initEv)
                  00004d32    0000003c     usblib.lib : usbdma.obj (.text:iDMAUSBChannelRelease)
                  00004d6e    00000002                : usbdma.obj (.text:uDMAUSBChannelIntDisable)
                  00004d70    0000003c     rtsv7M4_T_le_v4SPD16_eabi.lib : memory.c.obj (.text:minsert)
                  00004dac    0000003a     usblib.lib : usbdcomp.obj (.text:EndpointToIndex)
                  00004de6    0000003a     driverlib.lib : usb.obj (.text:USBFIFOConfigSet)
                  00004e20    00000038     usblib.lib : usbdcomp.obj (.text:HandleDisconnect)
                  00004e58    00000038                : usbtick.obj (.text:InternalUSBRegisterTickHandler)
                  00004e90    00000038                : usbtick.obj (.text:InternalUSBStartOfFrameTick)
                  00004ec8    00000038                : usbdcomp.obj (.text:ResetHandler)
                  00004f00    00000038                : usbdcomp.obj (.text:ResumeHandler)
                  00004f38    00000038                : usbdcdc.obj (.text:SendBreak)
                  00004f70    00000038                : usbdcomp.obj (.text:SuspendHandler)
                  00004fa8    00000038                : usbdcdesc.obj (.text:USBDCDConfigGetInterfaceEndpoint)
                  00004fe0    00000038     driverlib.lib : usb.obj (.text:USBIntStatusControl)
                  00005018    00000038     usblib.lib : usbringbuf.obj (.text:USBRingBufAdvanceWrite)
                  00005050    00000038     USBSerialDevice.obj (.text:_ZN9usbdevice15USBSerialDevice9SendBreakEb)
                  00005088    00000038     rtsv7M4_T_le_v4SPD16_eabi.lib : boot_cortex_m.c.obj (.text:_c_int00_noargs:_c_int00_noargs)
                  000050c0    00000038                                   : memory.c.obj (.text:minit)
                  000050f8    00000036     usblib.lib : usbdhid.obj (.text:HandleEndpoints)
                  0000512e    00000036                : usbdcomp.obj (.text:InterfaceChange)
                  00005164    00000036     driverlib.lib : usb.obj (.text:USBEndpointDataPut)
                  0000519a    00000002     usblib.lib : usbdma.obj (.text:uDMAUSBChannelIntEnable)
                  0000519c    00000034                : usbdhid.obj (.text:HIDTickHandler)
                  000051d0    00000034                : usbdcdc.obj (.text:HandleConfigChange)
                  00005204    00000034     driverlib.lib : sysctl.obj (.text:SysCtlPeripheralEnable)
                  00005238    00000034                   : usb.obj (.text:USBEndpointDataSend)
                  0000526c    00000034     Wire.obj (.text:_ZN7TwoWire4readEv)
                  000052a0    00000034     USBCompDevice.obj (.text:_ZN9usbdevice13USBCompDevice11getInstanceEv)
                  000052d4    00000034     USBKeyboardDevice.obj (.text:_ZN9usbdevice17USBKeyboardDevice11getInstanceEv)
                  00005308    00000034     usblib.lib : usbdma.obj (.text:iDMAUSBChannelStatus)
                  0000533c    00000032                : usbdhid.obj (.text:ClearReportTimer)
                  0000536e    00000032                : usbdhid.obj (.text:HandleConfigChange)
                  000053a0    00000032                : usbdcdesc.obj (.text:NextConfigDescGet)
                  000053d2    00000032                : usbdcdc.obj (.text:ProcessNotificationToHost)
                  00005404    00000032     driverlib.lib : usb.obj (.text:USBDevEndpointStall)
                  00005436    00000032     USBKeyboardDevice.obj (.text:_ZN9usbdevice17USBKeyboardDeviceC1EPFYjPvjjS1_E)
                  00005468    00000032     usblib.lib : usbdma.obj (.text:iDMAUSBChannelDisable)
                  0000549a    00000030                : usbdhidkeyb.obj (.text:AddKeyToPressedList)
                  000054ca    00000030                : usbdma.obj (.text:DMAUSBIntHandler)
                  000054fa    00000002     --HOLE-- [fill = 0]
                  000054fc    00000030                : usbtick.obj (.text:InternalUSBTickInit)
                  0000552c    00000030                : usbdenum.obj (.text:USBDGetConfiguration)
                  0000555c    00000030                : usbringbuf.obj (.text:UpdateIndexAtomic)
                  0000558c    0000002e                : usbdcomp.obj (.text:HandleEndpoints)
                  000055ba    0000002e                : usbbuffer.obj (.text:USBBufferWrite)
                  000055e8    0000002e                : usbdcdc.obj (.text:USBDCDCRxPacketAvailable)
                  00005616    0000002e     Print.obj (.text:_ZN5Print5writeEPKhj)
                  00005644    0000002e     USBSerialDevice.obj (.text:_ZN9usbdevice15USBSerialDevice10readBufferEv)
                  00005672    0000002c     usblib.lib : usbdcomp.obj (.text:InterfaceToIndex)
                  0000569e    0000002c                : usbdesc.obj (.text:USBDescGet)
                  000056ca    00000002     --HOLE-- [fill = 0]
                  000056cc    0000002c     HardwareSerial.obj (.text:_ZN14HardwareSerial5flushEv)
                  000056f8    0000002c     usblib.lib : usbdma.obj (.text:uDMAUSBIntStatus)
                  00005724    0000002a                : usbbuffer.obj (.text:HandleRequestBuffer)
                  0000574e    0000002a                : usbdcdesc.obj (.text:USBDCDConfigDescGetNum)
                  00005778    0000002a                : usbdesc.obj (.text:USBDescGetNum)
                  000057a2    0000002a     driverlib.lib : usb.obj (.text:USBDevEndpointDataAck)
                  000057cc    0000002a     MFRC522.obj (.text:_ZN11rfid_reader7MFRC52214transceiveDataEPhhS1_S1_S1_hb)
                  000057f6    00000028     usblib.lib : usbdhid.obj (.text:GetIdleTimeout)
                  0000581e    00000028                : usbdhid.obj (.text:HandleEP0DataReceived)
                  00005846    00000028                : usbbuffer.obj (.text:USBBufferRead)
                  0000586e    00000002     --HOLE-- [fill = 0]
                  00005870    00000028                : usbdenum.obj (.text:USBDSetAddress)
                  00005898    00000028     driverlib.lib : usb.obj (.text:USBIntEnableControl)
                  000058c0    00000028     main.obj (.text:_Z18USBKeyboardHandlerPvjjS_)
                  000058e8    00000028     USBKeyboardDevice.obj (.text:_ZN9usbdevice17USBKeyboardDevice12GetUsageCodeEcb)
                  00005910    00000028     rtsv7M4_T_le_v4SPD16_eabi.lib : memory.c.obj (.text:mremove)
                  00005938    00000028     driverlib.lib : udma.obj (.text:uDMAChannelModeGet)
                  00005960    00000026     HardwareSerial.obj (.text:_ZN14HardwareSerial4readEv)
                  00005986    00000024     usblib.lib : usbdcdc.obj (.text:HandleDisconnect)
                  000059aa    00000024                : usbdcdc.obj (.text:SendLineStateChange)
                  000059ce    00000024     driverlib.lib : usb.obj (.text:USBEndpointDMADisable)
                  000059f2    00000024                   : usb.obj (.text:USBEndpointDMAEnable)
                  00005a16    00000002     --HOLE-- [fill = 0]
                  00005a18    00000024     usblib.lib : usbmode.obj (.text:USBStackModeSet)
                  00005a3c    00000024     main.obj (.text:_Z5delayi)
                  00005a60    00000024     Wire.obj (.text:_ZN7TwoWire4peekEv)
                  00005a84    00000024     Wire.obj (.text:_ZN7TwoWireC1Ev)
                  00005aa8    00000024     driverlib.lib : udma.obj (.text:uDMAChannelControlSet)
                  00005acc    00000022     usblib.lib : usbdcomp.obj (.text:DataReceived)
                  00005aee    00000022                : usbdcomp.obj (.text:DataSent)
                  00005b10    00000022                : usbdhid.obj (.text:HandleDisconnect)
                  00005b32    00000022                : usbdcdc.obj (.text:SendLineCodingChange)
                  00005b54    00000022     Wire.obj (.text:_ZN7TwoWire5writeEPKhj)
                  00005b76    00000022     usblib.lib : usbdma.obj (.text:uDMAUSBChannelStatus)
                  00005b98    00000020                : usbdcdc.obj (.text:CheckAndSendBreak)
                  00005bb8    00000020                : usbdconfig.obj (.text:GetEndpointFIFOSize)
                  00005bd8    00000020                : usbbuffer.obj (.text:HandleDataRemaining)
                  00005bf8    00000020                : usbdhid.obj (.text:HandleEP0DataSent)
                  00005c18    00000020                : usbringbuf.obj (.text:USBRingBufAdvanceRead)
                  00005c38    00000020     MFRC522.obj (.text:_ZN11rfid_reader7MFRC52216isNewCardPresentEv)
                  00005c58    00000020     MFRC522.obj (.text:_ZN11rfid_reader7MFRC5225delayEi)
                  00005c78    00000020     Wire.obj (.text:_ZN7TwoWire5flushEv)
                  00005c98    0000001e     usblib.lib : usbringbuf.obj (.text:USBRingBufContigFree)
                  00005cb6    0000001e     driverlib.lib : usb.obj (.text:USBULPIRegRead)
                  00005cd4    0000001e                   : usb.obj (.text:USBULPIRegWrite)
                  00005cf2    0000001e     MFRC522.obj (.text:_ZN11rfid_reader7MFRC5229antennaOnEv)
                  00005d10    0000001c     usblib.lib : usbdcomp.obj (.text:CompositeEPChange)
                  00005d2c    0000001c                : usbdcomp.obj (.text:CompositeIfaceChange)
                  00005d48    0000001c                : usbdcdesc.obj (.text:USBDCDConfigGetInterface)
                  00005d64    0000001c                : usbdenum.obj (.text:USBDCDStallEP0)
                  00005d80    0000001c     driverlib.lib : usb.obj (.text:USBEndpointDataAvail)
                  00005d9c    0000001c     usblib.lib : usbringbuf.obj (.text:USBRingBufRead)
                  00005db8    0000001c                : usbringbuf.obj (.text:USBRingBufWrite)
                  00005dd4    0000001c     MFRC522.obj (.text:_ZN11rfid_reader7MFRC5229softResetEv)
                  00005df0    0000001c     Wire.obj (.text:_ZN7TwoWire9availableEv)
                  00005e0c    0000001c     Wire.obj (.text:_ZN7TwoWire9setModuleEm)
                  00005e28    0000001c     USBSerialDevice.obj (.text:_ZN9usbdevice15USBSerialDevice18flushReceiveBufferEv)
                  00005e44    0000001a     usblib.lib : usbdhid.obj (.text:ClearIdleTimers)
                  00005e5e    0000001a                : usbdcdc.obj (.text:DeviceConsumedAllData)
                  00005e78    0000001a                : usbdcdesc.obj (.text:USBDCDConfigDescGetSize)
                  00005e92    0000001a     driverlib.lib : usb.obj (.text:USBEndpointDMAChannel)
                  00005eac    0000001a     MFRC522.obj (.text:_ZN11rfid_reader7MFRC52220clearRegisterBitMaskEhh)
                  00005ec6    00000018     uartstdio.obj (.text:IsBufferFull)
                  00005ede    00000018     usblib.lib : usbdcdc.obj (.text:SetDeferredOpFlag)
                  00005ef6    00000018                : usbdhid.obj (.text:SetDeferredOpFlag)
                  00005f0e    00000002     --HOLE-- [fill = 0]
                  00005f10    00000018                : usbdhandler.obj (.text:USB0DeviceIntHandler)
                  00005f28    00000018                : usbbuffer.obj (.text:USBBufferInit)
                  00005f40    00000018                : usbdenum.obj (.text:USBDCDFeatureGet)
                  00005f58    00000018                : usbdenum.obj (.text:USBDSetDescriptor)
                  00005f70    00000018                : usbdenum.obj (.text:USBDSyncFrame)
                  00005f88    00000018     USBKeyboardDevice.obj (.text:_ZN9usbdevice17USBKeyboardDevice17releaseSpecialKeyEv)
                  00005fa0    00000018     driverlib.lib : udma.obj (.text:uDMAChannelDisable)
                  00005fb8    00000018                   : udma.obj (.text:uDMAChannelEnable)
                  00005fd0    00000016     usblib.lib : usbdcdc.obj (.text:CheckAndSendLineCodingChange)
                  00005fe6    00000016                : usbdcdc.obj (.text:CheckAndSendLineStateChange)
                  00005ffc    00000016     driverlib.lib : usb.obj (.text:USBIntEnableEndpoint)
                  00006012    00000016     usblib.lib : usbringbuf.obj (.text:USBRingBufFlush)
                  00006028    00000016                : usbringbuf.obj (.text:USBRingBufReadOne)
                  0000603e    00000016                : usbringbuf.obj (.text:USBRingBufUsed)
                  00006054    00000016     MFRC522.obj (.text:_ZN11rfid_reader7MFRC52218setRegisterBitMaskEhh)
                  0000606a    00000016     HardwareSerial.obj (.text:_ZN14HardwareSerial9availableEv)
                  00006080    00000016     USBSerialDevice.obj (.text:_ZN9usbdevice15USBSerialDevice10initBufferEv)
                  00006096    00000014     usblib.lib : usbbuffer.obj (.text:HandleTxComplete)
                  000060aa    00000002     --HOLE-- [fill = 0]
                  000060ac    00000014     driverlib.lib : sysctl.obj (.text:SysCtlUSBPLLEnable)
                  000060c0    00000014     usblib.lib : usbdcdc.obj (.text:USBDCDCTxPacketAvailable)
                  000060d4    00000014                : usbdenum.obj (.text:USBDCDRequestDataEP0)
                  000060e8    00000014                : usbdenum.obj (.text:USBDCDSendDataEP0)
                  000060fc    00000014     driverlib.lib : usb.obj (.text:USBDMAChannelConfigSet)
                  00006110    00000014                   : usb.obj (.text:USBHostResume)
                  00006124    00000014                   : usb.obj (.text:_USBIndexWrite)
                  00006138    00000014     MFRC522.obj (.text:_ZN11rfid_reader7MFRC52214readCardSerialEv)
                  0000614c    00000012     usblib.lib : usbdcdc.obj (.text:HandleResume)
                  0000615e    00000012                : usbdhid.obj (.text:HandleResume)
                  00006170    00000012                : usbdcdc.obj (.text:HandleSuspend)
                  00006182    00000012                : usbdhid.obj (.text:HandleSuspend)
                  00006194    00000012     driverlib.lib : usb.obj (.text:USBDMAChannelDisable)
                  000061a6    00000012                   : usb.obj (.text:USBDMAChannelEnable)
                  000061b8    00000012                   : usb.obj (.text:USBDMAChannelIntDisable)
                  000061ca    00000012                   : usb.obj (.text:USBDMAChannelIntEnable)
                  000061dc    00000012     usblib.lib : usbringbuf.obj (.text:USBRingBufFree)
                  000061ee    00000012     HardwareSerial.obj (.text:_ZN14HardwareSerial4peekEv)
                  00006200    00000010     driverlib.lib : i2c.obj (.text:I2CSlaveEnable)
                  00006210    00000010                   : interrupt.obj (.text:IntMasterDisable)
                  00006220    00000010                   : interrupt.obj (.text:IntMasterEnable)
                  00006230    00000010     tm4c123gh6pm_startup_ccs.obj (.text:SysTickIntHandler)
                  00006240    00000010     driverlib.lib : usb.obj (.text:USBEndpointStatus)
                  00006250    00000010     usblib.lib : usbringbuf.obj (.text:USBRingBufContigUsed)
                  00006260    00000010                : usbringbuf.obj (.text:USBRingBufWriteOne)
                  00006270    0000000e                : usbdma.obj (.text:DMAUSBIntStatusClear)
                  0000627e    0000000e     driverlib.lib : i2c.obj (.text:I2CSlaveInit)
                  0000628c    0000000e     uartstdio.obj (.text:IsBufferEmpty)
                  0000629a    0000000e     usblib.lib : usbdhid.obj (.text:USBDHIDTxPacketAvailable)
                  000062a8    0000000e     driverlib.lib : usb.obj (.text:USBDMAChannelStatus)
                  000062b6    0000000e                   : usb.obj (.text:USBDevLPMDisable)
                  000062c4    0000000e                   : usb.obj (.text:USBDevLPMEnable)
                  000062d2    0000000e                   : usb.obj (.text:USBULPIDisable)
                  000062e0    0000000e                   : usb.obj (.text:USBULPIEnable)
                  000062ee    0000000e     rtsv7M4_T_le_v4SPD16_eabi.lib : typeinfo.c.obj (.text:_ZN10__cxxabiv117__class_type_infoD0Ev)
                  000062fc    0000000e                                   : typeinfo.c.obj (.text:_ZN10__cxxabiv120__si_class_type_infoD0Ev)
                  0000630a    0000000e                                   : copy_decompress_none.c.obj (.text:decompress:none:__TI_decompress_none)
                  00006318    0000000c     driverlib.lib : cpu.obj (.text:CPUcpsid)
                  00006324    0000000c                   : cpu.obj (.text:CPUcpsie)
                  00006330    0000000c                   : i2c.obj (.text:I2CSlaveIntEnableEx)
                  0000633c    0000000c                   : usb.obj (.text:USBEndpointPacketCountSet)
                  00006348    0000000c                   : usb.obj (.text:USBLPMIntEnable)
                  00006354    0000000c     usblib.lib : usbringbuf.obj (.text:USBRingBufInit)
                  00006360    0000000c     USBCompDevice.obj (.text:_ZN9usbdevice13USBCompDevice20registerEventHandlerEPFYjPvjjS1_E)
                  0000636c    0000000c     USBSerialDevice.obj (.text:_ZN9usbdevice15USBSerialDevice17registerRxHandlerEPFYjPvjjS1_E)
                  00006378    0000000c     USBSerialDevice.obj (.text:_ZN9usbdevice15USBSerialDevice17registerTxHandlerEPFYjPvjjS1_E)
                  00006384    0000000c     USBSerialDevice.obj (.text:_ZN9usbdevice15USBSerialDevice22registerControlHandlerEPFYjPvjjS1_E)
                  00006390    0000000c     USBKeyboardDevice.obj (.text:_ZN9usbdevice17USBKeyboardDevice23registerKeyboardHandlerEPFYjPvjjS1_E)
                  0000639c    0000000c     rtsv7M4_T_le_v4SPD16_eabi.lib : guard.c.obj (.text:__cxa_guard_acquire)
                  000063a8    0000000c     SPI.obj (.text:__sti___7_SPI_cpp_230ca784)
                  000063b4    0000000c     Wire.obj (.text:__sti___8_Wire_cpp_4e348ebc)
                  000063c0    0000000c     rtsv7M4_T_le_v4SPD16_eabi.lib : copy_zero_init.c.obj (.text:decompress:ZI:__TI_zero_init)
                  000063cc    0000000a     driverlib.lib : usb.obj (.text:USBClockEnable)
                  000063d6    0000000a                   : usb.obj (.text:USBControllerVersion)
                  000063e0    0000000a                   : usb.obj (.text:USBDMAChannelAddressSet)
                  000063ea    0000000a                   : usb.obj (.text:USBDMAChannelCountSet)
                  000063f4    0000000a                   : usb.obj (.text:USBDevConnect)
                  000063fe    0000000a                   : usb.obj (.text:USBDevDisconnect)
                  00006408    0000000a                   : usb.obj (.text:USBIntStatusEndpoint)
                  00006412    0000000a     SPI.obj (.text:_ZN8SPIClassC1Ev)
                  0000641c    0000000a     rtsv7M4_T_le_v4SPD16_eabi.lib : guard.c.obj (.text:__cxa_guard_release)
                  00006426    00000008     driverlib.lib : usb.obj (.text:USBDevMode)
                  0000642e    00000008                   : usb.obj (.text:USBFIFOAddrGet)
                  00006436    00000008                   : usb.obj (.text:USBOTGMode)
                  0000643e    00000008     rtsv7M4_T_le_v4SPD16_eabi.lib : new.cpp.obj (.text:_ZdlPv)
                  00006446    00000008     usblib.lib : usbdma.obj (.text:iDMAUSBChannelIntDisable)
                  0000644e    00000008                : usbdma.obj (.text:iDMAUSBChannelIntEnable)
                  00006456    00000006     driverlib.lib : i2c.obj (.text:I2CSlaveDataPut)
                  0000645c    00000006     tm4c123gh6pm_startup_ccs.obj (.text:ResetISR)
                  00006462    00000006     driverlib.lib : sysctl.obj (.text:SysCtlDelay)
                  00006468    00000006     usblib.lib : usbbuffer.obj (.text:USBBufferFlush)
                  0000646e    00000006     driverlib.lib : usb.obj (.text:USBDMAChannelIntStatus)
                  00006474    00000006                   : usb.obj (.text:USBDevLPMConfig)
                  0000647a    00000006                   : usb.obj (.text:USBLPMIntStatus)
                  00006480    00000006     SPI.obj (.text:_ZN8SPIClass9setModuleEh)
                  00006486    00000006     USBSerialDevice.obj (.text:_ZN9usbdevice15USBSerialDevice15getRxEventCountEv)
                  0000648c    00000006     USBSerialDevice.obj (.text:_ZN9usbdevice15USBSerialDevice16getReceiveBufferEv)
                  00006492    00000006     USBSerialDevice.obj (.text:_ZN9usbdevice15USBSerialDevice19getReceiveBufferEndEv)
                  00006498    00000006     USBSerialDevice.obj (.text:_ZN9usbdevice15USBSerialDevice5writeEPhj)
                  0000649e    00000006     rtsv7M4_T_le_v4SPD16_eabi.lib : pure_virt.c.obj (.text:__cxa_pure_virtual)
                  000064a4    00000006     usblib.lib : usbdma.obj (.text:iDMAUSBIntStatus)
                  000064aa    00000004                : usbdma.obj (.text:DMAUSBStatus)
                  000064ae    00000004                : usbdhid.obj (.text:HandleReset)
                  000064b2    00000004     driverlib.lib : usb.obj (.text:USBDevAddrSet)
                  000064b6    00000004     main.obj (.text:_Z15USBEventHandlerPvjjS_)
                  000064ba    00000004     main.obj (.text:_Z9TxHandlerPvjjS_)
                  000064be    00000004     rtsv7M4_T_le_v4SPD16_eabi.lib : typeinfo.c.obj (.text:_ZN10__cxxabiv117__class_type_infoD1Ev)
                  000064c2    00000004                                   : typeinfo.c.obj (.text:_ZN10__cxxabiv120__si_class_type_infoD1Ev)
                  000064c6    00000004     HardwareSerial.obj (.text:_ZN5Print17availableForWriteEv)
                  000064ca    00000004     rtsv7M4_T_le_v4SPD16_eabi.lib : new.cpp.obj (.text:_ZdlPvj)
                  000064ce    00000004                                   : error.c.obj (.text:__abort_execution)
                  000064d2    00000004                                   : pre_init.c.obj (.text:_system_pre_init)
                  000064d6    00000004                                   : exit.c.obj (.text:abort:abort)

.const     0    000064dc    00000710     
                  000064dc    00000070     driverlib.lib : interrupt.obj (.const)
                  0000654c    0000006c                   : sysctl.obj (.const:g_pui32Xtals)
                  000065b8    00000068     USBKeyboardDevice.obj (.const:_ZN43_INTERNAL_21_USBKeyboardDevice_cpp_497fa7839usbdevice14g_pcUsageCodesE)
                  00006620    00000058     usblib.lib : usbdcdc.obj (.const)
                  00006678    00000040     SPI.obj (.const:g_ulSSIConfig)
                  000066b8    0000003f     usblib.lib : usbdhidkeyb.obj (.const:.string:g_pui8KeybReportDescriptor)
                  000066f7    00000036     usb_structs.obj (.const:.string:g_pui8ConfigString)
                  0000672d    00000002     main.obj (.const:.string:$P$T0$1)
                  0000672f    00000001     --HOLE-- [fill = 0]
                  00006730    00000034     usblib.lib : usbdenum.obj (.const:g_psUSBDStdRequests)
                  00006764    00000034                : usbdhidkeyb.obj (.const)
                  00006798    00000030                : usbdcdc.obj (.const:g_sCDCHandlers)
                  000067c8    00000030                : usbdcomp.obj (.const:g_sCompHandlers)
                  000067f8    00000030                : usbdhid.obj (.const:g_sHIDHandlers)
                  00006828    0000002e                : usbdcdc.obj (.const:.string)
                  00006856    0000002c     usb_structs.obj (.const:.string:g_pui8ControlInterfaceString)
                  00006882    00000025     rtsv7M4_T_le_v4SPD16_eabi.lib : typeinfo.c.obj (.const:.typeinfo:_ZTSN10__cxxabiv120__si_class_type_infoE)
                  000068a7    00000024     usb_structs.obj (.const:.string:g_pui8ManufacturerString)
                  000068cb    00000001     --HOLE-- [fill = 0]
                  000068cc    00000024     HardwareSerial.obj (.const:_ZTV14HardwareSerial)
                  000068f0    00000024     HardwareSerial.obj (.const:_ZTV6Stream)
                  00006914    00000024     Wire.obj (.const:_ZTV7TwoWire)
                  00006938    00000023     usblib.lib : usbdcdc.obj (.const:.string:g_pui8CDCSerCommInterface)
                  0000695b    00000022     rtsv7M4_T_le_v4SPD16_eabi.lib : typeinfo.c.obj (.const:.typeinfo:_ZTSN10__cxxabiv117__class_type_infoE)
                  0000697d    00000022     USBKeyboardDevice.obj (.const:_ZN43_INTERNAL_21_USBKeyboardDevice_cpp_497fa7839usbdevice19g_pcUsageCodesShiftE)
                  0000699f    00000001     --HOLE-- [fill = 0]
                  000069a0    00000020     HardwareSerial.obj (.const:g_ulUARTBase)
                  000069c0    00000020     HardwareSerial.obj (.const:g_ulUARTInt)
                  000069e0    00000020     Wire.obj (.const:g_uli2cConfig)
                  00006a00    0000001a     usb_structs.obj (.const:.string:g_pui8ProductString)
                  00006a1a    00000002     main.obj (.const:.string:$P$T3$4)
                  00006a1c    00000018     Print.obj (.const:_ZTV5Print)
                  00006a34    00000018     usb_structs.obj (.const:g_pui8StringDescriptors)
                  00006a4c    00000012     usb_structs.obj (.const:.string:g_pui8SerialNumberString)
                  00006a5e    00000011     HardwareSerial.obj (.const:.typeinfo:_ZTS14HardwareSerial)
                  00006a6f    00000001     --HOLE-- [fill = 0]
                  00006a70    00000010     rtsv7M4_T_le_v4SPD16_eabi.lib : typeinfo.c.obj (.const:_ZTVN10__cxxabiv117__class_type_infoE)
                  00006a80    00000010                                   : typeinfo.c.obj (.const:_ZTVN10__cxxabiv120__si_class_type_infoE)
                  00006a90    00000010     SPI.obj (.const:g_ulSSIBase)
                  00006aa0    00000010     SPI.obj (.const:g_ulSSIPeriph)
                  00006ab0    00000010     SPI.obj (.const:g_ulSSIPins)
                  00006ac0    00000010     SPI.obj (.const:g_ulSSIPort)
                  00006ad0    00000010     Wire.obj (.const:g_uli2cBase)
                  00006ae0    00000010     Wire.obj (.const:g_uli2cInt)
                  00006af0    00000010     Wire.obj (.const:g_uli2cMasterBase)
                  00006b00    00000010     Wire.obj (.const:g_uli2cPeriph)
                  00006b10    00000010     Wire.obj (.const:g_uli2cSCLPins)
                  00006b20    00000010     Wire.obj (.const:g_uli2cSDAPins)
                  00006b30    00000010     Wire.obj (.const:g_uli2cSlaveBase)
                  00006b40    0000000e     usblib.lib : usbdhidkeyb.obj (.const:.string)
                  00006b4e    0000000d     rtsv7M4_T_le_v4SPD16_eabi.lib : stdlib_typeinfo.cpp.obj (.const:.typeinfo:_ZTSSt9type_info)
                  00006b5b    00000001     --HOLE-- [fill = 0]
                  00006b5c    0000000c     HardwareSerial.obj (.const:.typeinfo:_ZTI14HardwareSerial)
                  00006b68    0000000c     HardwareSerial.obj (.const:.typeinfo:_ZTI6Stream)
                  00006b74    0000000c     Wire.obj (.const:.typeinfo:_ZTI7TwoWire)
                  00006b80    0000000c     rtsv7M4_T_le_v4SPD16_eabi.lib : typeinfo.c.obj (.const:.typeinfo:_ZTIN10__cxxabiv117__class_type_infoE)
                  00006b8c    0000000c                                   : typeinfo.c.obj (.const:.typeinfo:_ZTIN10__cxxabiv120__si_class_type_infoE)
                  00006b98    0000000c     uartstdio.obj (.const:g_ui32UARTInt)
                  00006ba4    00000009     usblib.lib : usbdcomp.obj (.const:.string)
                  00006bad    00000009     Wire.obj (.const:.typeinfo:_ZTS7TwoWire)
                  00006bb6    00000002     main.obj (.const)
                  00006bb8    00000008     Print.obj (.const:.typeinfo:_ZTI5Print)
                  00006bc0    00000008     rtsv7M4_T_le_v4SPD16_eabi.lib : stdlib_typeinfo.cpp.obj (.const:.typeinfo:_ZTISt9type_info)
                  00006bc8    00000008     HardwareSerial.obj (.const:.typeinfo:_ZTS6Stream)
                  00006bd0    00000007     Print.obj (.const:.typeinfo:_ZTS5Print)
                  00006bd7    00000006     main.obj (.const:.string:$P$T1$2)
                  00006bdd    00000006     main.obj (.const:.string:$P$T2$3)
                  00006be3    00000004     usb_structs.obj (.const:.string:g_pui8LangDescriptor)
                  00006be7    00000001     --HOLE-- [fill = 0]
                  00006be8    00000004     usb_structs.obj (.const)

.cinit     0    00006bf8    000000e0     
                  00006bf8    000000b8     (.cinit..data.load) [load image, compression = lzss]
                  00006cb0    0000000c     (__TI_handler_table)
                  00006cbc    00000004     --HOLE-- [fill = 0]
                  00006cc0    00000008     (.cinit..bss.load) [load image, compression = zero_init]
                  00006cc8    00000010     (__TI_cinit_table)

.init_array 
*          0    00006bec    0000000c     
                  00006bec    00000004     Wire.obj (.init_array)
                  00006bf0    00000004     SPI.obj (.init_array)
                  00006bf4    00000004     HardwareSerial.obj (.init_array)

.bss       0    20000000    00000e54     UNINITIALIZED
                  20000000    00000400     uartstdio.obj (.bss:g_pcUARTTxBuffer)
                  20000400    000003e8     USBSerialDevice.obj (.bss:instance$2)
                  200007e8    00000110     usblib.lib : usbdma.obj (.bss:g_psUSBDMAInst)
                  200008f8    000000f8     USBCompDevice.obj (.bss:instance$2)
                  200009f0    000000a4     USBKeyboardDevice.obj (.bss:instance$2)
                  20000a94    00000080     uartstdio.obj (.bss:g_pcUARTRxBuffer)
                  20000b14    00000050     usblib.lib : usbdenum.obj (.bss:g_psDCDInst)
                  20000b64    00000040                : usbdenum.obj (.bss:g_pui8DataBufferIn)
                  20000ba4    00000040     (.common:_ZN7TwoWire8rxBufferE)
                  20000be4    00000040     (.common:_ZN7TwoWire8txBufferE)
                  20000c24    00000038     HardwareSerial.obj (.bss:Serial1)
                  20000c5c    00000038     HardwareSerial.obj (.bss:Serial2)
                  20000c94    00000038     HardwareSerial.obj (.bss:Serial3)
                  20000ccc    00000038     HardwareSerial.obj (.bss:Serial4)
                  20000d04    00000038     HardwareSerial.obj (.bss:Serial5)
                  20000d3c    00000038     HardwareSerial.obj (.bss:Serial6)
                  20000d74    00000038     HardwareSerial.obj (.bss:Serial7)
                  20000dac    00000038     HardwareSerial.obj (.bss:Serial)
                  20000de4    00000018     (.common:g_pfnTickHandlers)
                  20000dfc    00000018     (.common:g_pvTickInstance)
                  20000e14    00000010     Wire.obj (.bss:Wire)
                  20000e24    00000008     uartstdio.obj (.bss)
                  20000e2c    00000004     USBCompDevice.obj (.bss)
                  20000e30    00000004     USBKeyboardDevice.obj (.bss)
                  20000e34    00000004     USBSerialDevice.obj (.bss)
                  20000e38    00000004     (.common:g_pfnUSBModeCallback)
                  20000e3c    00000004     (.common:g_ppCompConfigDescriptors)
                  20000e40    00000004     (.common:g_ppsDevInfo)
                  20000e44    00000004     (.common:g_ui32ULPISupport)
                  20000e48    00000004     (.common:ui32RxCount)
                  20000e4c    00000004     (.common:ui32TxCount)
                  20000e50    00000002     SPI.obj (.bss:SPI)
                  20000e52    00000002     (.common:_ZN9usbdevice16g_sKeyboardStateE)

.stack     0    20000e58    00000400     UNINITIALIZED
                  20000e58    00000004     rtsv7M4_T_le_v4SPD16_eabi.lib : boot_cortex_m.c.obj (.stack)
                  20000e5c    000003fc     --HOLE--

.data      0    20001258    00000144     UNINITIALIZED
                  20001258    0000005e     usblib.lib : usbdcdc.obj (.data)
                  200012b6    00000002     --HOLE--
                  200012b8    00000038                : usbdhidkeyb.obj (.data)
                  200012f0    00000015     uartstdio.obj (.data)
                  20001305    00000012     usblib.lib : usbdcomp.obj (.data)
                  20001317    00000012                : usbdhid.obj (.data)
                  20001329    00000003     buttons.obj (.data)
                  2000132c    00000010     USBKeyboardDevice.obj (.data)
                  2000133c    0000000c     rtsv7M4_T_le_v4SPD16_eabi.lib : memory.c.obj (.data:$O1$$)
                  20001348    0000000c     USBSerialDevice.obj (.data)
                  20001354    0000000c     usblib.lib : usbtick.obj (.data)
                  20001360    00000009     Wire.obj (.data)
                  20001369    00000003     --HOLE--
                  2000136c    00000009     usblib.lib : usbmode.obj (.data)
                  20001375    00000003     --HOLE--
                  20001378    00000008     rtsv7M4_T_le_v4SPD16_eabi.lib : _lock.c.obj (.data:$O1$$)
                  20001380    00000008     usblib.lib : usbdenum.obj (.data)
                  20001388    00000005     main.obj (.data)
                  2000138d    00000003     --HOLE--
                  20001390    00000004     USBCompDevice.obj (.data)
                  20001394    00000004     main.obj (.data:currentUid)
                  20001398    00000004     tm4c123gh6pm_startup_ccs.obj (.data)

.sysmem    0    200013a0    00000008     UNINITIALIZED
                  200013a0    00000008     rtsv7M4_T_le_v4SPD16_eabi.lib : memory.c.obj (.sysmem)

MODULE SUMMARY

       Module                         code    ro data   rw data
       ------                         ----    -------   -------
    .\drivers\
       buttons.obj                    104     0         3      
    +--+------------------------------+-------+---------+---------+
       Total:                         104     0         3      
                                                               
    .\src\
       main.obj                       1512    18        19     
       tm4c123gh6pm_startup_ccs.obj   28      620       4      
    +--+------------------------------+-------+---------+---------+
       Total:                         1540    638       23     
                                                               
    .\src\energia\
       Wire.obj                       1258    205       153    
       HardwareSerial.obj             572     189       448    
       SPI.obj                        364     132       2      
       Print.obj                      46      39        0      
    +--+------------------------------+-------+---------+---------+
       Total:                         2240    565       603    
                                                               
    .\src\rfid\
       MFRC522.obj                    2002    0         0      
    +--+------------------------------+-------+---------+---------+
       Total:                         2002    0         0      
                                                               
    .\src\usb\
       USBSerialDevice.obj            967     0         1016   
       USBKeyboardDevice.obj          592     138       184    
       USBCompDevice.obj              212     0         256    
       usb_structs.obj                0       210       0      
    +--+------------------------------+-------+---------+---------+
       Total:                         1771    348       1456   
                                                               
    .\utils\
       uartstdio.obj                  698     12        1181   
    +--+------------------------------+-------+---------+---------+
       Total:                         698     12        1181   
                                                               
    C:/ti/tivaware_c_series_2_1_4_178/driverlib/ccs/Debug/driverlib.lib
       usb.obj                        1354    0         0      
       sysctl.obj                     430     108       0      
       interrupt.obj                  340     112       0      
       udma.obj                       328     0         0      
       i2c.obj                        48      0         0      
       cpu.obj                        24      0         0      
    +--+------------------------------+-------+---------+---------+
       Total:                         2524    220       0      
                                                               
    C:/ti/tivaware_c_series_2_1_4_178/usblib/ccs/Debug/usblib.lib
       usbdenum.obj                   2904    52        160    
       usbdcdc.obj                    2008    217       94     
       usbdma.obj                     2008    0         272    
       usbdhid.obj                    1770    48        18     
       usbdcomp.obj                   1624    57        22     
       usbdhidkeyb.obj                652     129       56     
       usbbuffer.obj                  646     0         0      
       usbdconfig.obj                 576     0         0      
       usbdcdesc.obj                  356     0         0      
       usbringbuf.obj                 350     0         0      
       usbtick.obj                    160     0         60     
       usbdesc.obj                    86      0         0      
       usbulpi.obj                    82      0         0      
       usbmode.obj                    36      0         13     
       usbdhandler.obj                24      0         0      
    +--+------------------------------+-------+---------+---------+
       Total:                         13282   503       695    
                                                               
    C:\ti\ccsv8\tools\compiler\ti-cgt-arm_18.1.3.LTS\lib\rtsv7M4_T_le_v4SPD16_eabi.lib
       memory.c.obj                   372     0         12     
       typeinfo.c.obj                 36      127       0      
       memcpy_t2.asm.obj              156     0         0      
       memset_t2.asm.obj              122     0         0      
       copy_decompress_lzss.c.obj     104     0         0      
       autoinit.c.obj                 96      0         0      
       boot_cortex_m.c.obj            56      0         0      
       stdlib_typeinfo.cpp.obj        2       21        0      
       guard.c.obj                    22      0         0      
       copy_decompress_none.c.obj     14      0         0      
       copy_zero_init.c.obj           12      0         0      
       new.cpp.obj                    12      0         0      
       _lock.c.obj                    2       0         8      
       pure_virt.c.obj                6       0         0      
       error.c.obj                    4       0         0      
       exit.c.obj                     4       0         0      
       pre_init.c.obj                 4       0         0      
    +--+------------------------------+-------+---------+---------+
       Total:                         1024    148       20     
                                                               
       Heap:                          0       0         8      
       Stack:                         0       0         1024   
       Linker Generated:              0       220       0      
    +--+------------------------------+-------+---------+---------+
       Grand Total:                   25185   2654      5013   


LINKER GENERATED COPY TABLES

__TI_cinit_table @ 00006cc8 records: 2, size/record: 8, table size: 16
	.data: load addr=00006bf8, load size=000000b8 bytes, run addr=20001258, run size=00000144 bytes, compression=lzss
	.bss: load addr=00006cc0, load size=00000008 bytes, run addr=20000000, run size=00000e54 bytes, compression=zero_init


LINKER GENERATED HANDLER TABLE

__TI_handler_table @ 00006cb0 records: 3, size/record: 4, table size: 12
	index: 0, handler: __TI_decompress_lzss
	index: 1, handler: __TI_decompress_none
	index: 2, handler: __TI_zero_init


GLOBAL SYMBOLS: SORTED ALPHABETICALLY BY Name 

address   name                                                                  
-------   ----                                                                  
000008a7  BuildCompositeDescriptor                                              
00003911  ButtonsInit                                                           
000064d7  C$$EXIT                                                               
00006319  CPUcpsid                                                              
00006325  CPUcpsie                                                              
00006457  I2CSlaveDataPut                                                       
00006201  I2CSlaveEnable                                                        
0000627f  I2CSlaveInit                                                          
00006331  I2CSlaveIntEnableEx                                                   
00003979  IntDisable                                                            
000039e1  IntEnable                                                             
00003ca9  IntIsEnabled                                                          
00006211  IntMasterDisable                                                      
00006221  IntMasterEnable                                                       
00004e59  InternalUSBRegisterTickHandler                                        
00004e91  InternalUSBStartOfFrameTick                                           
000054fd  InternalUSBTickInit                                                   
00006be8  NUM_STRING_DESCRIPTORS                                                
00003609  ProcessDataFromHost                                                   
000037cd  ProcessDataToHost                                                     
000053d3  ProcessNotificationToHost                                             
0000645d  ResetISR                                                              
00006bec  SHT$$INIT_ARRAY$$Base                                                 
00006bf8  SHT$$INIT_ARRAY$$Limit                                                
20000e50  SPI                                                                   
20000dac  Serial                                                                
20000c24  Serial1                                                               
20000c5c  Serial2                                                               
20000c94  Serial3                                                               
20000ccc  Serial4                                                               
20000d04  Serial5                                                               
20000d3c  Serial6                                                               
20000d74  Serial7                                                               
00001795  SysCtlClockGet                                                        
00006463  SysCtlDelay                                                           
00005205  SysCtlPeripheralEnable                                                
0000439d  SysCtlPeripheralReset                                                 
000060ad  SysCtlUSBPLLEnable                                                    
00006231  SysTickIntHandler                                                     
00000c3d  UARTStdioIntHandler                                                   
000026d5  UARTwrite                                                             
00004349  ULPIConfigSet                                                         
00005f11  USB0DeviceIntHandler                                                  
00003d0d  USBBufferEventCallback                                                
00006469  USBBufferFlush                                                        
00005f29  USBBufferInit                                                         
00005847  USBBufferRead                                                         
000055bb  USBBufferWrite                                                        
000063cd  USBClockEnable                                                        
000063d7  USBControllerVersion                                                  
00001d51  USBDCDCCompositeInit                                                  
00002c49  USBDCDCPacketRead                                                     
00003f59  USBDCDCPacketWrite                                                    
000055e9  USBDCDCRxPacketAvailable                                              
000060c1  USBDCDCTxPacketAvailable                                              
000043ed  USBDCDConfigDescGet                                                   
0000574f  USBDCDConfigDescGetNum                                                
00005e79  USBDCDConfigDescGetSize                                               
00005d49  USBDCDConfigGetInterface                                              
00004fa9  USBDCDConfigGetInterfaceEndpoint                                      
00004a65  USBDCDDeviceInfoInit                                                  
00005f41  USBDCDFeatureGet                                                      
00000efd  USBDCDInit                                                            
000060d5  USBDCDRequestDataEP0                                                  
000060e9  USBDCDSendDataEP0                                                     
00005d65  USBDCDStallEP0                                                        
00002185  USBDCompositeInit                                                     
00001c71  USBDHIDCompositeInit                                                  
00002825  USBDHIDKeyboardCompositeInit                                          
00003021  USBDHIDKeyboardKeyStateChange                                         
000047d7  USBDHIDReportWrite                                                    
0000629b  USBDHIDTxPacketAvailable                                              
000063e1  USBDMAChannelAddressSet                                               
000060fd  USBDMAChannelConfigSet                                                
000063eb  USBDMAChannelCountSet                                                 
00006195  USBDMAChannelDisable                                                  
000061a7  USBDMAChannelEnable                                                   
000061b9  USBDMAChannelIntDisable                                               
000061cb  USBDMAChannelIntEnable                                                
0000646f  USBDMAChannelIntStatus                                                
000062a9  USBDMAChannelStatus                                                   
0000569f  USBDescGet                                                            
00005779  USBDescGetNum                                                         
000064b3  USBDevAddrSet                                                         
000063f5  USBDevConnect                                                         
000063ff  USBDevDisconnect                                                      
00003339  USBDevEndpointConfigSet                                               
000057a3  USBDevEndpointDataAck                                                 
00005405  USBDevEndpointStall                                                   
00004821  USBDevEndpointStallClear                                              
000040d9  USBDevEndpointStatusClear                                             
00006475  USBDevLPMConfig                                                       
000062b7  USBDevLPMDisable                                                      
000062c5  USBDevLPMEnable                                                       
00006427  USBDevMode                                                            
000012ed  USBDeviceConfig                                                       
00002df5  USBDeviceConfigAlternate                                              
00001e29  USBDeviceEnumHandler                                                  
000048fd  USBDeviceEnumResetHandler                                             
0000119d  USBDeviceIntHandlerInternal                                           
0000443d  USBDeviceResumeTickHandler                                            
00005e93  USBEndpointDMAChannel                                                 
00004615  USBEndpointDMAConfigSet                                               
000059cf  USBEndpointDMADisable                                                 
000059f3  USBEndpointDMAEnable                                                  
00005d81  USBEndpointDataAvail                                                  
00004a1d  USBEndpointDataGet                                                    
00005165  USBEndpointDataPut                                                    
00005239  USBEndpointDataSend                                                   
0000633d  USBEndpointPacketCountSet                                             
00006241  USBEndpointStatus                                                     
0000642f  USBFIFOAddrGet                                                        
00004de7  USBFIFOConfigSet                                                      
00006111  USBHostResume                                                         
00005899  USBIntEnableControl                                                   
00005ffd  USBIntEnableEndpoint                                                  
00004fe1  USBIntStatusControl                                                   
00006409  USBIntStatusEndpoint                                                  
00006349  USBLPMIntEnable                                                       
0000647b  USBLPMIntStatus                                                       
00000d9d  USBLibDMAInit                                                         
00006437  USBOTGMode                                                            
00005c19  USBRingBufAdvanceRead                                                 
00005019  USBRingBufAdvanceWrite                                                
00005c99  USBRingBufContigFree                                                  
00006251  USBRingBufContigUsed                                                  
00006013  USBRingBufFlush                                                       
000061dd  USBRingBufFree                                                        
00006355  USBRingBufInit                                                        
00005d9d  USBRingBufRead                                                        
00006029  USBRingBufReadOne                                                     
0000603f  USBRingBufUsed                                                        
00005db9  USBRingBufWrite                                                       
00006261  USBRingBufWriteOne                                                    
00005a19  USBStackModeSet                                                       
000062d3  USBULPIDisable                                                        
000062e1  USBULPIEnable                                                         
00005cb7  USBULPIRegRead                                                        
00005cd5  USBULPIRegWrite                                                       
20000e14  Wire                                                                  
0000155d  _Z12configureUSBv                                                     
00003595  _Z14ControlHandlerPvjjS_                                              
000064b7  _Z15USBEventHandlerPvjjS_                                             
000058c1  _Z18USBKeyboardHandlerPvjjS_                                          
00005a3d  _Z5delayi                                                             
00004aed  _Z9RxHandlerPvjjS_                                                    
000064bb  _Z9TxHandlerPvjjS_                                                    
000062ef  _ZN10__cxxabiv117__class_type_infoD0Ev                                
000064bf  _ZN10__cxxabiv117__class_type_infoD1Ev                                
000064bf  _ZN10__cxxabiv117__class_type_infoD2Ev                                
000062fd  _ZN10__cxxabiv120__si_class_type_infoD0Ev                             
000064c3  _ZN10__cxxabiv120__si_class_type_infoD1Ev                             
000064c3  _ZN10__cxxabiv120__si_class_type_infoD2Ev                             
00000625  _ZN11rfid_reader7MFRC52211select_PICCEPNS_3UidEh                      
00003ab1  _ZN11rfid_reader7MFRC52212REQA_or_WUPAEhPhS1_                         
00003b17  _ZN11rfid_reader7MFRC52212calculateCRCEPhhS1_                         
00002259  _ZN11rfid_reader7MFRC52212readRegisterENS_12PCD_RegisterEhPhh         
00004661  _ZN11rfid_reader7MFRC52212readRegisterEh                              
00004945  _ZN11rfid_reader7MFRC52213writeRegisterEhh                            
00004195  _ZN11rfid_reader7MFRC52213writeRegisterEhhPh                          
00006139  _ZN11rfid_reader7MFRC52214readCardSerialEv                            
000057cd  _ZN11rfid_reader7MFRC52214transceiveDataEPhhS1_S1_S1_hb               
00005c39  _ZN11rfid_reader7MFRC52216isNewCardPresentEv                          
00006055  _ZN11rfid_reader7MFRC52218setRegisterBitMaskEhh                       
00001435  _ZN11rfid_reader7MFRC52219communicateWithPICCEhhPhhS1_S1_S1_hb        
00005ead  _ZN11rfid_reader7MFRC52220clearRegisterBitMaskEhh                     
000038a5  _ZN11rfid_reader7MFRC5224initEv                                       
00005c59  _ZN11rfid_reader7MFRC5225delayEi                                      
00005cf3  _ZN11rfid_reader7MFRC5229antennaOnEv                                  
00005dd5  _ZN11rfid_reader7MFRC5229softResetEv                                  
0000448d  _ZN11rfid_reader7MFRC522C1Ev                                          
0000448d  _ZN11rfid_reader7MFRC522C2Ev                                          
000034a5  _ZN14HardwareSerial13primeTransmitEm                                  
000061ef  _ZN14HardwareSerial4peekEv                                            
00005961  _ZN14HardwareSerial4readEv                                            
000056cd  _ZN14HardwareSerial5flushEv                                           
00004019  _ZN14HardwareSerial5writeEh                                           
0000606b  _ZN14HardwareSerial9availableEv                                       
00004c39  _ZN14HardwareSerialC1Em                                               
00004c79  _ZN14HardwareSerialC1Ev                                               
00004c39  _ZN14HardwareSerialC2Em                                               
00004c79  _ZN14HardwareSerialC2Ev                                               
000064c7  _ZN5Print17availableForWriteEv                                        
000030a7  _ZN5Print5flushEv                                                     
00005617  _ZN5Print5writeEPKhj                                                  
20001360  _ZN7TwoWire11rxReadIndexE                                             
20001363  _ZN7TwoWire11txReadIndexE                                             
20001368  _ZN7TwoWire12currentStateE                                            
20001361  _ZN7TwoWire12rxWriteIndexE                                            
20001366  _ZN7TwoWire12slaveAddressE                                            
20001367  _ZN7TwoWire12transmittingE                                            
20001364  _ZN7TwoWire12txWriteIndexE                                            
00005a61  _ZN7TwoWire4peekEv                                                    
0000526d  _ZN7TwoWire4readEv                                                    
00001aa1  _ZN7TwoWire5beginEh                                                   
00000a9d  _ZN7TwoWire5beginEv                                                   
00005c79  _ZN7TwoWire5flushEv                                                   
00005b55  _ZN7TwoWire5writeEPKhj                                                
000030a9  _ZN7TwoWire5writeEh                                                   
20000ba4  _ZN7TwoWire8rxBufferE                                                 
20000be4  _ZN7TwoWire8txBufferE                                                 
00005df1  _ZN7TwoWire9availableEv                                               
00001f01  _ZN7TwoWire9forceStopEv                                               
20001365  _ZN7TwoWire9i2cModuleE                                                
00005e0d  _ZN7TwoWire9setModuleEm                                               
20001362  _ZN7TwoWire9txAddressE                                                
00005a85  _ZN7TwoWireC1Ev                                                       
00005a85  _ZN7TwoWireC2Ev                                                       
000018a5  _ZN8SPIClass5beginEv                                                  
0000498d  _ZN8SPIClass8transferEh                                               
00006481  _ZN8SPIClass9setModuleEh                                              
00006413  _ZN8SPIClassC1Ev                                                      
00006413  _ZN8SPIClassC2Ev                                                      
000052a1  _ZN9usbdevice13USBCompDevice11getInstanceEv                           
20001390  _ZN9usbdevice13USBCompDevice12eventHandlerE                           
00006361  _ZN9usbdevice13USBCompDevice20registerEventHandlerEPFYjPvjjS1_E       
00004cf7  _ZN9usbdevice13USBCompDevice4initEv                                   
000041f1  _ZN9usbdevice13USBCompDeviceC1EPFYjPvjjS1_E                           
000041f1  _ZN9usbdevice13USBCompDeviceC2EPFYjPvjjS1_E                           
00006081  _ZN9usbdevice15USBSerialDevice10initBufferEv                          
00005645  _ZN9usbdevice15USBSerialDevice10readBufferEv                          
00004b31  _ZN9usbdevice15USBSerialDevice11getInstanceEv                         
00004b75  _ZN9usbdevice15USBSerialDevice12disconnectedEv                        
00002e81  _ZN9usbdevice15USBSerialDevice13GetLineCodingEP11tLineCoding          
0000312d  _ZN9usbdevice15USBSerialDevice13SetLineCodingEP11tLineCoding          
20001348  _ZN9usbdevice15USBSerialDevice14controlHandlerE                       
00006487  _ZN9usbdevice15USBSerialDevice15getRxEventCountEv                     
0000367b  _ZN9usbdevice15USBSerialDevice15getSerialDeviceEv                     
0000648d  _ZN9usbdevice15USBSerialDevice16getReceiveBufferEv                    
0000636d  _ZN9usbdevice15USBSerialDevice17registerRxHandlerEPFYjPvjjS1_E        
00006379  _ZN9usbdevice15USBSerialDevice17registerTxHandlerEPFYjPvjjS1_E        
00005e29  _ZN9usbdevice15USBSerialDevice18flushReceiveBufferEv                  
0000390f  _ZN9usbdevice15USBSerialDevice19SetControlLineStateEt                 
00006493  _ZN9usbdevice15USBSerialDevice19getReceiveBufferEndEv                 
000044dd  _ZN9usbdevice15USBSerialDevice20USBUARTPrimeTransmitEv                
00006385  _ZN9usbdevice15USBSerialDevice22registerControlHandlerEPFYjPvjjS1_E   
00006499  _ZN9usbdevice15USBSerialDevice5writeEPhj                              
00005051  _ZN9usbdevice15USBSerialDevice9SendBreakEb                            
0000452d  _ZN9usbdevice15USBSerialDevice9connectedEv                            
2000134c  _ZN9usbdevice15USBSerialDevice9rxHandlerE                             
20001350  _ZN9usbdevice15USBSerialDevice9txHandlerE                             
000024a9  _ZN9usbdevice15USBSerialDeviceC1EPFYjPvjjS1_ES3_S3_                   
000024a9  _ZN9usbdevice15USBSerialDeviceC2EPFYjPvjjS1_ES3_S3_                   
20000e52  _ZN9usbdevice16g_sKeyboardStateE                                      
000052d5  _ZN9usbdevice17USBKeyboardDevice11getInstanceEv                       
000058e9  _ZN9usbdevice17USBKeyboardDevice12GetUsageCodeEcb                     
000029f5  _ZN9usbdevice17USBKeyboardDevice14USBWriteStringEPKci                 
2000132c  _ZN9usbdevice17USBKeyboardDevice15keyboardHandlerE                    
0000351d  _ZN9usbdevice17USBKeyboardDevice17USBKeyboardUpdateEhhb               
00004193  _ZN9usbdevice17USBKeyboardDevice17getKeyboardDeviceEv                 
00005f89  _ZN9usbdevice17USBKeyboardDevice17releaseSpecialKeyEv                 
00002f0d  _ZN9usbdevice17USBKeyboardDevice22USBPressKeyCombinationEhPKhi        
00006391  _ZN9usbdevice17USBKeyboardDevice23registerKeyboardHandlerEPFYjPvjjS1_E
00005437  _ZN9usbdevice17USBKeyboardDeviceC1EPFYjPvjjS1_E                       
00005437  _ZN9usbdevice17USBKeyboardDeviceC2EPFYjPvjjS1_E                       
0000439b  _ZNSt9type_infoD1Ev                                                   
0000439b  _ZNSt9type_infoD2Ev                                                   
000064d7  _ZSt17__throw_bad_allocv                                              
00006b5c  _ZTI14HardwareSerial                                                  
00006bb8  _ZTI5Print                                                            
00006b68  _ZTI6Stream                                                           
00006b74  _ZTI7TwoWire                                                          
00006b80  _ZTIN10__cxxabiv117__class_type_infoE                                 
00006b8c  _ZTIN10__cxxabiv120__si_class_type_infoE                              
00006bc0  _ZTISt9type_info                                                      
00006a5e  _ZTS14HardwareSerial                                                  
00006bd0  _ZTS5Print                                                            
00006bc8  _ZTS6Stream                                                           
00006bad  _ZTS7TwoWire                                                          
0000695b  _ZTSN10__cxxabiv117__class_type_infoE                                 
00006882  _ZTSN10__cxxabiv120__si_class_type_infoE                              
00006b4e  _ZTSSt9type_info                                                      
000068cc  _ZTV14HardwareSerial                                                  
00006a1c  _ZTV5Print                                                            
000068f0  _ZTV6Stream                                                           
00006914  _ZTV7TwoWire                                                          
00006a70  _ZTVN10__cxxabiv117__class_type_infoE                                 
00006a80  _ZTVN10__cxxabiv120__si_class_type_infoE                              
0000643f  _ZdlPv                                                                
000064cb  _ZdlPvj                                                               
20001258  __STACK_END                                                           
00000400  __STACK_SIZE                                                          
20001058  __STACK_TOP                                                           
00000008  __SYSMEM_SIZE                                                         
00006cc8  __TI_CINIT_Base                                                       
00006cd8  __TI_CINIT_Limit                                                      
00006cb0  __TI_Handler_Table_Base                                               
00006cbc  __TI_Handler_Table_Limit                                              
00004079  __TI_auto_init_nobinit                                                
00003a49  __TI_decompress_lzss                                                  
0000630b  __TI_decompress_none                                                  
ffffffff  __TI_pprof_out_hndl                                                   
[...]
000059cf  USBEndpointDMADisable                                                 
000059f3  USBEndpointDMAEnable                                                  
00005a19  USBStackModeSet                                                       
00005a3d  _Z5delayi                                                             
00005a61  _ZN7TwoWire4peekEv                                                    
00005a85  _ZN7TwoWireC1Ev                                                       
00005a85  _ZN7TwoWireC2Ev                                                       
00005aa9  uDMAChannelControlSet                                                 
00005b55  _ZN7TwoWire5writeEPKhj                                                
00005c19  USBRingBufAdvanceRead                                                 
00005c39  _ZN11rfid_reader7MFRC52216isNewCardPresentEv                          
00005c59  _ZN11rfid_reader7MFRC5225delayEi                                      
00005c79  _ZN7TwoWire5flushEv                                                   
00005c99  USBRingBufContigFree                                                  
00005cb7  USBULPIRegRead                                                        
00005cd5  USBULPIRegWrite                                                       
00005cf3  _ZN11rfid_reader7MFRC5229antennaOnEv                                  
00005d49  USBDCDConfigGetInterface                                              
00005d65  USBDCDStallEP0                                                        
00005d81  USBEndpointDataAvail                                                  
00005d9d  USBRingBufRead                                                        
00005db9  USBRingBufWrite                                                       
00005dd5  _ZN11rfid_reader7MFRC5229softResetEv                                  
00005df1  _ZN7TwoWire9availableEv                                               
00005e0d  _ZN7TwoWire9setModuleEm                                               
00005e29  _ZN9usbdevice15USBSerialDevice18flushReceiveBufferEv                  
00005e79  USBDCDConfigDescGetSize                                               
00005e93  USBEndpointDMAChannel                                                 
00005ead  _ZN11rfid_reader7MFRC52220clearRegisterBitMaskEhh                     
00005f11  USB0DeviceIntHandler                                                  
00005f29  USBBufferInit                                                         
00005f41  USBDCDFeatureGet                                                      
00005f89  _ZN9usbdevice17USBKeyboardDevice17releaseSpecialKeyEv                 
00005fa1  uDMAChannelDisable                                                    
00005fb9  uDMAChannelEnable                                                     
00005ffd  USBIntEnableEndpoint                                                  
00006013  USBRingBufFlush                                                       
00006029  USBRingBufReadOne                                                     
0000603f  USBRingBufUsed                                                        
00006055  _ZN11rfid_reader7MFRC52218setRegisterBitMaskEhh                       
0000606b  _ZN14HardwareSerial9availableEv                                       
00006081  _ZN9usbdevice15USBSerialDevice10initBufferEv                          
000060ad  SysCtlUSBPLLEnable                                                    
000060c1  USBDCDCTxPacketAvailable                                              
000060d5  USBDCDRequestDataEP0                                                  
000060e9  USBDCDSendDataEP0                                                     
000060fd  USBDMAChannelConfigSet                                                
00006111  USBHostResume                                                         
00006139  _ZN11rfid_reader7MFRC52214readCardSerialEv                            
00006195  USBDMAChannelDisable                                                  
000061a7  USBDMAChannelEnable                                                   
000061b9  USBDMAChannelIntDisable                                               
000061cb  USBDMAChannelIntEnable                                                
000061dd  USBRingBufFree                                                        
000061ef  _ZN14HardwareSerial4peekEv                                            
00006201  I2CSlaveEnable                                                        
00006211  IntMasterDisable                                                      
00006221  IntMasterEnable                                                       
00006231  SysTickIntHandler                                                     
00006241  USBEndpointStatus                                                     
00006251  USBRingBufContigUsed                                                  
00006261  USBRingBufWriteOne                                                    
0000627f  I2CSlaveInit                                                          
0000629b  USBDHIDTxPacketAvailable                                              
000062a9  USBDMAChannelStatus                                                   
000062b7  USBDevLPMDisable                                                      
000062c5  USBDevLPMEnable                                                       
000062d3  USBULPIDisable                                                        
000062e1  USBULPIEnable                                                         
000062ef  _ZN10__cxxabiv117__class_type_infoD0Ev                                
000062fd  _ZN10__cxxabiv120__si_class_type_infoD0Ev                             
0000630b  __TI_decompress_none                                                  
00006319  CPUcpsid                                                              
00006325  CPUcpsie                                                              
00006331  I2CSlaveIntEnableEx                                                   
0000633d  USBEndpointPacketCountSet                                             
00006349  USBLPMIntEnable                                                       
00006355  USBRingBufInit                                                        
00006361  _ZN9usbdevice13USBCompDevice20registerEventHandlerEPFYjPvjjS1_E       
0000636d  _ZN9usbdevice15USBSerialDevice17registerRxHandlerEPFYjPvjjS1_E        
00006379  _ZN9usbdevice15USBSerialDevice17registerTxHandlerEPFYjPvjjS1_E        
00006385  _ZN9usbdevice15USBSerialDevice22registerControlHandlerEPFYjPvjjS1_E   
00006391  _ZN9usbdevice17USBKeyboardDevice23registerKeyboardHandlerEPFYjPvjjS1_E
0000639d  __cxa_guard_acquire                                                   
000063a9  __sti___7_SPI_cpp_230ca784                                            
000063b5  __sti___8_Wire_cpp_4e348ebc                                           
000063c1  __TI_zero_init                                                        
000063cd  USBClockEnable                                                        
000063d7  USBControllerVersion                                                  
000063e1  USBDMAChannelAddressSet                                               
000063eb  USBDMAChannelCountSet                                                 
000063f5  USBDevConnect                                                         
000063ff  USBDevDisconnect                                                      
00006409  USBIntStatusEndpoint                                                  
00006413  _ZN8SPIClassC1Ev                                                      
00006413  _ZN8SPIClassC2Ev                                                      
0000641d  __cxa_guard_release                                                   
00006427  USBDevMode                                                            
0000642f  USBFIFOAddrGet                                                        
00006437  USBOTGMode                                                            
0000643f  _ZdlPv                                                                
00006457  I2CSlaveDataPut                                                       
0000645d  ResetISR                                                              
00006463  SysCtlDelay                                                           
00006469  USBBufferFlush                                                        
0000646f  USBDMAChannelIntStatus                                                
00006475  USBDevLPMConfig                                                       
0000647b  USBLPMIntStatus                                                       
00006481  _ZN8SPIClass9setModuleEh                                              
00006487  _ZN9usbdevice15USBSerialDevice15getRxEventCountEv                     
0000648d  _ZN9usbdevice15USBSerialDevice16getReceiveBufferEv                    
00006493  _ZN9usbdevice15USBSerialDevice19getReceiveBufferEndEv                 
00006499  _ZN9usbdevice15USBSerialDevice5writeEPhj                              
0000649f  __cxa_pure_virtual                                                    
000064b3  USBDevAddrSet                                                         
000064b7  _Z15USBEventHandlerPvjjS_                                             
000064bb  _Z9TxHandlerPvjjS_                                                    
000064bf  _ZN10__cxxabiv117__class_type_infoD1Ev                                
000064bf  _ZN10__cxxabiv117__class_type_infoD2Ev                                
000064c3  _ZN10__cxxabiv120__si_class_type_infoD1Ev                             
000064c3  _ZN10__cxxabiv120__si_class_type_infoD2Ev                             
000064c7  _ZN5Print17availableForWriteEv                                        
000064cb  _ZdlPvj                                                               
000064cf  __abort_execution                                                     
000064d3  _system_pre_init                                                      
000064d7  C$$EXIT                                                               
000064d7  _ZSt17__throw_bad_allocv                                              
000064d7  abort                                                                 
00006620  g_sCDCSerConfigSection                                                
00006628  g_sIADSerConfigSection                                                
00006630  g_sCDCSerCommInterfaceSection                                         
00006638  g_sCDCSerDataInterfaceSection                                         
00006640  g_sCDCSerDataInterfaceSectionHS                                       
00006648  g_sCDCSerConfigHeader                                                 
00006650  g_sCDCSerConfigHeaderHS                                               
00006658  g_sCDCCompSerConfigHeader                                             
00006660  g_sCDCCompSerConfigHeaderHS                                           
00006668  g_ppCDCSerConfigDescriptors                                           
0000666c  g_ppCDCSerConfigDescriptorsHS                                         
00006670  g_pCDCCompSerConfigDescriptors                                        
00006674  g_pCDCCompSerConfigDescriptorsHS                                      
000066f7  g_pui8ConfigString                                                    
00006798  g_sCDCHandlers                                                        
000067c8  g_sCompHandlers                                                       
000067f8  g_sHIDHandlers                                                        
00006828  g_pui8CDCSerDataInterface                                             
0000683f  g_pui8CDCSerDataInterfaceHS                                           
00006856  g_pui8ControlInterfaceString                                          
00006882  _ZTSN10__cxxabiv120__si_class_type_infoE                              
000068a7  g_pui8ManufacturerString                                              
000068cc  _ZTV14HardwareSerial                                                  
000068f0  _ZTV6Stream                                                           
00006914  _ZTV7TwoWire                                                          
00006938  g_pui8CDCSerCommInterface                                             
0000695b  _ZTSN10__cxxabiv117__class_type_infoE                                 
00006a00  g_pui8ProductString                                                   
00006a1c  _ZTV5Print                                                            
00006a34  g_pui8StringDescriptors                                               
00006a4c  g_pui8SerialNumberString                                              
00006a5e  _ZTS14HardwareSerial                                                  
00006a70  _ZTVN10__cxxabiv117__class_type_infoE                                 
00006a80  _ZTVN10__cxxabiv120__si_class_type_infoE                              
00006b4e  _ZTSSt9type_info                                                      
00006b5c  _ZTI14HardwareSerial                                                  
00006b68  _ZTI6Stream                                                           
00006b74  _ZTI7TwoWire                                                          
00006b80  _ZTIN10__cxxabiv117__class_type_infoE                                 
00006b8c  _ZTIN10__cxxabiv120__si_class_type_infoE                              
00006bad  _ZTS7TwoWire                                                          
00006bb8  _ZTI5Print                                                            
00006bc0  _ZTISt9type_info                                                      
00006bc8  _ZTS6Stream                                                           
00006bd0  _ZTS5Print                                                            
00006be3  g_pui8LangDescriptor                                                  
00006be8  NUM_STRING_DESCRIPTORS                                                
00006bec  SHT$$INIT_ARRAY$$Base                                                 
00006bf8  SHT$$INIT_ARRAY$$Limit                                                
00006cb0  __TI_Handler_Table_Base                                               
00006cbc  __TI_Handler_Table_Limit                                              
00006cc8  __TI_CINIT_Base                                                       
00006cd8  __TI_CINIT_Limit                                                      
20000b14  g_psDCDInst                                                           
20000ba4  _ZN7TwoWire8rxBufferE                                                 
20000be4  _ZN7TwoWire8txBufferE                                                 
20000c24  Serial1                                                               
20000c5c  Serial2                                                               
20000c94  Serial3                                                               
20000ccc  Serial4                                                               
20000d04  Serial5                                                               
20000d3c  Serial6                                                               
20000d74  Serial7                                                               
20000dac  Serial                                                                
20000de4  g_pfnTickHandlers                                                     
20000dfc  g_pvTickInstance                                                      
20000e14  Wire                                                                  
20000e3c  g_ppCompConfigDescriptors                                             
20000e40  g_ppsDevInfo                                                          
20000e48  ui32RxCount                                                           
20000e4c  ui32TxCount                                                           
20000e50  SPI                                                                   
20000e52  _ZN9usbdevice16g_sKeyboardStateE                                      
20000e58  __stack                                                               
20001058  __STACK_TOP                                                           
20001258  __STACK_END                                                           
20001258  g_pui8CDCSerDeviceDescriptor                                          
2000126a  g_pui8CDCSerDescriptor                                                
20001273  g_pui8IADSerDescriptor                                                
2000127c  g_psCDCSerSections                                                    
20001288  g_psCDCSerSectionsHS                                                  
20001294  g_psCDCCompSerSections                                                
200012a4  g_psCDCCompSerSectionsHS                                              
20001317  g_pui8HIDDeviceDescriptor                                             
2000132c  _ZN9usbdevice17USBKeyboardDevice15keyboardHandlerE                    
20001348  _ZN9usbdevice15USBSerialDevice14controlHandlerE                       
2000134c  _ZN9usbdevice15USBSerialDevice9rxHandlerE                             
20001350  _ZN9usbdevice15USBSerialDevice9txHandlerE                             
20001354  g_bUSBTimerInitialized                                                
20001358  g_ui32CurrentUSBTick                                                  
2000135c  g_ui32USBSOFCount                                                     
20001360  _ZN7TwoWire11rxReadIndexE                                             
20001361  _ZN7TwoWire12rxWriteIndexE                                            
20001362  _ZN7TwoWire9txAddressE                                                
20001363  _ZN7TwoWire11txReadIndexE                                             
20001364  _ZN7TwoWire12txWriteIndexE                                            
20001365  _ZN7TwoWire9i2cModuleE                                                
20001366  _ZN7TwoWire12slaveAddressE                                            
20001367  _ZN7TwoWire12transmittingE                                            
20001368  _ZN7TwoWire12currentStateE                                            
2000136c  g_iUSBMode                                                            
20001370  g_ui32WaitTicks                                                       
20001378  _lock                                                                 
2000137c  _unlock                                                               
20001388  cardMissing                                                           
2000138c  os                                                                    
20001390  _ZN9usbdevice13USBCompDevice12eventHandlerE                           
20001394  currentUid                                                            
20001398  g_ui32SysTickCount                                                    
200013a0  _sys_memory                                                           
ffffffff  __TI_pprof_out_hndl                                                   
ffffffff  __TI_prof_data_size                                                   
ffffffff  __TI_prof_data_start                                                  
ffffffff  __binit__                                                             
ffffffff  __c_args__                                                            
ffffffff  binit                                                                 
UNDEFED   __mpu_init                                                            
UNDEFED   _system_post_cinit                                                    

[387 symbols]
