******************************************************************************
                  TI ARM Linker PC v18.1.3                     
******************************************************************************
>> Linked Thu Nov 22 18:21:29 2018

OUTPUT FILE NAME:   <usb_keyb_dev.out>
ENTRY POINT SYMBOL: "_c_int00_noargs"  address: 00002f01


MEMORY CONFIGURATION

         name            origin    length      used     unused   attr    fill
----------------------  --------  ---------  --------  --------  ----  --------
  FLASH                 00000000   00040000  00003d16  0003c2ea  R  X
  SRAM                  20000000   00008000  00000b9e  00007462  RW X


SEGMENT ALLOCATION MAP

run origin  load origin   length   init length attrs members
----------  ----------- ---------- ----------- ----- -------
00000000    00000000    00003d18   00003d18    r-x
  00000000    00000000    0000026c   0000026c    r-- .intvecs
  0000026c    0000026c    00003792   00003792    r-x .text
  00003a00    00003a00    00000278   00000278    r-- .const
  00003c78    00003c78    000000a0   000000a0    r-- .cinit
20000000    20000000    00000ba4   00000000    rw-
  20000000    20000000    0000066a   00000000    rw- .bss
  20000670    20000670    00000400   00000000    rw- .stack
  20000a70    20000a70    00000134   00000000    rw- .data


SECTION ALLOCATION MAP

 output                                  attributes/
section   page    origin      length       input sections
--------  ----  ----------  ----------   ----------------
.intvecs   0    00000000    0000026c     
                  00000000    0000026c     tm4c123gh6pm_startup_ccs.obj (.intvecs)

.text      0    0000026c    00003792     
                  0000026c    000001ea     uartstdio.obj (.text:UARTvprintf)
                  00000456    00000002     tm4c123gh6pm_startup_ccs.obj (.text:FaultISR)
                  00000458    00000160     uartstdio.obj (.text:UARTStdioIntHandler)
                  000005b8    00000160     usblib.lib : usbdma.obj (.text:USBLibDMAInit)
                  00000718    00000160     main.obj (.text:main)
                  00000878    00000150     usblib.lib : usbdenum.obj (.text:USBDCDInit)
                  000009c8    00000150                : usbdenum.obj (.text:USBDEP0StateTxConfig)
                  00000b18    00000150                : usbdenum.obj (.text:USBDeviceIntHandlerInternal)
                  00000c68    00000148                : usbdconfig.obj (.text:USBDeviceConfig)
                  00000db0    00000114                : usbdhid.obj (.text:HandleRequest)
                  00000ec4    00000108     main.obj (.text:USBWriteString)
                  00000fcc    000000f4     usblib.lib : usbdma.obj (.text:iDMAUSBTransfer)
                  000010c0    000000e4                : usbdenum.obj (.text:USBDGetDescriptor)
                  000011a4    000000e0                : usbdhid.obj (.text:USBDHIDCompositeInit)
                  00001284    000000d8                : usbdenum.obj (.text:USBDeviceEnumHandler)
                  0000135c    000000c4                : usbdma.obj (.text:uDMAUSBChannelAllocate)
                  00001420    000000bc                : usbdma.obj (.text:uDMAUSBTransfer)
                  000014dc    000000b0     uartstdio.obj (.text:UARTStdioConfig)
                  0000158c    000000a8     uartstdio.obj (.text:UARTwrite)
                  00001634    000000a6     usblib.lib : usbdhidkeyb.obj (.text:HIDKeyboardRxHandler)
                  000016da    00000002     tm4c123gh6pm_startup_ccs.obj (.text:IntDefaultHandler)
                  000016dc    0000009c     usblib.lib : usbdhidkeyb.obj (.text:USBDHIDKeyboardCompositeInit)
                  00001778    0000009c     rtsv7M4_T_le_v4SPD16_eabi.lib : memcpy_t2.asm.obj (.text)
                  00001814    00000098     usblib.lib : usbdenum.obj (.text:USBDSetInterface)
                  000018ac    00000090                : usbdenum.obj (.text:USBDSetConfiguration)
                  0000193c    0000008c     uartstdio.obj (.text:UARTPrimeTransmit)
                  000019c8    0000008c     usblib.lib : usbdconfig.obj (.text:USBDeviceConfigAlternate)
                  00001a54    00000088     buttons.obj (.text:ButtonsPoll)
                  00001adc    00000088     usblib.lib : usbdhid.obj (.text:ProcessIdleTimers)
                  00001b64    00000086                : usbdhidkeyb.obj (.text:USBDHIDKeyboardKeyStateChange)
                  00001bea    00000084                : usbdma.obj (.text:iDMAUSBChannelAllocate)
                  00001c6e    00000002     tm4c123gh6pm_startup_ccs.obj (.text:NmiSR)
                  00001c70    00000084     driverlib.lib : udma.obj (.text:uDMAChannelTransferSet)
                  00001cf4    00000080     usblib.lib : usbdenum.obj (.text:USBDClearFeature)
                  00001d74    00000080     usb_keyboard.obj (.text:USBKeyboardUpdate)
                  00001df4    0000007a     driverlib.lib : usb.obj (.text:USBDevEndpointConfigSet)
                  00001e6e    0000007a     rtsv7M4_T_le_v4SPD16_eabi.lib : memset_t2.asm.obj (.text)
                  00001ee8    00000078     usblib.lib : usbdenum.obj (.text:USBDGetStatus)
                  00001f60    00000070                : usbdenum.obj (.text:USBDEP0StateTx)
                  00001fd0    00000070                : usbdma.obj (.text:uDMAUSBArbSizeSet)
                  00002040    00000070                : usbdma.obj (.text:uDMAUSBUnitSizeSet)
                  000020b0    0000006c                : usbdenum.obj (.text:USBDSetFeature)
                  0000211c    00000068     buttons.obj (.text:ButtonsInit)
                  00002184    00000068     driverlib.lib : interrupt.obj (.text:IntDisable)
                  000021ec    00000068                   : interrupt.obj (.text:IntEnable)
                  00002254    00000068     rtsv7M4_T_le_v4SPD16_eabi.lib : copy_decompress_lzss.c.obj (.text:decompress:lzss:__TI_decompress_lzss)
                  000022bc    00000064     main.obj (.text:ConfigureUART)
                  00002320    00000064     usblib.lib : usbdhid.obj (.text:HandleGetDescriptor)
                  00002384    00000064     driverlib.lib : interrupt.obj (.text:IntIsEnabled)
                  000023e8    00000064     usblib.lib : usbdma.obj (.text:uDMAUSBChannelEnable)
                  0000244c    00000060                : usbdhid.obj (.text:HandleDevice)
                  000024ac    00000060                : usbdhid.obj (.text:ProcessDataFromHost)
                  0000250c    00000060                : usbdenum.obj (.text:USBDReadAndDispatchRequest)
                  0000256c    0000005e     driverlib.lib : usb.obj (.text:USBDevEndpointStatusClear)
                  000025ca    0000005c     usblib.lib : usbdhid.obj (.text:FindHIDDescriptor)
                  00002626    00000056                : usbdhidkeyb.obj (.text:RemoveKeyFromPressedList)
                  0000267c    00000056                : usbdma.obj (.text:uDMAUSBChannelRelease)
                  000026d2    00000054                : usbdhid.obj (.text:ProcessDataToHost)
                  00002726    00000052                : usbulpi.obj (.text:ULPIConfigSet)
                  00002778    00000050     driverlib.lib : sysctl.obj (.text:SysCtlPeripheralReset)
                  000027c8    00000050     usblib.lib : usbdcdesc.obj (.text:USBDCDConfigDescGet)
                  00002818    00000050                : usbdenum.obj (.text:USBDeviceResumeTickHandler)
                  00002868    0000004c                : usbdconfig.obj (.text:GetEPDescriptorType)
                  000028b4    0000004c                : usbdenum.obj (.text:USBDStringIndexFromRequest)
                  00002900    0000004c     driverlib.lib : usb.obj (.text:USBEndpointDMAConfigSet)
                  0000294c    0000004c     usblib.lib : usbdma.obj (.text:iDMAUSBChannelEnable)
                  00002998    0000004a                : usbdcdesc.obj (.text:ConfigAlternateInterfaceGet)
                  000029e2    0000004a                : usbdhid.obj (.text:USBDHIDReportWrite)
                  00002a2c    0000004a     driverlib.lib : usb.obj (.text:USBDevEndpointStallClear)
                  00002a76    0000004a     usblib.lib : usbdma.obj (.text:uDMAUSBChannelDisable)
                  00002ac0    00000048                : usbdhid.obj (.text:SetIdleTimeout)
                  00002b08    00000048                : usbdenum.obj (.text:USBDeviceEnumResetHandler)
                  00002b50    00000048     driverlib.lib : udma.obj (.text:uDMAChannelAttributeDisable)
                  00002b98    00000046                   : usb.obj (.text:USBEndpointDataGet)
                  00002bde    00000002     usblib.lib : usbdma.obj (.text:iDMAUSBArbSizeSet)
                  00002be0    00000044                : usbdenum.obj (.text:USBDCDDeviceInfoInit)
                  00002c24    00000044                : usbdenum.obj (.text:USBDGetInterface)
                  00002c68    00000044     rtsv7M4_T_le_v4SPD16_eabi.lib : autoinit.c.obj (.text:__TI_auto_init_nobinit_nopinit:__TI_auto_init_nobinit_nopinit)
                  00002cac    00000040     usblib.lib : usbdhid.obj (.text:ScheduleReportTransmission)
                  00002cec    00000040     rtsv7M4_T_le_v4SPD16_eabi.lib : u_divt2.asm.obj (.text)
                  00002d2c    0000003e     usblib.lib : usbdhidkeyb.obj (.text:HIDKeyboardTxHandler)
                  00002d6a    00000002                : usbdma.obj (.text:iDMAUSBUnitSizeSet)
                  00002d6c    0000003c     uartstdio.obj (.text:UARTFlushTx)
                  00002da8    0000003c     usblib.lib : usbdma.obj (.text:iDMAUSBChannelRelease)
                  00002de4    0000003a     driverlib.lib : usb.obj (.text:USBFIFOConfigSet)
                  00002e1e    00000002     rtsv7M4_T_le_v4SPD16_eabi.lib : div0.asm.obj (.text)
                  00002e20    00000038     usblib.lib : usbtick.obj (.text:InternalUSBRegisterTickHandler)
                  00002e58    00000038                : usbtick.obj (.text:InternalUSBStartOfFrameTick)
                  00002e90    00000038                : usbdcdesc.obj (.text:USBDCDConfigGetInterfaceEndpoint)
                  00002ec8    00000038     driverlib.lib : usb.obj (.text:USBIntStatusControl)
                  00002f00    00000038     rtsv7M4_T_le_v4SPD16_eabi.lib : boot_cortex_m.c.obj (.text:_c_int00_noargs:_c_int00_noargs)
                  00002f38    00000036     usblib.lib : usbdhid.obj (.text:HandleEndpoints)
                  00002f6e    00000036     driverlib.lib : usb.obj (.text:USBEndpointDataPut)
                  00002fa4    00000034     usblib.lib : usbdhid.obj (.text:HIDTickHandler)
                  00002fd8    00000034     driverlib.lib : sysctl.obj (.text:SysCtlPeripheralEnable)
                  0000300c    00000034                   : usb.obj (.text:USBEndpointDataSend)
                  00003040    00000034     usb_keyboard.obj (.text:USBKeyboardHandler)
                  00003074    00000034     usblib.lib : usbdma.obj (.text:iDMAUSBChannelStatus)
                  000030a8    00000032                : usbdhid.obj (.text:ClearReportTimer)
                  000030da    00000032                : usbdhid.obj (.text:HandleConfigChange)
                  0000310c    00000032                : usbdcdesc.obj (.text:NextConfigDescGet)
                  0000313e    00000032     driverlib.lib : usb.obj (.text:USBDevEndpointStall)
                  00003170    00000032     usblib.lib : usbdma.obj (.text:iDMAUSBChannelDisable)
                  000031a2    00000030                : usbdhidkeyb.obj (.text:AddKeyToPressedList)
                  000031d2    00000030                : usbdma.obj (.text:DMAUSBIntHandler)
                  00003202    00000002                : usbdma.obj (.text:uDMAUSBChannelIntDisable)
                  00003204    00000030                : usbtick.obj (.text:InternalUSBTickInit)
                  00003234    00000030                : usbdenum.obj (.text:USBDGetConfiguration)
                  00003264    00000030                : usbdhidkeyb.obj (.text:USBDHIDKeyboardInit)
                  00003294    0000002c     uartstdio.obj (.text:UARTFlushRx)
                  000032c0    0000002c     usblib.lib : usbdesc.obj (.text:USBDescGet)
                  000032ec    0000002c                : usbdma.obj (.text:uDMAUSBIntStatus)
                  00003318    0000002a                : usbdcdesc.obj (.text:USBDCDConfigDescGetNum)
                  00003342    0000002a                : usbdesc.obj (.text:USBDescGetNum)
                  0000336c    0000002a     driverlib.lib : usb.obj (.text:USBDevEndpointDataAck)
                  00003396    00000028     usblib.lib : usbdhid.obj (.text:GetIdleTimeout)
                  000033be    00000002                : usbdma.obj (.text:uDMAUSBChannelIntEnable)
                  000033c0    00000028     usb_keyboard.obj (.text:GetUsageCode)
                  000033e8    00000028     usblib.lib : usbdhid.obj (.text:HandleEP0DataReceived)
                  00003410    00000028                : usbdenum.obj (.text:USBDSetAddress)
                  00003438    00000028     driverlib.lib : usb.obj (.text:USBIntEnableControl)
                  00003460    00000028                   : udma.obj (.text:uDMAChannelModeGet)
                  00003488    00000026     usblib.lib : usbdhid.obj (.text:USBDHIDInit)
                  000034ae    00000024     driverlib.lib : usb.obj (.text:USBEndpointDMADisable)
                  000034d2    00000024                   : usb.obj (.text:USBEndpointDMAEnable)
                  000034f6    00000002     --HOLE-- [fill = 0]
                  000034f8    00000024     usblib.lib : usbmode.obj (.text:USBStackModeSet)
                  0000351c    00000024     driverlib.lib : udma.obj (.text:uDMAChannelControlSet)
                  00003540    00000022     usblib.lib : usbdhid.obj (.text:HandleDisconnect)
                  00003562    00000022                : usbdma.obj (.text:uDMAUSBChannelStatus)
                  00003584    00000020                : usbdconfig.obj (.text:GetEndpointFIFOSize)
                  000035a4    00000020                : usbdhid.obj (.text:HandleEP0DataSent)
                  000035c4    0000001e     driverlib.lib : usb.obj (.text:USBULPIRegRead)
                  000035e2    0000001e                   : usb.obj (.text:USBULPIRegWrite)
                  00003600    0000001c     usblib.lib : usbdcdesc.obj (.text:USBDCDConfigGetInterface)
                  0000361c    0000001c                : usbdenum.obj (.text:USBDCDStallEP0)
                  00003638    0000001c     driverlib.lib : usb.obj (.text:USBEndpointDataAvail)
                  00003654    0000001a     usblib.lib : usbdhid.obj (.text:ClearIdleTimers)
                  0000366e    0000001a     uartstdio.obj (.text:UARTprintf)
                  00003688    0000001a     usblib.lib : usbdcdesc.obj (.text:USBDCDConfigDescGetSize)
                  000036a2    0000001a     driverlib.lib : usb.obj (.text:USBEndpointDMAChannel)
                  000036bc    00000018     uartstdio.obj (.text:IsBufferFull)
                  000036d4    00000018     usblib.lib : usbdhid.obj (.text:SetDeferredOpFlag)
                  000036ec    00000018                : usbdhandler.obj (.text:USB0DeviceIntHandler)
                  00003704    00000018                : usbdenum.obj (.text:USBDSetDescriptor)
                  0000371c    00000018                : usbdenum.obj (.text:USBDSyncFrame)
                  00003734    00000018     driverlib.lib : udma.obj (.text:uDMAChannelDisable)
                  0000374c    00000018                   : udma.obj (.text:uDMAChannelEnable)
                  00003764    00000016                   : usb.obj (.text:USBIntEnableEndpoint)
                  0000377a    00000002     --HOLE-- [fill = 0]
                  0000377c    00000014     usb_keyboard.obj (.text:IsKeyboardPending)
                  00003790    00000014     driverlib.lib : sysctl.obj (.text:SysCtlUSBPLLEnable)
                  000037a4    00000014     usblib.lib : usbdenum.obj (.text:USBDCDRequestDataEP0)
                  000037b8    00000014                : usbdenum.obj (.text:USBDCDSendDataEP0)
                  000037cc    00000014     driverlib.lib : usb.obj (.text:USBDMAChannelConfigSet)
                  000037e0    00000014                   : usb.obj (.text:USBHostResume)
                  000037f4    00000014                   : usb.obj (.text:_USBIndexWrite)
                  00003808    00000012     usblib.lib : usbdhid.obj (.text:HandleResume)
                  0000381a    00000012                : usbdhid.obj (.text:HandleSuspend)
                  0000382c    00000012     driverlib.lib : usb.obj (.text:USBDMAChannelDisable)
                  0000383e    00000012                   : usb.obj (.text:USBDMAChannelEnable)
                  00003850    00000012                   : usb.obj (.text:USBDMAChannelIntDisable)
                  00003862    00000012                   : usb.obj (.text:USBDMAChannelIntEnable)
                  00003874    00000010                   : interrupt.obj (.text:IntMasterEnable)
                  00003884    00000010     main.obj (.text:SysTickIntHandler)
                  00003894    00000010     driverlib.lib : usb.obj (.text:USBEndpointStatus)
                  000038a4    0000000e     usblib.lib : usbdma.obj (.text:DMAUSBIntStatusClear)
                  000038b2    0000000e     uartstdio.obj (.text:IsBufferEmpty)
                  000038c0    0000000e     usblib.lib : usbdhid.obj (.text:USBDHIDTxPacketAvailable)
                  000038ce    0000000e     driverlib.lib : usb.obj (.text:USBDMAChannelStatus)
                  000038dc    0000000e                   : usb.obj (.text:USBDevLPMDisable)
                  000038ea    0000000e                   : usb.obj (.text:USBDevLPMEnable)
                  000038f8    0000000e                   : usb.obj (.text:USBULPIDisable)
                  00003906    0000000e                   : usb.obj (.text:USBULPIEnable)
                  00003914    0000000e     rtsv7M4_T_le_v4SPD16_eabi.lib : copy_decompress_none.c.obj (.text:decompress:none:__TI_decompress_none)
                  00003922    0000000c     driverlib.lib : cpu.obj (.text:CPUcpsie)
                  0000392e    0000000c                   : usb.obj (.text:USBEndpointPacketCountSet)
                  0000393a    0000000c                   : usb.obj (.text:USBLPMIntEnable)
                  00003946    0000000c     rtsv7M4_T_le_v4SPD16_eabi.lib : copy_zero_init.c.obj (.text:decompress:ZI:__TI_zero_init)
                  00003952    0000000a     driverlib.lib : usb.obj (.text:USBClockEnable)
                  0000395c    0000000a                   : usb.obj (.text:USBControllerVersion)
                  00003966    0000000a                   : usb.obj (.text:USBDMAChannelAddressSet)
                  00003970    0000000a                   : usb.obj (.text:USBDMAChannelCountSet)
                  0000397a    0000000a                   : usb.obj (.text:USBDevConnect)
                  00003984    0000000a                   : usb.obj (.text:USBDevDisconnect)
                  0000398e    0000000a                   : usb.obj (.text:USBIntStatusEndpoint)
                  00003998    00000008                   : usb.obj (.text:USBDevMode)
                  000039a0    00000008                   : usb.obj (.text:USBFIFOAddrGet)
                  000039a8    00000008                   : usb.obj (.text:USBOTGMode)
                  000039b0    00000008     usblib.lib : usbdma.obj (.text:iDMAUSBChannelIntDisable)
                  000039b8    00000008                : usbdma.obj (.text:iDMAUSBChannelIntEnable)
                  000039c0    00000006     driverlib.lib : gpio.obj (.text:GPIOPinWrite)
                  000039c6    00000006     tm4c123gh6pm_startup_ccs.obj (.text:ResetISR)
                  000039cc    00000006     driverlib.lib : uart.obj (.text:UARTClockSourceSet)
                  000039d2    00000006                   : usb.obj (.text:USBDMAChannelIntStatus)
                  000039d8    00000006                   : usb.obj (.text:USBDevLPMConfig)
                  000039de    00000006                   : usb.obj (.text:USBLPMIntStatus)
                  000039e4    00000006     usblib.lib : usbdma.obj (.text:iDMAUSBIntStatus)
                  000039ea    00000004                : usbdma.obj (.text:DMAUSBStatus)
                  000039ee    00000004                : usbdhid.obj (.text:HandleReset)
                  000039f2    00000004     driverlib.lib : usb.obj (.text:USBDevAddrSet)
                  000039f6    00000004     rtsv7M4_T_le_v4SPD16_eabi.lib : pre_init.c.obj (.text:_system_pre_init)
                  000039fa    00000004                                   : exit.c.obj (.text:abort:abort)

.const     0    00003a00    00000278     
                  00003a00    00000070     driverlib.lib : interrupt.obj (.const)
                  00003a70    00000068     usb_keyboard.obj (.const:g_pcUsageCodes)
                  00003ad8    0000003f     usblib.lib : usbdhidkeyb.obj (.const:.string:g_pui8KeybReportDescriptor)
                  00003b17    00000001     main.obj (.const)
                  00003b18    00000034     usblib.lib : usbdenum.obj (.const:g_psUSBDStdRequests)
                  00003b4c    00000034                : usbdhidkeyb.obj (.const)
                  00003b80    00000030                : usbdhid.obj (.const:g_sHIDHandlers)
                  00003bb0    00000024     usb_structs.obj (.const:.string:g_pui8ManufacturerString)
                  00003bd4    00000022     usb_keyboard.obj (.const:g_pcUsageCodesShift)
                  00003bf6    0000001c     usb_structs.obj (.const:.string:g_pui8ProductString)
                  00003c12    00000012     usb_structs.obj (.const:.string:g_pui8SerialNumberString)
                  00003c24    00000010     usb_structs.obj (.const:g_pui8StringDescriptors)
                  00003c34    0000000e     usblib.lib : usbdhidkeyb.obj (.const:.string)
                  00003c42    0000000c     main.obj (.const:.string:password)
                  00003c4e    00000002     --HOLE-- [fill = 0]
                  00003c50    0000000c     uartstdio.obj (.const:g_ui32UARTBase)
                  00003c5c    0000000c     uartstdio.obj (.const:g_ui32UARTInt)
                  00003c68    0000000c     uartstdio.obj (.const:g_ui32UARTPeriph)
                  00003c74    00000004     usb_structs.obj (.const:.string:g_pui8LangDescriptor)

.cinit     0    00003c78    000000a0     
                  00003c78    0000007c     (.cinit..data.load) [load image, compression = lzss]
                  00003cf4    0000000c     (__TI_handler_table)
                  00003d00    00000008     (.cinit..bss.load) [load image, compression = zero_init]
                  00003d08    00000010     (__TI_cinit_table)

.init_array 
*          0    00000000    00000000     UNINITIALIZED

.bss       0    20000000    0000066a     UNINITIALIZED
                  20000000    00000400     uartstdio.obj (.bss:g_pcUARTTxBuffer)
                  20000400    00000110     usblib.lib : usbdma.obj (.bss:g_psUSBDMAInst)
                  20000510    00000080     uartstdio.obj (.bss:g_pcUARTRxBuffer)
                  20000590    00000050     usblib.lib : usbdenum.obj (.bss:g_psDCDInst)
                  200005e0    00000040                : usbdenum.obj (.bss:g_pui8DataBufferIn)
                  20000620    00000018     (.common:g_pfnTickHandlers)
                  20000638    00000018     (.common:g_pvTickInstance)
                  20000650    00000008     uartstdio.obj (.bss)
                  20000658    00000004     (.common:g_pfnUSBModeCallback)
                  2000065c    00000004     (.common:g_ppsDevInfo)
                  20000660    00000004     (.common:g_ui32SysTickCount)
                  20000664    00000004     (.common:g_ui32ULPISupport)
                  20000668    00000002     (.common:g_sKeyboardState)

.data      0    20000a70    00000134     UNINITIALIZED
                  20000a70    000000a4     usb_structs.obj (.data:g_sKeyboardDevice)
                  20000b14    00000038     usblib.lib : usbdhidkeyb.obj (.data)
                  20000b4c    00000015     uartstdio.obj (.data)
                  20000b61    00000012     usblib.lib : usbdhid.obj (.data)
                  20000b73    00000001     --HOLE--
                  20000b74    0000000d     main.obj (.data)
                  20000b81    00000003     buttons.obj (.data)
                  20000b84    0000000c     usblib.lib : usbtick.obj (.data)
                  20000b90    00000009                : usbmode.obj (.data)
                  20000b99    00000003     --HOLE--
                  20000b9c    00000008                : usbdenum.obj (.data)

.stack     0    20000670    00000400     UNINITIALIZED
                  20000670    00000004     rtsv7M4_T_le_v4SPD16_eabi.lib : boot_cortex_m.c.obj (.stack)
                  20000674    000003fc     --HOLE--

MODULE SUMMARY

       Module                         code    ro data   rw data
       ------                         ----    -------   -------
    .\
       main.obj                       732     13        17     
       tm4c123gh6pm_startup_ccs.obj   12      620       0      
       usb_keyboard.obj               240     138       2      
       usb_structs.obj                0       102       164    
    +--+------------------------------+-------+---------+---------+
       Total:                         984     873       183    
                                                               
    .\drivers\
       buttons.obj                    240     0         3      
    +--+------------------------------+-------+---------+---------+
       Total:                         240     0         3      
                                                               
    .\utils\
       uartstdio.obj                  1494    36        1181   
    +--+------------------------------+-------+---------+---------+
       Total:                         1494    36        1181   
                                                               
    C:/ti/tivaware_c_series_2_1_4_178/driverlib/ccs/Debug/driverlib.lib
       usb.obj                        1354    0         0      
       interrupt.obj                  324     112       0      
       udma.obj                       328     0         0      
       sysctl.obj                     152     0         0      
       cpu.obj                        12      0         0      
       gpio.obj                       6       0         0      
       uart.obj                       6       0         0      
    +--+------------------------------+-------+---------+---------+
       Total:                         2182    112       0      
                                                               
    C:/ti/tivaware_c_series_2_1_4_178/usblib/ccs/Debug/usblib.lib
       usbdenum.obj                   2880    52        160    
       usbdma.obj                     2008    0         272    
       usbdhid.obj                    1808    48        18     
       usbdhidkeyb.obj                700     129       56     
       usbdconfig.obj                 576     0         0      
       usbdcdesc.obj                  356     0         0      
       usbtick.obj                    160     0         60     
       usbdesc.obj                    86      0         0      
       usbulpi.obj                    82      0         0      
       usbmode.obj                    36      0         13     
       usbdhandler.obj                24      0         0      
    +--+------------------------------+-------+---------+---------+
       Total:                         8716    229       579    
                                                               
    C:\ti\ccsv8\tools\compiler\ti-cgt-arm_18.1.3.LTS\lib\rtsv7M4_T_le_v4SPD16_eabi.lib
       memcpy_t2.asm.obj              156     0         0      
       memset_t2.asm.obj              122     0         0      
       copy_decompress_lzss.c.obj     104     0         0      
       autoinit.c.obj                 68      0         0      
       u_divt2.asm.obj                64      0         0      
       boot_cortex_m.c.obj            56      0         0      
       copy_decompress_none.c.obj     14      0         0      
       copy_zero_init.c.obj           12      0         0      
       exit.c.obj                     4       0         0      
       pre_init.c.obj                 4       0         0      
       div0.asm.obj                   2       0         0      
    +--+------------------------------+-------+---------+---------+
       Total:                         606     0         0      
                                                               
       Stack:                         0       0         1024   
       Linker Generated:              0       160       0      
    +--+------------------------------+-------+---------+---------+
       Grand Total:                   14222   1410      2970   


LINKER GENERATED COPY TABLES

__TI_cinit_table @ 00003d08 records: 2, size/record: 8, table size: 16
	.data: load addr=00003c78, load size=0000007c bytes, run addr=20000a70, run size=00000134 bytes, compression=lzss
	.bss: load addr=00003d00, load size=00000008 bytes, run addr=20000000, run size=0000066a bytes, compression=zero_init


LINKER GENERATED HANDLER TABLE

__TI_handler_table @ 00003cf4 records: 3, size/record: 4, table size: 12
	index: 0, handler: __TI_decompress_lzss
	index: 1, handler: __TI_decompress_none
	index: 2, handler: __TI_zero_init


GLOBAL SYMBOLS: SORTED ALPHABETICALLY BY Name 

address   name                            
-------   ----                            
0000211d  ButtonsInit                     
00001a55  ButtonsPoll                     
000039fb  C$$EXIT                         
00003923  CPUcpsie                        
000022bd  ConfigureUART                   
00003b17  ENTER                           
000039c1  GPIOPinWrite                    
00002185  IntDisable                      
000021ed  IntEnable                       
00002385  IntIsEnabled                    
00003875  IntMasterEnable                 
00002e21  InternalUSBRegisterTickHandler  
00002e59  InternalUSBStartOfFrameTick     
00003205  InternalUSBTickInit             
0000377d  IsKeyboardPending               
000039c7  ResetISR                        
00002fd9  SysCtlPeripheralEnable          
00002779  SysCtlPeripheralReset           
00003791  SysCtlUSBPLLEnable              
00003885  SysTickIntHandler               
000039cd  UARTClockSourceSet              
00003295  UARTFlushRx                     
00002d6d  UARTFlushTx                     
000014dd  UARTStdioConfig                 
00000459  UARTStdioIntHandler             
0000366f  UARTprintf                      
0000026d  UARTvprintf                     
0000158d  UARTwrite                       
00002727  ULPIConfigSet                   
000036ed  USB0DeviceIntHandler            
00003953  USBClockEnable                  
0000395d  USBControllerVersion            
000027c9  USBDCDConfigDescGet             
00003319  USBDCDConfigDescGetNum          
00003689  USBDCDConfigDescGetSize         
00003601  USBDCDConfigGetInterface        
00002e91  USBDCDConfigGetInterfaceEndpoint
00002be1  USBDCDDeviceInfoInit            
00000879  USBDCDInit                      
000037a5  USBDCDRequestDataEP0            
000037b9  USBDCDSendDataEP0               
0000361d  USBDCDStallEP0                  
000011a5  USBDHIDCompositeInit            
00003489  USBDHIDInit                     
000016dd  USBDHIDKeyboardCompositeInit    
00003265  USBDHIDKeyboardInit             
00001b65  USBDHIDKeyboardKeyStateChange   
000029e3  USBDHIDReportWrite              
000038c1  USBDHIDTxPacketAvailable        
00003967  USBDMAChannelAddressSet         
000037cd  USBDMAChannelConfigSet          
00003971  USBDMAChannelCountSet           
0000382d  USBDMAChannelDisable            
0000383f  USBDMAChannelEnable             
00003851  USBDMAChannelIntDisable         
00003863  USBDMAChannelIntEnable          
000039d3  USBDMAChannelIntStatus          
000038cf  USBDMAChannelStatus             
000032c1  USBDescGet                      
00003343  USBDescGetNum                   
000039f3  USBDevAddrSet                   
0000397b  USBDevConnect                   
00003985  USBDevDisconnect                
00001df5  USBDevEndpointConfigSet         
0000336d  USBDevEndpointDataAck           
0000313f  USBDevEndpointStall             
00002a2d  USBDevEndpointStallClear        
0000256d  USBDevEndpointStatusClear       
000039d9  USBDevLPMConfig                 
000038dd  USBDevLPMDisable                
000038eb  USBDevLPMEnable                 
00003999  USBDevMode                      
00000c69  USBDeviceConfig                 
000019c9  USBDeviceConfigAlternate        
00001285  USBDeviceEnumHandler            
00002b09  USBDeviceEnumResetHandler       
00000b19  USBDeviceIntHandlerInternal     
00002819  USBDeviceResumeTickHandler      
000036a3  USBEndpointDMAChannel           
00002901  USBEndpointDMAConfigSet         
000034af  USBEndpointDMADisable           
000034d3  USBEndpointDMAEnable            
00003639  USBEndpointDataAvail            
00002b99  USBEndpointDataGet              
00002f6f  USBEndpointDataPut              
0000300d  USBEndpointDataSend             
0000392f  USBEndpointPacketCountSet       
00003895  USBEndpointStatus               
000039a1  USBFIFOAddrGet                  
00002de5  USBFIFOConfigSet                
000037e1  USBHostResume                   
00003439  USBIntEnableControl             
00003765  USBIntEnableEndpoint            
00002ec9  USBIntStatusControl             
0000398f  USBIntStatusEndpoint            
00003041  USBKeyboardHandler              
00001d75  USBKeyboardUpdate               
0000393b  USBLPMIntEnable                 
000039df  USBLPMIntStatus                 
000005b9  USBLibDMAInit                   
000039a9  USBOTGMode                      
000034f9  USBStackModeSet                 
000038f9  USBULPIDisable                  
00003907  USBULPIEnable                   
000035c5  USBULPIRegRead                  
000035e3  USBULPIRegWrite                 
00000ec5  USBWriteString                  
20000a70  __STACK_END                     
00000400  __STACK_SIZE                    
20000870  __STACK_TOP                     
00003d08  __TI_CINIT_Base                 
00003d18  __TI_CINIT_Limit                
00003cf4  __TI_Handler_Table_Base         
00003d00  __TI_Handler_Table_Limit        
00002c69  __TI_auto_init_nobinit_nopinit  
00002255  __TI_decompress_lzss            
00003915  __TI_decompress_none            
ffffffff  __TI_pprof_out_hndl             
ffffffff  __TI_prof_data_size             
ffffffff  __TI_prof_data_start            
00000000  __TI_static_base__              
00003947  __TI_zero_init                  
00002e1f  __aeabi_idiv0                   
00002e1f  __aeabi_ldiv0                   
00001e6f  __aeabi_memclr                  
00001e6f  __aeabi_memclr4                 
00001e6f  __aeabi_memclr8                 
00001779  __aeabi_memcpy                  
00001779  __aeabi_memcpy4                 
00001779  __aeabi_memcpy8                 
00001e71  __aeabi_memset                  
00001e71  __aeabi_memset4                 
00001e71  __aeabi_memset8                 
00002ced  __aeabi_uidiv                   
00002ced  __aeabi_uidivmod                
ffffffff  __binit__                       
ffffffff  __c_args__                      
UNDEFED   __mpu_init                      
20000670  __stack                         
00002f01  _c_int00_noargs                 
UNDEFED   _system_post_cinit              
000039f7  _system_pre_init                
000039fb  abort                           
ffffffff  binit                           
20000b84  g_bUSBTimerInitialized          
20000b90  g_iUSBMode                      
20000b80  g_keyDown                       
20000b7c  g_keyTick                       
20000620  g_pfnTickHandlers               
00000000  g_pfnVectors                    
2000065c  g_ppsDevInfo                    
20000590  g_psDCDInst                     
20000b61  g_pui8HIDDeviceDescriptor       
00003c74  g_pui8LangDescriptor            
00003bb0  g_pui8ManufacturerString        
00003bf6  g_pui8ProductString             
00003c12  g_pui8SerialNumberString        
00003c24  g_pui8StringDescriptors         
20000638  g_pvTickInstance                
00003b80  g_sHIDHandlers                  
20000a70  g_sKeyboardDevice               
20000668  g_sKeyboardState                
20000b78  g_spooky_last_tick              
20000b74  g_spooky_message_index          
20000b88  g_ui32CurrentUSBTick            
20000660  g_ui32SysTickCount              
20000b8c  g_ui32USBSOFCount               
20000b94  g_ui32WaitTicks                 
00000719  main                            
00001779  memcpy                          
00001e77  memset                          
00003c42  password                        
00002b51  uDMAChannelAttributeDisable     
0000351d  uDMAChannelControlSet           
00003735  uDMAChannelDisable              
0000374d  uDMAChannelEnable               
00003461  uDMAChannelModeGet              
00001c71  uDMAChannelTransferSet          


GLOBAL SYMBOLS: SORTED BY Symbol Address 

address   name                            
-------   ----                            
00000000  __TI_static_base__              
00000000  g_pfnVectors                    
0000026d  UARTvprintf                     
00000400  __STACK_SIZE                    
00000459  UARTStdioIntHandler             
000005b9  USBLibDMAInit                   
00000719  main                            
00000879  USBDCDInit                      
00000b19  USBDeviceIntHandlerInternal     
00000c69  USBDeviceConfig                 
00000ec5  USBWriteString                  
000011a5  USBDHIDCompositeInit            
00001285  USBDeviceEnumHandler            
000014dd  UARTStdioConfig                 
0000158d  UARTwrite                       
000016dd  USBDHIDKeyboardCompositeInit    
00001779  __aeabi_memcpy                  
00001779  __aeabi_memcpy4                 
00001779  __aeabi_memcpy8                 
00001779  memcpy                          
000019c9  USBDeviceConfigAlternate        
00001a55  ButtonsPoll                     
00001b65  USBDHIDKeyboardKeyStateChange   
00001c71  uDMAChannelTransferSet          
00001d75  USBKeyboardUpdate               
00001df5  USBDevEndpointConfigSet         
00001e6f  __aeabi_memclr                  
00001e6f  __aeabi_memclr4                 
00001e6f  __aeabi_memclr8                 
00001e71  __aeabi_memset                  
00001e71  __aeabi_memset4                 
00001e71  __aeabi_memset8                 
00001e77  memset                          
0000211d  ButtonsInit                     
00002185  IntDisable                      
000021ed  IntEnable                       
00002255  __TI_decompress_lzss            
000022bd  ConfigureUART                   
00002385  IntIsEnabled                    
0000256d  USBDevEndpointStatusClear       
00002727  ULPIConfigSet                   
00002779  SysCtlPeripheralReset           
000027c9  USBDCDConfigDescGet             
00002819  USBDeviceResumeTickHandler      
00002901  USBEndpointDMAConfigSet         
000029e3  USBDHIDReportWrite              
00002a2d  USBDevEndpointStallClear        
00002b09  USBDeviceEnumResetHandler       
00002b51  uDMAChannelAttributeDisable     
00002b99  USBEndpointDataGet              
00002be1  USBDCDDeviceInfoInit            
00002c69  __TI_auto_init_nobinit_nopinit  
00002ced  __aeabi_uidiv                   
00002ced  __aeabi_uidivmod                
00002d6d  UARTFlushTx                     
00002de5  USBFIFOConfigSet                
00002e1f  __aeabi_idiv0                   
00002e1f  __aeabi_ldiv0                   
00002e21  InternalUSBRegisterTickHandler  
00002e59  InternalUSBStartOfFrameTick     
00002e91  USBDCDConfigGetInterfaceEndpoint
00002ec9  USBIntStatusControl             
00002f01  _c_int00_noargs                 
00002f6f  USBEndpointDataPut              
00002fd9  SysCtlPeripheralEnable          
0000300d  USBEndpointDataSend             
00003041  USBKeyboardHandler              
0000313f  USBDevEndpointStall             
00003205  InternalUSBTickInit             
00003265  USBDHIDKeyboardInit             
00003295  UARTFlushRx                     
000032c1  USBDescGet                      
00003319  USBDCDConfigDescGetNum          
00003343  USBDescGetNum                   
0000336d  USBDevEndpointDataAck           
00003439  USBIntEnableControl             
00003461  uDMAChannelModeGet              
00003489  USBDHIDInit                     
000034af  USBEndpointDMADisable           
000034d3  USBEndpointDMAEnable            
000034f9  USBStackModeSet                 
0000351d  uDMAChannelControlSet           
000035c5  USBULPIRegRead                  
000035e3  USBULPIRegWrite                 
00003601  USBDCDConfigGetInterface        
0000361d  USBDCDStallEP0                  
00003639  USBEndpointDataAvail            
0000366f  UARTprintf                      
00003689  USBDCDConfigDescGetSize         
000036a3  USBEndpointDMAChannel           
000036ed  USB0DeviceIntHandler            
00003735  uDMAChannelDisable              
0000374d  uDMAChannelEnable               
00003765  USBIntEnableEndpoint            
0000377d  IsKeyboardPending               
00003791  SysCtlUSBPLLEnable              
000037a5  USBDCDRequestDataEP0            
000037b9  USBDCDSendDataEP0               
000037cd  USBDMAChannelConfigSet          
000037e1  USBHostResume                   
0000382d  USBDMAChannelDisable            
0000383f  USBDMAChannelEnable             
00003851  USBDMAChannelIntDisable         
00003863  USBDMAChannelIntEnable          
00003875  IntMasterEnable                 
00003885  SysTickIntHandler               
00003895  USBEndpointStatus               
000038c1  USBDHIDTxPacketAvailable        
000038cf  USBDMAChannelStatus             
000038dd  USBDevLPMDisable                
000038eb  USBDevLPMEnable                 
000038f9  USBULPIDisable                  
00003907  USBULPIEnable                   
00003915  __TI_decompress_none            
00003923  CPUcpsie                        
0000392f  USBEndpointPacketCountSet       
0000393b  USBLPMIntEnable                 
00003947  __TI_zero_init                  
00003953  USBClockEnable                  
0000395d  USBControllerVersion            
00003967  USBDMAChannelAddressSet         
00003971  USBDMAChannelCountSet           
0000397b  USBDevConnect                   
00003985  USBDevDisconnect                
0000398f  USBIntStatusEndpoint            
00003999  USBDevMode                      
000039a1  USBFIFOAddrGet                  
000039a9  USBOTGMode                      
000039c1  GPIOPinWrite                    
000039c7  ResetISR                        
000039cd  UARTClockSourceSet              
000039d3  USBDMAChannelIntStatus          
000039d9  USBDevLPMConfig                 
000039df  USBLPMIntStatus                 
000039f3  USBDevAddrSet                   
000039f7  _system_pre_init                
000039fb  C$$EXIT                         
000039fb  abort                           
00003b17  ENTER                           
00003b80  g_sHIDHandlers                  
00003bb0  g_pui8ManufacturerString        
00003bf6  g_pui8ProductString             
00003c12  g_pui8SerialNumberString        
00003c24  g_pui8StringDescriptors         
00003c42  password                        
00003c74  g_pui8LangDescriptor            
00003cf4  __TI_Handler_Table_Base         
00003d00  __TI_Handler_Table_Limit        
00003d08  __TI_CINIT_Base                 
00003d18  __TI_CINIT_Limit                
20000590  g_psDCDInst                     
20000620  g_pfnTickHandlers               
20000638  g_pvTickInstance                
2000065c  g_ppsDevInfo                    
20000660  g_ui32SysTickCount              
20000668  g_sKeyboardState                
20000670  __stack                         
20000870  __STACK_TOP                     
20000a70  __STACK_END                     
20000a70  g_sKeyboardDevice               
20000b61  g_pui8HIDDeviceDescriptor       
20000b74  g_spooky_message_index          
20000b78  g_spooky_last_tick              
20000b7c  g_keyTick                       
20000b80  g_keyDown                       
20000b84  g_bUSBTimerInitialized          
20000b88  g_ui32CurrentUSBTick            
20000b8c  g_ui32USBSOFCount               
20000b90  g_iUSBMode                      
20000b94  g_ui32WaitTicks                 
ffffffff  __TI_pprof_out_hndl             
ffffffff  __TI_prof_data_size             
ffffffff  __TI_prof_data_start            
ffffffff  __binit__                       
ffffffff  __c_args__                      
ffffffff  binit                           
UNDEFED   __mpu_init                      
UNDEFED   _system_post_cinit              

[178 symbols]
