<?xml version="1.0" encoding="ISO-8859-1" ?>
<link_info>
   <banner>TI ARM Linker PC v18.1.3.LTS</banner>
   <copyright>Copyright (c) 1996-2017 Texas Instruments Incorporated</copyright>
   <link_time>0x5c029ad1</link_time>
   <link_errors>0x0</link_errors>
   <output_file>usb_keyb_dev.out</output_file>
   <entry_point>
      <name>_c_int00_noargs</name>
      <address>0x2dd5</address>
   </entry_point>
   <input_file_list>
      <input_file id="fl-2">
         <path>.\</path>
         <kind>object</kind>
         <file>main.obj</file>
         <name>main.obj</name>
      </input_file>
      <input_file id="fl-3">
         <path>.\</path>
         <kind>object</kind>
         <file>tm4c123gh6pm_startup_ccs.obj</file>
         <name>tm4c123gh6pm_startup_ccs.obj</name>
      </input_file>
      <input_file id="fl-4">
         <path>.\</path>
         <kind>object</kind>
         <file>usb_keyboard.obj</file>
         <name>usb_keyboard.obj</name>
      </input_file>
      <input_file id="fl-5">
         <path>.\</path>
         <kind>object</kind>
         <file>usb_serial.obj</file>
         <name>usb_serial.obj</name>
      </input_file>
      <input_file id="fl-6">
         <path>.\</path>
         <kind>object</kind>
         <file>usb_structs.obj</file>
         <name>usb_structs.obj</name>
      </input_file>
      <input_file id="fl-7">
         <path>.\drivers\</path>
         <kind>object</kind>
         <file>buttons.obj</file>
         <name>buttons.obj</name>
      </input_file>
      <input_file id="fl-8">
         <path>.\utils\</path>
         <kind>object</kind>
         <file>uartstdio.obj</file>
         <name>uartstdio.obj</name>
      </input_file>
      <input_file id="fl-e">
         <kind>object</kind>
         <file>&lt;internal&gt;</file>
         <name>&lt;internal&gt;</name>
      </input_file>
      <input_file id="fl-c4">
         <path>C:\ti\ccsv8\tools\compiler\ti-cgt-arm_18.1.3.LTS\lib\</path>
         <kind>archive</kind>
         <file>rtsv7M4_T_le_v4SPD16_eabi.lib</file>
         <name>u_divt2.asm.obj</name>
      </input_file>
      <input_file id="fl-c5">
         <path>C:\ti\ccsv8\tools\compiler\ti-cgt-arm_18.1.3.LTS\lib\</path>
         <kind>archive</kind>
         <file>rtsv7M4_T_le_v4SPD16_eabi.lib</file>
         <name>copy_zero_init.c.obj</name>
      </input_file>
      <input_file id="fl-c6">
         <path>C:\ti\ccsv8\tools\compiler\ti-cgt-arm_18.1.3.LTS\lib\</path>
         <kind>archive</kind>
         <file>rtsv7M4_T_le_v4SPD16_eabi.lib</file>
         <name>copy_decompress_none.c.obj</name>
      </input_file>
      <input_file id="fl-c7">
         <path>C:\ti\ccsv8\tools\compiler\ti-cgt-arm_18.1.3.LTS\lib\</path>
         <kind>archive</kind>
         <file>rtsv7M4_T_le_v4SPD16_eabi.lib</file>
         <name>copy_decompress_lzss.c.obj</name>
      </input_file>
      <input_file id="fl-c8">
         <path>C:\ti\ccsv8\tools\compiler\ti-cgt-arm_18.1.3.LTS\lib\</path>
         <kind>archive</kind>
         <file>rtsv7M4_T_le_v4SPD16_eabi.lib</file>
         <name>boot_cortex_m.c.obj</name>
      </input_file>
      <input_file id="fl-c9">
         <path>C:\ti\ccsv8\tools\compiler\ti-cgt-arm_18.1.3.LTS\lib\</path>
         <kind>archive</kind>
         <file>rtsv7M4_T_le_v4SPD16_eabi.lib</file>
         <name>div0.asm.obj</name>
      </input_file>
      <input_file id="fl-ca">
         <path>C:\ti\ccsv8\tools\compiler\ti-cgt-arm_18.1.3.LTS\lib\</path>
         <kind>archive</kind>
         <file>rtsv7M4_T_le_v4SPD16_eabi.lib</file>
         <name>memset_t2.asm.obj</name>
      </input_file>
      <input_file id="fl-cb">
         <path>C:\ti\ccsv8\tools\compiler\ti-cgt-arm_18.1.3.LTS\lib\</path>
         <kind>archive</kind>
         <file>rtsv7M4_T_le_v4SPD16_eabi.lib</file>
         <name>memcpy_t2.asm.obj</name>
      </input_file>
      <input_file id="fl-cc">
         <path>C:\ti\ccsv8\tools\compiler\ti-cgt-arm_18.1.3.LTS\lib\</path>
         <kind>archive</kind>
         <file>rtsv7M4_T_le_v4SPD16_eabi.lib</file>
         <name>autoinit.c.obj</name>
      </input_file>
      <input_file id="fl-cd">
         <path>C:\ti\ccsv8\tools\compiler\ti-cgt-arm_18.1.3.LTS\lib\</path>
         <kind>archive</kind>
         <file>rtsv7M4_T_le_v4SPD16_eabi.lib</file>
         <name>pre_init.c.obj</name>
      </input_file>
      <input_file id="fl-ce">
         <path>C:\ti\ccsv8\tools\compiler\ti-cgt-arm_18.1.3.LTS\lib\</path>
         <kind>archive</kind>
         <file>rtsv7M4_T_le_v4SPD16_eabi.lib</file>
         <name>cpy_tbl.c.obj</name>
      </input_file>
      <input_file id="fl-cf">
         <path>C:\ti\ccsv8\tools\compiler\ti-cgt-arm_18.1.3.LTS\lib\</path>
         <kind>archive</kind>
         <file>rtsv7M4_T_le_v4SPD16_eabi.lib</file>
         <name>exit.c.obj</name>
      </input_file>
      <input_file id="fl-d0">
         <path>C:\ti\ccsv8\tools\compiler\ti-cgt-arm_18.1.3.LTS\lib\</path>
         <kind>archive</kind>
         <file>rtsv7M4_T_le_v4SPD16_eabi.lib</file>
         <name>_lock.c.obj</name>
      </input_file>
      <input_file id="fl-d1">
         <path>C:\ti\ccsv8\tools\compiler\ti-cgt-arm_18.1.3.LTS\lib\</path>
         <kind>archive</kind>
         <file>rtsv7M4_T_le_v4SPD16_eabi.lib</file>
         <name>args_main.c.obj</name>
      </input_file>
      <input_file id="fl-d2">
         <path>C:\ti\tivaware_c_series_2_1_4_178\driverlib\ccs\Debug\</path>
         <kind>archive</kind>
         <file>driverlib.lib</file>
         <name>gpio.obj</name>
      </input_file>
      <input_file id="fl-d3">
         <path>C:\ti\tivaware_c_series_2_1_4_178\driverlib\ccs\Debug\</path>
         <kind>archive</kind>
         <file>driverlib.lib</file>
         <name>interrupt.obj</name>
      </input_file>
      <input_file id="fl-d4">
         <path>C:\ti\tivaware_c_series_2_1_4_178\driverlib\ccs\Debug\</path>
         <kind>archive</kind>
         <file>driverlib.lib</file>
         <name>sysctl.obj</name>
      </input_file>
      <input_file id="fl-d5">
         <path>C:\ti\tivaware_c_series_2_1_4_178\driverlib\ccs\Debug\</path>
         <kind>archive</kind>
         <file>driverlib.lib</file>
         <name>cpu.obj</name>
      </input_file>
      <input_file id="fl-d6">
         <path>C:\ti\tivaware_c_series_2_1_4_178\usblib\ccs\Debug\</path>
         <kind>archive</kind>
         <file>usblib.lib</file>
         <name>usbbuffer.obj</name>
      </input_file>
      <input_file id="fl-d7">
         <path>C:\ti\tivaware_c_series_2_1_4_178\usblib\ccs\Debug\</path>
         <kind>archive</kind>
         <file>usblib.lib</file>
         <name>usbmode.obj</name>
      </input_file>
      <input_file id="fl-d8">
         <path>C:\ti\tivaware_c_series_2_1_4_178\usblib\ccs\Debug\</path>
         <kind>archive</kind>
         <file>usblib.lib</file>
         <name>usbringbuf.obj</name>
      </input_file>
      <input_file id="fl-d9">
         <path>C:\ti\tivaware_c_series_2_1_4_178\usblib\ccs\Debug\</path>
         <kind>archive</kind>
         <file>usblib.lib</file>
         <name>usbtick.obj</name>
      </input_file>
      <input_file id="fl-da">
         <path>C:\ti\tivaware_c_series_2_1_4_178\usblib\ccs\Debug\</path>
         <kind>archive</kind>
         <file>usblib.lib</file>
         <name>usbhostenum.obj</name>
      </input_file>
      <input_file id="fl-db">
         <path>C:\ti\tivaware_c_series_2_1_4_178\usblib\ccs\Debug\</path>
         <kind>archive</kind>
         <file>usblib.lib</file>
         <name>usbdcdc.obj</name>
      </input_file>
      <input_file id="fl-dc">
         <path>C:\ti\tivaware_c_series_2_1_4_178\usblib\ccs\Debug\</path>
         <kind>archive</kind>
         <file>usblib.lib</file>
         <name>usbdenum.obj</name>
      </input_file>
      <input_file id="fl-dd">
         <path>C:\ti\tivaware_c_series_2_1_4_178\usblib\ccs\Debug\</path>
         <kind>archive</kind>
         <file>usblib.lib</file>
         <name>usbdhandler.obj</name>
      </input_file>
      <input_file id="fl-de">
         <path>C:\ti\tivaware_c_series_2_1_4_178\usblib\ccs\Debug\</path>
         <kind>archive</kind>
         <file>usblib.lib</file>
         <name>usbdhidkeyb.obj</name>
      </input_file>
      <input_file id="fl-df">
         <path>C:\ti\tivaware_c_series_2_1_4_178\usblib\ccs\Debug\</path>
         <kind>archive</kind>
         <file>usblib.lib</file>
         <name>usbdesc.obj</name>
      </input_file>
      <input_file id="fl-e0">
         <path>C:\ti\tivaware_c_series_2_1_4_178\usblib\ccs\Debug\</path>
         <kind>archive</kind>
         <file>usblib.lib</file>
         <name>usbdma.obj</name>
      </input_file>
      <input_file id="fl-e1">
         <path>C:\ti\tivaware_c_series_2_1_4_178\usblib\ccs\Debug\</path>
         <kind>archive</kind>
         <file>usblib.lib</file>
         <name>usbulpi.obj</name>
      </input_file>
      <input_file id="fl-e2">
         <path>C:\ti\tivaware_c_series_2_1_4_178\usblib\ccs\Debug\</path>
         <kind>archive</kind>
         <file>usblib.lib</file>
         <name>usbhhub.obj</name>
      </input_file>
      <input_file id="fl-e3">
         <path>C:\ti\tivaware_c_series_2_1_4_178\usblib\ccs\Debug\</path>
         <kind>archive</kind>
         <file>usblib.lib</file>
         <name>usbdcdesc.obj</name>
      </input_file>
      <input_file id="fl-e4">
         <path>C:\ti\tivaware_c_series_2_1_4_178\usblib\ccs\Debug\</path>
         <kind>archive</kind>
         <file>usblib.lib</file>
         <name>usbdconfig.obj</name>
      </input_file>
      <input_file id="fl-e5">
         <path>C:\ti\tivaware_c_series_2_1_4_178\usblib\ccs\Debug\</path>
         <kind>archive</kind>
         <file>usblib.lib</file>
         <name>usbdhid.obj</name>
      </input_file>
      <input_file id="fl-e6">
         <path>C:\ti\tivaware_c_series_2_1_4_178\driverlib\ccs\Debug\</path>
         <kind>archive</kind>
         <file>driverlib.lib</file>
         <name>udma.obj</name>
      </input_file>
      <input_file id="fl-e7">
         <path>C:\ti\tivaware_c_series_2_1_4_178\driverlib\ccs\Debug\</path>
         <kind>archive</kind>
         <file>driverlib.lib</file>
         <name>usb.obj</name>
      </input_file>
   </input_file_list>
   <object_component_list>
      <object_component id="oc-f">
         <name>.intvecs</name>
         <load_address>0x0</load_address>
         <run_address>0x0</run_address>
         <size>0x26c</size>
         <input_file_ref idref="fl-3"/>
      </object_component>
      <object_component id="oc-42">
         <name>.text:UARTStdioIntHandler</name>
         <load_address>0x26c</load_address>
         <run_address>0x26c</run_address>
         <size>0x160</size>
         <input_file_ref idref="fl-8"/>
      </object_component>
      <object_component id="oc-479">
         <name>.text:USBLibDMAInit</name>
         <load_address>0x3cc</load_address>
         <run_address>0x3cc</run_address>
         <size>0x160</size>
         <input_file_ref idref="fl-e0"/>
      </object_component>
      <object_component id="oc-335">
         <name>.text:USBDCDInit</name>
         <load_address>0x52c</load_address>
         <run_address>0x52c</run_address>
         <size>0x150</size>
         <input_file_ref idref="fl-dc"/>
      </object_component>
      <object_component id="oc-255">
         <name>.text:USBDEP0StateTxConfig</name>
         <load_address>0x67c</load_address>
         <run_address>0x67c</run_address>
         <size>0x150</size>
         <input_file_ref idref="fl-dc"/>
      </object_component>
      <object_component id="oc-c8">
         <name>.text:USBDeviceIntHandlerInternal</name>
         <load_address>0x7cc</load_address>
         <run_address>0x7cc</run_address>
         <size>0x150</size>
         <input_file_ref idref="fl-dc"/>
      </object_component>
      <object_component id="oc-541">
         <name>.text:USBDeviceConfig</name>
         <load_address>0x91c</load_address>
         <run_address>0x91c</run_address>
         <size>0x148</size>
         <input_file_ref idref="fl-e4"/>
      </object_component>
      <object_component id="oc-1ac">
         <name>.text:configureUSB</name>
         <load_address>0xa64</load_address>
         <run_address>0xa64</run_address>
         <size>0x134</size>
         <input_file_ref idref="fl-2"/>
      </object_component>
      <object_component id="oc-64e">
         <name>.text:iDMAUSBTransfer</name>
         <load_address>0xb98</load_address>
         <run_address>0xb98</run_address>
         <size>0xf4</size>
         <input_file_ref idref="fl-e0"/>
      </object_component>
      <object_component id="oc-3d0">
         <name>.text:USBDGetDescriptor</name>
         <load_address>0xc8c</load_address>
         <run_address>0xc8c</run_address>
         <size>0xe4</size>
         <input_file_ref idref="fl-dc"/>
      </object_component>
      <object_component id="oc-358">
         <name>.text:ControlHandler</name>
         <load_address>0xd70</load_address>
         <run_address>0xd70</run_address>
         <size>0xdc</size>
         <input_file_ref idref="fl-5"/>
      </object_component>
      <object_component id="oc-32f">
         <name>.text:USBDCDCCompositeInit</name>
         <load_address>0xe4c</load_address>
         <run_address>0xe4c</run_address>
         <size>0xd8</size>
         <input_file_ref idref="fl-db"/>
      </object_component>
      <object_component id="oc-183">
         <name>.text:USBDeviceEnumHandler</name>
         <load_address>0xf24</load_address>
         <run_address>0xf24</run_address>
         <size>0xd8</size>
         <input_file_ref idref="fl-dc"/>
      </object_component>
      <object_component id="oc-568">
         <name>.text:HandleRequests</name>
         <load_address>0xffc</load_address>
         <run_address>0xffc</run_address>
         <size>0xd4</size>
         <input_file_ref idref="fl-db"/>
      </object_component>
      <object_component id="oc-fc">
         <name>.text:main</name>
         <load_address>0x10d0</load_address>
         <run_address>0x10d0</run_address>
         <size>0xc8</size>
         <input_file_ref idref="fl-2"/>
      </object_component>
      <object_component id="oc-5dc">
         <name>.text:uDMAUSBChannelAllocate</name>
         <load_address>0x1198</load_address>
         <run_address>0x1198</run_address>
         <size>0xc4</size>
         <input_file_ref idref="fl-e0"/>
      </object_component>
      <object_component id="oc-4f1">
         <name>.text:HandleRxAvailable</name>
         <load_address>0x125c</load_address>
         <run_address>0x125c</run_address>
         <size>0xbe</size>
         <input_file_ref idref="fl-d6"/>
      </object_component>
      <object_component id="oc-61e">
         <name>.text:uDMAUSBTransfer</name>
         <load_address>0x131a</load_address>
         <run_address>0x131a</run_address>
         <size>0xbc</size>
         <input_file_ref idref="fl-e0"/>
      </object_component>
      <object_component id="oc-592">
         <name>.text:HandleDevice</name>
         <load_address>0x13d6</load_address>
         <run_address>0x13d6</run_address>
         <size>0xb4</size>
         <input_file_ref idref="fl-db"/>
      </object_component>
      <object_component id="oc-30">
         <name>.text:FaultISR</name>
         <load_address>0x148a</load_address>
         <run_address>0x148a</run_address>
         <size>0x2</size>
         <input_file_ref idref="fl-3"/>
      </object_component>
      <object_component id="oc-a2">
         <name>.text:UARTwrite</name>
         <load_address>0x148c</load_address>
         <run_address>0x148c</run_address>
         <size>0xa8</size>
         <input_file_ref idref="fl-8"/>
      </object_component>
      <object_component id="oc-5c">
         <name>.text</name>
         <load_address>0x1534</load_address>
         <run_address>0x1534</run_address>
         <size>0x9c</size>
         <input_file_ref idref="fl-cb"/>
      </object_component>
      <object_component id="oc-3ee">
         <name>.text:USBDSetInterface</name>
         <load_address>0x15d0</load_address>
         <run_address>0x15d0</run_address>
         <size>0x98</size>
         <input_file_ref idref="fl-dc"/>
      </object_component>
      <object_component id="oc-42a">
         <name>.text:CDCTickHandler</name>
         <load_address>0x1668</load_address>
         <run_address>0x1668</run_address>
         <size>0x96</size>
         <input_file_ref idref="fl-db"/>
      </object_component>
      <object_component id="oc-81f">
         <name>.text:SendSerialState</name>
         <load_address>0x16fe</load_address>
         <run_address>0x16fe</run_address>
         <size>0x94</size>
         <input_file_ref idref="fl-db"/>
      </object_component>
      <object_component id="oc-2ab">
         <name>.text:ScheduleNextTransmission</name>
         <load_address>0x1792</load_address>
         <run_address>0x1792</run_address>
         <size>0x92</size>
         <input_file_ref idref="fl-d6"/>
      </object_component>
      <object_component id="oc-349">
         <name>.text:USBDCDCPacketRead</name>
         <load_address>0x1824</load_address>
         <run_address>0x1824</run_address>
         <size>0x90</size>
         <input_file_ref idref="fl-db"/>
      </object_component>
      <object_component id="oc-3e2">
         <name>.text:USBDSetConfiguration</name>
         <load_address>0x18b4</load_address>
         <run_address>0x18b4</run_address>
         <size>0x90</size>
         <input_file_ref idref="fl-dc"/>
      </object_component>
      <object_component id="oc-4cb">
         <name>.text:GetLineCoding</name>
         <load_address>0x1944</load_address>
         <run_address>0x1944</run_address>
         <size>0x8c</size>
         <input_file_ref idref="fl-5"/>
      </object_component>
      <object_component id="oc-96">
         <name>.text:UARTPrimeTransmit</name>
         <load_address>0x19d0</load_address>
         <run_address>0x19d0</run_address>
         <size>0x8c</size>
         <input_file_ref idref="fl-8"/>
      </object_component>
      <object_component id="oc-555">
         <name>.text:USBDeviceConfigAlternate</name>
         <load_address>0x1a5c</load_address>
         <run_address>0x1a5c</run_address>
         <size>0x8c</size>
         <input_file_ref idref="fl-e4"/>
      </object_component>
      <object_component id="oc-4d1">
         <name>.text:SetLineCoding</name>
         <load_address>0x1ae8</load_address>
         <run_address>0x1ae8</run_address>
         <size>0x84</size>
         <input_file_ref idref="fl-5"/>
      </object_component>
      <object_component id="oc-630">
         <name>.text:iDMAUSBChannelAllocate</name>
         <load_address>0x1b6c</load_address>
         <run_address>0x1b6c</run_address>
         <size>0x84</size>
         <input_file_ref idref="fl-e0"/>
      </object_component>
      <object_component id="oc-78b">
         <name>.text:uDMAChannelTransferSet</name>
         <load_address>0x1bf0</load_address>
         <run_address>0x1bf0</run_address>
         <size>0x84</size>
         <input_file_ref idref="fl-e6"/>
      </object_component>
      <object_component id="oc-3be">
         <name>.text:USBDClearFeature</name>
         <load_address>0x1c74</load_address>
         <run_address>0x1c74</run_address>
         <size>0x80</size>
         <input_file_ref idref="fl-dc"/>
      </object_component>
      <object_component id="oc-6d0">
         <name>.text:USBDevEndpointConfigSet</name>
         <load_address>0x1cf4</load_address>
         <run_address>0x1cf4</run_address>
         <size>0x7a</size>
         <input_file_ref idref="fl-e7"/>
      </object_component>
      <object_component id="oc-f0">
         <name>.text</name>
         <load_address>0x1d6e</load_address>
         <run_address>0x1d6e</run_address>
         <size>0x7a</size>
         <input_file_ref idref="fl-ca"/>
      </object_component>
      <object_component id="oc-3b8">
         <name>.text:USBDGetStatus</name>
         <load_address>0x1de8</load_address>
         <run_address>0x1de8</run_address>
         <size>0x78</size>
         <input_file_ref idref="fl-dc"/>
      </object_component>
      <object_component id="oc-71d">
         <name>.text:ProcessDataFromHost</name>
         <load_address>0x1e60</load_address>
         <run_address>0x1e60</run_address>
         <size>0x72</size>
         <input_file_ref idref="fl-db"/>
      </object_component>
      <object_component id="oc-36">
         <name>.text:IntDefaultHandler</name>
         <load_address>0x1ed2</load_address>
         <run_address>0x1ed2</run_address>
         <size>0x2</size>
         <input_file_ref idref="fl-3"/>
      </object_component>
      <object_component id="oc-25b">
         <name>.text:USBDEP0StateTx</name>
         <load_address>0x1ed4</load_address>
         <run_address>0x1ed4</run_address>
         <size>0x70</size>
         <input_file_ref idref="fl-dc"/>
      </object_component>
      <object_component id="oc-5d6">
         <name>.text:uDMAUSBArbSizeSet</name>
         <load_address>0x1f44</load_address>
         <run_address>0x1f44</run_address>
         <size>0x70</size>
         <input_file_ref idref="fl-e0"/>
      </object_component>
      <object_component id="oc-624">
         <name>.text:uDMAUSBUnitSizeSet</name>
         <load_address>0x1fb4</load_address>
         <run_address>0x1fb4</run_address>
         <size>0x70</size>
         <input_file_ref idref="fl-e0"/>
      </object_component>
      <object_component id="oc-723">
         <name>.text:ProcessDataToHost</name>
         <load_address>0x2024</load_address>
         <run_address>0x2024</run_address>
         <size>0x6c</size>
         <input_file_ref idref="fl-db"/>
      </object_component>
      <object_component id="oc-343">
         <name>.text:RxHandler</name>
         <load_address>0x2090</load_address>
         <run_address>0x2090</run_address>
         <size>0x6c</size>
         <input_file_ref idref="fl-5"/>
      </object_component>
      <object_component id="oc-3c4">
         <name>.text:USBDSetFeature</name>
         <load_address>0x20fc</load_address>
         <run_address>0x20fc</run_address>
         <size>0x6c</size>
         <input_file_ref idref="fl-dc"/>
      </object_component>
      <object_component id="oc-1b2">
         <name>.text:ButtonsInit</name>
         <load_address>0x2168</load_address>
         <run_address>0x2168</run_address>
         <size>0x68</size>
         <input_file_ref idref="fl-7"/>
      </object_component>
      <object_component id="oc-764">
         <name>.text:IntDisable</name>
         <load_address>0x21d0</load_address>
         <run_address>0x21d0</run_address>
         <size>0x68</size>
         <input_file_ref idref="fl-d3"/>
      </object_component>
      <object_component id="oc-491">
         <name>.text:IntEnable</name>
         <load_address>0x2238</load_address>
         <run_address>0x2238</run_address>
         <size>0x68</size>
         <input_file_ref idref="fl-d3"/>
      </object_component>
      <object_component id="oc-12">
         <name>.text:decompress:lzss:__TI_decompress_lzss</name>
         <load_address>0x22a0</load_address>
         <run_address>0x22a0</run_address>
         <size>0x68</size>
         <input_file_ref idref="fl-c7"/>
      </object_component>
      <object_component id="oc-75e">
         <name>.text:IntIsEnabled</name>
         <load_address>0x2308</load_address>
         <run_address>0x2308</run_address>
         <size>0x64</size>
         <input_file_ref idref="fl-d3"/>
      </object_component>
      <object_component id="oc-35e">
         <name>.text:USBBufferEventCallback</name>
         <load_address>0x236c</load_address>
         <run_address>0x236c</run_address>
         <size>0x64</size>
         <input_file_ref idref="fl-d6"/>
      </object_component>
      <object_component id="oc-5e8">
         <name>.text:uDMAUSBChannelEnable</name>
         <load_address>0x23d0</load_address>
         <run_address>0x23d0</run_address>
         <size>0x64</size>
         <input_file_ref idref="fl-e0"/>
      </object_component>
      <object_component id="oc-2bd">
         <name>.text:USBDCDCPacketWrite</name>
         <load_address>0x2434</load_address>
         <run_address>0x2434</run_address>
         <size>0x60</size>
         <input_file_ref idref="fl-db"/>
      </object_component>
      <object_component id="oc-24f">
         <name>.text:USBDReadAndDispatchRequest</name>
         <load_address>0x2494</load_address>
         <run_address>0x2494</run_address>
         <size>0x60</size>
         <input_file_ref idref="fl-dc"/>
      </object_component>
      <object_component id="oc-237">
         <name>.text:USBDevEndpointStatusClear</name>
         <load_address>0x24f4</load_address>
         <run_address>0x24f4</run_address>
         <size>0x5e</size>
         <input_file_ref idref="fl-e7"/>
      </object_component>
      <object_component id="oc-5fa">
         <name>.text:uDMAUSBChannelRelease</name>
         <load_address>0x2552</load_address>
         <run_address>0x2552</run_address>
         <size>0x56</size>
         <input_file_ref idref="fl-e0"/>
      </object_component>
      <object_component id="oc-44f">
         <name>.text:ULPIConfigSet</name>
         <load_address>0x25a8</load_address>
         <run_address>0x25a8</run_address>
         <size>0x52</size>
         <input_file_ref idref="fl-e1"/>
      </object_component>
      <object_component id="oc-2a">
         <name>.text:NmiSR</name>
         <load_address>0x25fa</load_address>
         <run_address>0x25fa</run_address>
         <size>0x2</size>
         <input_file_ref idref="fl-3"/>
      </object_component>
      <object_component id="oc-431">
         <name>.text:SysCtlPeripheralReset</name>
         <load_address>0x25fc</load_address>
         <run_address>0x25fc</run_address>
         <size>0x50</size>
         <input_file_ref idref="fl-d4"/>
      </object_component>
      <object_component id="oc-281">
         <name>.text:USBDCDCInit</name>
         <load_address>0x264c</load_address>
         <run_address>0x264c</run_address>
         <size>0x50</size>
         <input_file_ref idref="fl-db"/>
      </object_component>
      <object_component id="oc-6be">
         <name>.text:USBDCDConfigDescGet</name>
         <load_address>0x269c</load_address>
         <run_address>0x269c</run_address>
         <size>0x50</size>
         <input_file_ref idref="fl-e3"/>
      </object_component>
      <object_component id="oc-165">
         <name>.text:USBDeviceResumeTickHandler</name>
         <load_address>0x26ec</load_address>
         <run_address>0x26ec</run_address>
         <size>0x50</size>
         <input_file_ref idref="fl-dc"/>
      </object_component>
      <object_component id="oc-4b0">
         <name>.text:USBUARTPrimeTransmit</name>
         <load_address>0x273c</load_address>
         <run_address>0x273c</run_address>
         <size>0x50</size>
         <input_file_ref idref="fl-5"/>
      </object_component>
      <object_component id="oc-6ca">
         <name>.text:GetEPDescriptorType</name>
         <load_address>0x278c</load_address>
         <run_address>0x278c</run_address>
         <size>0x4c</size>
         <input_file_ref idref="fl-e4"/>
      </object_component>
      <object_component id="oc-538">
         <name>.text:USBDStringIndexFromRequest</name>
         <load_address>0x27d8</load_address>
         <run_address>0x27d8</run_address>
         <size>0x4c</size>
         <input_file_ref idref="fl-dc"/>
      </object_component>
      <object_component id="oc-797">
         <name>.text:USBEndpointDMAConfigSet</name>
         <load_address>0x2824</load_address>
         <run_address>0x2824</run_address>
         <size>0x4c</size>
         <input_file_ref idref="fl-e7"/>
      </object_component>
      <object_component id="oc-65a">
         <name>.text:iDMAUSBChannelEnable</name>
         <load_address>0x2870</load_address>
         <run_address>0x2870</run_address>
         <size>0x4c</size>
         <input_file_ref idref="fl-e0"/>
      </object_component>
      <object_component id="oc-6eb">
         <name>.text:ConfigAlternateInterfaceGet</name>
         <load_address>0x28bc</load_address>
         <run_address>0x28bc</run_address>
         <size>0x4a</size>
         <input_file_ref idref="fl-e3"/>
      </object_component>
      <object_component id="oc-574">
         <name>.text:HandleEP0Data</name>
         <load_address>0x2906</load_address>
         <run_address>0x2906</run_address>
         <size>0x4a</size>
         <input_file_ref idref="fl-db"/>
      </object_component>
      <object_component id="oc-58c">
         <name>.text:HandleEndpoints</name>
         <load_address>0x2950</load_address>
         <run_address>0x2950</run_address>
         <size>0x4a</size>
         <input_file_ref idref="fl-db"/>
      </object_component>
      <object_component id="oc-52f">
         <name>.text:USBDevEndpointStallClear</name>
         <load_address>0x299a</load_address>
         <run_address>0x299a</run_address>
         <size>0x4a</size>
         <input_file_ref idref="fl-e7"/>
      </object_component>
      <object_component id="oc-5e2">
         <name>.text:uDMAUSBChannelDisable</name>
         <load_address>0x29e4</load_address>
         <run_address>0x29e4</run_address>
         <size>0x4a</size>
         <input_file_ref idref="fl-e0"/>
      </object_component>
      <object_component id="oc-62a">
         <name>.text:iDMAUSBArbSizeSet</name>
         <load_address>0x2a2e</load_address>
         <run_address>0x2a2e</run_address>
         <size>0x2</size>
         <input_file_ref idref="fl-e0"/>
      </object_component>
      <object_component id="oc-15f">
         <name>.text:USBDeviceEnumResetHandler</name>
         <load_address>0x2a30</load_address>
         <run_address>0x2a30</run_address>
         <size>0x48</size>
         <input_file_ref idref="fl-dc"/>
      </object_component>
      <object_component id="oc-74a">
         <name>.text:uDMAChannelAttributeDisable</name>
         <load_address>0x2a78</load_address>
         <run_address>0x2a78</run_address>
         <size>0x48</size>
         <input_file_ref idref="fl-e6"/>
      </object_component>
      <object_component id="oc-243">
         <name>.text:USBEndpointDataGet</name>
         <load_address>0x2ac0</load_address>
         <run_address>0x2ac0</run_address>
         <size>0x46</size>
         <input_file_ref idref="fl-e7"/>
      </object_component>
      <object_component id="oc-666">
         <name>.text:iDMAUSBUnitSizeSet</name>
         <load_address>0x2b06</load_address>
         <run_address>0x2b06</run_address>
         <size>0x2</size>
         <input_file_ref idref="fl-e0"/>
      </object_component>
      <object_component id="oc-415">
         <name>.text:USBDCDDeviceInfoInit</name>
         <load_address>0x2b08</load_address>
         <run_address>0x2b08</run_address>
         <size>0x44</size>
         <input_file_ref idref="fl-dc"/>
      </object_component>
      <object_component id="oc-3e8">
         <name>.text:USBDGetInterface</name>
         <load_address>0x2b4c</load_address>
         <run_address>0x2b4c</run_address>
         <size>0x44</size>
         <input_file_ref idref="fl-dc"/>
      </object_component>
      <object_component id="oc-1e2">
         <name>.text:__TI_auto_init_nobinit_nopinit:__TI_auto_init_nobinit_nopinit</name>
         <load_address>0x2b90</load_address>
         <run_address>0x2b90</run_address>
         <size>0x44</size>
         <input_file_ref idref="fl-cc"/>
      </object_component>
      <object_component id="oc-654">
         <name>.text:iDMAUSBChannelRelease</name>
         <load_address>0x2bd4</load_address>
         <run_address>0x2bd4</run_address>
         <size>0x3c</size>
         <input_file_ref idref="fl-e0"/>
      </object_component>
      <object_component id="oc-6dc">
         <name>.text:USBFIFOConfigSet</name>
         <load_address>0x2c10</load_address>
         <run_address>0x2c10</run_address>
         <size>0x3a</size>
         <input_file_ref idref="fl-e7"/>
      </object_component>
      <object_component id="oc-5f4">
         <name>.text:uDMAUSBChannelIntDisable</name>
         <load_address>0x2c4a</load_address>
         <run_address>0x2c4a</run_address>
         <size>0x2</size>
         <input_file_ref idref="fl-e0"/>
      </object_component>
      <object_component id="oc-421">
         <name>.text:InternalUSBRegisterTickHandler</name>
         <load_address>0x2c4c</load_address>
         <run_address>0x2c4c</run_address>
         <size>0x38</size>
         <input_file_ref idref="fl-d9"/>
      </object_component>
      <object_component id="oc-16b">
         <name>.text:InternalUSBStartOfFrameTick</name>
         <load_address>0x2c84</load_address>
         <run_address>0x2c84</run_address>
         <size>0x38</size>
         <input_file_ref idref="fl-d9"/>
      </object_component>
      <object_component id="oc-4d7">
         <name>.text:SendBreak</name>
         <load_address>0x2cbc</load_address>
         <run_address>0x2cbc</run_address>
         <size>0x38</size>
         <input_file_ref idref="fl-5"/>
      </object_component>
      <object_component id="oc-59a">
         <name>.text:SendBreak</name>
         <load_address>0x2cf4</load_address>
         <run_address>0x2cf4</run_address>
         <size>0x38</size>
         <input_file_ref idref="fl-db"/>
      </object_component>
      <object_component id="oc-6c4">
         <name>.text:USBDCDConfigGetInterfaceEndpoint</name>
         <load_address>0x2d2c</load_address>
         <run_address>0x2d2c</run_address>
         <size>0x38</size>
         <input_file_ref idref="fl-e3"/>
      </object_component>
      <object_component id="oc-c2">
         <name>.text:USBIntStatusControl</name>
         <load_address>0x2d64</load_address>
         <run_address>0x2d64</run_address>
         <size>0x38</size>
         <input_file_ref idref="fl-e7"/>
      </object_component>
      <object_component id="oc-6a2">
         <name>.text:USBRingBufAdvanceWrite</name>
         <load_address>0x2d9c</load_address>
         <run_address>0x2d9c</run_address>
         <size>0x38</size>
         <input_file_ref idref="fl-d8"/>
      </object_component>
      <object_component id="oc-7a">
         <name>.text:_c_int00_noargs:_c_int00_noargs</name>
         <load_address>0x2dd4</load_address>
         <run_address>0x2dd4</run_address>
         <size>0x38</size>
         <input_file_ref idref="fl-c8"/>
      </object_component>
      <object_component id="oc-30e">
         <name>.text:USBEndpointDataPut</name>
         <load_address>0x2e0c</load_address>
         <run_address>0x2e0c</run_address>
         <size>0x36</size>
         <input_file_ref idref="fl-e7"/>
      </object_component>
      <object_component id="oc-56e">
         <name>.text:HandleConfigChange</name>
         <load_address>0x2e42</load_address>
         <run_address>0x2e42</run_address>
         <size>0x34</size>
         <input_file_ref idref="fl-db"/>
      </object_component>
      <object_component id="oc-5ee">
         <name>.text:uDMAUSBChannelIntEnable</name>
         <load_address>0x2e76</load_address>
         <run_address>0x2e76</run_address>
         <size>0x2</size>
         <input_file_ref idref="fl-e0"/>
      </object_component>
      <object_component id="oc-437">
         <name>.text:SysCtlPeripheralEnable</name>
         <load_address>0x2e78</load_address>
         <run_address>0x2e78</run_address>
         <size>0x34</size>
         <input_file_ref idref="fl-d4"/>
      </object_component>
      <object_component id="oc-314">
         <name>.text:USBEndpointDataSend</name>
         <load_address>0x2eac</load_address>
         <run_address>0x2eac</run_address>
         <size>0x34</size>
         <input_file_ref idref="fl-e7"/>
      </object_component>
      <object_component id="oc-636">
         <name>.text:iDMAUSBChannelStatus</name>
         <load_address>0x2ee0</load_address>
         <run_address>0x2ee0</run_address>
         <size>0x34</size>
         <input_file_ref idref="fl-e0"/>
      </object_component>
      <object_component id="oc-7ff">
         <name>.text:NextConfigDescGet</name>
         <load_address>0x2f14</load_address>
         <run_address>0x2f14</run_address>
         <size>0x32</size>
         <input_file_ref idref="fl-e3"/>
      </object_component>
      <object_component id="oc-717">
         <name>.text:ProcessNotificationToHost</name>
         <load_address>0x2f46</load_address>
         <run_address>0x2f46</run_address>
         <size>0x32</size>
         <input_file_ref idref="fl-db"/>
      </object_component>
      <object_component id="oc-3af">
         <name>.text:USBDevEndpointStall</name>
         <load_address>0x2f78</load_address>
         <run_address>0x2f78</run_address>
         <size>0x32</size>
         <input_file_ref idref="fl-e7"/>
      </object_component>
      <object_component id="oc-660">
         <name>.text:iDMAUSBChannelDisable</name>
         <load_address>0x2faa</load_address>
         <run_address>0x2faa</run_address>
         <size>0x32</size>
         <input_file_ref idref="fl-e0"/>
      </object_component>
      <object_component id="oc-606">
         <name>.text:DMAUSBIntHandler</name>
         <load_address>0x2fdc</load_address>
         <run_address>0x2fdc</run_address>
         <size>0x30</size>
         <input_file_ref idref="fl-e0"/>
      </object_component>
      <object_component id="oc-41b">
         <name>.text:InternalUSBTickInit</name>
         <load_address>0x300c</load_address>
         <run_address>0x300c</run_address>
         <size>0x30</size>
         <input_file_ref idref="fl-d9"/>
      </object_component>
      <object_component id="oc-3dc">
         <name>.text:USBDGetConfiguration</name>
         <load_address>0x303c</load_address>
         <run_address>0x303c</run_address>
         <size>0x30</size>
         <input_file_ref idref="fl-dc"/>
      </object_component>
      <object_component id="oc-516">
         <name>.text:UpdateIndexAtomic</name>
         <load_address>0x306c</load_address>
         <run_address>0x306c</run_address>
         <size>0x30</size>
         <input_file_ref idref="fl-d8"/>
      </object_component>
      <object_component id="oc-1c5">
         <name>.text:USBBufferWrite</name>
         <load_address>0x309c</load_address>
         <run_address>0x309c</run_address>
         <size>0x2e</size>
         <input_file_ref idref="fl-d6"/>
      </object_component>
      <object_component id="oc-34f">
         <name>.text:USBDCDCRxPacketAvailable</name>
         <load_address>0x30ca</load_address>
         <run_address>0x30ca</run_address>
         <size>0x2e</size>
         <input_file_ref idref="fl-db"/>
      </object_component>
      <object_component id="oc-7f8">
         <name>.text:USBDescGet</name>
         <load_address>0x30f8</load_address>
         <run_address>0x30f8</run_address>
         <size>0x2c</size>
         <input_file_ref idref="fl-df"/>
      </object_component>
      <object_component id="oc-60c">
         <name>.text:uDMAUSBIntStatus</name>
         <load_address>0x3124</load_address>
         <run_address>0x3124</run_address>
         <size>0x2c</size>
         <input_file_ref idref="fl-e0"/>
      </object_component>
      <object_component id="oc-4eb">
         <name>.text:HandleRequestBuffer</name>
         <load_address>0x3150</load_address>
         <run_address>0x3150</run_address>
         <size>0x2a</size>
         <input_file_ref idref="fl-d6"/>
      </object_component>
      <object_component id="oc-549">
         <name>.text:USBDCDConfigDescGetNum</name>
         <load_address>0x317a</load_address>
         <run_address>0x317a</run_address>
         <size>0x2a</size>
         <input_file_ref idref="fl-e3"/>
      </object_component>
      <object_component id="oc-6e4">
         <name>.text:USBDescGetNum</name>
         <load_address>0x31a4</load_address>
         <run_address>0x31a4</run_address>
         <size>0x2a</size>
         <input_file_ref idref="fl-df"/>
      </object_component>
      <object_component id="oc-249">
         <name>.text:USBDevEndpointDataAck</name>
         <load_address>0x31ce</load_address>
         <run_address>0x31ce</run_address>
         <size>0x2a</size>
         <input_file_ref idref="fl-e7"/>
      </object_component>
      <object_component id="oc-4aa">
         <name>.text:USBBufferRead</name>
         <load_address>0x31f8</load_address>
         <run_address>0x31f8</run_address>
         <size>0x28</size>
         <input_file_ref idref="fl-d6"/>
      </object_component>
      <object_component id="oc-3ca">
         <name>.text:USBDSetAddress</name>
         <load_address>0x3220</load_address>
         <run_address>0x3220</run_address>
         <size>0x28</size>
         <input_file_ref idref="fl-dc"/>
      </object_component>
      <object_component id="oc-47f">
         <name>.text:USBIntEnableControl</name>
         <load_address>0x3248</load_address>
         <run_address>0x3248</run_address>
         <size>0x28</size>
         <input_file_ref idref="fl-e7"/>
      </object_component>
      <object_component id="oc-77c">
         <name>.text:uDMAChannelModeGet</name>
         <load_address>0x3270</load_address>
         <run_address>0x3270</run_address>
         <size>0x28</size>
         <input_file_ref idref="fl-e6"/>
      </object_component>
      <object_component id="oc-586">
         <name>.text:HandleDisconnect</name>
         <load_address>0x3298</load_address>
         <run_address>0x3298</run_address>
         <size>0x24</size>
         <input_file_ref idref="fl-db"/>
      </object_component>
      <object_component id="oc-5a6">
         <name>.text:SendLineStateChange</name>
         <load_address>0x32bc</load_address>
         <run_address>0x32bc</run_address>
         <size>0x24</size>
         <input_file_ref idref="fl-db"/>
      </object_component>
      <object_component id="oc-750">
         <name>.text:USBEndpointDMADisable</name>
         <load_address>0x32e0</load_address>
         <run_address>0x32e0</run_address>
         <size>0x24</size>
         <input_file_ref idref="fl-e7"/>
      </object_component>
      <object_component id="oc-76a">
         <name>.text:USBEndpointDMAEnable</name>
         <load_address>0x3304</load_address>
         <run_address>0x3304</run_address>
         <size>0x24</size>
         <input_file_ref idref="fl-e7"/>
      </object_component>
      <object_component id="oc-27b">
         <name>.text:USBStackModeSet</name>
         <load_address>0x3328</load_address>
         <run_address>0x3328</run_address>
         <size>0x24</size>
         <input_file_ref idref="fl-d7"/>
      </object_component>
      <object_component id="oc-73d">
         <name>.text:uDMAChannelControlSet</name>
         <load_address>0x334c</load_address>
         <run_address>0x334c</run_address>
         <size>0x24</size>
         <input_file_ref idref="fl-e6"/>
      </object_component>
      <object_component id="oc-5ac">
         <name>.text:SendLineCodingChange</name>
         <load_address>0x3370</load_address>
         <run_address>0x3370</run_address>
         <size>0x22</size>
         <input_file_ref idref="fl-db"/>
      </object_component>
      <object_component id="oc-600">
         <name>.text:uDMAUSBChannelStatus</name>
         <load_address>0x3392</load_address>
         <run_address>0x3392</run_address>
         <size>0x22</size>
         <input_file_ref idref="fl-e0"/>
      </object_component>
      <object_component id="oc-6f3">
         <name>.text:CheckAndSendBreak</name>
         <load_address>0x33b4</load_address>
         <run_address>0x33b4</run_address>
         <size>0x20</size>
         <input_file_ref idref="fl-db"/>
      </object_component>
      <object_component id="oc-6d6">
         <name>.text:GetEndpointFIFOSize</name>
         <load_address>0x33d4</load_address>
         <run_address>0x33d4</run_address>
         <size>0x20</size>
         <input_file_ref idref="fl-e4"/>
      </object_component>
      <object_component id="oc-4df">
         <name>.text:HandleDataRemaining</name>
         <load_address>0x33f4</load_address>
         <run_address>0x33f4</run_address>
         <size>0x20</size>
         <input_file_ref idref="fl-d6"/>
      </object_component>
      <object_component id="oc-694">
         <name>.text:USBRingBufAdvanceRead</name>
         <load_address>0x3414</load_address>
         <run_address>0x3414</run_address>
         <size>0x20</size>
         <input_file_ref idref="fl-d8"/>
      </object_component>
      <object_component id="oc-69b">
         <name>.text:USBRingBufContigFree</name>
         <load_address>0x3434</load_address>
         <run_address>0x3434</run_address>
         <size>0x1e</size>
         <input_file_ref idref="fl-d8"/>
      </object_component>
      <object_component id="oc-5b9">
         <name>.text:USBULPIRegRead</name>
         <load_address>0x3452</load_address>
         <run_address>0x3452</run_address>
         <size>0x1e</size>
         <input_file_ref idref="fl-e7"/>
      </object_component>
      <object_component id="oc-5bf">
         <name>.text:USBULPIRegWrite</name>
         <load_address>0x3470</load_address>
         <run_address>0x3470</run_address>
         <size>0x1e</size>
         <input_file_ref idref="fl-e7"/>
      </object_component>
      <object_component id="oc-54f">
         <name>.text:USBDCDConfigGetInterface</name>
         <load_address>0x348e</load_address>
         <run_address>0x348e</run_address>
         <size>0x1c</size>
         <input_file_ref idref="fl-e3"/>
      </object_component>
      <object_component id="oc-2fb">
         <name>.text:USBDCDStallEP0</name>
         <load_address>0x34ac</load_address>
         <run_address>0x34ac</run_address>
         <size>0x1c</size>
         <input_file_ref idref="fl-dc"/>
      </object_component>
      <object_component id="oc-4bd">
         <name>.text:USBEndpointDataAvail</name>
         <load_address>0x34c8</load_address>
         <run_address>0x34c8</run_address>
         <size>0x1c</size>
         <input_file_ref idref="fl-e7"/>
      </object_component>
      <object_component id="oc-67f">
         <name>.text:USBRingBufRead</name>
         <load_address>0x34e4</load_address>
         <run_address>0x34e4</run_address>
         <size>0x1c</size>
         <input_file_ref idref="fl-d8"/>
      </object_component>
      <object_component id="oc-2a5">
         <name>.text:USBRingBufWrite</name>
         <load_address>0x3500</load_address>
         <run_address>0x3500</run_address>
         <size>0x1c</size>
         <input_file_ref idref="fl-d8"/>
      </object_component>
      <object_component id="oc-5a0">
         <name>.text:DeviceConsumedAllData</name>
         <load_address>0x351c</load_address>
         <run_address>0x351c</run_address>
         <size>0x1a</size>
         <input_file_ref idref="fl-db"/>
      </object_component>
      <object_component id="oc-308">
         <name>.text:USBDCDConfigDescGetSize</name>
         <load_address>0x3536</load_address>
         <run_address>0x3536</run_address>
         <size>0x1a</size>
         <input_file_ref idref="fl-e3"/>
      </object_component>
      <object_component id="oc-744">
         <name>.text:USBEndpointDMAChannel</name>
         <load_address>0x3550</load_address>
         <run_address>0x3550</run_address>
         <size>0x1a</size>
         <input_file_ref idref="fl-e7"/>
      </object_component>
      <object_component id="oc-a8">
         <name>.text:IsBufferFull</name>
         <load_address>0x356a</load_address>
         <run_address>0x356a</run_address>
         <size>0x18</size>
         <input_file_ref idref="fl-8"/>
      </object_component>
      <object_component id="oc-4b7">
         <name>.text:SetDeferredOpFlag</name>
         <load_address>0x3582</load_address>
         <run_address>0x3582</run_address>
         <size>0x18</size>
         <input_file_ref idref="fl-db"/>
      </object_component>
      <object_component id="oc-48">
         <name>.text:USB0DeviceIntHandler</name>
         <load_address>0x359c</load_address>
         <run_address>0x359c</run_address>
         <size>0x18</size>
         <input_file_ref idref="fl-dd"/>
      </object_component>
      <object_component id="oc-275">
         <name>.text:USBBufferInit</name>
         <load_address>0x35b4</load_address>
         <run_address>0x35b4</run_address>
         <size>0x18</size>
         <input_file_ref idref="fl-d6"/>
      </object_component>
      <object_component id="oc-40f">
         <name>.text:USBDCDFeatureGet</name>
         <load_address>0x35cc</load_address>
         <run_address>0x35cc</run_address>
         <size>0x18</size>
         <input_file_ref idref="fl-dc"/>
      </object_component>
      <object_component id="oc-3d6">
         <name>.text:USBDSetDescriptor</name>
         <load_address>0x35e4</load_address>
         <run_address>0x35e4</run_address>
         <size>0x18</size>
         <input_file_ref idref="fl-dc"/>
      </object_component>
      <object_component id="oc-3f4">
         <name>.text:USBDSyncFrame</name>
         <load_address>0x35fc</load_address>
         <run_address>0x35fc</run_address>
         <size>0x18</size>
         <input_file_ref idref="fl-dc"/>
      </object_component>
      <object_component id="oc-757">
         <name>.text:uDMAChannelDisable</name>
         <load_address>0x3614</load_address>
         <run_address>0x3614</run_address>
         <size>0x18</size>
         <input_file_ref idref="fl-e6"/>
      </object_component>
      <object_component id="oc-770">
         <name>.text:uDMAChannelEnable</name>
         <load_address>0x362c</load_address>
         <run_address>0x362c</run_address>
         <size>0x18</size>
         <input_file_ref idref="fl-e6"/>
      </object_component>
      <object_component id="oc-70d">
         <name>.text:CheckAndSendLineCodingChange</name>
         <load_address>0x3644</load_address>
         <run_address>0x3644</run_address>
         <size>0x16</size>
         <input_file_ref idref="fl-db"/>
      </object_component>
      <object_component id="oc-6f9">
         <name>.text:CheckAndSendLineStateChange</name>
         <load_address>0x365a</load_address>
         <run_address>0x365a</run_address>
         <size>0x16</size>
         <input_file_ref idref="fl-db"/>
      </object_component>
      <object_component id="oc-485">
         <name>.text:USBIntEnableEndpoint</name>
         <load_address>0x3670</load_address>
         <run_address>0x3670</run_address>
         <size>0x16</size>
         <input_file_ref idref="fl-e7"/>
      </object_component>
      <object_component id="oc-689">
         <name>.text:USBRingBufFlush</name>
         <load_address>0x3686</load_address>
         <run_address>0x3686</run_address>
         <size>0x16</size>
         <input_file_ref idref="fl-d8"/>
      </object_component>
      <object_component id="oc-7e6">
         <name>.text:USBRingBufReadOne</name>
         <load_address>0x369c</load_address>
         <run_address>0x369c</run_address>
         <size>0x16</size>
         <input_file_ref idref="fl-d8"/>
      </object_component>
      <object_component id="oc-371">
         <name>.text:USBRingBufUsed</name>
         <load_address>0x36b2</load_address>
         <run_address>0x36b2</run_address>
         <size>0x16</size>
         <input_file_ref idref="fl-d8"/>
      </object_component>
      <object_component id="oc-4e5">
         <name>.text:HandleTxComplete</name>
         <load_address>0x36c8</load_address>
         <run_address>0x36c8</run_address>
         <size>0x14</size>
         <input_file_ref idref="fl-d6"/>
      </object_component>
      <object_component id="oc-43d">
         <name>.text:SysCtlUSBPLLEnable</name>
         <load_address>0x36dc</load_address>
         <run_address>0x36dc</run_address>
         <size>0x14</size>
         <input_file_ref idref="fl-d4"/>
      </object_component>
      <object_component id="oc-2c3">
         <name>.text:USBDCDCTxPacketAvailable</name>
         <load_address>0x36f0</load_address>
         <run_address>0x36f0</run_address>
         <size>0x14</size>
         <input_file_ref idref="fl-db"/>
      </object_component>
      <object_component id="oc-705">
         <name>.text:USBDCDRequestDataEP0</name>
         <load_address>0x3704</load_address>
         <run_address>0x3704</run_address>
         <size>0x14</size>
         <input_file_ref idref="fl-dc"/>
      </object_component>
      <object_component id="oc-6ff">
         <name>.text:USBDCDSendDataEP0</name>
         <load_address>0x3718</load_address>
         <run_address>0x3718</run_address>
         <size>0x14</size>
         <input_file_ref idref="fl-dc"/>
      </object_component>
      <object_component id="oc-7cf">
         <name>.text:USBDMAChannelConfigSet</name>
         <load_address>0x372c</load_address>
         <run_address>0x372c</run_address>
         <size>0x14</size>
         <input_file_ref idref="fl-e7"/>
      </object_component>
      <object_component id="oc-222">
         <name>.text:USBHostResume</name>
         <load_address>0x3740</load_address>
         <run_address>0x3740</run_address>
         <size>0x14</size>
         <input_file_ref idref="fl-e7"/>
      </object_component>
      <object_component id="oc-809">
         <name>.text:_USBIndexWrite</name>
         <load_address>0x3754</load_address>
         <run_address>0x3754</run_address>
         <size>0x14</size>
         <input_file_ref idref="fl-e7"/>
      </object_component>
      <object_component id="oc-580">
         <name>.text:HandleResume</name>
         <load_address>0x3768</load_address>
         <run_address>0x3768</run_address>
         <size>0x12</size>
         <input_file_ref idref="fl-db"/>
      </object_component>
      <object_component id="oc-57a">
         <name>.text:HandleSuspend</name>
         <load_address>0x377a</load_address>
         <run_address>0x377a</run_address>
         <size>0x12</size>
         <input_file_ref idref="fl-db"/>
      </object_component>
      <object_component id="oc-7a0">
         <name>.text:USBDMAChannelDisable</name>
         <load_address>0x378c</load_address>
         <run_address>0x378c</run_address>
         <size>0x12</size>
         <input_file_ref idref="fl-e7"/>
      </object_component>
      <object_component id="oc-7d5">
         <name>.text:USBDMAChannelEnable</name>
         <load_address>0x379e</load_address>
         <run_address>0x379e</run_address>
         <size>0x12</size>
         <input_file_ref idref="fl-e7"/>
      </object_component>
      <object_component id="oc-7bc">
         <name>.text:USBDMAChannelIntDisable</name>
         <load_address>0x37b0</load_address>
         <run_address>0x37b0</run_address>
         <size>0x12</size>
         <input_file_ref idref="fl-e7"/>
      </object_component>
      <object_component id="oc-7b5">
         <name>.text:USBDMAChannelIntEnable</name>
         <load_address>0x37c2</load_address>
         <run_address>0x37c2</run_address>
         <size>0x12</size>
         <input_file_ref idref="fl-e7"/>
      </object_component>
      <object_component id="oc-29f">
         <name>.text:USBRingBufFree</name>
         <load_address>0x37d4</load_address>
         <run_address>0x37d4</run_address>
         <size>0x12</size>
         <input_file_ref idref="fl-d8"/>
      </object_component>
      <object_component id="oc-6b5">
         <name>.text:IntMasterDisable</name>
         <load_address>0x37e6</load_address>
         <run_address>0x37e6</run_address>
         <size>0x10</size>
         <input_file_ref idref="fl-d3"/>
      </object_component>
      <object_component id="oc-1b8">
         <name>.text:IntMasterEnable</name>
         <load_address>0x37f6</load_address>
         <run_address>0x37f6</run_address>
         <size>0x10</size>
         <input_file_ref idref="fl-d3"/>
      </object_component>
      <object_component id="oc-3c">
         <name>.text:SysTickIntHandler</name>
         <load_address>0x3808</load_address>
         <run_address>0x3808</run_address>
         <size>0x10</size>
         <input_file_ref idref="fl-2"/>
      </object_component>
      <object_component id="oc-231">
         <name>.text:USBEndpointStatus</name>
         <load_address>0x3818</load_address>
         <run_address>0x3818</run_address>
         <size>0x10</size>
         <input_file_ref idref="fl-e7"/>
      </object_component>
      <object_component id="oc-380">
         <name>.text:USBRingBufContigUsed</name>
         <load_address>0x3828</load_address>
         <run_address>0x3828</run_address>
         <size>0x10</size>
         <input_file_ref idref="fl-d8"/>
      </object_component>
      <object_component id="oc-379">
         <name>.text:USBRingBufWriteOne</name>
         <load_address>0x3838</load_address>
         <run_address>0x3838</run_address>
         <size>0x10</size>
         <input_file_ref idref="fl-d8"/>
      </object_component>
      <object_component id="oc-612">
         <name>.text:DMAUSBIntStatusClear</name>
         <load_address>0x3848</load_address>
         <run_address>0x3848</run_address>
         <size>0xe</size>
         <input_file_ref idref="fl-e0"/>
      </object_component>
      <object_component id="oc-9c">
         <name>.text:IsBufferEmpty</name>
         <load_address>0x3856</load_address>
         <run_address>0x3856</run_address>
         <size>0xe</size>
         <input_file_ref idref="fl-8"/>
      </object_component>
      <object_component id="oc-7a7">
         <name>.text:USBDMAChannelStatus</name>
         <load_address>0x3864</load_address>
         <run_address>0x3864</run_address>
         <size>0xe</size>
         <input_file_ref idref="fl-e7"/>
      </object_component>
      <object_component id="oc-467">
         <name>.text:USBDevLPMDisable</name>
         <load_address>0x3872</load_address>
         <run_address>0x3872</run_address>
         <size>0xe</size>
         <input_file_ref idref="fl-e7"/>
      </object_component>
      <object_component id="oc-177">
         <name>.text:USBDevLPMEnable</name>
         <load_address>0x3880</load_address>
         <run_address>0x3880</run_address>
         <size>0xe</size>
         <input_file_ref idref="fl-e7"/>
      </object_component>
      <object_component id="oc-455">
         <name>.text:USBULPIDisable</name>
         <load_address>0x388e</load_address>
         <run_address>0x388e</run_address>
         <size>0xe</size>
         <input_file_ref idref="fl-e7"/>
      </object_component>
      <object_component id="oc-449">
         <name>.text:USBULPIEnable</name>
         <load_address>0x389c</load_address>
         <run_address>0x389c</run_address>
         <size>0xe</size>
         <input_file_ref idref="fl-e7"/>
      </object_component>
      <object_component id="oc-18">
         <name>.text:decompress:none:__TI_decompress_none</name>
         <load_address>0x38aa</load_address>
         <run_address>0x38aa</run_address>
         <size>0xe</size>
         <input_file_ref idref="fl-c6"/>
      </object_component>
      <object_component id="oc-7f1">
         <name>.text:CPUcpsid</name>
         <load_address>0x38b8</load_address>
         <run_address>0x38b8</run_address>
         <size>0xc</size>
         <input_file_ref idref="fl-d5"/>
      </object_component>
      <object_component id="oc-296">
         <name>.text:CPUcpsie</name>
         <load_address>0x38c4</load_address>
         <run_address>0x38c4</run_address>
         <size>0xc</size>
         <input_file_ref idref="fl-d5"/>
      </object_component>
      <object_component id="oc-791">
         <name>.text:USBEndpointPacketCountSet</name>
         <load_address>0x38d0</load_address>
         <run_address>0x38d0</run_address>
         <size>0xc</size>
         <input_file_ref idref="fl-e7"/>
      </object_component>
      <object_component id="oc-473">
         <name>.text:USBLPMIntEnable</name>
         <load_address>0x38dc</load_address>
         <run_address>0x38dc</run_address>
         <size>0xc</size>
         <input_file_ref idref="fl-e7"/>
      </object_component>
      <object_component id="oc-323">
         <name>.text:USBRingBufInit</name>
         <load_address>0x38e8</load_address>
         <run_address>0x38e8</run_address>
         <size>0xc</size>
         <input_file_ref idref="fl-d8"/>
      </object_component>
      <object_component id="oc-6e">
         <name>.text:decompress:ZI:__TI_zero_init</name>
         <load_address>0x38f4</load_address>
         <run_address>0x38f4</run_address>
         <size>0xc</size>
         <input_file_ref idref="fl-c5"/>
      </object_component>
      <object_component id="oc-443">
         <name>.text:USBClockEnable</name>
         <load_address>0x3900</load_address>
         <run_address>0x3900</run_address>
         <size>0xa</size>
         <input_file_ref idref="fl-e7"/>
      </object_component>
      <object_component id="oc-5cd">
         <name>.text:USBControllerVersion</name>
         <load_address>0x390a</load_address>
         <run_address>0x390a</run_address>
         <size>0xa</size>
         <input_file_ref idref="fl-e7"/>
      </object_component>
      <object_component id="oc-7c3">
         <name>.text:USBDMAChannelAddressSet</name>
         <load_address>0x3914</load_address>
         <run_address>0x3914</run_address>
         <size>0xa</size>
         <input_file_ref idref="fl-e7"/>
      </object_component>
      <object_component id="oc-7c9">
         <name>.text:USBDMAChannelCountSet</name>
         <load_address>0x391e</load_address>
         <run_address>0x391e</run_address>
         <size>0xa</size>
         <input_file_ref idref="fl-e7"/>
      </object_component>
      <object_component id="oc-48b">
         <name>.text:USBDevConnect</name>
         <load_address>0x3928</load_address>
         <run_address>0x3928</run_address>
         <size>0xa</size>
         <input_file_ref idref="fl-e7"/>
      </object_component>
      <object_component id="oc-189">
         <name>.text:USBDevDisconnect</name>
         <load_address>0x3932</load_address>
         <run_address>0x3932</run_address>
         <size>0xa</size>
         <input_file_ref idref="fl-e7"/>
      </object_component>
      <object_component id="oc-17d">
         <name>.text:USBIntStatusEndpoint</name>
         <load_address>0x393c</load_address>
         <run_address>0x393c</run_address>
         <size>0xa</size>
         <input_file_ref idref="fl-e7"/>
      </object_component>
      <object_component id="oc-461">
         <name>.text:USBDevMode</name>
         <load_address>0x3946</load_address>
         <run_address>0x3946</run_address>
         <size>0x8</size>
         <input_file_ref idref="fl-e7"/>
      </object_component>
      <object_component id="oc-785">
         <name>.text:USBFIFOAddrGet</name>
         <load_address>0x394e</load_address>
         <run_address>0x394e</run_address>
         <size>0x8</size>
         <input_file_ref idref="fl-e7"/>
      </object_component>
      <object_component id="oc-45b">
         <name>.text:USBOTGMode</name>
         <load_address>0x3956</load_address>
         <run_address>0x3956</run_address>
         <size>0x8</size>
         <input_file_ref idref="fl-e7"/>
      </object_component>
      <object_component id="oc-648">
         <name>.text:iDMAUSBChannelIntDisable</name>
         <load_address>0x395e</load_address>
         <run_address>0x395e</run_address>
         <size>0x8</size>
         <input_file_ref idref="fl-e0"/>
      </object_component>
      <object_component id="oc-642">
         <name>.text:iDMAUSBChannelIntEnable</name>
         <load_address>0x3966</load_address>
         <run_address>0x3966</run_address>
         <size>0x8</size>
         <input_file_ref idref="fl-e0"/>
      </object_component>
      <object_component id="oc-1be">
         <name>.text:GPIOPinWrite</name>
         <load_address>0x396e</load_address>
         <run_address>0x396e</run_address>
         <size>0x6</size>
         <input_file_ref idref="fl-d2"/>
      </object_component>
      <object_component id="oc-24">
         <name>.text:ResetISR</name>
         <load_address>0x3974</load_address>
         <run_address>0x3974</run_address>
         <size>0x6</size>
         <input_file_ref idref="fl-3"/>
      </object_component>
      <object_component id="oc-1c4">
         <name>.text:SysCtlDelay</name>
         <load_address>0x397a</load_address>
         <run_address>0x397a</run_address>
         <size>0x6</size>
         <input_file_ref idref="fl-d4"/>
      </object_component>
      <object_component id="oc-4c5">
         <name>.text:USBBufferFlush</name>
         <load_address>0x3980</load_address>
         <run_address>0x3980</run_address>
         <size>0x6</size>
         <input_file_ref idref="fl-d6"/>
      </object_component>
      <object_component id="oc-7ae">
         <name>.text:USBDMAChannelIntStatus</name>
         <load_address>0x3986</load_address>
         <run_address>0x3986</run_address>
         <size>0x6</size>
         <input_file_ref idref="fl-e7"/>
      </object_component>
      <object_component id="oc-46d">
         <name>.text:USBDevLPMConfig</name>
         <load_address>0x398c</load_address>
         <run_address>0x398c</run_address>
         <size>0x6</size>
         <input_file_ref idref="fl-e7"/>
      </object_component>
      <object_component id="oc-171">
         <name>.text:USBLPMIntStatus</name>
         <load_address>0x3992</load_address>
         <run_address>0x3992</run_address>
         <size>0x6</size>
         <input_file_ref idref="fl-e7"/>
      </object_component>
      <object_component id="oc-63c">
         <name>.text:iDMAUSBIntStatus</name>
         <load_address>0x3998</load_address>
         <run_address>0x3998</run_address>
         <size>0x6</size>
         <input_file_ref idref="fl-e0"/>
      </object_component>
      <object_component id="oc-618">
         <name>.text:DMAUSBStatus</name>
         <load_address>0x399e</load_address>
         <run_address>0x399e</run_address>
         <size>0x4</size>
         <input_file_ref idref="fl-e0"/>
      </object_component>
      <object_component id="oc-2b7">
         <name>.text:TxHandler</name>
         <load_address>0x39a2</load_address>
         <run_address>0x39a2</run_address>
         <size>0x4</size>
         <input_file_ref idref="fl-5"/>
      </object_component>
      <object_component id="oc-23d">
         <name>.text:USBDevAddrSet</name>
         <load_address>0x39a6</load_address>
         <run_address>0x39a6</run_address>
         <size>0x4</size>
         <input_file_ref idref="fl-e7"/>
      </object_component>
      <object_component id="oc-f6">
         <name>.text:_system_pre_init</name>
         <load_address>0x39aa</load_address>
         <run_address>0x39aa</run_address>
         <size>0x4</size>
         <input_file_ref idref="fl-cd"/>
      </object_component>
      <object_component id="oc-1d6">
         <name>.text:abort:abort</name>
         <load_address>0x39ae</load_address>
         <run_address>0x39ae</run_address>
         <size>0x4</size>
         <input_file_ref idref="fl-cf"/>
      </object_component>
      <object_component id="oc-671">
         <name>.const</name>
         <load_address>0x39b4</load_address>
         <run_address>0x39b4</run_address>
         <size>0x70</size>
         <input_file_ref idref="fl-d3"/>
      </object_component>
      <object_component id="oc-33e">
         <name>.const</name>
         <load_address>0x3a24</load_address>
         <run_address>0x3a24</run_address>
         <size>0x58</size>
         <input_file_ref idref="fl-db"/>
      </object_component>
      <object_component id="oc-507">
         <name>.const:.string:g_pui8ConfigString</name>
         <load_address>0x3a7c</load_address>
         <run_address>0x3a7c</run_address>
         <size>0x36</size>
         <input_file_ref idref="fl-6"/>
      </object_component>
      <object_component id="oc-304">
         <name>.const:g_psUSBDStdRequests</name>
         <load_address>0x3ab4</load_address>
         <run_address>0x3ab4</run_address>
         <size>0x34</size>
         <input_file_ref idref="fl-dc"/>
      </object_component>
      <object_component id="oc-427">
         <name>.const:g_sCDCHandlers</name>
         <load_address>0x3ae8</load_address>
         <run_address>0x3ae8</run_address>
         <size>0x30</size>
         <input_file_ref idref="fl-db"/>
      </object_component>
      <object_component id="oc-49e">
         <name>.const:.string</name>
         <load_address>0x3b18</load_address>
         <run_address>0x3b18</run_address>
         <size>0x2e</size>
         <input_file_ref idref="fl-db"/>
      </object_component>
      <object_component id="oc-504">
         <name>.const:.string:g_pui8ControlInterfaceString</name>
         <load_address>0x3b46</load_address>
         <run_address>0x3b46</run_address>
         <size>0x2c</size>
         <input_file_ref idref="fl-6"/>
      </object_component>
      <object_component id="oc-4fb">
         <name>.const:.string:g_pui8ManufacturerString</name>
         <load_address>0x3b72</load_address>
         <run_address>0x3b72</run_address>
         <size>0x24</size>
         <input_file_ref idref="fl-6"/>
      </object_component>
      <object_component id="oc-49b">
         <name>.const:.string:g_pui8CDCSerCommInterface</name>
         <load_address>0x3b96</load_address>
         <run_address>0x3b96</run_address>
         <size>0x23</size>
         <input_file_ref idref="fl-db"/>
      </object_component>
      <object_component id="oc-4fe">
         <name>.const:.string:g_pui8ProductString</name>
         <load_address>0x3bb9</load_address>
         <run_address>0x3bb9</run_address>
         <size>0x1c</size>
         <input_file_ref idref="fl-6"/>
      </object_component>
      <object_component id="oc-364">
         <name>.const:g_pui8StringDescriptors</name>
         <load_address>0x3bd8</load_address>
         <run_address>0x3bd8</run_address>
         <size>0x18</size>
         <input_file_ref idref="fl-6"/>
      </object_component>
      <object_component id="oc-501">
         <name>.const:.string:g_pui8SerialNumberString</name>
         <load_address>0x3bf0</load_address>
         <run_address>0x3bf0</run_address>
         <size>0x12</size>
         <input_file_ref idref="fl-6"/>
      </object_component>
      <object_component id="oc-147">
         <name>.const:g_ui32UARTInt</name>
         <load_address>0x3c04</load_address>
         <run_address>0x3c04</run_address>
         <size>0xc</size>
         <input_file_ref idref="fl-8"/>
      </object_component>
      <object_component id="oc-4f8">
         <name>.const:.string:g_pui8LangDescriptor</name>
         <load_address>0x3c10</load_address>
         <run_address>0x3c10</run_address>
         <size>0x4</size>
         <input_file_ref idref="fl-6"/>
      </object_component>
      <object_component id="oc-878">
         <name>.cinit..data.load</name>
         <load_address>0x3c18</load_address>
         <run_address>0x3c18</run_address>
         <size>0xaf</size>
      </object_component>
      <object_component id="oc-876">
         <name>__TI_handler_table</name>
         <load_address>0x3cc8</load_address>
         <run_address>0x3cc8</run_address>
         <size>0xc</size>
      </object_component>
      <object_component id="oc-879">
         <name>.cinit..bss.load</name>
         <load_address>0x3cd8</load_address>
         <run_address>0x3cd8</run_address>
         <size>0x8</size>
      </object_component>
      <object_component id="oc-877">
         <name>__TI_cinit_table</name>
         <load_address>0x3ce0</load_address>
         <run_address>0x3ce0</run_address>
         <size>0x10</size>
      </object_component>
      <object_component id="oc-1cb">
         <name>.data</name>
         <load_address>0x20000ec0</load_address>
         <run_address>0x20000ec0</run_address>
         <size>0x14</size>
         <input_file_ref idref="fl-5"/>
      </object_component>
      <object_component id="oc-28a">
         <name>.data:g_sCDCDevice</name>
         <load_address>0x20000d78</load_address>
         <run_address>0x20000d78</run_address>
         <size>0x60</size>
         <input_file_ref idref="fl-6"/>
      </object_component>
      <object_component id="oc-287">
         <name>.data:g_sRxBuffer</name>
         <load_address>0x20000e38</load_address>
         <run_address>0x20000e38</run_address>
         <size>0x38</size>
         <input_file_ref idref="fl-6"/>
      </object_component>
      <object_component id="oc-1d2">
         <name>.data:g_sTxBuffer</name>
         <load_address>0x20000e70</load_address>
         <run_address>0x20000e70</run_address>
         <size>0x38</size>
         <input_file_ref idref="fl-6"/>
      </object_component>
      <object_component id="oc-28f">
         <name>.data</name>
         <load_address>0x20000ebd</load_address>
         <run_address>0x20000ebd</run_address>
         <size>0x3</size>
         <input_file_ref idref="fl-7"/>
      </object_component>
      <object_component id="oc-ae">
         <name>.data</name>
         <load_address>0x20000ea8</load_address>
         <run_address>0x20000ea8</run_address>
         <size>0x15</size>
         <input_file_ref idref="fl-8"/>
      </object_component>
      <object_component id="oc-32a">
         <name>.data</name>
         <load_address>0x20000ee0</load_address>
         <run_address>0x20000ee0</run_address>
         <size>0x9</size>
         <input_file_ref idref="fl-d7"/>
      </object_component>
      <object_component id="oc-195">
         <name>.data</name>
         <load_address>0x20000ed4</load_address>
         <run_address>0x20000ed4</run_address>
         <size>0xc</size>
         <input_file_ref idref="fl-d9"/>
      </object_component>
      <object_component id="oc-33b">
         <name>.data</name>
         <load_address>0x20000dd8</load_address>
         <run_address>0x20000dd8</run_address>
         <size>0x5e</size>
         <input_file_ref idref="fl-db"/>
      </object_component>
      <object_component id="oc-198">
         <name>.data</name>
         <load_address>0x20000eec</load_address>
         <run_address>0x20000eec</run_address>
         <size>0x8</size>
         <input_file_ref idref="fl-dc"/>
      </object_component>
      <object_component id="oc-b1">
         <name>.bss</name>
         <uninitialized>true</uninitialized>
         <run_address>0x20000950</run_address>
         <size>0x8</size>
         <input_file_ref idref="fl-8"/>
      </object_component>
      <object_component id="oc-14a">
         <name>.bss:g_pcUARTTxBuffer</name>
         <uninitialized>true</uninitialized>
         <run_address>0x20000000</run_address>
         <size>0x400</size>
         <input_file_ref idref="fl-8"/>
      </object_component>
      <object_component id="oc-b4">
         <name>.bss:g_pcUARTRxBuffer</name>
         <uninitialized>true</uninitialized>
         <run_address>0x20000810</run_address>
         <size>0x80</size>
         <input_file_ref idref="fl-8"/>
      </object_component>
      <object_component id="oc-301">
         <name>.bss:g_pui8DataBufferIn</name>
         <uninitialized>true</uninitialized>
         <run_address>0x200008e0</run_address>
         <size>0x40</size>
         <input_file_ref idref="fl-dc"/>
      </object_component>
      <object_component id="oc-192">
         <name>.bss:g_psDCDInst</name>
         <uninitialized>true</uninitialized>
         <run_address>0x20000890</run_address>
         <size>0x50</size>
         <input_file_ref idref="fl-dc"/>
      </object_component>
      <object_component id="oc-5d3">
         <name>.bss:g_psUSBDMAInst</name>
         <uninitialized>true</uninitialized>
         <run_address>0x20000400</run_address>
         <size>0x110</size>
         <input_file_ref idref="fl-e0"/>
      </object_component>
      <object_component id="oc-28d">
         <name>.common:ui32TxCount</name>
         <uninitialized>true</uninitialized>
         <run_address>0x20000970</run_address>
         <size>0x4</size>
      </object_component>
      <object_component id="oc-1d1">
         <name>.common:ui32RxCount</name>
         <uninitialized>true</uninitialized>
         <run_address>0x2000096c</run_address>
         <size>0x4</size>
      </object_component>
      <object_component id="oc-92">
         <name>.common:g_ui32SysTickCount</name>
         <uninitialized>true</uninitialized>
         <run_address>0x20000964</run_address>
         <size>0x4</size>
      </object_component>
      <object_component id="oc-1ce">
         <name>.common:ui8ReceiveBuffer</name>
         <uninitialized>true</uninitialized>
         <run_address>0x20000710</run_address>
         <size>0x100</size>
      </object_component>
      <object_component id="oc-4dd">
         <name>.common:g_pcStatus</name>
         <uninitialized>true</uninitialized>
         <run_address>0x20000958</run_address>
         <size>0x4</size>
      </object_component>
      <object_component id="oc-355">
         <name>.common:g_pui8USBRxBuffer</name>
         <uninitialized>true</uninitialized>
         <run_address>0x20000510</run_address>
         <size>0x100</size>
      </object_component>
      <object_component id="oc-2c9">
         <name>.common:g_pui8USBTxBuffer</name>
         <uninitialized>true</uninitialized>
         <run_address>0x20000610</run_address>
         <size>0x100</size>
      </object_component>
      <object_component id="oc-32d">
         <name>.common:g_pfnUSBModeCallback</name>
         <uninitialized>true</uninitialized>
         <run_address>0x2000095c</run_address>
         <size>0x4</size>
      </object_component>
      <object_component id="oc-229">
         <name>.common:g_pfnTickHandlers</name>
         <uninitialized>true</uninitialized>
         <run_address>0x20000920</run_address>
         <size>0x18</size>
      </object_component>
      <object_component id="oc-22c">
         <name>.common:g_pvTickInstance</name>
         <uninitialized>true</uninitialized>
         <run_address>0x20000938</run_address>
         <size>0x18</size>
      </object_component>
      <object_component id="oc-497">
         <name>.common:g_ui32ULPISupport</name>
         <uninitialized>true</uninitialized>
         <run_address>0x20000968</run_address>
         <size>0x4</size>
      </object_component>
      <object_component id="oc-18f">
         <name>.common:g_ppsDevInfo</name>
         <uninitialized>true</uninitialized>
         <run_address>0x20000960</run_address>
         <size>0x4</size>
      </object_component>
      <object_component id="oc-21">
         <name>.stack</name>
         <uninitialized>true</uninitialized>
         <run_address>0x20000978</run_address>
         <size>0x4</size>
         <input_file_ref idref="fl-c8"/>
      </object_component>
      <object_component id="oc-87a">
         <name>.stack</name>
         <uninitialized>true</uninitialized>
         <run_address>0x20000978</run_address>
         <size>0x0</size>
      </object_component>
      <object_component id="oc-93">
         <name>.debug_info</name>
         <load_address>0x0</load_address>
         <run_address>0x0</run_address>
         <size>0xa6a</size>
         <input_file_ref idref="fl-2"/>
      </object_component>
      <object_component id="oc-1ad">
         <name>.debug_info</name>
         <load_address>0xa6a</load_address>
         <run_address>0xa6a</run_address>
         <size>0x1fa</size>
         <input_file_ref idref="fl-2"/>
[...]
         <object_component_ref idref="oc-67f"/>
      </symbol>
      <symbol id="sm-548">
         <name>USBRingBufContigFree</name>
         <value>0x3435</value>
         <object_component_ref idref="oc-69b"/>
      </symbol>
      <symbol id="sm-580">
         <name>g_pfnTickHandlers</name>
         <value>0x20000920</value>
      </symbol>
      <symbol id="sm-581">
         <name>g_pvTickInstance</name>
         <value>0x20000938</value>
      </symbol>
      <symbol id="sm-582">
         <name>g_ui32USBSOFCount</name>
         <value>0x20000edc</value>
         <object_component_ref idref="oc-195"/>
      </symbol>
      <symbol id="sm-583">
         <name>g_bUSBTimerInitialized</name>
         <value>0x20000ed4</value>
         <object_component_ref idref="oc-195"/>
      </symbol>
      <symbol id="sm-584">
         <name>g_ui32CurrentUSBTick</name>
         <value>0x20000ed8</value>
         <object_component_ref idref="oc-195"/>
      </symbol>
      <symbol id="sm-585">
         <name>InternalUSBStartOfFrameTick</name>
         <value>0x2c85</value>
         <object_component_ref idref="oc-16b"/>
      </symbol>
      <symbol id="sm-586">
         <name>InternalUSBRegisterTickHandler</name>
         <value>0x2c4d</value>
         <object_component_ref idref="oc-421"/>
      </symbol>
      <symbol id="sm-587">
         <name>InternalUSBTickInit</name>
         <value>0x300d</value>
         <object_component_ref idref="oc-41b"/>
      </symbol>
      <symbol id="sm-701">
         <name>g_psCDCCompSerSections</name>
         <value>0x20000e14</value>
         <object_component_ref idref="oc-33b"/>
      </symbol>
      <symbol id="sm-702">
         <name>g_pui8CDCSerDataInterfaceHS</name>
         <value>0x3b2f</value>
         <object_component_ref idref="oc-49e"/>
      </symbol>
      <symbol id="sm-703">
         <name>g_sCDCCompSerConfigHeader</name>
         <value>0x3a5c</value>
         <object_component_ref idref="oc-33e"/>
      </symbol>
      <symbol id="sm-704">
         <name>g_sCDCSerCommInterfaceSection</name>
         <value>0x3a34</value>
         <object_component_ref idref="oc-33e"/>
      </symbol>
      <symbol id="sm-705">
         <name>g_pCDCCompSerConfigDescriptorsHS</name>
         <value>0x3a78</value>
         <object_component_ref idref="oc-33e"/>
      </symbol>
      <symbol id="sm-706">
         <name>g_sIADSerConfigSection</name>
         <value>0x3a2c</value>
         <object_component_ref idref="oc-33e"/>
      </symbol>
      <symbol id="sm-707">
         <name>g_ppCDCSerConfigDescriptors</name>
         <value>0x3a6c</value>
         <object_component_ref idref="oc-33e"/>
      </symbol>
      <symbol id="sm-708">
         <name>g_pCDCCompSerConfigDescriptors</name>
         <value>0x3a74</value>
         <object_component_ref idref="oc-33e"/>
      </symbol>
      <symbol id="sm-709">
         <name>g_sCDCSerDataInterfaceSectionHS</name>
         <value>0x3a44</value>
         <object_component_ref idref="oc-33e"/>
      </symbol>
      <symbol id="sm-70a">
         <name>USBDCDCCompositeInit</name>
         <value>0xe4d</value>
         <object_component_ref idref="oc-32f"/>
      </symbol>
      <symbol id="sm-70b">
         <name>USBDCDCTxPacketAvailable</name>
         <value>0x36f1</value>
         <object_component_ref idref="oc-2c3"/>
      </symbol>
      <symbol id="sm-70c">
         <name>g_pui8CDCSerDataInterface</name>
         <value>0x3b18</value>
         <object_component_ref idref="oc-49e"/>
      </symbol>
      <symbol id="sm-70d">
         <name>g_pui8IADSerDescriptor</name>
         <value>0x20000df3</value>
         <object_component_ref idref="oc-33b"/>
      </symbol>
      <symbol id="sm-70e">
         <name>g_sCDCSerDataInterfaceSection</name>
         <value>0x3a3c</value>
         <object_component_ref idref="oc-33e"/>
      </symbol>
      <symbol id="sm-70f">
         <name>USBDCDCInit</name>
         <value>0x264d</value>
         <object_component_ref idref="oc-281"/>
      </symbol>
      <symbol id="sm-710">
         <name>ProcessNotificationToHost</name>
         <value>0x2f47</value>
         <object_component_ref idref="oc-717"/>
      </symbol>
      <symbol id="sm-711">
         <name>g_sCDCSerConfigSection</name>
         <value>0x3a24</value>
         <object_component_ref idref="oc-33e"/>
      </symbol>
      <symbol id="sm-712">
         <name>g_sCDCCompSerConfigHeaderHS</name>
         <value>0x3a64</value>
         <object_component_ref idref="oc-33e"/>
      </symbol>
      <symbol id="sm-713">
         <name>g_sCDCHandlers</name>
         <value>0x3ae8</value>
         <object_component_ref idref="oc-427"/>
      </symbol>
      <symbol id="sm-714">
         <name>g_psCDCSerSections</name>
         <value>0x20000dfc</value>
         <object_component_ref idref="oc-33b"/>
      </symbol>
      <symbol id="sm-715">
         <name>ProcessDataFromHost</name>
         <value>0x1e61</value>
         <object_component_ref idref="oc-71d"/>
      </symbol>
      <symbol id="sm-716">
         <name>USBDCDCRxPacketAvailable</name>
         <value>0x30cb</value>
         <object_component_ref idref="oc-34f"/>
      </symbol>
      <symbol id="sm-717">
         <name>g_sCDCSerConfigHeaderHS</name>
         <value>0x3a54</value>
         <object_component_ref idref="oc-33e"/>
      </symbol>
      <symbol id="sm-718">
         <name>g_pui8CDCSerDescriptor</name>
         <value>0x20000dea</value>
         <object_component_ref idref="oc-33b"/>
      </symbol>
      <symbol id="sm-719">
         <name>g_ppCDCSerConfigDescriptorsHS</name>
         <value>0x3a70</value>
         <object_component_ref idref="oc-33e"/>
      </symbol>
      <symbol id="sm-71a">
         <name>ProcessDataToHost</name>
         <value>0x2025</value>
         <object_component_ref idref="oc-723"/>
      </symbol>
      <symbol id="sm-71b">
         <name>USBDCDCPacketRead</name>
         <value>0x1825</value>
         <object_component_ref idref="oc-349"/>
      </symbol>
      <symbol id="sm-71c">
         <name>g_psCDCCompSerSectionsHS</name>
         <value>0x20000e24</value>
         <object_component_ref idref="oc-33b"/>
      </symbol>
      <symbol id="sm-71d">
         <name>g_sCDCSerConfigHeader</name>
         <value>0x3a4c</value>
         <object_component_ref idref="oc-33e"/>
      </symbol>
      <symbol id="sm-71e">
         <name>g_psCDCSerSectionsHS</name>
         <value>0x20000e08</value>
         <object_component_ref idref="oc-33b"/>
      </symbol>
      <symbol id="sm-71f">
         <name>g_pui8CDCSerDeviceDescriptor</name>
         <value>0x20000dd8</value>
         <object_component_ref idref="oc-33b"/>
      </symbol>
      <symbol id="sm-720">
         <name>g_pui8CDCSerCommInterface</name>
         <value>0x3b96</value>
         <object_component_ref idref="oc-49b"/>
      </symbol>
      <symbol id="sm-721">
         <name>USBDCDCPacketWrite</name>
         <value>0x2435</value>
         <object_component_ref idref="oc-2bd"/>
      </symbol>
      <symbol id="sm-8c7">
         <name>g_ppsDevInfo</name>
         <value>0x20000960</value>
      </symbol>
      <symbol id="sm-8c8">
         <name>USBDCDSendDataEP0</name>
         <value>0x3719</value>
         <object_component_ref idref="oc-6ff"/>
      </symbol>
      <symbol id="sm-8c9">
         <name>USBDCDStallEP0</name>
         <value>0x34ad</value>
         <object_component_ref idref="oc-2fb"/>
      </symbol>
      <symbol id="sm-8ca">
         <name>USBDCDRequestDataEP0</name>
         <value>0x3705</value>
         <object_component_ref idref="oc-705"/>
      </symbol>
      <symbol id="sm-8cb">
         <name>USBDeviceEnumHandler</name>
         <value>0xf25</value>
         <object_component_ref idref="oc-183"/>
      </symbol>
      <symbol id="sm-8cc">
         <name>USBDCDInit</name>
         <value>0x52d</value>
         <object_component_ref idref="oc-335"/>
      </symbol>
      <symbol id="sm-8cd">
         <name>USBDeviceEnumResetHandler</name>
         <value>0x2a31</value>
         <object_component_ref idref="oc-15f"/>
      </symbol>
      <symbol id="sm-8ce">
         <name>g_psDCDInst</name>
         <value>0x20000890</value>
         <object_component_ref idref="oc-192"/>
      </symbol>
      <symbol id="sm-8cf">
         <name>USBDCDFeatureGet</name>
         <value>0x35cd</value>
         <object_component_ref idref="oc-40f"/>
      </symbol>
      <symbol id="sm-8d0">
         <name>USBDCDDeviceInfoInit</name>
         <value>0x2b09</value>
         <object_component_ref idref="oc-415"/>
      </symbol>
      <symbol id="sm-8d1">
         <name>USBDeviceIntHandlerInternal</name>
         <value>0x7cd</value>
         <object_component_ref idref="oc-c8"/>
      </symbol>
      <symbol id="sm-8d2">
         <name>USBDeviceResumeTickHandler</name>
         <value>0x26ed</value>
         <object_component_ref idref="oc-165"/>
      </symbol>
      <symbol id="sm-8de">
         <name>USB0DeviceIntHandler</name>
         <value>0x359d</value>
         <object_component_ref idref="oc-48"/>
      </symbol>
      <symbol id="sm-8fd">
         <name>USBDescGet</name>
         <value>0x30f9</value>
         <object_component_ref idref="oc-7f8"/>
      </symbol>
      <symbol id="sm-8fe">
         <name>USBDescGetNum</name>
         <value>0x31a5</value>
         <object_component_ref idref="oc-6e4"/>
      </symbol>
      <symbol id="sm-a43">
         <name>USBLibDMAInit</name>
         <value>0x3cd</value>
         <object_component_ref idref="oc-479"/>
      </symbol>
      <symbol id="sm-a50">
         <name>ULPIConfigSet</name>
         <value>0x25a9</value>
         <object_component_ref idref="oc-44f"/>
      </symbol>
      <symbol id="sm-aa1">
         <name>USBDCDConfigDescGet</name>
         <value>0x269d</value>
         <object_component_ref idref="oc-6be"/>
      </symbol>
      <symbol id="sm-aa2">
         <name>USBDCDConfigGetInterface</name>
         <value>0x348f</value>
         <object_component_ref idref="oc-54f"/>
      </symbol>
      <symbol id="sm-aa3">
         <name>USBDCDConfigDescGetSize</name>
         <value>0x3537</value>
         <object_component_ref idref="oc-308"/>
      </symbol>
      <symbol id="sm-aa4">
         <name>USBDCDConfigGetInterfaceEndpoint</name>
         <value>0x2d2d</value>
         <object_component_ref idref="oc-6c4"/>
      </symbol>
      <symbol id="sm-aa5">
         <name>USBDCDConfigDescGetNum</name>
         <value>0x317b</value>
         <object_component_ref idref="oc-549"/>
      </symbol>
      <symbol id="sm-af2">
         <name>USBDeviceConfigAlternate</name>
         <value>0x1a5d</value>
         <object_component_ref idref="oc-555"/>
      </symbol>
      <symbol id="sm-af3">
         <name>USBDeviceConfig</name>
         <value>0x91d</value>
         <object_component_ref idref="oc-541"/>
      </symbol>
      <symbol id="sm-b3f">
         <name>uDMAChannelControlSet</name>
         <value>0x334d</value>
         <object_component_ref idref="oc-73d"/>
      </symbol>
      <symbol id="sm-b40">
         <name>uDMAChannelDisable</name>
         <value>0x3615</value>
         <object_component_ref idref="oc-757"/>
      </symbol>
      <symbol id="sm-b41">
         <name>uDMAChannelModeGet</name>
         <value>0x3271</value>
         <object_component_ref idref="oc-77c"/>
      </symbol>
      <symbol id="sm-b42">
         <name>uDMAChannelTransferSet</name>
         <value>0x1bf1</value>
         <object_component_ref idref="oc-78b"/>
      </symbol>
      <symbol id="sm-b43">
         <name>uDMAChannelAttributeDisable</name>
         <value>0x2a79</value>
         <object_component_ref idref="oc-74a"/>
      </symbol>
      <symbol id="sm-b44">
         <name>uDMAChannelEnable</name>
         <value>0x362d</value>
         <object_component_ref idref="oc-770"/>
      </symbol>
      <symbol id="sm-cf3">
         <name>USBLPMIntEnable</name>
         <value>0x38dd</value>
         <object_component_ref idref="oc-473"/>
      </symbol>
      <symbol id="sm-cf4">
         <name>USBEndpointDataAvail</name>
         <value>0x34c9</value>
         <object_component_ref idref="oc-4bd"/>
      </symbol>
      <symbol id="sm-cf5">
         <name>USBClockEnable</name>
         <value>0x3901</value>
         <object_component_ref idref="oc-443"/>
      </symbol>
      <symbol id="sm-cf6">
         <name>USBDevDisconnect</name>
         <value>0x3933</value>
         <object_component_ref idref="oc-189"/>
      </symbol>
      <symbol id="sm-cf7">
         <name>USBDevEndpointStallClear</name>
         <value>0x299b</value>
         <object_component_ref idref="oc-52f"/>
      </symbol>
      <symbol id="sm-cf8">
         <name>USBEndpointDataPut</name>
         <value>0x2e0d</value>
         <object_component_ref idref="oc-30e"/>
      </symbol>
      <symbol id="sm-cf9">
         <name>USBDMAChannelIntStatus</name>
         <value>0x3987</value>
         <object_component_ref idref="oc-7ae"/>
      </symbol>
      <symbol id="sm-cfa">
         <name>USBDevAddrSet</name>
         <value>0x39a7</value>
         <object_component_ref idref="oc-23d"/>
      </symbol>
      <symbol id="sm-cfb">
         <name>USBDMAChannelCountSet</name>
         <value>0x391f</value>
         <object_component_ref idref="oc-7c9"/>
      </symbol>
      <symbol id="sm-cfc">
         <name>USBLPMIntStatus</name>
         <value>0x3993</value>
         <object_component_ref idref="oc-171"/>
      </symbol>
      <symbol id="sm-cfd">
         <name>USBDMAChannelAddressSet</name>
         <value>0x3915</value>
         <object_component_ref idref="oc-7c3"/>
      </symbol>
      <symbol id="sm-cfe">
         <name>USBULPIDisable</name>
         <value>0x388f</value>
         <object_component_ref idref="oc-455"/>
      </symbol>
      <symbol id="sm-cff">
         <name>USBIntStatusControl</name>
         <value>0x2d65</value>
         <object_component_ref idref="oc-c2"/>
      </symbol>
      <symbol id="sm-d00">
         <name>USBEndpointDMADisable</name>
         <value>0x32e1</value>
         <object_component_ref idref="oc-750"/>
      </symbol>
      <symbol id="sm-d01">
         <name>USBDevEndpointDataAck</name>
         <value>0x31cf</value>
         <object_component_ref idref="oc-249"/>
      </symbol>
      <symbol id="sm-d02">
         <name>USBOTGMode</name>
         <value>0x3957</value>
         <object_component_ref idref="oc-45b"/>
      </symbol>
      <symbol id="sm-d03">
         <name>USBDMAChannelConfigSet</name>
         <value>0x372d</value>
         <object_component_ref idref="oc-7cf"/>
      </symbol>
      <symbol id="sm-d04">
         <name>USBULPIRegRead</name>
         <value>0x3453</value>
         <object_component_ref idref="oc-5b9"/>
      </symbol>
      <symbol id="sm-d05">
         <name>USBDevMode</name>
         <value>0x3947</value>
         <object_component_ref idref="oc-461"/>
      </symbol>
      <symbol id="sm-d06">
         <name>USBIntEnableEndpoint</name>
         <value>0x3671</value>
         <object_component_ref idref="oc-485"/>
      </symbol>
      <symbol id="sm-d07">
         <name>USBEndpointDataGet</name>
         <value>0x2ac1</value>
         <object_component_ref idref="oc-243"/>
      </symbol>
      <symbol id="sm-d08">
         <name>USBDevEndpointStatusClear</name>
         <value>0x24f5</value>
         <object_component_ref idref="oc-237"/>
      </symbol>
      <symbol id="sm-d09">
         <name>USBULPIEnable</name>
         <value>0x389d</value>
         <object_component_ref idref="oc-449"/>
      </symbol>
      <symbol id="sm-d0a">
         <name>USBFIFOAddrGet</name>
         <value>0x394f</value>
         <object_component_ref idref="oc-785"/>
      </symbol>
      <symbol id="sm-d0b">
         <name>USBDMAChannelStatus</name>
         <value>0x3865</value>
         <object_component_ref idref="oc-7a7"/>
      </symbol>
      <symbol id="sm-d0c">
         <name>USBULPIRegWrite</name>
         <value>0x3471</value>
         <object_component_ref idref="oc-5bf"/>
      </symbol>
      <symbol id="sm-d0d">
         <name>USBDMAChannelIntEnable</name>
         <value>0x37c3</value>
         <object_component_ref idref="oc-7b5"/>
      </symbol>
      <symbol id="sm-d0e">
         <name>USBDevLPMConfig</name>
         <value>0x398d</value>
         <object_component_ref idref="oc-46d"/>
      </symbol>
      <symbol id="sm-d0f">
         <name>USBDevLPMEnable</name>
         <value>0x3881</value>
         <object_component_ref idref="oc-177"/>
      </symbol>
      <symbol id="sm-d10">
         <name>USBControllerVersion</name>
         <value>0x390b</value>
         <object_component_ref idref="oc-5cd"/>
      </symbol>
      <symbol id="sm-d11">
         <name>USBFIFOConfigSet</name>
         <value>0x2c11</value>
         <object_component_ref idref="oc-6dc"/>
      </symbol>
      <symbol id="sm-d12">
         <name>USBEndpointDMAEnable</name>
         <value>0x3305</value>
         <object_component_ref idref="oc-76a"/>
      </symbol>
      <symbol id="sm-d13">
         <name>USBDevLPMDisable</name>
         <value>0x3873</value>
         <object_component_ref idref="oc-467"/>
      </symbol>
      <symbol id="sm-d14">
         <name>USBEndpointDataSend</name>
         <value>0x2ead</value>
         <object_component_ref idref="oc-314"/>
      </symbol>
      <symbol id="sm-d15">
         <name>USBIntStatusEndpoint</name>
         <value>0x393d</value>
         <object_component_ref idref="oc-17d"/>
      </symbol>
      <symbol id="sm-d16">
         <name>USBEndpointStatus</name>
         <value>0x3819</value>
         <object_component_ref idref="oc-231"/>
      </symbol>
      <symbol id="sm-d17">
         <name>USBEndpointPacketCountSet</name>
         <value>0x38d1</value>
         <object_component_ref idref="oc-791"/>
      </symbol>
      <symbol id="sm-d18">
         <name>USBDMAChannelIntDisable</name>
         <value>0x37b1</value>
         <object_component_ref idref="oc-7bc"/>
      </symbol>
      <symbol id="sm-d19">
         <name>USBEndpointDMAConfigSet</name>
         <value>0x2825</value>
         <object_component_ref idref="oc-797"/>
      </symbol>
      <symbol id="sm-d1a">
         <name>USBDevEndpointStall</name>
         <value>0x2f79</value>
         <object_component_ref idref="oc-3af"/>
      </symbol>
      <symbol id="sm-d1b">
         <name>USBDevConnect</name>
         <value>0x3929</value>
         <object_component_ref idref="oc-48b"/>
      </symbol>
      <symbol id="sm-d1c">
         <name>USBDevEndpointConfigSet</name>
         <value>0x1cf5</value>
         <object_component_ref idref="oc-6d0"/>
      </symbol>
      <symbol id="sm-d1d">
         <name>USBDMAChannelDisable</name>
         <value>0x378d</value>
         <object_component_ref idref="oc-7a0"/>
      </symbol>
      <symbol id="sm-d1e">
         <name>USBDMAChannelEnable</name>
         <value>0x379f</value>
         <object_component_ref idref="oc-7d5"/>
      </symbol>
      <symbol id="sm-d1f">
         <name>USBHostResume</name>
         <value>0x3741</value>
         <object_component_ref idref="oc-222"/>
      </symbol>
      <symbol id="sm-d20">
         <name>USBIntEnableControl</name>
         <value>0x3249</value>
         <object_component_ref idref="oc-47f"/>
      </symbol>
      <symbol id="sm-d21">
         <name>USBEndpointDMAChannel</name>
         <value>0x3551</value>
         <object_component_ref idref="oc-744"/>
      </symbol>
      <symbol id="sm-d22">
         <name>__TI_static_base__</name>
         <value>0x0</value>
      </symbol>
      <symbol id="sm-d25">
         <name>__mpu_init</name>
         <value>0x0</value>
      </symbol>
      <symbol id="sm-d26">
         <name>_system_post_cinit</name>
         <value>0x0</value>
      </symbol>
   </symbol_table>
   <title>Link successful</title>
</link_info>
