******************************************************************************
                  TI ARM Linker PC v18.1.3                     
******************************************************************************
>> Linked Sat Dec 22 12:20:00 2018

OUTPUT FILE NAME:   <usb_keyb_dev.out>
ENTRY POINT SYMBOL: "_c_int00_noargs"  address: 0000533d


MEMORY CONFIGURATION

         name            origin    length      used     unused   attr    fill
----------------------  --------  ---------  --------  --------  ----  --------
  FLASH                 00000000   00040000  00006f66  0003909a  R  X
  SRAM                  20000000   00008000  000013bc  00006c44  RW X


SEGMENT ALLOCATION MAP

run origin  load origin   length   init length attrs members
----------  ----------- ---------- ----------- ----- -------
00000000    00000000    00006f68   00006f68    r-x
  00000000    00000000    0000026c   0000026c    r-- .intvecs
  0000026c    0000026c    00006506   00006506    r-x .text
  00006774    00006774    00000708   00000708    r-- .const
  00006e7c    00006e7c    0000000c   0000000c    r-- .init_array
  00006e88    00006e88    000000e0   000000e0    r-- .cinit
20000000    20000000    000013c0   00000000    rw-
  20000000    20000000    00000e70   00000000    rw- .bss
  20000e70    20000e70    00000400   00000000    rw- .stack
  20001270    20001270    00000144   00000000    rw- .data
  200013b8    200013b8    00000008   00000000    rw- .sysmem


SECTION ALLOCATION MAP

 output                                  attributes/
section   page    origin      length       input sections
--------  ----  ----------  ----------   ----------------
.intvecs   0    00000000    0000026c     
                  00000000    0000026c     tm4c123gh6pm_startup_ccs.obj (.intvecs)

.text      0    0000026c    00006506     
                  0000026c    000002bc     main.obj (.text:main)
                  00000528    00000282     MFRC522.obj (.text:_ZN11rfid_reader7MFRC52211select_PICCEPNS_3UidEh)
                  000007aa    000001f6     usblib.lib : usbdcomp.obj (.text:BuildCompositeDescriptor)
                  000009a0    000001a0     Wire.obj (.text:_ZN7TwoWire5beginEv)
                  00000b40    00000160     uartstdio.obj (.text:UARTStdioIntHandler)
                  00000ca0    00000160     usblib.lib : usbdma.obj (.text:USBLibDMAInit)
                  00000e00    00000150                : usbdenum.obj (.text:USBDCDInit)
                  00000f50    00000150                : usbdenum.obj (.text:USBDEP0StateTxConfig)
                  000010a0    00000150                : usbdenum.obj (.text:USBDeviceIntHandlerInternal)
                  000011f0    00000148                : usbdconfig.obj (.text:USBDeviceConfig)
                  00001338    00000134     rtsv7M4_T_le_v4SPD16_eabi.lib : vla_alloc.c.obj (.text:__vla_alloc)
                  0000146c    00000126     MFRC522.obj (.text:_ZN11rfid_reader7MFRC52219communicateWithPICCEhhPhhS1_S1_S1_hb)
                  00001592    00000002     tm4c123gh6pm_startup_ccs.obj (.text:FaultISR)
                  00001594    00000124     main.obj (.text:_Z12configureUSBv)
                  000016b8    00000114     usblib.lib : usbdhid.obj (.text:HandleRequest)
                  000017cc    00000114     rtsv7M4_T_le_v4SPD16_eabi.lib : memory.c.obj (.text:realloc)
                  000018e0    00000110     driverlib.lib : sysctl.obj (.text:SysCtlClockGet)
                  000019f0    00000108     SPI.obj (.text:_ZN8SPIClass5beginEv)
                  00001af8    000000f4     usblib.lib : usbdma.obj (.text:iDMAUSBTransfer)
                  00001bec    000000ec     Wire.obj (.text:_ZN7TwoWire5beginEh)
                  00001cd8    000000e4     usblib.lib : usbdenum.obj (.text:USBDGetDescriptor)
                  00001dbc    000000e0                : usbdhid.obj (.text:USBDHIDCompositeInit)
                  00001e9c    000000d8                : usbdcdc.obj (.text:USBDCDCCompositeInit)
                  00001f74    000000d8                : usbdenum.obj (.text:USBDeviceEnumHandler)
                  0000204c    000000d8     Wire.obj (.text:_ZN7TwoWire9forceStopEv)
                  00002124    000000d8     rtsv7M4_T_le_v4SPD16_eabi.lib : memory.c.obj (.text:free)
                  000021fc    000000d4     usblib.lib : usbdcdc.obj (.text:HandleRequests)
                  000022d0    000000d4                : usbdcomp.obj (.text:USBDCompositeInit)
                  000023a4    000000cc     MFRC522.obj (.text:_ZN11rfid_reader7MFRC52212readRegisterENS_12PCD_RegisterEhPhh)
                  00002470    000000c4     usblib.lib : usbdma.obj (.text:uDMAUSBChannelAllocate)
                  00002534    000000be                : usbbuffer.obj (.text:HandleRxAvailable)
                  000025f2    00000002     tm4c123gh6pm_startup_ccs.obj (.text:IntDefaultHandler)
                  000025f4    000000bc     USBSerialDevice.obj (.text:_ZN9usbdevice15USBSerialDeviceC1EPFYjPvjjS1_ES3_S3_)
                  000026b0    000000bc     usblib.lib : usbdma.obj (.text:uDMAUSBTransfer)
                  0000276c    000000b4                : usbdcdc.obj (.text:HandleDevice)
                  00002820    000000a8     uartstdio.obj (.text:UARTwrite)
                  000028c8    000000a6     usblib.lib : usbdhidkeyb.obj (.text:HIDKeyboardRxHandler)
                  0000296e    00000002     tm4c123gh6pm_startup_ccs.obj (.text:NmiSR)
                  00002970    0000009c     usblib.lib : usbdhidkeyb.obj (.text:USBDHIDKeyboardCompositeInit)
                  00002a0c    0000009c     rtsv7M4_T_le_v4SPD16_eabi.lib : memcpy_t2.asm.obj (.text)
                  00002aa8    00000098     usblib.lib : usbdenum.obj (.text:USBDSetInterface)
                  00002b40    00000098     USBKeyboardDevice.obj (.text:_ZN9usbdevice17USBKeyboardDevice14USBWriteStringEPKci)
                  00002bd8    00000096     usblib.lib : usbdcdc.obj (.text:CDCTickHandler)
                  00002c6e    00000094                : usbdcdc.obj (.text:SendSerialState)
                  00002d02    00000092                : usbbuffer.obj (.text:ScheduleNextTransmission)
                  00002d94    00000090                : usbdcdc.obj (.text:USBDCDCPacketRead)
                  00002e24    00000090                : usbdenum.obj (.text:USBDSetConfiguration)
                  00002eb4    0000008c     uartstdio.obj (.text:UARTPrimeTransmit)
                  00002f40    0000008c     usblib.lib : usbdconfig.obj (.text:USBDeviceConfigAlternate)
                  00002fcc    0000008c     USBSerialDevice.obj (.text:_ZN9usbdevice15USBSerialDevice13GetLineCodingEP11tLineCoding)
                  00003058    0000008c     USBKeyboardDevice.obj (.text:_ZN9usbdevice17USBKeyboardDevice22USBPressKeyCombinationEhPKhi)
                  000030e4    00000088     usblib.lib : usbdhid.obj (.text:ProcessIdleTimers)
                  0000316c    00000086                : usbdhidkeyb.obj (.text:USBDHIDKeyboardKeyStateChange)
                  000031f2    00000002     HardwareSerial.obj (.text:_ZN5Print5flushEv)
                  000031f4    00000084     Wire.obj (.text:_ZN7TwoWire5writeEh)
                  00003278    00000084     USBSerialDevice.obj (.text:_ZN9usbdevice15USBSerialDevice13SetLineCodingEP11tLineCoding)
                  000032fc    00000084     usblib.lib : usbdma.obj (.text:iDMAUSBChannelAllocate)
                  00003380    00000084     driverlib.lib : udma.obj (.text:uDMAChannelTransferSet)
                  00003404    00000080     usblib.lib : usbdenum.obj (.text:USBDClearFeature)
                  00003484    0000007a     driverlib.lib : usb.obj (.text:USBDevEndpointConfigSet)
                  000034fe    0000007a     rtsv7M4_T_le_v4SPD16_eabi.lib : memset_t2.asm.obj (.text)
                  00003578    00000078     usblib.lib : usbdenum.obj (.text:USBDGetStatus)
                  000035f0    00000078     HardwareSerial.obj (.text:_ZN14HardwareSerial13primeTransmitEm)
                  00003668    00000078     rtsv7M4_T_le_v4SPD16_eabi.lib : vla_alloc.c.obj (.text:_ZN33_INTERNAL_11_vla_alloc_c_be8bd49b21free_dead_allocationsEPv)
                  000036e0    00000078     USBKeyboardDevice.obj (.text:_ZN9usbdevice17USBKeyboardDevice17USBKeyboardUpdateEhhb)
                  00003758    00000078     rtsv7M4_T_le_v4SPD16_eabi.lib : vla_alloc.c.obj (.text:__vla_dealloc)
                  000037d0    00000078                                   : memory.c.obj (.text:malloc)
                  00003848    00000074     main.obj (.text:_Z14ControlHandlerPvjjS_)
                  000038bc    00000072     usblib.lib : usbdcdc.obj (.text:ProcessDataFromHost)
                  0000392e    00000002     USBSerialDevice.obj (.text:_ZN9usbdevice15USBSerialDevice15getSerialDeviceEv)
                  00003930    00000070     usblib.lib : usbdenum.obj (.text:USBDEP0StateTx)
                  000039a0    00000070                : usbdma.obj (.text:uDMAUSBArbSizeSet)
                  00003a10    00000070                : usbdma.obj (.text:uDMAUSBUnitSizeSet)
                  00003a80    0000006c                : usbdcdc.obj (.text:ProcessDataToHost)
                  00003aec    0000006c                : usbdenum.obj (.text:USBDSetFeature)
                  00003b58    0000006a     MFRC522.obj (.text:_ZN11rfid_reader7MFRC5224initEv)
                  00003bc2    00000002     USBSerialDevice.obj (.text:_ZN9usbdevice15USBSerialDevice19SetControlLineStateEt)
                  00003bc4    00000068     buttons.obj (.text:ButtonsInit)
                  00003c2c    00000068     driverlib.lib : interrupt.obj (.text:IntDisable)
                  00003c94    00000068                   : interrupt.obj (.text:IntEnable)
                  00003cfc    00000068     rtsv7M4_T_le_v4SPD16_eabi.lib : copy_decompress_lzss.c.obj (.text:decompress:lzss:__TI_decompress_lzss)
                  00003d64    00000066     MFRC522.obj (.text:_ZN11rfid_reader7MFRC52212REQA_or_WUPAEhPhS1_)
                  00003dca    00000066     MFRC522.obj (.text:_ZN11rfid_reader7MFRC52212calculateCRCEPhhS1_)
                  00003e30    00000064     usblib.lib : usbdcomp.obj (.text:GetDescriptor)
                  00003e94    00000064                : usbdhid.obj (.text:HandleGetDescriptor)
                  00003ef8    00000064                : usbdcomp.obj (.text:HandleRequests)
                  00003f5c    00000064     driverlib.lib : interrupt.obj (.text:IntIsEnabled)
                  00003fc0    00000064     usblib.lib : usbbuffer.obj (.text:USBBufferEventCallback)
                  00004024    00000064     HardwareSerial.obj (.text:__sti___18_HardwareSerial_cpp_5fc7db02)
                  00004088    00000064     usblib.lib : usbdma.obj (.text:uDMAUSBChannelEnable)
                  000040ec    00000060                : usbdcomp.obj (.text:HandleDevice)
                  0000414c    00000060                : usbdhid.obj (.text:HandleDevice)
                  000041ac    00000060                : usbdhid.obj (.text:ProcessDataFromHost)
                  0000420c    00000060                : usbdcdc.obj (.text:USBDCDCPacketWrite)
                  0000426c    00000060                : usbdenum.obj (.text:USBDReadAndDispatchRequest)
                  000042cc    00000060     HardwareSerial.obj (.text:_ZN14HardwareSerial5writeEh)
                  0000432c    00000060     rtsv7M4_T_le_v4SPD16_eabi.lib : autoinit.c.obj (.text:__TI_auto_init_nobinit:__TI_auto_init_nobinit)
                  0000438c    0000005e     driverlib.lib : usb.obj (.text:USBDevEndpointStatusClear)
                  000043ea    0000005c     usblib.lib : usbdhid.obj (.text:FindHIDDescriptor)
                  00004446    00000002     USBKeyboardDevice.obj (.text:_ZN9usbdevice17USBKeyboardDevice17getKeyboardDeviceEv)
                  00004448    0000005c     MFRC522.obj (.text:_ZN11rfid_reader7MFRC52213writeRegisterEhhPh)
                  000044a4    00000058     USBCompDevice.obj (.text:_ZN9usbdevice13USBCompDeviceC1EPFYjPvjjS1_E)
                  000044fc    00000056     usblib.lib : usbdhidkeyb.obj (.text:RemoveKeyFromPressedList)
                  00004552    00000056                : usbdma.obj (.text:uDMAUSBChannelRelease)
                  000045a8    00000054                : usbdhid.obj (.text:ProcessDataToHost)
                  000045fc    00000052                : usbulpi.obj (.text:ULPIConfigSet)
                  0000464e    00000002     rtsv7M4_T_le_v4SPD16_eabi.lib : stdlib_typeinfo.cpp.obj (.text:_ZNSt9type_infoD1Ev)
                  00004650    00000050     driverlib.lib : sysctl.obj (.text:SysCtlPeripheralReset)
                  000046a0    00000050     usblib.lib : usbdcdesc.obj (.text:USBDCDConfigDescGet)
                  000046f0    00000050                : usbdenum.obj (.text:USBDeviceResumeTickHandler)
                  00004740    00000050     MFRC522.obj (.text:_ZN11rfid_reader7MFRC522C1Ev)
                  00004790    00000050     USBSerialDevice.obj (.text:_ZN9usbdevice15USBSerialDevice20USBUARTPrimeTransmitEv)
                  000047e0    0000004e     USBSerialDevice.obj (.text:_ZN9usbdevice15USBSerialDevice9connectedEv)
                  0000482e    0000004c     usblib.lib : usbdconfig.obj (.text:GetEPDescriptorType)
                  0000487a    00000002     rtsv7M4_T_le_v4SPD16_eabi.lib : _lock.c.obj (.text:_nop)
                  0000487c    0000004c     usblib.lib : usbdenum.obj (.text:USBDStringIndexFromRequest)
                  000048c8    0000004c     driverlib.lib : usb.obj (.text:USBEndpointDMAConfigSet)
                  00004914    0000004c     MFRC522.obj (.text:_ZN11rfid_reader7MFRC52212readRegisterEh)
                  00004960    0000004c     usblib.lib : usbdma.obj (.text:iDMAUSBChannelEnable)
                  000049ac    0000004a                : usbdcdesc.obj (.text:ConfigAlternateInterfaceGet)
                  000049f6    0000004a                : usbdcdc.obj (.text:HandleEP0Data)
                  00004a40    0000004a                : usbdcdc.obj (.text:HandleEndpoints)
                  00004a8a    0000004a                : usbdhid.obj (.text:USBDHIDReportWrite)
                  00004ad4    0000004a     driverlib.lib : usb.obj (.text:USBDevEndpointStallClear)
                  00004b1e    0000004a     usblib.lib : usbdma.obj (.text:uDMAUSBChannelDisable)
                  00004b68    00000048                : usbdhid.obj (.text:SetIdleTimeout)
                  00004bb0    00000048                : usbdenum.obj (.text:USBDeviceEnumResetHandler)
                  00004bf8    00000048     MFRC522.obj (.text:_ZN11rfid_reader7MFRC52213writeRegisterEhh)
                  00004c40    00000048     SPI.obj (.text:_ZN8SPIClass8transferEh)
                  00004c88    00000048     driverlib.lib : udma.obj (.text:uDMAChannelAttributeDisable)
                  00004cd0    00000046                   : usb.obj (.text:USBEndpointDataGet)
                  00004d16    00000002     usblib.lib : usbdma.obj (.text:iDMAUSBArbSizeSet)
                  00004d18    00000044                : usbdenum.obj (.text:USBDCDDeviceInfoInit)
                  00004d5c    00000044                : usbdenum.obj (.text:USBDGetInterface)
                  00004da0    00000044     main.obj (.text:_Z9RxHandlerPvjjS_)
                  00004de4    00000044     USBSerialDevice.obj (.text:_ZN9usbdevice15USBSerialDevice11getInstanceEv)
                  00004e28    00000041     USBSerialDevice.obj (.text:_ZN9usbdevice15USBSerialDevice12disconnectedEv)
                  00004e69    00000001     --HOLE-- [fill = 0]
                  00004e6a    00000040     usblib.lib : usbdcomp.obj (.text:ConfigChangeHandler)
                  00004eaa    00000040                : usbdhid.obj (.text:ScheduleReportTransmission)
                  00004eea    00000002                : usbdma.obj (.text:iDMAUSBUnitSizeSet)
                  00004eec    00000040     HardwareSerial.obj (.text:_ZN14HardwareSerialC1Em)
                  00004f2c    00000040     HardwareSerial.obj (.text:_ZN14HardwareSerialC1Ev)
                  00004f6c    0000003e     usblib.lib : usbdhidkeyb.obj (.text:HIDKeyboardTxHandler)
                  00004faa    0000003c     USBCompDevice.obj (.text:_ZN9usbdevice13USBCompDevice4initEv)
                  00004fe6    0000003c     usblib.lib : usbdma.obj (.text:iDMAUSBChannelRelease)
                  00005022    00000002                : usbdma.obj (.text:uDMAUSBChannelIntDisable)
                  00005024    0000003c     rtsv7M4_T_le_v4SPD16_eabi.lib : memory.c.obj (.text:minsert)
                  00005060    0000003a     usblib.lib : usbdcomp.obj (.text:EndpointToIndex)
                  0000509a    0000003a     driverlib.lib : usb.obj (.text:USBFIFOConfigSet)
                  000050d4    00000038     usblib.lib : usbdcomp.obj (.text:HandleDisconnect)
                  0000510c    00000038                : usbtick.obj (.text:InternalUSBRegisterTickHandler)
                  00005144    00000038                : usbtick.obj (.text:InternalUSBStartOfFrameTick)
                  0000517c    00000038                : usbdcomp.obj (.text:ResetHandler)
                  000051b4    00000038                : usbdcomp.obj (.text:ResumeHandler)
                  000051ec    00000038                : usbdcdc.obj (.text:SendBreak)
                  00005224    00000038                : usbdcomp.obj (.text:SuspendHandler)
                  0000525c    00000038                : usbdcdesc.obj (.text:USBDCDConfigGetInterfaceEndpoint)
                  00005294    00000038     driverlib.lib : usb.obj (.text:USBIntStatusControl)
                  000052cc    00000038     usblib.lib : usbringbuf.obj (.text:USBRingBufAdvanceWrite)
                  00005304    00000038     USBSerialDevice.obj (.text:_ZN9usbdevice15USBSerialDevice9SendBreakEb)
                  0000533c    00000038     rtsv7M4_T_le_v4SPD16_eabi.lib : boot_cortex_m.c.obj (.text:_c_int00_noargs:_c_int00_noargs)
                  00005374    00000038                                   : memory.c.obj (.text:minit)
                  000053ac    00000036     usblib.lib : usbdhid.obj (.text:HandleEndpoints)
                  000053e2    00000036                : usbdcomp.obj (.text:InterfaceChange)
                  00005418    00000036     driverlib.lib : usb.obj (.text:USBEndpointDataPut)
                  0000544e    00000002     usblib.lib : usbdma.obj (.text:uDMAUSBChannelIntEnable)
                  00005450    00000034                : usbdhid.obj (.text:HIDTickHandler)
                  00005484    00000034                : usbdcdc.obj (.text:HandleConfigChange)
                  000054b8    00000034     driverlib.lib : sysctl.obj (.text:SysCtlPeripheralEnable)
                  000054ec    00000034                   : usb.obj (.text:USBEndpointDataSend)
                  00005520    00000034     Wire.obj (.text:_ZN7TwoWire4readEv)
                  00005554    00000034     USBCompDevice.obj (.text:_ZN9usbdevice13USBCompDevice11getInstanceEv)
                  00005588    00000034     USBKeyboardDevice.obj (.text:_ZN9usbdevice17USBKeyboardDevice11getInstanceEv)
                  000055bc    00000034     usblib.lib : usbdma.obj (.text:iDMAUSBChannelStatus)
                  000055f0    00000032                : usbdhid.obj (.text:ClearReportTimer)
                  00005622    00000032                : usbdhid.obj (.text:HandleConfigChange)
                  00005654    00000032                : usbdcdesc.obj (.text:NextConfigDescGet)
                  00005686    00000032                : usbdcdc.obj (.text:ProcessNotificationToHost)
                  000056b8    00000032     driverlib.lib : usb.obj (.text:USBDevEndpointStall)
                  000056ea    00000032     USBKeyboardDevice.obj (.text:_ZN9usbdevice17USBKeyboardDeviceC1EPFYjPvjjS1_E)
                  0000571c    00000032     usblib.lib : usbdma.obj (.text:iDMAUSBChannelDisable)
                  0000574e    00000030                : usbdhidkeyb.obj (.text:AddKeyToPressedList)
                  0000577e    00000030                : usbdma.obj (.text:DMAUSBIntHandler)
                  000057ae    00000002     --HOLE-- [fill = 0]
                  000057b0    00000030                : usbtick.obj (.text:InternalUSBTickInit)
                  000057e0    00000030                : usbdenum.obj (.text:USBDGetConfiguration)
                  00005810    00000030                : usbringbuf.obj (.text:UpdateIndexAtomic)
                  00005840    0000002e                : usbdcomp.obj (.text:HandleEndpoints)
                  0000586e    0000002e                : usbbuffer.obj (.text:USBBufferWrite)
                  0000589c    0000002e                : usbdcdc.obj (.text:USBDCDCRxPacketAvailable)
                  000058ca    0000002e     Print.obj (.text:_ZN5Print5writeEPKhj)
                  000058f8    0000002e     USBSerialDevice.obj (.text:_ZN9usbdevice15USBSerialDevice10readBufferEv)
                  00005926    0000002c     usblib.lib : usbdcomp.obj (.text:InterfaceToIndex)
                  00005952    0000002c                : usbdesc.obj (.text:USBDescGet)
                  0000597e    00000002     --HOLE-- [fill = 0]
                  00005980    0000002c     HardwareSerial.obj (.text:_ZN14HardwareSerial5flushEv)
                  000059ac    0000002c     usblib.lib : usbdma.obj (.text:uDMAUSBIntStatus)
                  000059d8    0000002a                : usbbuffer.obj (.text:HandleRequestBuffer)
                  00005a02    0000002a                : usbdcdesc.obj (.text:USBDCDConfigDescGetNum)
                  00005a2c    0000002a                : usbdesc.obj (.text:USBDescGetNum)
                  00005a56    0000002a     driverlib.lib : usb.obj (.text:USBDevEndpointDataAck)
                  00005a80    0000002a     MFRC522.obj (.text:_ZN11rfid_reader7MFRC52214transceiveDataEPhhS1_S1_S1_hb)
                  00005aaa    00000028     usblib.lib : usbdhid.obj (.text:GetIdleTimeout)
                  00005ad2    00000028                : usbdhid.obj (.text:HandleEP0DataReceived)
                  00005afa    00000028                : usbbuffer.obj (.text:USBBufferRead)
                  00005b22    00000002     --HOLE-- [fill = 0]
                  00005b24    00000028                : usbdenum.obj (.text:USBDSetAddress)
                  00005b4c    00000028     driverlib.lib : usb.obj (.text:USBIntEnableControl)
                  00005b74    00000028     main.obj (.text:_Z18USBKeyboardHandlerPvjjS_)
                  00005b9c    00000028     USBKeyboardDevice.obj (.text:_ZN9usbdevice17USBKeyboardDevice12GetUsageCodeEcb)
                  00005bc4    00000028     rtsv7M4_T_le_v4SPD16_eabi.lib : memory.c.obj (.text:mremove)
                  00005bec    00000028     driverlib.lib : udma.obj (.text:uDMAChannelModeGet)
                  00005c14    00000026     HardwareSerial.obj (.text:_ZN14HardwareSerial4readEv)
                  00005c3a    00000024     usblib.lib : usbdcdc.obj (.text:HandleDisconnect)
                  00005c5e    00000024                : usbdcdc.obj (.text:SendLineStateChange)
                  00005c82    00000024     driverlib.lib : usb.obj (.text:USBEndpointDMADisable)
                  00005ca6    00000024                   : usb.obj (.text:USBEndpointDMAEnable)
                  00005cca    00000002     --HOLE-- [fill = 0]
                  00005ccc    00000024     usblib.lib : usbmode.obj (.text:USBStackModeSet)
                  00005cf0    00000024     main.obj (.text:_Z5delayi)
                  00005d14    00000024     Wire.obj (.text:_ZN7TwoWire4peekEv)
                  00005d38    00000024     Wire.obj (.text:_ZN7TwoWireC1Ev)
                  00005d5c    00000024     driverlib.lib : udma.obj (.text:uDMAChannelControlSet)
                  00005d80    00000022     usblib.lib : usbdcomp.obj (.text:DataReceived)
                  00005da2    00000022                : usbdcomp.obj (.text:DataSent)
                  00005dc4    00000022                : usbdhid.obj (.text:HandleDisconnect)
                  00005de6    00000022                : usbdcdc.obj (.text:SendLineCodingChange)
                  00005e08    00000022     Wire.obj (.text:_ZN7TwoWire5writeEPKhj)
                  00005e2a    00000022     usblib.lib : usbdma.obj (.text:uDMAUSBChannelStatus)
                  00005e4c    00000020                : usbdcdc.obj (.text:CheckAndSendBreak)
                  00005e6c    00000020                : usbdconfig.obj (.text:GetEndpointFIFOSize)
                  00005e8c    00000020                : usbbuffer.obj (.text:HandleDataRemaining)
                  00005eac    00000020                : usbdhid.obj (.text:HandleEP0DataSent)
                  00005ecc    00000020                : usbringbuf.obj (.text:USBRingBufAdvanceRead)
                  00005eec    00000020     MFRC522.obj (.text:_ZN11rfid_reader7MFRC52216isNewCardPresentEv)
                  00005f0c    00000020     MFRC522.obj (.text:_ZN11rfid_reader7MFRC5225delayEi)
                  00005f2c    00000020     Wire.obj (.text:_ZN7TwoWire5flushEv)
                  00005f4c    0000001e     usblib.lib : usbringbuf.obj (.text:USBRingBufContigFree)
                  00005f6a    0000001e     driverlib.lib : usb.obj (.text:USBULPIRegRead)
                  00005f88    0000001e                   : usb.obj (.text:USBULPIRegWrite)
                  00005fa6    0000001e     MFRC522.obj (.text:_ZN11rfid_reader7MFRC5229antennaOnEv)
                  00005fc4    0000001c     usblib.lib : usbdcomp.obj (.text:CompositeEPChange)
                  00005fe0    0000001c                : usbdcomp.obj (.text:CompositeIfaceChange)
                  00005ffc    0000001c                : usbdcdesc.obj (.text:USBDCDConfigGetInterface)
                  00006018    0000001c                : usbdenum.obj (.text:USBDCDStallEP0)
                  00006034    0000001c     driverlib.lib : usb.obj (.text:USBEndpointDataAvail)
                  00006050    0000001c     usblib.lib : usbringbuf.obj (.text:USBRingBufRead)
                  0000606c    0000001c                : usbringbuf.obj (.text:USBRingBufWrite)
                  00006088    0000001c     MFRC522.obj (.text:_ZN11rfid_reader7MFRC5229softResetEv)
                  000060a4    0000001c     Wire.obj (.text:_ZN7TwoWire9availableEv)
                  000060c0    0000001c     Wire.obj (.text:_ZN7TwoWire9setModuleEm)
                  000060dc    0000001a     usblib.lib : usbdhid.obj (.text:ClearIdleTimers)
                  000060f6    0000001a                : usbdcdc.obj (.text:DeviceConsumedAllData)
                  00006110    0000001a                : usbdcdesc.obj (.text:USBDCDConfigDescGetSize)
                  0000612a    0000001a     driverlib.lib : usb.obj (.text:USBEndpointDMAChannel)
                  00006144    0000001a     MFRC522.obj (.text:_ZN11rfid_reader7MFRC52220clearRegisterBitMaskEhh)
                  0000615e    00000018     uartstdio.obj (.text:IsBufferFull)
                  00006176    00000018     usblib.lib : usbdcdc.obj (.text:SetDeferredOpFlag)
                  0000618e    00000018                : usbdhid.obj (.text:SetDeferredOpFlag)
                  000061a6    00000002     --HOLE-- [fill = 0]
                  000061a8    00000018                : usbdhandler.obj (.text:USB0DeviceIntHandler)
                  000061c0    00000018                : usbbuffer.obj (.text:USBBufferInit)
                  000061d8    00000018                : usbdenum.obj (.text:USBDCDFeatureGet)
                  000061f0    00000018                : usbdenum.obj (.text:USBDSetDescriptor)
                  00006208    00000018                : usbdenum.obj (.text:USBDSyncFrame)
                  00006220    00000018     USBKeyboardDevice.obj (.text:_ZN9usbdevice17USBKeyboardDevice17releaseSpecialKeyEv)
                  00006238    00000018     driverlib.lib : udma.obj (.text:uDMAChannelDisable)
                  00006250    00000018                   : udma.obj (.text:uDMAChannelEnable)
                  00006268    00000016     usblib.lib : usbdcdc.obj (.text:CheckAndSendLineCodingChange)
                  0000627e    00000016                : usbdcdc.obj (.text:CheckAndSendLineStateChange)
                  00006294    00000016     driverlib.lib : usb.obj (.text:USBIntEnableEndpoint)
                  000062aa    00000016     usblib.lib : usbringbuf.obj (.text:USBRingBufFlush)
                  000062c0    00000016                : usbringbuf.obj (.text:USBRingBufReadOne)
                  000062d6    00000016                : usbringbuf.obj (.text:USBRingBufUsed)
                  000062ec    00000016     MFRC522.obj (.text:_ZN11rfid_reader7MFRC52218setRegisterBitMaskEhh)
                  00006302    00000016     HardwareSerial.obj (.text:_ZN14HardwareSerial9availableEv)
                  00006318    00000016     USBSerialDevice.obj (.text:_ZN9usbdevice15USBSerialDevice10initBufferEv)
                  0000632e    00000014     usblib.lib : usbbuffer.obj (.text:HandleTxComplete)
                  00006342    00000002     --HOLE-- [fill = 0]
                  00006344    00000014     driverlib.lib : sysctl.obj (.text:SysCtlUSBPLLEnable)
                  00006358    00000014     usblib.lib : usbdcdc.obj (.text:USBDCDCTxPacketAvailable)
                  0000636c    00000014                : usbdenum.obj (.text:USBDCDRequestDataEP0)
                  00006380    00000014                : usbdenum.obj (.text:USBDCDSendDataEP0)
                  00006394    00000014     driverlib.lib : usb.obj (.text:USBDMAChannelConfigSet)
                  000063a8    00000014                   : usb.obj (.text:USBHostResume)
                  000063bc    00000014                   : usb.obj (.text:_USBIndexWrite)
                  000063d0    00000014     MFRC522.obj (.text:_ZN11rfid_reader7MFRC52214readCardSerialEv)
                  000063e4    00000012     usblib.lib : usbdcdc.obj (.text:HandleResume)
                  000063f6    00000012                : usbdhid.obj (.text:HandleResume)
                  00006408    00000012                : usbdcdc.obj (.text:HandleSuspend)
                  0000641a    00000012                : usbdhid.obj (.text:HandleSuspend)
                  0000642c    00000012     driverlib.lib : usb.obj (.text:USBDMAChannelDisable)
                  0000643e    00000012                   : usb.obj (.text:USBDMAChannelEnable)
                  00006450    00000012                   : usb.obj (.text:USBDMAChannelIntDisable)
                  00006462    00000012                   : usb.obj (.text:USBDMAChannelIntEnable)
                  00006474    00000012     usblib.lib : usbringbuf.obj (.text:USBRingBufFree)
                  00006486    00000012     HardwareSerial.obj (.text:_ZN14HardwareSerial4peekEv)
                  00006498    00000010     driverlib.lib : i2c.obj (.text:I2CSlaveEnable)
                  000064a8    00000010                   : interrupt.obj (.text:IntMasterDisable)
                  000064b8    00000010                   : interrupt.obj (.text:IntMasterEnable)
                  000064c8    00000010     tm4c123gh6pm_startup_ccs.obj (.text:SysTickIntHandler)
                  000064d8    00000010     driverlib.lib : usb.obj (.text:USBEndpointStatus)
                  000064e8    00000010     usblib.lib : usbringbuf.obj (.text:USBRingBufContigUsed)
                  000064f8    00000010                : usbringbuf.obj (.text:USBRingBufWriteOne)
                  00006508    0000000e                : usbdma.obj (.text:DMAUSBIntStatusClear)
                  00006516    0000000e     driverlib.lib : i2c.obj (.text:I2CSlaveInit)
                  00006524    0000000e     uartstdio.obj (.text:IsBufferEmpty)
                  00006532    0000000e     usblib.lib : usbdhid.obj (.text:USBDHIDTxPacketAvailable)
                  00006540    0000000e     driverlib.lib : usb.obj (.text:USBDMAChannelStatus)
                  0000654e    0000000e                   : usb.obj (.text:USBDevLPMDisable)
                  0000655c    0000000e                   : usb.obj (.text:USBDevLPMEnable)
                  0000656a    0000000e                   : usb.obj (.text:USBULPIDisable)
                  00006578    0000000e                   : usb.obj (.text:USBULPIEnable)
                  00006586    0000000e     rtsv7M4_T_le_v4SPD16_eabi.lib : typeinfo.c.obj (.text:_ZN10__cxxabiv117__class_type_infoD0Ev)
                  00006594    0000000e                                   : typeinfo.c.obj (.text:_ZN10__cxxabiv120__si_class_type_infoD0Ev)
                  000065a2    0000000e                                   : copy_decompress_none.c.obj (.text:decompress:none:__TI_decompress_none)
                  000065b0    0000000c     driverlib.lib : cpu.obj (.text:CPUcpsid)
                  000065bc    0000000c                   : cpu.obj (.text:CPUcpsie)
                  000065c8    0000000c                   : i2c.obj (.text:I2CSlaveIntEnableEx)
                  000065d4    0000000c                   : usb.obj (.text:USBEndpointPacketCountSet)
                  000065e0    0000000c                   : usb.obj (.text:USBLPMIntEnable)
                  000065ec    0000000c     usblib.lib : usbringbuf.obj (.text:USBRingBufInit)
                  000065f8    0000000c     USBCompDevice.obj (.text:_ZN9usbdevice13USBCompDevice20registerEventHandlerEPFYjPvjjS1_E)
                  00006604    0000000c     USBSerialDevice.obj (.text:_ZN9usbdevice15USBSerialDevice17registerRxHandlerEPFYjPvjjS1_E)
                  00006610    0000000c     USBSerialDevice.obj (.text:_ZN9usbdevice15USBSerialDevice17registerTxHandlerEPFYjPvjjS1_E)
                  0000661c    0000000c     USBSerialDevice.obj (.text:_ZN9usbdevice15USBSerialDevice22registerControlHandlerEPFYjPvjjS1_E)
                  00006628    0000000c     USBKeyboardDevice.obj (.text:_ZN9usbdevice17USBKeyboardDevice23registerKeyboardHandlerEPFYjPvjjS1_E)
                  00006634    0000000c     rtsv7M4_T_le_v4SPD16_eabi.lib : guard.c.obj (.text:__cxa_guard_acquire)
                  00006640    0000000c     SPI.obj (.text:__sti___7_SPI_cpp_230ca784)
                  0000664c    0000000c     Wire.obj (.text:__sti___8_Wire_cpp_4e348ebc)
                  00006658    0000000c     rtsv7M4_T_le_v4SPD16_eabi.lib : copy_zero_init.c.obj (.text:decompress:ZI:__TI_zero_init)
                  00006664    0000000a     driverlib.lib : usb.obj (.text:USBClockEnable)
                  0000666e    0000000a                   : usb.obj (.text:USBControllerVersion)
                  00006678    0000000a                   : usb.obj (.text:USBDMAChannelAddressSet)
                  00006682    0000000a                   : usb.obj (.text:USBDMAChannelCountSet)
                  0000668c    0000000a                   : usb.obj (.text:USBDevConnect)
                  00006696    0000000a                   : usb.obj (.text:USBDevDisconnect)
                  000066a0    0000000a                   : usb.obj (.text:USBIntStatusEndpoint)
                  000066aa    0000000a     SPI.obj (.text:_ZN8SPIClassC1Ev)
                  000066b4    0000000a     rtsv7M4_T_le_v4SPD16_eabi.lib : guard.c.obj (.text:__cxa_guard_release)
                  000066be    00000008     driverlib.lib : usb.obj (.text:USBDevMode)
                  000066c6    00000008                   : usb.obj (.text:USBFIFOAddrGet)
                  000066ce    00000008                   : usb.obj (.text:USBOTGMode)
                  000066d6    00000008     rtsv7M4_T_le_v4SPD16_eabi.lib : new.cpp.obj (.text:_ZdlPv)
                  000066de    00000008     usblib.lib : usbdma.obj (.text:iDMAUSBChannelIntDisable)
                  000066e6    00000008                : usbdma.obj (.text:iDMAUSBChannelIntEnable)
                  000066ee    00000006     driverlib.lib : i2c.obj (.text:I2CSlaveDataPut)
                  000066f4    00000006     tm4c123gh6pm_startup_ccs.obj (.text:ResetISR)
                  000066fa    00000006     driverlib.lib : sysctl.obj (.text:SysCtlDelay)
                  00006700    00000006     usblib.lib : usbbuffer.obj (.text:USBBufferFlush)
                  00006706    00000006     driverlib.lib : usb.obj (.text:USBDMAChannelIntStatus)
                  0000670c    00000006                   : usb.obj (.text:USBDevLPMConfig)
                  00006712    00000006                   : usb.obj (.text:USBLPMIntStatus)
                  00006718    00000006     SPI.obj (.text:_ZN8SPIClass9setModuleEh)
                  0000671e    00000006     USBSerialDevice.obj (.text:_ZN9usbdevice15USBSerialDevice15getRxEventCountEv)
                  00006724    00000006     USBSerialDevice.obj (.text:_ZN9usbdevice15USBSerialDevice16getReceiveBufferEv)
                  0000672a    00000006     USBSerialDevice.obj (.text:_ZN9usbdevice15USBSerialDevice19getReceiveBufferEndEv)
                  00006730    00000006     USBSerialDevice.obj (.text:_ZN9usbdevice15USBSerialDevice5writeEPhj)
                  00006736    00000006     rtsv7M4_T_le_v4SPD16_eabi.lib : pure_virt.c.obj (.text:__cxa_pure_virtual)
                  0000673c    00000006     usblib.lib : usbdma.obj (.text:iDMAUSBIntStatus)
                  00006742    00000004                : usbdma.obj (.text:DMAUSBStatus)
                  00006746    00000004                : usbdhid.obj (.text:HandleReset)
                  0000674a    00000004     driverlib.lib : usb.obj (.text:USBDevAddrSet)
                  0000674e    00000004     main.obj (.text:_Z15USBEventHandlerPvjjS_)
                  00006752    00000004     main.obj (.text:_Z9TxHandlerPvjjS_)
                  00006756    00000004     rtsv7M4_T_le_v4SPD16_eabi.lib : typeinfo.c.obj (.text:_ZN10__cxxabiv117__class_type_infoD1Ev)
                  0000675a    00000004                                   : typeinfo.c.obj (.text:_ZN10__cxxabiv120__si_class_type_infoD1Ev)
                  0000675e    00000004     HardwareSerial.obj (.text:_ZN5Print17availableForWriteEv)
                  00006762    00000004     rtsv7M4_T_le_v4SPD16_eabi.lib : new.cpp.obj (.text:_ZdlPvj)
                  00006766    00000004                                   : error.c.obj (.text:__abort_execution)
                  0000676a    00000004                                   : pre_init.c.obj (.text:_system_pre_init)
                  0000676e    00000004                                   : exit.c.obj (.text:abort:abort)

.const     0    00006774    00000708     
                  00006774    00000070     driverlib.lib : interrupt.obj (.const)
                  000067e4    0000006c                   : sysctl.obj (.const:g_pui32Xtals)
                  00006850    00000068     USBKeyboardDevice.obj (.const:_ZN43_INTERNAL_21_USBKeyboardDevice_cpp_497fa7839usbdevice14g_pcUsageCodesE)
                  000068b8    00000058     usblib.lib : usbdcdc.obj (.const)
                  00006910    00000040     SPI.obj (.const:g_ulSSIConfig)
                  00006950    0000003f     usblib.lib : usbdhidkeyb.obj (.const:.string:g_pui8KeybReportDescriptor)
                  0000698f    00000036     usb_structs.obj (.const:.string:g_pui8ConfigString)
                  000069c5    00000002     main.obj (.const:.string:$P$T0$1)
                  000069c7    00000001     --HOLE-- [fill = 0]
                  000069c8    00000034     usblib.lib : usbdenum.obj (.const:g_psUSBDStdRequests)
                  000069fc    00000034                : usbdhidkeyb.obj (.const)
                  00006a30    00000030                : usbdcdc.obj (.const:g_sCDCHandlers)
                  00006a60    00000030                : usbdcomp.obj (.const:g_sCompHandlers)
                  00006a90    00000030                : usbdhid.obj (.const:g_sHIDHandlers)
                  00006ac0    0000002e                : usbdcdc.obj (.const:.string)
                  00006aee    0000002c     usb_structs.obj (.const:.string:g_pui8ControlInterfaceString)
                  00006b1a    00000025     rtsv7M4_T_le_v4SPD16_eabi.lib : typeinfo.c.obj (.const:.typeinfo:_ZTSN10__cxxabiv120__si_class_type_infoE)
                  00006b3f    00000024     usb_structs.obj (.const:.string:g_pui8ManufacturerString)
                  00006b63    00000001     --HOLE-- [fill = 0]
                  00006b64    00000024     HardwareSerial.obj (.const:_ZTV14HardwareSerial)
                  00006b88    00000024     HardwareSerial.obj (.const:_ZTV6Stream)
                  00006bac    00000024     Wire.obj (.const:_ZTV7TwoWire)
                  00006bd0    00000023     usblib.lib : usbdcdc.obj (.const:.string:g_pui8CDCSerCommInterface)
                  00006bf3    00000022     rtsv7M4_T_le_v4SPD16_eabi.lib : typeinfo.c.obj (.const:.typeinfo:_ZTSN10__cxxabiv117__class_type_infoE)
                  00006c15    00000022     USBKeyboardDevice.obj (.const:_ZN43_INTERNAL_21_USBKeyboardDevice_cpp_497fa7839usbdevice19g_pcUsageCodesShiftE)
                  00006c37    00000001     --HOLE-- [fill = 0]
                  00006c38    00000020     HardwareSerial.obj (.const:g_ulUARTBase)
                  00006c58    00000020     HardwareSerial.obj (.const:g_ulUARTInt)
                  00006c78    00000020     Wire.obj (.const:g_uli2cConfig)
                  00006c98    0000001c     usb_structs.obj (.const:.string:g_pui8ProductString)
                  00006cb4    00000018     Print.obj (.const:_ZTV5Print)
                  00006ccc    00000018     usb_structs.obj (.const:g_pui8StringDescriptors)
                  00006ce4    00000012     usb_structs.obj (.const:.string:g_pui8SerialNumberString)
                  00006cf6    00000011     HardwareSerial.obj (.const:.typeinfo:_ZTS14HardwareSerial)
                  00006d07    00000001     --HOLE-- [fill = 0]
                  00006d08    00000010     rtsv7M4_T_le_v4SPD16_eabi.lib : typeinfo.c.obj (.const:_ZTVN10__cxxabiv117__class_type_infoE)
                  00006d18    00000010                                   : typeinfo.c.obj (.const:_ZTVN10__cxxabiv120__si_class_type_infoE)
                  00006d28    00000010     SPI.obj (.const:g_ulSSIBase)
                  00006d38    00000010     SPI.obj (.const:g_ulSSIPeriph)
                  00006d48    00000010     SPI.obj (.const:g_ulSSIPins)
                  00006d58    00000010     SPI.obj (.const:g_ulSSIPort)
                  00006d68    00000010     Wire.obj (.const:g_uli2cBase)
                  00006d78    00000010     Wire.obj (.const:g_uli2cInt)
                  00006d88    00000010     Wire.obj (.const:g_uli2cMasterBase)
                  00006d98    00000010     Wire.obj (.const:g_uli2cPeriph)
                  00006da8    00000010     Wire.obj (.const:g_uli2cSCLPins)
                  00006db8    00000010     Wire.obj (.const:g_uli2cSDAPins)
                  00006dc8    00000010     Wire.obj (.const:g_uli2cSlaveBase)
                  00006dd8    0000000e     usblib.lib : usbdhidkeyb.obj (.const:.string)
                  00006de6    0000000d     rtsv7M4_T_le_v4SPD16_eabi.lib : stdlib_typeinfo.cpp.obj (.const:.typeinfo:_ZTSSt9type_info)
                  00006df3    00000001     --HOLE-- [fill = 0]
                  00006df4    0000000c     HardwareSerial.obj (.const:.typeinfo:_ZTI14HardwareSerial)
                  00006e00    0000000c     HardwareSerial.obj (.const:.typeinfo:_ZTI6Stream)
                  00006e0c    0000000c     Wire.obj (.const:.typeinfo:_ZTI7TwoWire)
                  00006e18    0000000c     rtsv7M4_T_le_v4SPD16_eabi.lib : typeinfo.c.obj (.const:.typeinfo:_ZTIN10__cxxabiv117__class_type_infoE)
                  00006e24    0000000c                                   : typeinfo.c.obj (.const:.typeinfo:_ZTIN10__cxxabiv120__si_class_type_infoE)
                  00006e30    0000000c     uartstdio.obj (.const:g_ui32UARTInt)
                  00006e3c    00000009     usblib.lib : usbdcomp.obj (.const:.string)
                  00006e45    00000009     Wire.obj (.const:.typeinfo:_ZTS7TwoWire)
                  00006e4e    00000002     main.obj (.const:.string:$P$T1$2)
                  00006e50    00000008     Print.obj (.const:.typeinfo:_ZTI5Print)
                  00006e58    00000008     rtsv7M4_T_le_v4SPD16_eabi.lib : stdlib_typeinfo.cpp.obj (.const:.typeinfo:_ZTISt9type_info)
                  00006e60    00000008     HardwareSerial.obj (.const:.typeinfo:_ZTS6Stream)
                  00006e68    00000007     Print.obj (.const:.typeinfo:_ZTS5Print)
                  00006e6f    00000004     usb_structs.obj (.const:.string:g_pui8LangDescriptor)
                  00006e73    00000001     --HOLE-- [fill = 0]
                  00006e74    00000004     usb_structs.obj (.const)
                  00006e78    00000002     main.obj (.const:.string:$P$T3$3)
                  00006e7a    00000002     main.obj (.const)

.cinit     0    00006e88    000000e0     
                  00006e88    000000b9     (.cinit..data.load) [load image, compression = lzss]
                  00006f41    00000003     --HOLE-- [fill = 0]
                  00006f44    0000000c     (__TI_handler_table)
                  00006f50    00000008     (.cinit..bss.load) [load image, compression = zero_init]
                  00006f58    00000010     (__TI_cinit_table)

.init_array 
*          0    00006e7c    0000000c     
                  00006e7c    00000004     Wire.obj (.init_array)
                  00006e80    00000004     SPI.obj (.init_array)
                  00006e84    00000004     HardwareSerial.obj (.init_array)

.bss       0    20000000    00000e70     UNINITIALIZED
                  20000000    00000400     uartstdio.obj (.bss:g_pcUARTTxBuffer)
                  20000400    000003e8     USBSerialDevice.obj (.bss:instance$2)
                  200007e8    00000110     usblib.lib : usbdma.obj (.bss:g_psUSBDMAInst)
                  200008f8    000000f8     USBCompDevice.obj (.bss:instance$2)
                  200009f0    000000a4     USBKeyboardDevice.obj (.bss:instance$2)
                  20000a94    00000080     uartstdio.obj (.bss:g_pcUARTRxBuffer)
                  20000b14    00000050     usblib.lib : usbdenum.obj (.bss:g_psDCDInst)
                  20000b64    00000040                : usbdenum.obj (.bss:g_pui8DataBufferIn)
                  20000ba4    00000040     (.common:_ZN7TwoWire8rxBufferE)
                  20000be4    00000040     (.common:_ZN7TwoWire8txBufferE)
                  20000c24    00000038     HardwareSerial.obj (.bss:Serial1)
                  20000c5c    00000038     HardwareSerial.obj (.bss:Serial2)
                  20000c94    00000038     HardwareSerial.obj (.bss:Serial3)
                  20000ccc    00000038     HardwareSerial.obj (.bss:Serial4)
                  20000d04    00000038     HardwareSerial.obj (.bss:Serial5)
                  20000d3c    00000038     HardwareSerial.obj (.bss:Serial6)
                  20000d74    00000038     HardwareSerial.obj (.bss:Serial7)
                  20000dac    00000038     HardwareSerial.obj (.bss:Serial)
                  20000de4    0000001c     rtsv7M4_T_le_v4SPD16_eabi.lib : vla_alloc.c.obj (.bss:$O1$$)
                  20000e00    00000018     (.common:g_pfnTickHandlers)
                  20000e18    00000018     (.common:g_pvTickInstance)
                  20000e30    00000010     Wire.obj (.bss:Wire)
                  20000e40    00000008     uartstdio.obj (.bss)
                  20000e48    00000004     USBCompDevice.obj (.bss)
                  20000e4c    00000004     USBKeyboardDevice.obj (.bss)
                  20000e50    00000004     USBSerialDevice.obj (.bss)
                  20000e54    00000004     (.common:g_pfnUSBModeCallback)
                  20000e58    00000004     (.common:g_ppCompConfigDescriptors)
                  20000e5c    00000004     (.common:g_ppsDevInfo)
                  20000e60    00000004     (.common:g_ui32ULPISupport)
                  20000e64    00000004     (.common:ui32RxCount)
                  20000e68    00000004     (.common:ui32TxCount)
                  20000e6c    00000002     SPI.obj (.bss:SPI)
                  20000e6e    00000002     (.common:_ZN9usbdevice16g_sKeyboardStateE)

.stack     0    20000e70    00000400     UNINITIALIZED
                  20000e70    00000004     rtsv7M4_T_le_v4SPD16_eabi.lib : boot_cortex_m.c.obj (.stack)
                  20000e74    000003fc     --HOLE--

.data      0    20001270    00000144     UNINITIALIZED
                  20001270    0000005e     usblib.lib : usbdcdc.obj (.data)
                  200012ce    00000002     --HOLE--
                  200012d0    00000038                : usbdhidkeyb.obj (.data)
                  20001308    00000015     uartstdio.obj (.data)
                  2000131d    00000012     usblib.lib : usbdcomp.obj (.data)
                  2000132f    00000012                : usbdhid.obj (.data)
                  20001341    00000003     buttons.obj (.data)
                  20001344    00000010     USBKeyboardDevice.obj (.data)
                  20001354    0000000c     rtsv7M4_T_le_v4SPD16_eabi.lib : memory.c.obj (.data:$O1$$)
                  20001360    0000000c     USBSerialDevice.obj (.data)
                  2000136c    0000000c     usblib.lib : usbtick.obj (.data)
                  20001378    00000009     Wire.obj (.data)
                  20001381    00000003     --HOLE--
                  20001384    00000009     usblib.lib : usbmode.obj (.data)
                  2000138d    00000003     --HOLE--
                  20001390    00000008     rtsv7M4_T_le_v4SPD16_eabi.lib : _lock.c.obj (.data:$O1$$)
                  20001398    00000008     usblib.lib : usbdenum.obj (.data)
                  200013a0    00000005     main.obj (.data)
                  200013a5    00000003     --HOLE--
                  200013a8    00000004     USBCompDevice.obj (.data)
                  200013ac    00000004     main.obj (.data:currentUid)
                  200013b0    00000004     tm4c123gh6pm_startup_ccs.obj (.data)

.sysmem    0    200013b8    00000008     UNINITIALIZED
                  200013b8    00000008     rtsv7M4_T_le_v4SPD16_eabi.lib : memory.c.obj (.sysmem)

MODULE SUMMARY

       Module                         code    ro data   rw data
       ------                         ----    -------   -------
    .\drivers\
       buttons.obj                    104     0         3      
    +--+------------------------------+-------+---------+---------+
       Total:                         104     0         3      
                                                               
    .\src\
       main.obj                       1260    8         19     
       tm4c123gh6pm_startup_ccs.obj   28      620       4      
    +--+------------------------------+-------+---------+---------+
       Total:                         1288    628       23     
                                                               
    .\src\energia\
       Wire.obj                       1258    205       153    
       HardwareSerial.obj             572     189       448    
       SPI.obj                        364     132       2      
       Print.obj                      46      39        0      
    +--+------------------------------+-------+---------+---------+
       Total:                         2240    565       603    
                                                               
    .\src\rfid\
       MFRC522.obj                    2002    0         0      
    +--+------------------------------+-------+---------+---------+
       Total:                         2002    0         0      
                                                               
    .\src\usb\
       USBSerialDevice.obj            939     0         1016   
       USBKeyboardDevice.obj          592     138       184    
       USBCompDevice.obj              212     0         256    
       usb_structs.obj                0       212       0      
    +--+------------------------------+-------+---------+---------+
       Total:                         1743    350       1456   
                                                               
    .\utils\
       uartstdio.obj                  698     12        1181   
    +--+------------------------------+-------+---------+---------+
       Total:                         698     12        1181   
                                                               
    C:/ti/tivaware_c_series_2_1_4_178/driverlib/ccs/Debug/driverlib.lib
       usb.obj                        1354    0         0      
       sysctl.obj                     430     108       0      
       interrupt.obj                  340     112       0      
       udma.obj                       328     0         0      
       i2c.obj                        48      0         0      
       cpu.obj                        24      0         0      
    +--+------------------------------+-------+---------+---------+
       Total:                         2524    220       0      
                                                               
    C:/ti/tivaware_c_series_2_1_4_178/usblib/ccs/Debug/usblib.lib
       usbdenum.obj                   2904    52        160    
       usbdcdc.obj                    2008    217       94     
       usbdma.obj                     2008    0         272    
       usbdhid.obj                    1770    48        18     
       usbdcomp.obj                   1624    57        22     
       usbdhidkeyb.obj                652     129       56     
       usbbuffer.obj                  646     0         0      
       usbdconfig.obj                 576     0         0      
       usbdcdesc.obj                  356     0         0      
       usbringbuf.obj                 350     0         0      
       usbtick.obj                    160     0         60     
       usbdesc.obj                    86      0         0      
       usbulpi.obj                    82      0         0      
       usbmode.obj                    36      0         13     
       usbdhandler.obj                24      0         0      
    +--+------------------------------+-------+---------+---------+
       Total:                         13282   503       695    
                                                               
    C:\ti\ccsv8\tools\compiler\ti-cgt-arm_18.1.3.LTS\lib\rtsv7M4_T_le_v4SPD16_eabi.lib
       memory.c.obj                   768     0         12     
       vla_alloc.c.obj                548     0         28     
       typeinfo.c.obj                 36      127       0      
       memcpy_t2.asm.obj              156     0         0      
       memset_t2.asm.obj              122     0         0      
       copy_decompress_lzss.c.obj     104     0         0      
       autoinit.c.obj                 96      0         0      
       boot_cortex_m.c.obj            56      0         0      
       stdlib_typeinfo.cpp.obj        2       21        0      
       guard.c.obj                    22      0         0      
       copy_decompress_none.c.obj     14      0         0      
       copy_zero_init.c.obj           12      0         0      
       new.cpp.obj                    12      0         0      
       _lock.c.obj                    2       0         8      
       pure_virt.c.obj                6       0         0      
       error.c.obj                    4       0         0      
       exit.c.obj                     4       0         0      
       pre_init.c.obj                 4       0         0      
    +--+------------------------------+-------+---------+---------+
       Total:                         1968    148       48     
                                                               
       Heap:                          0       0         8      
       Stack:                         0       0         1024   
       Linker Generated:              0       221       0      
    +--+------------------------------+-------+---------+---------+
       Grand Total:                   25849   2647      5041   


LINKER GENERATED COPY TABLES

__TI_cinit_table @ 00006f58 records: 2, size/record: 8, table size: 16
	.data: load addr=00006e88, load size=000000b9 bytes, run addr=20001270, run size=00000144 bytes, compression=lzss
	.bss: load addr=00006f50, load size=00000008 bytes, run addr=20000000, run size=00000e70 bytes, compression=zero_init


LINKER GENERATED HANDLER TABLE

__TI_handler_table @ 00006f44 records: 3, size/record: 4, table size: 12
	index: 0, handler: __TI_decompress_lzss
	index: 1, handler: __TI_decompress_none
	index: 2, handler: __TI_zero_init


GLOBAL SYMBOLS: SORTED ALPHABETICALLY BY Name 

address   name                                                                  
-------   ----                                                                  
000007ab  BuildCompositeDescriptor                                              
00003bc5  ButtonsInit                                                           
0000676f  C$$EXIT                                                               
000065b1  CPUcpsid                                                              
000065bd  CPUcpsie                                                              
000066ef  I2CSlaveDataPut                                                       
00006499  I2CSlaveEnable                                                        
00006517  I2CSlaveInit                                                          
000065c9  I2CSlaveIntEnableEx                                                   
00003c2d  IntDisable                                                            
00003c95  IntEnable                                                             
00003f5d  IntIsEnabled                                                          
000064a9  IntMasterDisable                                                      
000064b9  IntMasterEnable                                                       
0000510d  InternalUSBRegisterTickHandler                                        
00005145  InternalUSBStartOfFrameTick                                           
000057b1  InternalUSBTickInit                                                   
00006e74  NUM_STRING_DESCRIPTORS                                                
000038bd  ProcessDataFromHost                                                   
00003a81  ProcessDataToHost                                                     
00005687  ProcessNotificationToHost                                             
000066f5  ResetISR                                                              
00006e7c  SHT$$INIT_ARRAY$$Base                                                 
00006e88  SHT$$INIT_ARRAY$$Limit                                                
20000e6c  SPI                                                                   
20000dac  Serial                                                                
20000c24  Serial1                                                               
20000c5c  Serial2                                                               
20000c94  Serial3                                                               
20000ccc  Serial4                                                               
20000d04  Serial5                                                               
20000d3c  Serial6                                                               
20000d74  Serial7                                                               
000018e1  SysCtlClockGet                                                        
000066fb  SysCtlDelay                                                           
000054b9  SysCtlPeripheralEnable                                                
00004651  SysCtlPeripheralReset                                                 
00006345  SysCtlUSBPLLEnable                                                    
000064c9  SysTickIntHandler                                                     
00000b41  UARTStdioIntHandler                                                   
00002821  UARTwrite                                                             
000045fd  ULPIConfigSet                                                         
000061a9  USB0DeviceIntHandler                                                  
00003fc1  USBBufferEventCallback                                                
00006701  USBBufferFlush                                                        
000061c1  USBBufferInit                                                         
00005afb  USBBufferRead                                                         
0000586f  USBBufferWrite                                                        
00006665  USBClockEnable                                                        
0000666f  USBControllerVersion                                                  
00001e9d  USBDCDCCompositeInit                                                  
00002d95  USBDCDCPacketRead                                                     
0000420d  USBDCDCPacketWrite                                                    
0000589d  USBDCDCRxPacketAvailable                                              
00006359  USBDCDCTxPacketAvailable                                              
000046a1  USBDCDConfigDescGet                                                   
00005a03  USBDCDConfigDescGetNum                                                
00006111  USBDCDConfigDescGetSize                                               
00005ffd  USBDCDConfigGetInterface                                              
0000525d  USBDCDConfigGetInterfaceEndpoint                                      
00004d19  USBDCDDeviceInfoInit                                                  
000061d9  USBDCDFeatureGet                                                      
00000e01  USBDCDInit                                                            
0000636d  USBDCDRequestDataEP0                                                  
00006381  USBDCDSendDataEP0                                                     
00006019  USBDCDStallEP0                                                        
000022d1  USBDCompositeInit                                                     
00001dbd  USBDHIDCompositeInit                                                  
00002971  USBDHIDKeyboardCompositeInit                                          
0000316d  USBDHIDKeyboardKeyStateChange                                         
00004a8b  USBDHIDReportWrite                                                    
00006533  USBDHIDTxPacketAvailable                                              
00006679  USBDMAChannelAddressSet                                               
00006395  USBDMAChannelConfigSet                                                
00006683  USBDMAChannelCountSet                                                 
0000642d  USBDMAChannelDisable                                                  
0000643f  USBDMAChannelEnable                                                   
00006451  USBDMAChannelIntDisable                                               
00006463  USBDMAChannelIntEnable                                                
00006707  USBDMAChannelIntStatus                                                
00006541  USBDMAChannelStatus                                                   
00005953  USBDescGet                                                            
00005a2d  USBDescGetNum                                                         
0000674b  USBDevAddrSet                                                         
0000668d  USBDevConnect                                                         
00006697  USBDevDisconnect                                                      
00003485  USBDevEndpointConfigSet                                               
00005a57  USBDevEndpointDataAck                                                 
000056b9  USBDevEndpointStall                                                   
00004ad5  USBDevEndpointStallClear                                              
0000438d  USBDevEndpointStatusClear                                             
0000670d  USBDevLPMConfig                                                       
0000654f  USBDevLPMDisable                                                      
0000655d  USBDevLPMEnable                                                       
000066bf  USBDevMode                                                            
000011f1  USBDeviceConfig                                                       
00002f41  USBDeviceConfigAlternate                                              
00001f75  USBDeviceEnumHandler                                                  
00004bb1  USBDeviceEnumResetHandler                                             
000010a1  USBDeviceIntHandlerInternal                                           
000046f1  USBDeviceResumeTickHandler                                            
0000612b  USBEndpointDMAChannel                                                 
000048c9  USBEndpointDMAConfigSet                                               
00005c83  USBEndpointDMADisable                                                 
00005ca7  USBEndpointDMAEnable                                                  
00006035  USBEndpointDataAvail                                                  
00004cd1  USBEndpointDataGet                                                    
00005419  USBEndpointDataPut                                                    
000054ed  USBEndpointDataSend                                                   
000065d5  USBEndpointPacketCountSet                                             
000064d9  USBEndpointStatus                                                     
000066c7  USBFIFOAddrGet                                                        
0000509b  USBFIFOConfigSet                                                      
000063a9  USBHostResume                                                         
00005b4d  USBIntEnableControl                                                   
00006295  USBIntEnableEndpoint                                                  
00005295  USBIntStatusControl                                                   
000066a1  USBIntStatusEndpoint                                                  
000065e1  USBLPMIntEnable                                                       
00006713  USBLPMIntStatus                                                       
00000ca1  USBLibDMAInit                                                         
000066cf  USBOTGMode                                                            
00005ecd  USBRingBufAdvanceRead                                                 
000052cd  USBRingBufAdvanceWrite                                                
00005f4d  USBRingBufContigFree                                                  
000064e9  USBRingBufContigUsed                                                  
000062ab  USBRingBufFlush                                                       
00006475  USBRingBufFree                                                        
000065ed  USBRingBufInit                                                        
00006051  USBRingBufRead                                                        
000062c1  USBRingBufReadOne                                                     
000062d7  USBRingBufUsed                                                        
0000606d  USBRingBufWrite                                                       
000064f9  USBRingBufWriteOne                                                    
00005ccd  USBStackModeSet                                                       
0000656b  USBULPIDisable                                                        
00006579  USBULPIEnable                                                         
00005f6b  USBULPIRegRead                                                        
00005f89  USBULPIRegWrite                                                       
20000e30  Wire                                                                  
00001595  _Z12configureUSBv                                                     
00003849  _Z14ControlHandlerPvjjS_                                              
0000674f  _Z15USBEventHandlerPvjjS_                                             
00005b75  _Z18USBKeyboardHandlerPvjjS_                                          
00005cf1  _Z5delayi                                                             
00004da1  _Z9RxHandlerPvjjS_                                                    
00006753  _Z9TxHandlerPvjjS_                                                    
00006587  _ZN10__cxxabiv117__class_type_infoD0Ev                                
00006757  _ZN10__cxxabiv117__class_type_infoD1Ev                                
00006757  _ZN10__cxxabiv117__class_type_infoD2Ev                                
00006595  _ZN10__cxxabiv120__si_class_type_infoD0Ev                             
0000675b  _ZN10__cxxabiv120__si_class_type_infoD1Ev                             
0000675b  _ZN10__cxxabiv120__si_class_type_infoD2Ev                             
00000529  _ZN11rfid_reader7MFRC52211select_PICCEPNS_3UidEh                      
00003d65  _ZN11rfid_reader7MFRC52212REQA_or_WUPAEhPhS1_                         
00003dcb  _ZN11rfid_reader7MFRC52212calculateCRCEPhhS1_                         
000023a5  _ZN11rfid_reader7MFRC52212readRegisterENS_12PCD_RegisterEhPhh         
00004915  _ZN11rfid_reader7MFRC52212readRegisterEh                              
00004bf9  _ZN11rfid_reader7MFRC52213writeRegisterEhh                            
00004449  _ZN11rfid_reader7MFRC52213writeRegisterEhhPh                          
000063d1  _ZN11rfid_reader7MFRC52214readCardSerialEv                            
00005a81  _ZN11rfid_reader7MFRC52214transceiveDataEPhhS1_S1_S1_hb               
00005eed  _ZN11rfid_reader7MFRC52216isNewCardPresentEv                          
000062ed  _ZN11rfid_reader7MFRC52218setRegisterBitMaskEhh                       
0000146d  _ZN11rfid_reader7MFRC52219communicateWithPICCEhhPhhS1_S1_S1_hb        
00006145  _ZN11rfid_reader7MFRC52220clearRegisterBitMaskEhh                     
00003b59  _ZN11rfid_reader7MFRC5224initEv                                       
00005f0d  _ZN11rfid_reader7MFRC5225delayEi                                      
00005fa7  _ZN11rfid_reader7MFRC5229antennaOnEv                                  
00006089  _ZN11rfid_reader7MFRC5229softResetEv                                  
00004741  _ZN11rfid_reader7MFRC522C1Ev                                          
00004741  _ZN11rfid_reader7MFRC522C2Ev                                          
000035f1  _ZN14HardwareSerial13primeTransmitEm                                  
00006487  _ZN14HardwareSerial4peekEv                                            
00005c15  _ZN14HardwareSerial4readEv                                            
00005981  _ZN14HardwareSerial5flushEv                                           
000042cd  _ZN14HardwareSerial5writeEh                                           
00006303  _ZN14HardwareSerial9availableEv                                       
00004eed  _ZN14HardwareSerialC1Em                                               
00004f2d  _ZN14HardwareSerialC1Ev                                               
00004eed  _ZN14HardwareSerialC2Em                                               
00004f2d  _ZN14HardwareSerialC2Ev                                               
0000675f  _ZN5Print17availableForWriteEv                                        
000031f3  _ZN5Print5flushEv                                                     
000058cb  _ZN5Print5writeEPKhj                                                  
20001378  _ZN7TwoWire11rxReadIndexE                                             
2000137b  _ZN7TwoWire11txReadIndexE                                             
20001380  _ZN7TwoWire12currentStateE                                            
20001379  _ZN7TwoWire12rxWriteIndexE                                            
2000137e  _ZN7TwoWire12slaveAddressE                                            
2000137f  _ZN7TwoWire12transmittingE                                            
2000137c  _ZN7TwoWire12txWriteIndexE                                            
00005d15  _ZN7TwoWire4peekEv                                                    
00005521  _ZN7TwoWire4readEv                                                    
00001bed  _ZN7TwoWire5beginEh                                                   
000009a1  _ZN7TwoWire5beginEv                                                   
00005f2d  _ZN7TwoWire5flushEv                                                   
00005e09  _ZN7TwoWire5writeEPKhj                                                
000031f5  _ZN7TwoWire5writeEh                                                   
20000ba4  _ZN7TwoWire8rxBufferE                                                 
20000be4  _ZN7TwoWire8txBufferE                                                 
000060a5  _ZN7TwoWire9availableEv                                               
0000204d  _ZN7TwoWire9forceStopEv                                               
2000137d  _ZN7TwoWire9i2cModuleE                                                
000060c1  _ZN7TwoWire9setModuleEm                                               
2000137a  _ZN7TwoWire9txAddressE                                                
00005d39  _ZN7TwoWireC1Ev                                                       
00005d39  _ZN7TwoWireC2Ev                                                       
000019f1  _ZN8SPIClass5beginEv                                                  
00004c41  _ZN8SPIClass8transferEh                                               
00006719  _ZN8SPIClass9setModuleEh                                              
000066ab  _ZN8SPIClassC1Ev                                                      
000066ab  _ZN8SPIClassC2Ev                                                      
00005555  _ZN9usbdevice13USBCompDevice11getInstanceEv                           
200013a8  _ZN9usbdevice13USBCompDevice12eventHandlerE                           
000065f9  _ZN9usbdevice13USBCompDevice20registerEventHandlerEPFYjPvjjS1_E       
00004fab  _ZN9usbdevice13USBCompDevice4initEv                                   
000044a5  _ZN9usbdevice13USBCompDeviceC1EPFYjPvjjS1_E                           
000044a5  _ZN9usbdevice13USBCompDeviceC2EPFYjPvjjS1_E                           
00006319  _ZN9usbdevice15USBSerialDevice10initBufferEv                          
000058f9  _ZN9usbdevice15USBSerialDevice10readBufferEv                          
00004de5  _ZN9usbdevice15USBSerialDevice11getInstanceEv                         
00004e29  _ZN9usbdevice15USBSerialDevice12disconnectedEv                        
00002fcd  _ZN9usbdevice15USBSerialDevice13GetLineCodingEP11tLineCoding          
00003279  _ZN9usbdevice15USBSerialDevice13SetLineCodingEP11tLineCoding          
20001360  _ZN9usbdevice15USBSerialDevice14controlHandlerE                       
0000671f  _ZN9usbdevice15USBSerialDevice15getRxEventCountEv                     
0000392f  _ZN9usbdevice15USBSerialDevice15getSerialDeviceEv                     
00006725  _ZN9usbdevice15USBSerialDevice16getReceiveBufferEv                    
00006605  _ZN9usbdevice15USBSerialDevice17registerRxHandlerEPFYjPvjjS1_E        
00006611  _ZN9usbdevice15USBSerialDevice17registerTxHandlerEPFYjPvjjS1_E        
00003bc3  _ZN9usbdevice15USBSerialDevice19SetControlLineStateEt                 
0000672b  _ZN9usbdevice15USBSerialDevice19getReceiveBufferEndEv                 
00004791  _ZN9usbdevice15USBSerialDevice20USBUARTPrimeTransmitEv                
0000661d  _ZN9usbdevice15USBSerialDevice22registerControlHandlerEPFYjPvjjS1_E   
00006731  _ZN9usbdevice15USBSerialDevice5writeEPhj                              
00005305  _ZN9usbdevice15USBSerialDevice9SendBreakEb                            
000047e1  _ZN9usbdevice15USBSerialDevice9connectedEv                            
20001364  _ZN9usbdevice15USBSerialDevice9rxHandlerE                             
20001368  _ZN9usbdevice15USBSerialDevice9txHandlerE                             
000025f5  _ZN9usbdevice15USBSerialDeviceC1EPFYjPvjjS1_ES3_S3_                   
000025f5  _ZN9usbdevice15USBSerialDeviceC2EPFYjPvjjS1_ES3_S3_                   
20000e6e  _ZN9usbdevice16g_sKeyboardStateE                                      
00005589  _ZN9usbdevice17USBKeyboardDevice11getInstanceEv                       
00005b9d  _ZN9usbdevice17USBKeyboardDevice12GetUsageCodeEcb                     
00002b41  _ZN9usbdevice17USBKeyboardDevice14USBWriteStringEPKci                 
20001344  _ZN9usbdevice17USBKeyboardDevice15keyboardHandlerE                    
000036e1  _ZN9usbdevice17USBKeyboardDevice17USBKeyboardUpdateEhhb               
00004447  _ZN9usbdevice17USBKeyboardDevice17getKeyboardDeviceEv                 
00006221  _ZN9usbdevice17USBKeyboardDevice17releaseSpecialKeyEv                 
00003059  _ZN9usbdevice17USBKeyboardDevice22USBPressKeyCombinationEhPKhi        
00006629  _ZN9usbdevice17USBKeyboardDevice23registerKeyboardHandlerEPFYjPvjjS1_E
000056eb  _ZN9usbdevice17USBKeyboardDeviceC1EPFYjPvjjS1_E                       
000056eb  _ZN9usbdevice17USBKeyboardDeviceC2EPFYjPvjjS1_E                       
0000464f  _ZNSt9type_infoD1Ev                                                   
0000464f  _ZNSt9type_infoD2Ev                                                   
0000676f  _ZSt17__throw_bad_allocv                                              
00006df4  _ZTI14HardwareSerial                                                  
00006e50  _ZTI5Print                                                            
00006e00  _ZTI6Stream                                                           
00006e0c  _ZTI7TwoWire                                                          
00006e18  _ZTIN10__cxxabiv117__class_type_infoE                                 
00006e24  _ZTIN10__cxxabiv120__si_class_type_infoE                              
00006e58  _ZTISt9type_info                                                      
00006cf6  _ZTS14HardwareSerial                                                  
00006e68  _ZTS5Print                                                            
00006e60  _ZTS6Stream                                                           
00006e45  _ZTS7TwoWire                                                          
00006bf3  _ZTSN10__cxxabiv117__class_type_infoE                                 
00006b1a  _ZTSN10__cxxabiv120__si_class_type_infoE                              
00006de6  _ZTSSt9type_info                                                      
00006b64  _ZTV14HardwareSerial                                                  
00006cb4  _ZTV5Print                                                            
00006b88  _ZTV6Stream                                                           
00006bac  _ZTV7TwoWire                                                          
00006d08  _ZTVN10__cxxabiv117__class_type_infoE                                 
00006d18  _ZTVN10__cxxabiv120__si_class_type_infoE                              
000066d7  _ZdlPv                                                                
00006763  _ZdlPvj                                                               
20001270  __STACK_END                                                           
00000400  __STACK_SIZE                                                          
20001070  __STACK_TOP                                                           
00000008  __SYSMEM_SIZE                                                         
00006f58  __TI_CINIT_Base                                                       
00006f68  __TI_CINIT_Limit                                                      
[...]
00005c15  _ZN14HardwareSerial4readEv                                            
00005c83  USBEndpointDMADisable                                                 
00005ca7  USBEndpointDMAEnable                                                  
00005ccd  USBStackModeSet                                                       
00005cf1  _Z5delayi                                                             
00005d15  _ZN7TwoWire4peekEv                                                    
00005d39  _ZN7TwoWireC1Ev                                                       
00005d39  _ZN7TwoWireC2Ev                                                       
00005d5d  uDMAChannelControlSet                                                 
00005e09  _ZN7TwoWire5writeEPKhj                                                
00005ecd  USBRingBufAdvanceRead                                                 
00005eed  _ZN11rfid_reader7MFRC52216isNewCardPresentEv                          
00005f0d  _ZN11rfid_reader7MFRC5225delayEi                                      
00005f2d  _ZN7TwoWire5flushEv                                                   
00005f4d  USBRingBufContigFree                                                  
00005f6b  USBULPIRegRead                                                        
00005f89  USBULPIRegWrite                                                       
00005fa7  _ZN11rfid_reader7MFRC5229antennaOnEv                                  
00005ffd  USBDCDConfigGetInterface                                              
00006019  USBDCDStallEP0                                                        
00006035  USBEndpointDataAvail                                                  
00006051  USBRingBufRead                                                        
0000606d  USBRingBufWrite                                                       
00006089  _ZN11rfid_reader7MFRC5229softResetEv                                  
000060a5  _ZN7TwoWire9availableEv                                               
000060c1  _ZN7TwoWire9setModuleEm                                               
00006111  USBDCDConfigDescGetSize                                               
0000612b  USBEndpointDMAChannel                                                 
00006145  _ZN11rfid_reader7MFRC52220clearRegisterBitMaskEhh                     
000061a9  USB0DeviceIntHandler                                                  
000061c1  USBBufferInit                                                         
000061d9  USBDCDFeatureGet                                                      
00006221  _ZN9usbdevice17USBKeyboardDevice17releaseSpecialKeyEv                 
00006239  uDMAChannelDisable                                                    
00006251  uDMAChannelEnable                                                     
00006295  USBIntEnableEndpoint                                                  
000062ab  USBRingBufFlush                                                       
000062c1  USBRingBufReadOne                                                     
000062d7  USBRingBufUsed                                                        
000062ed  _ZN11rfid_reader7MFRC52218setRegisterBitMaskEhh                       
00006303  _ZN14HardwareSerial9availableEv                                       
00006319  _ZN9usbdevice15USBSerialDevice10initBufferEv                          
00006345  SysCtlUSBPLLEnable                                                    
00006359  USBDCDCTxPacketAvailable                                              
0000636d  USBDCDRequestDataEP0                                                  
00006381  USBDCDSendDataEP0                                                     
00006395  USBDMAChannelConfigSet                                                
000063a9  USBHostResume                                                         
000063d1  _ZN11rfid_reader7MFRC52214readCardSerialEv                            
0000642d  USBDMAChannelDisable                                                  
0000643f  USBDMAChannelEnable                                                   
00006451  USBDMAChannelIntDisable                                               
00006463  USBDMAChannelIntEnable                                                
00006475  USBRingBufFree                                                        
00006487  _ZN14HardwareSerial4peekEv                                            
00006499  I2CSlaveEnable                                                        
000064a9  IntMasterDisable                                                      
000064b9  IntMasterEnable                                                       
000064c9  SysTickIntHandler                                                     
000064d9  USBEndpointStatus                                                     
000064e9  USBRingBufContigUsed                                                  
000064f9  USBRingBufWriteOne                                                    
00006517  I2CSlaveInit                                                          
00006533  USBDHIDTxPacketAvailable                                              
00006541  USBDMAChannelStatus                                                   
0000654f  USBDevLPMDisable                                                      
0000655d  USBDevLPMEnable                                                       
0000656b  USBULPIDisable                                                        
00006579  USBULPIEnable                                                         
00006587  _ZN10__cxxabiv117__class_type_infoD0Ev                                
00006595  _ZN10__cxxabiv120__si_class_type_infoD0Ev                             
000065a3  __TI_decompress_none                                                  
000065b1  CPUcpsid                                                              
000065bd  CPUcpsie                                                              
000065c9  I2CSlaveIntEnableEx                                                   
000065d5  USBEndpointPacketCountSet                                             
000065e1  USBLPMIntEnable                                                       
000065ed  USBRingBufInit                                                        
000065f9  _ZN9usbdevice13USBCompDevice20registerEventHandlerEPFYjPvjjS1_E       
00006605  _ZN9usbdevice15USBSerialDevice17registerRxHandlerEPFYjPvjjS1_E        
00006611  _ZN9usbdevice15USBSerialDevice17registerTxHandlerEPFYjPvjjS1_E        
0000661d  _ZN9usbdevice15USBSerialDevice22registerControlHandlerEPFYjPvjjS1_E   
00006629  _ZN9usbdevice17USBKeyboardDevice23registerKeyboardHandlerEPFYjPvjjS1_E
00006635  __cxa_guard_acquire                                                   
00006641  __sti___7_SPI_cpp_230ca784                                            
0000664d  __sti___8_Wire_cpp_4e348ebc                                           
00006659  __TI_zero_init                                                        
00006665  USBClockEnable                                                        
0000666f  USBControllerVersion                                                  
00006679  USBDMAChannelAddressSet                                               
00006683  USBDMAChannelCountSet                                                 
0000668d  USBDevConnect                                                         
00006697  USBDevDisconnect                                                      
000066a1  USBIntStatusEndpoint                                                  
000066ab  _ZN8SPIClassC1Ev                                                      
000066ab  _ZN8SPIClassC2Ev                                                      
000066b5  __cxa_guard_release                                                   
000066bf  USBDevMode                                                            
000066c7  USBFIFOAddrGet                                                        
000066cf  USBOTGMode                                                            
000066d7  _ZdlPv                                                                
000066ef  I2CSlaveDataPut                                                       
000066f5  ResetISR                                                              
000066fb  SysCtlDelay                                                           
00006701  USBBufferFlush                                                        
00006707  USBDMAChannelIntStatus                                                
0000670d  USBDevLPMConfig                                                       
00006713  USBLPMIntStatus                                                       
00006719  _ZN8SPIClass9setModuleEh                                              
0000671f  _ZN9usbdevice15USBSerialDevice15getRxEventCountEv                     
00006725  _ZN9usbdevice15USBSerialDevice16getReceiveBufferEv                    
0000672b  _ZN9usbdevice15USBSerialDevice19getReceiveBufferEndEv                 
00006731  _ZN9usbdevice15USBSerialDevice5writeEPhj                              
00006737  __cxa_pure_virtual                                                    
0000674b  USBDevAddrSet                                                         
0000674f  _Z15USBEventHandlerPvjjS_                                             
00006753  _Z9TxHandlerPvjjS_                                                    
00006757  _ZN10__cxxabiv117__class_type_infoD1Ev                                
00006757  _ZN10__cxxabiv117__class_type_infoD2Ev                                
0000675b  _ZN10__cxxabiv120__si_class_type_infoD1Ev                             
0000675b  _ZN10__cxxabiv120__si_class_type_infoD2Ev                             
0000675f  _ZN5Print17availableForWriteEv                                        
00006763  _ZdlPvj                                                               
00006767  __abort_execution                                                     
0000676b  _system_pre_init                                                      
0000676f  C$$EXIT                                                               
0000676f  _ZSt17__throw_bad_allocv                                              
0000676f  abort                                                                 
000068b8  g_sCDCSerConfigSection                                                
000068c0  g_sIADSerConfigSection                                                
000068c8  g_sCDCSerCommInterfaceSection                                         
000068d0  g_sCDCSerDataInterfaceSection                                         
000068d8  g_sCDCSerDataInterfaceSectionHS                                       
000068e0  g_sCDCSerConfigHeader                                                 
000068e8  g_sCDCSerConfigHeaderHS                                               
000068f0  g_sCDCCompSerConfigHeader                                             
000068f8  g_sCDCCompSerConfigHeaderHS                                           
00006900  g_ppCDCSerConfigDescriptors                                           
00006904  g_ppCDCSerConfigDescriptorsHS                                         
00006908  g_pCDCCompSerConfigDescriptors                                        
0000690c  g_pCDCCompSerConfigDescriptorsHS                                      
0000698f  g_pui8ConfigString                                                    
00006a30  g_sCDCHandlers                                                        
00006a60  g_sCompHandlers                                                       
00006a90  g_sHIDHandlers                                                        
00006ac0  g_pui8CDCSerDataInterface                                             
00006ad7  g_pui8CDCSerDataInterfaceHS                                           
00006aee  g_pui8ControlInterfaceString                                          
00006b1a  _ZTSN10__cxxabiv120__si_class_type_infoE                              
00006b3f  g_pui8ManufacturerString                                              
00006b64  _ZTV14HardwareSerial                                                  
00006b88  _ZTV6Stream                                                           
00006bac  _ZTV7TwoWire                                                          
00006bd0  g_pui8CDCSerCommInterface                                             
00006bf3  _ZTSN10__cxxabiv117__class_type_infoE                                 
00006c98  g_pui8ProductString                                                   
00006cb4  _ZTV5Print                                                            
00006ccc  g_pui8StringDescriptors                                               
00006ce4  g_pui8SerialNumberString                                              
00006cf6  _ZTS14HardwareSerial                                                  
00006d08  _ZTVN10__cxxabiv117__class_type_infoE                                 
00006d18  _ZTVN10__cxxabiv120__si_class_type_infoE                              
00006de6  _ZTSSt9type_info                                                      
00006df4  _ZTI14HardwareSerial                                                  
00006e00  _ZTI6Stream                                                           
00006e0c  _ZTI7TwoWire                                                          
00006e18  _ZTIN10__cxxabiv117__class_type_infoE                                 
00006e24  _ZTIN10__cxxabiv120__si_class_type_infoE                              
00006e45  _ZTS7TwoWire                                                          
00006e50  _ZTI5Print                                                            
00006e58  _ZTISt9type_info                                                      
00006e60  _ZTS6Stream                                                           
00006e68  _ZTS5Print                                                            
00006e6f  g_pui8LangDescriptor                                                  
00006e74  NUM_STRING_DESCRIPTORS                                                
00006e7c  SHT$$INIT_ARRAY$$Base                                                 
00006e88  SHT$$INIT_ARRAY$$Limit                                                
00006f44  __TI_Handler_Table_Base                                               
00006f50  __TI_Handler_Table_Limit                                              
00006f58  __TI_CINIT_Base                                                       
00006f68  __TI_CINIT_Limit                                                      
20000b14  g_psDCDInst                                                           
20000ba4  _ZN7TwoWire8rxBufferE                                                 
20000be4  _ZN7TwoWire8txBufferE                                                 
20000c24  Serial1                                                               
20000c5c  Serial2                                                               
20000c94  Serial3                                                               
20000ccc  Serial4                                                               
20000d04  Serial5                                                               
20000d3c  Serial6                                                               
20000d74  Serial7                                                               
20000dac  Serial                                                                
20000e00  g_pfnTickHandlers                                                     
20000e18  g_pvTickInstance                                                      
20000e30  Wire                                                                  
20000e58  g_ppCompConfigDescriptors                                             
20000e5c  g_ppsDevInfo                                                          
20000e64  ui32RxCount                                                           
20000e68  ui32TxCount                                                           
20000e6c  SPI                                                                   
20000e6e  _ZN9usbdevice16g_sKeyboardStateE                                      
20000e70  __stack                                                               
20001070  __STACK_TOP                                                           
20001270  __STACK_END                                                           
20001270  g_pui8CDCSerDeviceDescriptor                                          
20001282  g_pui8CDCSerDescriptor                                                
2000128b  g_pui8IADSerDescriptor                                                
20001294  g_psCDCSerSections                                                    
200012a0  g_psCDCSerSectionsHS                                                  
200012ac  g_psCDCCompSerSections                                                
200012bc  g_psCDCCompSerSectionsHS                                              
2000132f  g_pui8HIDDeviceDescriptor                                             
20001344  _ZN9usbdevice17USBKeyboardDevice15keyboardHandlerE                    
20001360  _ZN9usbdevice15USBSerialDevice14controlHandlerE                       
20001364  _ZN9usbdevice15USBSerialDevice9rxHandlerE                             
20001368  _ZN9usbdevice15USBSerialDevice9txHandlerE                             
2000136c  g_bUSBTimerInitialized                                                
20001370  g_ui32CurrentUSBTick                                                  
20001374  g_ui32USBSOFCount                                                     
20001378  _ZN7TwoWire11rxReadIndexE                                             
20001379  _ZN7TwoWire12rxWriteIndexE                                            
2000137a  _ZN7TwoWire9txAddressE                                                
2000137b  _ZN7TwoWire11txReadIndexE                                             
2000137c  _ZN7TwoWire12txWriteIndexE                                            
2000137d  _ZN7TwoWire9i2cModuleE                                                
2000137e  _ZN7TwoWire12slaveAddressE                                            
2000137f  _ZN7TwoWire12transmittingE                                            
20001380  _ZN7TwoWire12currentStateE                                            
20001384  g_iUSBMode                                                            
20001388  g_ui32WaitTicks                                                       
20001390  _lock                                                                 
20001394  _unlock                                                               
200013a0  cardMissing                                                           
200013a4  os                                                                    
200013a8  _ZN9usbdevice13USBCompDevice12eventHandlerE                           
200013ac  currentUid                                                            
200013b0  g_ui32SysTickCount                                                    
200013b8  _sys_memory                                                           
ffffffff  __TI_pprof_out_hndl                                                   
ffffffff  __TI_prof_data_size                                                   
ffffffff  __TI_prof_data_start                                                  
ffffffff  __binit__                                                             
ffffffff  __c_args__                                                            
ffffffff  binit                                                                 
UNDEFED   __mpu_init                                                            
UNDEFED   _system_post_cinit                                                    

[390 symbols]
