******************************************************************************
                  TI ARM Linker PC v18.1.3                     
******************************************************************************
>> Linked Tue Dec 11 16:47:31 2018

OUTPUT FILE NAME:   <usb_keyb_dev.out>
ENTRY POINT SYMBOL: "_c_int00_noargs"  address: 000041c1


MEMORY CONFIGURATION

         name            origin    length      used     unused   attr    fill
----------------------  --------  ---------  --------  --------  ----  --------
  FLASH                 00000000   00040000  0000583c  0003a7c4  R  X
  SRAM                  20000000   00008000  0000111c  00006ee4  RW X


SEGMENT ALLOCATION MAP

run origin  load origin   length   init length attrs members
----------  ----------- ---------- ----------- ----- -------
00000000    00000000    00005840   00005840    r-x
  00000000    00000000    0000026c   0000026c    r-- .intvecs
  0000026c    0000026c    0000503c   0000503c    r-x .text
  000052a8    000052a8    000004c8   000004c8    r-- .const
  00005770    00005770    00000004   00000004    r-- .init_array
  00005778    00005778    000000c8   000000c8    r-- .cinit
20000000    20000000    00001120   00000000    rw-
  20000000    20000000    00000c04   00000000    rw- .bss
  20000c08    20000c08    00000400   00000000    rw- .stack
  20001008    20001008    00000118   00000000    rw- .data


SECTION ALLOCATION MAP

 output                                  attributes/
section   page    origin      length       input sections
--------  ----  ----------  ----------   ----------------
.intvecs   0    00000000    0000026c     
                  00000000    0000026c     tm4c123gh6pm_startup_ccs.obj (.intvecs)

.text      0    0000026c    0000503c     
                  0000026c    00000210     main.obj (.text:main)
                  0000047c    000001f6     usblib.lib : usbdcomp.obj (.text:BuildCompositeDescriptor)
                  00000672    00000002     tm4c123gh6pm_startup_ccs.obj (.text:FaultISR)
                  00000674    00000160     uartstdio.obj (.text:UARTStdioIntHandler)
                  000007d4    00000160     usblib.lib : usbdma.obj (.text:USBLibDMAInit)
                  00000934    00000150                : usbdenum.obj (.text:USBDCDInit)
                  00000a84    00000150                : usbdenum.obj (.text:USBDEP0StateTxConfig)
                  00000bd4    00000150                : usbdenum.obj (.text:USBDeviceIntHandlerInternal)
                  00000d24    00000148                : usbdconfig.obj (.text:USBDeviceConfig)
                  00000e6c    00000124     main.obj (.text:_Z12configureUSBv)
                  00000f90    00000114     usblib.lib : usbdhid.obj (.text:HandleRequest)
                  000010a4    00000110     driverlib.lib : sysctl.obj (.text:SysCtlClockGet)
                  000011b4    00000108     SPI.obj (.text:_ZN8SPIClass5beginEv)
                  000012bc    000000f4     usblib.lib : usbdma.obj (.text:iDMAUSBTransfer)
                  000013b0    000000e4                : usbdenum.obj (.text:USBDGetDescriptor)
                  00001494    000000e0                : usbdhid.obj (.text:USBDHIDCompositeInit)
                  00001574    000000d8                : usbdcdc.obj (.text:USBDCDCCompositeInit)
                  0000164c    000000d8                : usbdenum.obj (.text:USBDeviceEnumHandler)
                  00001724    000000d4                : usbdcdc.obj (.text:HandleRequests)
                  000017f8    000000d4                : usbdcomp.obj (.text:USBDCompositeInit)
                  000018cc    000000c4                : usbdma.obj (.text:uDMAUSBChannelAllocate)
                  00001990    000000be                : usbbuffer.obj (.text:HandleRxAvailable)
                  00001a4e    00000002     tm4c123gh6pm_startup_ccs.obj (.text:IntDefaultHandler)
                  00001a50    000000bc     USBSerialDevice.obj (.text:_ZN9usbdevice15USBSerialDeviceC1EPFYjPvjjS1_ES3_S3_)
                  00001b0c    000000bc     usblib.lib : usbdma.obj (.text:uDMAUSBTransfer)
                  00001bc8    000000b4                : usbdcdc.obj (.text:HandleDevice)
                  00001c7c    000000a8     uartstdio.obj (.text:UARTwrite)
                  00001d24    000000a6     usblib.lib : usbdhidkeyb.obj (.text:HIDKeyboardRxHandler)
                  00001dca    00000002     tm4c123gh6pm_startup_ccs.obj (.text:NmiSR)
                  00001dcc    0000009c     usblib.lib : usbdhidkeyb.obj (.text:USBDHIDKeyboardCompositeInit)
                  00001e68    0000009c     rtsv7M4_T_le_v4SPD16_eabi.lib : memcpy_t2.asm.obj (.text)
                  00001f04    00000098     usblib.lib : usbdenum.obj (.text:USBDSetInterface)
                  00001f9c    00000098     USBKeyboardDevice.obj (.text:_ZN9usbdevice17USBKeyboardDevice14USBWriteStringEPKci)
                  00002034    00000096     usblib.lib : usbdcdc.obj (.text:CDCTickHandler)
                  000020ca    00000094                : usbdcdc.obj (.text:SendSerialState)
                  0000215e    00000092                : usbbuffer.obj (.text:ScheduleNextTransmission)
                  000021f0    00000090                : usbdcdc.obj (.text:USBDCDCPacketRead)
                  00002280    00000090                : usbdenum.obj (.text:USBDSetConfiguration)
                  00002310    0000008c     uartstdio.obj (.text:UARTPrimeTransmit)
                  0000239c    0000008c     usblib.lib : usbdconfig.obj (.text:USBDeviceConfigAlternate)
                  00002428    0000008c     USBSerialDevice.obj (.text:_ZN9usbdevice15USBSerialDevice13GetLineCodingEP11tLineCoding)
                  000024b4    0000008c     USBKeyboardDevice.obj (.text:_ZN9usbdevice17USBKeyboardDevice22USBPressKeyCombinationEhPKhi)
                  00002540    00000088     buttons.obj (.text:ButtonsPoll)
                  000025c8    00000088     usblib.lib : usbdhid.obj (.text:ProcessIdleTimers)
                  00002650    00000086                : usbdhidkeyb.obj (.text:USBDHIDKeyboardKeyStateChange)
                  000026d6    00000002     USBSerialDevice.obj (.text:_ZN9usbdevice15USBSerialDevice15getSerialDeviceEv)
                  000026d8    00000084     USBSerialDevice.obj (.text:_ZN9usbdevice15USBSerialDevice13SetLineCodingEP11tLineCoding)
                  0000275c    00000084     usblib.lib : usbdma.obj (.text:iDMAUSBChannelAllocate)
                  000027e0    00000084     driverlib.lib : udma.obj (.text:uDMAChannelTransferSet)
                  00002864    00000080     usblib.lib : usbdenum.obj (.text:USBDClearFeature)
                  000028e4    0000007a     driverlib.lib : usb.obj (.text:USBDevEndpointConfigSet)
                  0000295e    0000007a     rtsv7M4_T_le_v4SPD16_eabi.lib : memset_t2.asm.obj (.text)
                  000029d8    00000078     usblib.lib : usbdenum.obj (.text:USBDGetStatus)
                  00002a50    00000078     USBKeyboardDevice.obj (.text:_ZN9usbdevice17USBKeyboardDevice17USBKeyboardUpdateEhhb)
                  00002ac8    00000074     main.obj (.text:_Z14ControlHandlerPvjjS_)
                  00002b3c    00000072     usblib.lib : usbdcdc.obj (.text:ProcessDataFromHost)
                  00002bae    00000002     USBSerialDevice.obj (.text:_ZN9usbdevice15USBSerialDevice19SetControlLineStateEt)
                  00002bb0    00000070     usblib.lib : usbdenum.obj (.text:USBDEP0StateTx)
                  00002c20    00000070                : usbdma.obj (.text:uDMAUSBArbSizeSet)
                  00002c90    00000070                : usbdma.obj (.text:uDMAUSBUnitSizeSet)
                  00002d00    0000006c                : usbdcdc.obj (.text:ProcessDataToHost)
                  00002d6c    0000006c                : usbdenum.obj (.text:USBDSetFeature)
                  00002dd8    00000068     buttons.obj (.text:ButtonsInit)
                  00002e40    00000068     driverlib.lib : interrupt.obj (.text:IntDisable)
                  00002ea8    00000068                   : interrupt.obj (.text:IntEnable)
                  00002f10    00000068     rtsv7M4_T_le_v4SPD16_eabi.lib : copy_decompress_lzss.c.obj (.text:decompress:lzss:__TI_decompress_lzss)
                  00002f78    00000064     usblib.lib : usbdcomp.obj (.text:GetDescriptor)
                  00002fdc    00000064                : usbdhid.obj (.text:HandleGetDescriptor)
                  00003040    00000064                : usbdcomp.obj (.text:HandleRequests)
                  000030a4    00000064     driverlib.lib : interrupt.obj (.text:IntIsEnabled)
                  00003108    00000064     usblib.lib : usbbuffer.obj (.text:USBBufferEventCallback)
                  0000316c    00000064                : usbdma.obj (.text:uDMAUSBChannelEnable)
                  000031d0    00000060                : usbdcomp.obj (.text:HandleDevice)
                  00003230    00000060                : usbdhid.obj (.text:HandleDevice)
                  00003290    00000060                : usbdhid.obj (.text:ProcessDataFromHost)
                  000032f0    00000060                : usbdcdc.obj (.text:USBDCDCPacketWrite)
                  00003350    00000060                : usbdenum.obj (.text:USBDReadAndDispatchRequest)
                  000033b0    00000060     rtsv7M4_T_le_v4SPD16_eabi.lib : autoinit.c.obj (.text:__TI_auto_init_nobinit:__TI_auto_init_nobinit)
                  00003410    0000005e     driverlib.lib : usb.obj (.text:USBDevEndpointStatusClear)
                  0000346e    0000005c     usblib.lib : usbdhid.obj (.text:FindHIDDescriptor)
                  000034ca    00000002     USBKeyboardDevice.obj (.text:_ZN9usbdevice17USBKeyboardDevice17getKeyboardDeviceEv)
                  000034cc    00000058     USBCompDevice.obj (.text:_ZN9usbdevice13USBCompDeviceC1EPFYjPvjjS1_E)
                  00003524    00000056     usblib.lib : usbdhidkeyb.obj (.text:RemoveKeyFromPressedList)
                  0000357a    00000056                : usbdma.obj (.text:uDMAUSBChannelRelease)
                  000035d0    00000054                : usbdhid.obj (.text:ProcessDataToHost)
                  00003624    00000052                : usbulpi.obj (.text:ULPIConfigSet)
                  00003676    00000002                : usbdma.obj (.text:iDMAUSBArbSizeSet)
                  00003678    00000050     driverlib.lib : sysctl.obj (.text:SysCtlPeripheralReset)
                  000036c8    00000050     usblib.lib : usbdcdesc.obj (.text:USBDCDConfigDescGet)
                  00003718    00000050                : usbdenum.obj (.text:USBDeviceResumeTickHandler)
                  00003768    00000050     USBSerialDevice.obj (.text:_ZN9usbdevice15USBSerialDevice20USBUARTPrimeTransmitEv)
                  000037b8    0000004e     USBSerialDevice.obj (.text:_ZN9usbdevice15USBSerialDevice9connectedEv)
                  00003806    0000004c     usblib.lib : usbdconfig.obj (.text:GetEPDescriptorType)
                  00003852    00000002                : usbdma.obj (.text:iDMAUSBUnitSizeSet)
                  00003854    0000004c                : usbdenum.obj (.text:USBDStringIndexFromRequest)
                  000038a0    0000004c     driverlib.lib : usb.obj (.text:USBEndpointDMAConfigSet)
                  000038ec    0000004c     usblib.lib : usbdma.obj (.text:iDMAUSBChannelEnable)
                  00003938    0000004a                : usbdcdesc.obj (.text:ConfigAlternateInterfaceGet)
                  00003982    0000004a                : usbdcdc.obj (.text:HandleEP0Data)
                  000039cc    0000004a                : usbdcdc.obj (.text:HandleEndpoints)
                  00003a16    0000004a                : usbdhid.obj (.text:USBDHIDReportWrite)
                  00003a60    0000004a     driverlib.lib : usb.obj (.text:USBDevEndpointStallClear)
                  00003aaa    0000004a     usblib.lib : usbdma.obj (.text:uDMAUSBChannelDisable)
                  00003af4    00000048                : usbdhid.obj (.text:SetIdleTimeout)
                  00003b3c    00000048                : usbdenum.obj (.text:USBDeviceEnumResetHandler)
                  00003b84    00000048     SPI.obj (.text:_ZN8SPIClass8transferEh)
                  00003bcc    00000048     driverlib.lib : udma.obj (.text:uDMAChannelAttributeDisable)
                  00003c14    00000046                   : usb.obj (.text:USBEndpointDataGet)
                  00003c5a    00000002     usblib.lib : usbdma.obj (.text:uDMAUSBChannelIntDisable)
                  00003c5c    00000044                : usbdenum.obj (.text:USBDCDDeviceInfoInit)
                  00003ca0    00000044                : usbdenum.obj (.text:USBDGetInterface)
                  00003ce4    00000044     main.obj (.text:_Z9RxHandlerPvjjS_)
                  00003d28    00000044     USBSerialDevice.obj (.text:_ZN9usbdevice15USBSerialDevice11getInstanceEv)
                  00003d6c    00000041     USBSerialDevice.obj (.text:_ZN9usbdevice15USBSerialDevice12disconnectedEv)
                  00003dad    00000001     --HOLE-- [fill = 0]
                  00003dae    00000040     usblib.lib : usbdcomp.obj (.text:ConfigChangeHandler)
                  00003dee    00000040                : usbdhid.obj (.text:ScheduleReportTransmission)
                  00003e2e    0000003e                : usbdhidkeyb.obj (.text:HIDKeyboardTxHandler)
                  00003e6c    0000003c     USBCompDevice.obj (.text:_ZN9usbdevice13USBCompDevice4initEv)
                  00003ea8    0000003c     usblib.lib : usbdma.obj (.text:iDMAUSBChannelRelease)
                  00003ee4    0000003a                : usbdcomp.obj (.text:EndpointToIndex)
                  00003f1e    0000003a     driverlib.lib : usb.obj (.text:USBFIFOConfigSet)
                  00003f58    00000038     usblib.lib : usbdcomp.obj (.text:HandleDisconnect)
                  00003f90    00000038                : usbtick.obj (.text:InternalUSBRegisterTickHandler)
                  00003fc8    00000038                : usbtick.obj (.text:InternalUSBStartOfFrameTick)
                  00004000    00000038                : usbdcomp.obj (.text:ResetHandler)
                  00004038    00000038                : usbdcomp.obj (.text:ResumeHandler)
                  00004070    00000038                : usbdcdc.obj (.text:SendBreak)
                  000040a8    00000038                : usbdcomp.obj (.text:SuspendHandler)
                  000040e0    00000038                : usbdcdesc.obj (.text:USBDCDConfigGetInterfaceEndpoint)
                  00004118    00000038     driverlib.lib : usb.obj (.text:USBIntStatusControl)
                  00004150    00000038     usblib.lib : usbringbuf.obj (.text:USBRingBufAdvanceWrite)
                  00004188    00000038     USBSerialDevice.obj (.text:_ZN9usbdevice15USBSerialDevice9SendBreakEb)
                  000041c0    00000038     rtsv7M4_T_le_v4SPD16_eabi.lib : boot_cortex_m.c.obj (.text:_c_int00_noargs:_c_int00_noargs)
                  000041f8    00000036     usblib.lib : usbdhid.obj (.text:HandleEndpoints)
                  0000422e    00000036                : usbdcomp.obj (.text:InterfaceChange)
                  00004264    00000036     driverlib.lib : usb.obj (.text:USBEndpointDataPut)
                  0000429a    00000002     usblib.lib : usbdma.obj (.text:uDMAUSBChannelIntEnable)
                  0000429c    00000034                : usbdhid.obj (.text:HIDTickHandler)
                  000042d0    00000034                : usbdcdc.obj (.text:HandleConfigChange)
                  00004304    00000034     driverlib.lib : sysctl.obj (.text:SysCtlPeripheralEnable)
                  00004338    00000034                   : usb.obj (.text:USBEndpointDataSend)
                  0000436c    00000034     USBCompDevice.obj (.text:_ZN9usbdevice13USBCompDevice11getInstanceEv)
                  000043a0    00000034     USBKeyboardDevice.obj (.text:_ZN9usbdevice17USBKeyboardDevice11getInstanceEv)
                  000043d4    00000034     usblib.lib : usbdma.obj (.text:iDMAUSBChannelStatus)
                  00004408    00000032                : usbdhid.obj (.text:ClearReportTimer)
                  0000443a    00000032                : usbdhid.obj (.text:HandleConfigChange)
                  0000446c    00000032                : usbdcdesc.obj (.text:NextConfigDescGet)
                  0000449e    00000032                : usbdcdc.obj (.text:ProcessNotificationToHost)
                  000044d0    00000032     driverlib.lib : usb.obj (.text:USBDevEndpointStall)
                  00004502    00000032     USBKeyboardDevice.obj (.text:_ZN9usbdevice17USBKeyboardDeviceC1EPFYjPvjjS1_E)
                  00004534    00000032     usblib.lib : usbdma.obj (.text:iDMAUSBChannelDisable)
                  00004566    00000030                : usbdhidkeyb.obj (.text:AddKeyToPressedList)
                  00004596    00000030                : usbdma.obj (.text:DMAUSBIntHandler)
                  000045c6    00000002     --HOLE-- [fill = 0]
                  000045c8    00000030                : usbtick.obj (.text:InternalUSBTickInit)
                  000045f8    00000030                : usbdenum.obj (.text:USBDGetConfiguration)
                  00004628    00000030                : usbringbuf.obj (.text:UpdateIndexAtomic)
                  00004658    0000002e                : usbdcomp.obj (.text:HandleEndpoints)
                  00004686    0000002e                : usbbuffer.obj (.text:USBBufferWrite)
                  000046b4    0000002e                : usbdcdc.obj (.text:USBDCDCRxPacketAvailable)
                  000046e2    0000002e     USBSerialDevice.obj (.text:_ZN9usbdevice15USBSerialDevice10readBufferEv)
                  00004710    0000002c     usblib.lib : usbdcomp.obj (.text:InterfaceToIndex)
                  0000473c    0000002c                : usbdesc.obj (.text:USBDescGet)
                  00004768    0000002c                : usbdma.obj (.text:uDMAUSBIntStatus)
                  00004794    0000002a                : usbbuffer.obj (.text:HandleRequestBuffer)
                  000047be    0000002a                : usbdcdesc.obj (.text:USBDCDConfigDescGetNum)
                  000047e8    0000002a                : usbdesc.obj (.text:USBDescGetNum)
                  00004812    0000002a     driverlib.lib : usb.obj (.text:USBDevEndpointDataAck)
                  0000483c    00000028     usblib.lib : usbdhid.obj (.text:GetIdleTimeout)
                  00004864    00000028                : usbdhid.obj (.text:HandleEP0DataReceived)
                  0000488c    00000028                : usbbuffer.obj (.text:USBBufferRead)
                  000048b4    00000028                : usbdenum.obj (.text:USBDSetAddress)
                  000048dc    00000028     driverlib.lib : usb.obj (.text:USBIntEnableControl)
                  00004904    00000028     main.obj (.text:_Z18USBKeyboardHandlerPvjjS_)
                  0000492c    00000028     USBKeyboardDevice.obj (.text:_ZN9usbdevice17USBKeyboardDevice12GetUsageCodeEcb)
                  00004954    00000028     driverlib.lib : udma.obj (.text:uDMAChannelModeGet)
                  0000497c    00000024     usblib.lib : usbdcdc.obj (.text:HandleDisconnect)
                  000049a0    00000024                : usbdcdc.obj (.text:SendLineStateChange)
                  000049c4    00000024     driverlib.lib : usb.obj (.text:USBEndpointDMADisable)
                  000049e8    00000024                   : usb.obj (.text:USBEndpointDMAEnable)
                  00004a0c    00000024     usblib.lib : usbmode.obj (.text:USBStackModeSet)
                  00004a30    00000024     main.obj (.text:_Z5delayi)
                  00004a54    00000024     driverlib.lib : udma.obj (.text:uDMAChannelControlSet)
                  00004a78    00000022     usblib.lib : usbdcomp.obj (.text:DataReceived)
                  00004a9a    00000022                : usbdcomp.obj (.text:DataSent)
                  00004abc    00000022                : usbdhid.obj (.text:HandleDisconnect)
                  00004ade    00000022                : usbdcdc.obj (.text:SendLineCodingChange)
                  00004b00    00000022                : usbdma.obj (.text:uDMAUSBChannelStatus)
                  00004b22    00000020                : usbdcdc.obj (.text:CheckAndSendBreak)
                  00004b42    00000020                : usbdconfig.obj (.text:GetEndpointFIFOSize)
                  00004b62    00000020                : usbbuffer.obj (.text:HandleDataRemaining)
                  00004b82    00000020                : usbdhid.obj (.text:HandleEP0DataSent)
                  00004ba2    00000020                : usbringbuf.obj (.text:USBRingBufAdvanceRead)
                  00004bc2    0000001e                : usbringbuf.obj (.text:USBRingBufContigFree)
                  00004be0    0000001e     driverlib.lib : usb.obj (.text:USBULPIRegRead)
                  00004bfe    0000001e                   : usb.obj (.text:USBULPIRegWrite)
                  00004c1c    0000001c     usblib.lib : usbdcomp.obj (.text:CompositeEPChange)
                  00004c38    0000001c                : usbdcomp.obj (.text:CompositeIfaceChange)
                  00004c54    0000001c                : usbdcdesc.obj (.text:USBDCDConfigGetInterface)
                  00004c70    0000001c                : usbdenum.obj (.text:USBDCDStallEP0)
                  00004c8c    0000001c     driverlib.lib : usb.obj (.text:USBEndpointDataAvail)
                  00004ca8    0000001c     usblib.lib : usbringbuf.obj (.text:USBRingBufRead)
                  00004cc4    0000001c                : usbringbuf.obj (.text:USBRingBufWrite)
                  00004ce0    0000001a                : usbdhid.obj (.text:ClearIdleTimers)
                  00004cfa    0000001a                : usbdcdc.obj (.text:DeviceConsumedAllData)
                  00004d14    0000001a                : usbdcdesc.obj (.text:USBDCDConfigDescGetSize)
                  00004d2e    0000001a     driverlib.lib : usb.obj (.text:USBEndpointDMAChannel)
                  00004d48    00000018     uartstdio.obj (.text:IsBufferFull)
                  00004d60    00000018     usblib.lib : usbdcdc.obj (.text:SetDeferredOpFlag)
                  00004d78    00000018                : usbdhid.obj (.text:SetDeferredOpFlag)
                  00004d90    00000018                : usbdhandler.obj (.text:USB0DeviceIntHandler)
                  00004da8    00000018                : usbbuffer.obj (.text:USBBufferInit)
                  00004dc0    00000018                : usbdenum.obj (.text:USBDCDFeatureGet)
                  00004dd8    00000018                : usbdenum.obj (.text:USBDSetDescriptor)
                  00004df0    00000018                : usbdenum.obj (.text:USBDSyncFrame)
                  00004e08    00000018     USBKeyboardDevice.obj (.text:_ZN9usbdevice17USBKeyboardDevice17releaseSpecialKeyEv)
                  00004e20    00000018     driverlib.lib : udma.obj (.text:uDMAChannelDisable)
                  00004e38    00000018                   : udma.obj (.text:uDMAChannelEnable)
                  00004e50    00000016     usblib.lib : usbdcdc.obj (.text:CheckAndSendLineCodingChange)
                  00004e66    00000016                : usbdcdc.obj (.text:CheckAndSendLineStateChange)
                  00004e7c    00000016     driverlib.lib : usb.obj (.text:USBIntEnableEndpoint)
                  00004e92    00000016     usblib.lib : usbringbuf.obj (.text:USBRingBufFlush)
                  00004ea8    00000016                : usbringbuf.obj (.text:USBRingBufReadOne)
                  00004ebe    00000016                : usbringbuf.obj (.text:USBRingBufUsed)
                  00004ed4    00000016     USBSerialDevice.obj (.text:_ZN9usbdevice15USBSerialDevice10initBufferEv)
                  00004eea    00000014     usblib.lib : usbbuffer.obj (.text:HandleTxComplete)
                  00004efe    00000002     --HOLE-- [fill = 0]
                  00004f00    00000014     driverlib.lib : sysctl.obj (.text:SysCtlUSBPLLEnable)
                  00004f14    00000014     usblib.lib : usbdcdc.obj (.text:USBDCDCTxPacketAvailable)
                  00004f28    00000014                : usbdenum.obj (.text:USBDCDRequestDataEP0)
                  00004f3c    00000014                : usbdenum.obj (.text:USBDCDSendDataEP0)
                  00004f50    00000014     driverlib.lib : usb.obj (.text:USBDMAChannelConfigSet)
                  00004f64    00000014                   : usb.obj (.text:USBHostResume)
                  00004f78    00000014                   : usb.obj (.text:_USBIndexWrite)
                  00004f8c    00000012     usblib.lib : usbdcdc.obj (.text:HandleResume)
                  00004f9e    00000012                : usbdhid.obj (.text:HandleResume)
                  00004fb0    00000012                : usbdcdc.obj (.text:HandleSuspend)
                  00004fc2    00000012                : usbdhid.obj (.text:HandleSuspend)
                  00004fd4    00000012     driverlib.lib : usb.obj (.text:USBDMAChannelDisable)
                  00004fe6    00000012                   : usb.obj (.text:USBDMAChannelEnable)
                  00004ff8    00000012                   : usb.obj (.text:USBDMAChannelIntDisable)
                  0000500a    00000012                   : usb.obj (.text:USBDMAChannelIntEnable)
                  0000501c    00000012     usblib.lib : usbringbuf.obj (.text:USBRingBufFree)
                  0000502e    00000010     driverlib.lib : interrupt.obj (.text:IntMasterDisable)
                  0000503e    00000010                   : interrupt.obj (.text:IntMasterEnable)
                  0000504e    00000002     --HOLE-- [fill = 0]
                  00005050    00000010     tm4c123gh6pm_startup_ccs.obj (.text:SysTickIntHandler)
                  00005060    00000010     driverlib.lib : usb.obj (.text:USBEndpointStatus)
                  00005070    00000010     usblib.lib : usbringbuf.obj (.text:USBRingBufContigUsed)
                  00005080    00000010                : usbringbuf.obj (.text:USBRingBufWriteOne)
                  00005090    0000000e                : usbdma.obj (.text:DMAUSBIntStatusClear)
                  0000509e    0000000e     uartstdio.obj (.text:IsBufferEmpty)
                  000050ac    0000000e     usblib.lib : usbdhid.obj (.text:USBDHIDTxPacketAvailable)
                  000050ba    0000000e     driverlib.lib : usb.obj (.text:USBDMAChannelStatus)
                  000050c8    0000000e                   : usb.obj (.text:USBDevLPMDisable)
                  000050d6    0000000e                   : usb.obj (.text:USBDevLPMEnable)
                  000050e4    0000000e                   : usb.obj (.text:USBULPIDisable)
                  000050f2    0000000e                   : usb.obj (.text:USBULPIEnable)
                  00005100    0000000e     USBSerialDevice.obj (.text:_ZN9usbdevice15USBSerialDevice22resetCommandStatusFlagEv)
                  0000510e    0000000e     rtsv7M4_T_le_v4SPD16_eabi.lib : copy_decompress_none.c.obj (.text:decompress:none:__TI_decompress_none)
                  0000511c    0000000c     driverlib.lib : cpu.obj (.text:CPUcpsid)
                  00005128    0000000c                   : cpu.obj (.text:CPUcpsie)
                  00005134    0000000c                   : usb.obj (.text:USBEndpointPacketCountSet)
                  00005140    0000000c                   : usb.obj (.text:USBLPMIntEnable)
                  0000514c    0000000c     usblib.lib : usbringbuf.obj (.text:USBRingBufInit)
                  00005158    0000000c     USBCompDevice.obj (.text:_ZN9usbdevice13USBCompDevice20registerEventHandlerEPFYjPvjjS1_E)
                  00005164    0000000c     USBSerialDevice.obj (.text:_ZN9usbdevice15USBSerialDevice17registerRxHandlerEPFYjPvjjS1_E)
                  00005170    0000000c     USBSerialDevice.obj (.text:_ZN9usbdevice15USBSerialDevice17registerTxHandlerEPFYjPvjjS1_E)
                  0000517c    0000000c     USBSerialDevice.obj (.text:_ZN9usbdevice15USBSerialDevice22registerControlHandlerEPFYjPvjjS1_E)
                  00005188    0000000c     USBKeyboardDevice.obj (.text:_ZN9usbdevice17USBKeyboardDevice23registerKeyboardHandlerEPFYjPvjjS1_E)
                  00005194    0000000c     rtsv7M4_T_le_v4SPD16_eabi.lib : guard.c.obj (.text:__cxa_guard_acquire)
                  000051a0    0000000c     SPI.obj (.text:__sti___7_SPI_cpp_230ca784)
                  000051ac    0000000c     rtsv7M4_T_le_v4SPD16_eabi.lib : copy_zero_init.c.obj (.text:decompress:ZI:__TI_zero_init)
                  000051b8    0000000a     driverlib.lib : usb.obj (.text:USBClockEnable)
                  000051c2    0000000a                   : usb.obj (.text:USBControllerVersion)
                  000051cc    0000000a                   : usb.obj (.text:USBDMAChannelAddressSet)
                  000051d6    0000000a                   : usb.obj (.text:USBDMAChannelCountSet)
                  000051e0    0000000a                   : usb.obj (.text:USBDevConnect)
                  000051ea    0000000a                   : usb.obj (.text:USBDevDisconnect)
                  000051f4    0000000a                   : usb.obj (.text:USBIntStatusEndpoint)
                  000051fe    0000000a     SPI.obj (.text:_ZN8SPIClassC1Ev)
                  00005208    0000000a     USBSerialDevice.obj (.text:_ZN9usbdevice15USBSerialDevice20commandStatusUpdatedEv)
                  00005212    0000000a     rtsv7M4_T_le_v4SPD16_eabi.lib : guard.c.obj (.text:__cxa_guard_release)
                  0000521c    00000008     driverlib.lib : usb.obj (.text:USBDevMode)
                  00005224    00000008                   : usb.obj (.text:USBFIFOAddrGet)
                  0000522c    00000008                   : usb.obj (.text:USBOTGMode)
                  00005234    00000008     usblib.lib : usbdma.obj (.text:iDMAUSBChannelIntDisable)
                  0000523c    00000008                : usbdma.obj (.text:iDMAUSBChannelIntEnable)
                  00005244    00000006     driverlib.lib : gpio.obj (.text:GPIOPinWrite)
                  0000524a    00000006     tm4c123gh6pm_startup_ccs.obj (.text:ResetISR)
                  00005250    00000006     driverlib.lib : sysctl.obj (.text:SysCtlDelay)
                  00005256    00000006     usblib.lib : usbbuffer.obj (.text:USBBufferFlush)
                  0000525c    00000006     driverlib.lib : usb.obj (.text:USBDMAChannelIntStatus)
                  00005262    00000006                   : usb.obj (.text:USBDevLPMConfig)
                  00005268    00000006                   : usb.obj (.text:USBLPMIntStatus)
                  0000526e    00000006     USBSerialDevice.obj (.text:_ZN9usbdevice15USBSerialDevice15getRxEventCountEv)
                  00005274    00000006     USBSerialDevice.obj (.text:_ZN9usbdevice15USBSerialDevice16getReceiveBufferEv)
                  0000527a    00000006     USBSerialDevice.obj (.text:_ZN9usbdevice15USBSerialDevice19getReceiveBufferEndEv)
                  00005280    00000006     USBSerialDevice.obj (.text:_ZN9usbdevice15USBSerialDevice5writeEPhj)
                  00005286    00000006     usblib.lib : usbdma.obj (.text:iDMAUSBIntStatus)
                  0000528c    00000004                : usbdma.obj (.text:DMAUSBStatus)
                  00005290    00000004                : usbdhid.obj (.text:HandleReset)
                  00005294    00000004     driverlib.lib : usb.obj (.text:USBDevAddrSet)
                  00005298    00000004     main.obj (.text:_Z15USBEventHandlerPvjjS_)
                  0000529c    00000004     main.obj (.text:_Z9TxHandlerPvjjS_)
                  000052a0    00000004     rtsv7M4_T_le_v4SPD16_eabi.lib : pre_init.c.obj (.text:_system_pre_init)
                  000052a4    00000004                                   : exit.c.obj (.text:abort:abort)

.const     0    000052a8    000004c8     
                  000052a8    00000070     driverlib.lib : interrupt.obj (.const)
                  00005318    0000006c                   : sysctl.obj (.const:g_pui32Xtals)
                  00005384    00000068     USBKeyboardDevice.obj (.const:_ZN43_INTERNAL_21_USBKeyboardDevice_cpp_497fa7839usbdevice14g_pcUsageCodesE)
                  000053ec    00000058     usblib.lib : usbdcdc.obj (.const)
                  00005444    00000040     SPI.obj (.const:g_ulSSIConfig)
                  00005484    0000003f     usblib.lib : usbdhidkeyb.obj (.const:.string:g_pui8KeybReportDescriptor)
                  000054c3    00000036     usb_structs.obj (.const:.string:g_pui8ConfigString)
                  000054f9    00000002     main.obj (.const)
                  000054fb    00000001     --HOLE-- [fill = 0]
                  000054fc    00000034     usblib.lib : usbdenum.obj (.const:g_psUSBDStdRequests)
                  00005530    00000034                : usbdhidkeyb.obj (.const)
                  00005564    00000030                : usbdcdc.obj (.const:g_sCDCHandlers)
                  00005594    00000030                : usbdcomp.obj (.const:g_sCompHandlers)
                  000055c4    00000030                : usbdhid.obj (.const:g_sHIDHandlers)
                  000055f4    0000002e                : usbdcdc.obj (.const:.string)
                  00005622    0000002c     usb_structs.obj (.const:.string:g_pui8ControlInterfaceString)
                  0000564e    00000024     usb_structs.obj (.const:.string:g_pui8ManufacturerString)
                  00005672    00000023     usblib.lib : usbdcdc.obj (.const:.string:g_pui8CDCSerCommInterface)
                  00005695    00000022     USBKeyboardDevice.obj (.const:_ZN43_INTERNAL_21_USBKeyboardDevice_cpp_497fa7839usbdevice19g_pcUsageCodesShiftE)
                  000056b7    0000001c     usb_structs.obj (.const:.string:g_pui8ProductString)
                  000056d3    00000001     --HOLE-- [fill = 0]
                  000056d4    00000018     usb_structs.obj (.const:g_pui8StringDescriptors)
                  000056ec    00000012     usb_structs.obj (.const:.string:g_pui8SerialNumberString)
                  000056fe    00000002     --HOLE-- [fill = 0]
                  00005700    00000010     SPI.obj (.const:g_ulSSIBase)
                  00005710    00000010     SPI.obj (.const:g_ulSSIPeriph)
                  00005720    00000010     SPI.obj (.const:g_ulSSIPins)
                  00005730    00000010     SPI.obj (.const:g_ulSSIPort)
                  00005740    0000000e     usblib.lib : usbdhidkeyb.obj (.const:.string)
                  0000574e    00000002     --HOLE-- [fill = 0]
                  00005750    0000000c     uartstdio.obj (.const:g_ui32UARTInt)
                  0000575c    00000009     usblib.lib : usbdcomp.obj (.const:.string)
                  00005765    00000004     usb_structs.obj (.const:.string:g_pui8LangDescriptor)
                  00005769    00000003     --HOLE-- [fill = 0]
                  0000576c    00000004     usb_structs.obj (.const)

.cinit     0    00005778    000000c8     
                  00005778    0000009e     (.cinit..data.load) [load image, compression = lzss]
                  00005816    00000002     --HOLE-- [fill = 0]
                  00005818    0000000c     (__TI_handler_table)
                  00005824    00000004     --HOLE-- [fill = 0]
                  00005828    00000008     (.cinit..bss.load) [load image, compression = zero_init]
                  00005830    00000010     (__TI_cinit_table)

.init_array 
*          0    00005770    00000004     
                  00005770    00000004     SPI.obj (.init_array)

.bss       0    20000000    00000c04     UNINITIALIZED
                  20000000    00000400     uartstdio.obj (.bss:g_pcUARTTxBuffer)
                  20000400    000003e8     USBSerialDevice.obj (.bss:instance$2)
                  200007e8    00000110     usblib.lib : usbdma.obj (.bss:g_psUSBDMAInst)
                  200008f8    000000f8     USBCompDevice.obj (.bss:instance$2)
                  200009f0    000000a4     USBKeyboardDevice.obj (.bss:instance$2)
                  20000a94    00000080     uartstdio.obj (.bss:g_pcUARTRxBuffer)
                  20000b14    00000050     usblib.lib : usbdenum.obj (.bss:g_psDCDInst)
                  20000b64    00000040                : usbdenum.obj (.bss:g_pui8DataBufferIn)
                  20000ba4    00000018     (.common:g_pfnTickHandlers)
                  20000bbc    00000018     (.common:g_pvTickInstance)
                  20000bd4    00000008     uartstdio.obj (.bss)
                  20000bdc    00000004     USBCompDevice.obj (.bss)
                  20000be0    00000004     USBKeyboardDevice.obj (.bss)
                  20000be4    00000004     USBSerialDevice.obj (.bss)
                  20000be8    00000004     (.common:g_pfnUSBModeCallback)
                  20000bec    00000004     (.common:g_ppCompConfigDescriptors)
                  20000bf0    00000004     (.common:g_ppsDevInfo)
                  20000bf4    00000004     (.common:g_ui32ULPISupport)
                  20000bf8    00000004     (.common:ui32RxCount)
                  20000bfc    00000004     (.common:ui32TxCount)
                  20000c00    00000002     SPI.obj (.bss:SPI)
                  20000c02    00000002     (.common:_ZN9usbdevice16g_sKeyboardStateE)

.data      0    20001008    00000118     UNINITIALIZED
                  20001008    0000005e     usblib.lib : usbdcdc.obj (.data)
                  20001066    00000002     --HOLE--
                  20001068    00000038                : usbdhidkeyb.obj (.data)
                  200010a0    00000015     uartstdio.obj (.data)
                  200010b5    00000012     usblib.lib : usbdcomp.obj (.data)
                  200010c7    00000012                : usbdhid.obj (.data)
                  200010d9    00000003     buttons.obj (.data)
                  200010dc    00000010     USBKeyboardDevice.obj (.data)
                  200010ec    0000000c     USBSerialDevice.obj (.data)
                  200010f8    0000000c     usblib.lib : usbtick.obj (.data)
                  20001104    00000009                : usbmode.obj (.data)
                  2000110d    00000003     --HOLE--
                  20001110    00000008                : usbdenum.obj (.data)
                  20001118    00000004     USBCompDevice.obj (.data)
                  2000111c    00000004     tm4c123gh6pm_startup_ccs.obj (.data)

.stack     0    20000c08    00000400     UNINITIALIZED
                  20000c08    00000004     rtsv7M4_T_le_v4SPD16_eabi.lib : boot_cortex_m.c.obj (.stack)
                  20000c0c    000003fc     --HOLE--

MODULE SUMMARY

       Module                         code    ro data   rw data
       ------                         ----    -------   -------
    .\
       USBSerialDevice.obj            963     0         1016   
       main.obj                       1088    2         8      
       USBKeyboardDevice.obj          592     138       184    
       tm4c123gh6pm_startup_ccs.obj   28      620       4      
       SPI.obj                        358     132       2      
       USBCompDevice.obj              212     0         258    
       usb_structs.obj                0       212       0      
    +--+------------------------------+-------+---------+---------+
       Total:                         3241    1104      1472   
                                                               
    .\drivers\
       buttons.obj                    240     0         3      
    +--+------------------------------+-------+---------+---------+
       Total:                         240     0         3      
                                                               
    .\utils\
       uartstdio.obj                  698     12        1181   
    +--+------------------------------+-------+---------+---------+
       Total:                         698     12        1181   
                                                               
    C:/ti/tivaware_c_series_2_1_4_178/driverlib/ccs/Debug/driverlib.lib
       usb.obj                        1354    0         0      
       sysctl.obj                     430     108       0      
       interrupt.obj                  340     112       0      
       udma.obj                       328     0         0      
       cpu.obj                        24      0         0      
       gpio.obj                       6       0         0      
    +--+------------------------------+-------+---------+---------+
       Total:                         2482    220       0      
                                                               
    C:/ti/tivaware_c_series_2_1_4_178/usblib/ccs/Debug/usblib.lib
       usbdenum.obj                   2904    52        160    
       usbdcdc.obj                    2008    217       94     
       usbdma.obj                     2008    0         272    
       usbdhid.obj                    1770    48        18     
       usbdcomp.obj                   1624    57        22     
       usbdhidkeyb.obj                652     129       56     
       usbbuffer.obj                  646     0         0      
       usbdconfig.obj                 576     0         0      
       usbdcdesc.obj                  356     0         0      
       usbringbuf.obj                 350     0         0      
       usbtick.obj                    160     0         60     
       usbdesc.obj                    86      0         0      
       usbulpi.obj                    82      0         0      
       usbmode.obj                    36      0         13     
       usbdhandler.obj                24      0         0      
    +--+------------------------------+-------+---------+---------+
       Total:                         13282   503       695    
                                                               
    C:\ti\ccsv8\tools\compiler\ti-cgt-arm_18.1.3.LTS\lib\rtsv7M4_T_le_v4SPD16_eabi.lib
       memcpy_t2.asm.obj              156     0         0      
       memset_t2.asm.obj              122     0         0      
       copy_decompress_lzss.c.obj     104     0         0      
       autoinit.c.obj                 96      0         0      
       boot_cortex_m.c.obj            56      0         0      
       guard.c.obj                    22      0         0      
       copy_decompress_none.c.obj     14      0         0      
       copy_zero_init.c.obj           12      0         0      
       exit.c.obj                     4       0         0      
       pre_init.c.obj                 4       0         0      
    +--+------------------------------+-------+---------+---------+
       Total:                         590     0         0      
                                                               
       Stack:                         0       0         1024   
       Linker Generated:              0       194       0      
    +--+------------------------------+-------+---------+---------+
       Grand Total:                   20533   2033      4375   


LINKER GENERATED COPY TABLES

__TI_cinit_table @ 00005830 records: 2, size/record: 8, table size: 16
	.data: load addr=00005778, load size=0000009e bytes, run addr=20001008, run size=00000118 bytes, compression=lzss
	.bss: load addr=00005828, load size=00000008 bytes, run addr=20000000, run size=00000c04 bytes, compression=zero_init


LINKER GENERATED HANDLER TABLE

__TI_handler_table @ 00005818 records: 3, size/record: 4, table size: 12
	index: 0, handler: __TI_decompress_lzss
	index: 1, handler: __TI_decompress_none
	index: 2, handler: __TI_zero_init


GLOBAL SYMBOLS: SORTED ALPHABETICALLY BY Name 

address   name                                                                  
-------   ----                                                                  
0000047d  BuildCompositeDescriptor                                              
00002dd9  ButtonsInit                                                           
00002541  ButtonsPoll                                                           
000052a5  C$$EXIT                                                               
0000511d  CPUcpsid                                                              
00005129  CPUcpsie                                                              
00005245  GPIOPinWrite                                                          
00002e41  IntDisable                                                            
00002ea9  IntEnable                                                             
000030a5  IntIsEnabled                                                          
0000502f  IntMasterDisable                                                      
0000503f  IntMasterEnable                                                       
00003f91  InternalUSBRegisterTickHandler                                        
00003fc9  InternalUSBStartOfFrameTick                                           
000045c9  InternalUSBTickInit                                                   
0000576c  NUM_STRING_DESCRIPTORS                                                
00002b3d  ProcessDataFromHost                                                   
00002d01  ProcessDataToHost                                                     
0000449f  ProcessNotificationToHost                                             
0000524b  ResetISR                                                              
00005770  SHT$$INIT_ARRAY$$Base                                                 
00005774  SHT$$INIT_ARRAY$$Limit                                                
20000c00  SPI                                                                   
000010a5  SysCtlClockGet                                                        
00005251  SysCtlDelay                                                           
00004305  SysCtlPeripheralEnable                                                
00003679  SysCtlPeripheralReset                                                 
00004f01  SysCtlUSBPLLEnable                                                    
00005051  SysTickIntHandler                                                     
00000675  UARTStdioIntHandler                                                   
00001c7d  UARTwrite                                                             
00003625  ULPIConfigSet                                                         
00004d91  USB0DeviceIntHandler                                                  
00003109  USBBufferEventCallback                                                
00005257  USBBufferFlush                                                        
00004da9  USBBufferInit                                                         
0000488d  USBBufferRead                                                         
00004687  USBBufferWrite                                                        
000051b9  USBClockEnable                                                        
000051c3  USBControllerVersion                                                  
00001575  USBDCDCCompositeInit                                                  
000021f1  USBDCDCPacketRead                                                     
000032f1  USBDCDCPacketWrite                                                    
000046b5  USBDCDCRxPacketAvailable                                              
00004f15  USBDCDCTxPacketAvailable                                              
000036c9  USBDCDConfigDescGet                                                   
000047bf  USBDCDConfigDescGetNum                                                
00004d15  USBDCDConfigDescGetSize                                               
00004c55  USBDCDConfigGetInterface                                              
000040e1  USBDCDConfigGetInterfaceEndpoint                                      
00003c5d  USBDCDDeviceInfoInit                                                  
00004dc1  USBDCDFeatureGet                                                      
00000935  USBDCDInit                                                            
00004f29  USBDCDRequestDataEP0                                                  
00004f3d  USBDCDSendDataEP0                                                     
00004c71  USBDCDStallEP0                                                        
000017f9  USBDCompositeInit                                                     
00001495  USBDHIDCompositeInit                                                  
00001dcd  USBDHIDKeyboardCompositeInit                                          
00002651  USBDHIDKeyboardKeyStateChange                                         
00003a17  USBDHIDReportWrite                                                    
000050ad  USBDHIDTxPacketAvailable                                              
000051cd  USBDMAChannelAddressSet                                               
00004f51  USBDMAChannelConfigSet                                                
000051d7  USBDMAChannelCountSet                                                 
00004fd5  USBDMAChannelDisable                                                  
00004fe7  USBDMAChannelEnable                                                   
00004ff9  USBDMAChannelIntDisable                                               
0000500b  USBDMAChannelIntEnable                                                
0000525d  USBDMAChannelIntStatus                                                
000050bb  USBDMAChannelStatus                                                   
0000473d  USBDescGet                                                            
000047e9  USBDescGetNum                                                         
00005295  USBDevAddrSet                                                         
000051e1  USBDevConnect                                                         
000051eb  USBDevDisconnect                                                      
000028e5  USBDevEndpointConfigSet                                               
00004813  USBDevEndpointDataAck                                                 
000044d1  USBDevEndpointStall                                                   
00003a61  USBDevEndpointStallClear                                              
00003411  USBDevEndpointStatusClear                                             
00005263  USBDevLPMConfig                                                       
000050c9  USBDevLPMDisable                                                      
000050d7  USBDevLPMEnable                                                       
0000521d  USBDevMode                                                            
00000d25  USBDeviceConfig                                                       
0000239d  USBDeviceConfigAlternate                                              
0000164d  USBDeviceEnumHandler                                                  
00003b3d  USBDeviceEnumResetHandler                                             
00000bd5  USBDeviceIntHandlerInternal                                           
00003719  USBDeviceResumeTickHandler                                            
00004d2f  USBEndpointDMAChannel                                                 
000038a1  USBEndpointDMAConfigSet                                               
000049c5  USBEndpointDMADisable                                                 
000049e9  USBEndpointDMAEnable                                                  
00004c8d  USBEndpointDataAvail                                                  
00003c15  USBEndpointDataGet                                                    
00004265  USBEndpointDataPut                                                    
00004339  USBEndpointDataSend                                                   
00005135  USBEndpointPacketCountSet                                             
00005061  USBEndpointStatus                                                     
00005225  USBFIFOAddrGet                                                        
00003f1f  USBFIFOConfigSet                                                      
00004f65  USBHostResume                                                         
000048dd  USBIntEnableControl                                                   
00004e7d  USBIntEnableEndpoint                                                  
00004119  USBIntStatusControl                                                   
000051f5  USBIntStatusEndpoint                                                  
00005141  USBLPMIntEnable                                                       
00005269  USBLPMIntStatus                                                       
000007d5  USBLibDMAInit                                                         
0000522d  USBOTGMode                                                            
00004ba3  USBRingBufAdvanceRead                                                 
00004151  USBRingBufAdvanceWrite                                                
00004bc3  USBRingBufContigFree                                                  
00005071  USBRingBufContigUsed                                                  
00004e93  USBRingBufFlush                                                       
0000501d  USBRingBufFree                                                        
0000514d  USBRingBufInit                                                        
00004ca9  USBRingBufRead                                                        
00004ea9  USBRingBufReadOne                                                     
00004ebf  USBRingBufUsed                                                        
00004cc5  USBRingBufWrite                                                       
00005081  USBRingBufWriteOne                                                    
00004a0d  USBStackModeSet                                                       
000050e5  USBULPIDisable                                                        
000050f3  USBULPIEnable                                                         
00004be1  USBULPIRegRead                                                        
00004bff  USBULPIRegWrite                                                       
00000e6d  _Z12configureUSBv                                                     
00002ac9  _Z14ControlHandlerPvjjS_                                              
00005299  _Z15USBEventHandlerPvjjS_                                             
00004905  _Z18USBKeyboardHandlerPvjjS_                                          
00004a31  _Z5delayi                                                             
00003ce5  _Z9RxHandlerPvjjS_                                                    
0000529d  _Z9TxHandlerPvjjS_                                                    
000011b5  _ZN8SPIClass5beginEv                                                  
00003b85  _ZN8SPIClass8transferEh                                               
000051ff  _ZN8SPIClassC1Ev                                                      
000051ff  _ZN8SPIClassC2Ev                                                      
0000436d  _ZN9usbdevice13USBCompDevice11getInstanceEv                           
20001118  _ZN9usbdevice13USBCompDevice12eventHandlerE                           
00005159  _ZN9usbdevice13USBCompDevice20registerEventHandlerEPFYjPvjjS1_E       
00003e6d  _ZN9usbdevice13USBCompDevice4initEv                                   
000034cd  _ZN9usbdevice13USBCompDeviceC1EPFYjPvjjS1_E                           
000034cd  _ZN9usbdevice13USBCompDeviceC2EPFYjPvjjS1_E                           
00004ed5  _ZN9usbdevice15USBSerialDevice10initBufferEv                          
000046e3  _ZN9usbdevice15USBSerialDevice10readBufferEv                          
00003d29  _ZN9usbdevice15USBSerialDevice11getInstanceEv                         
00003d6d  _ZN9usbdevice15USBSerialDevice12disconnectedEv                        
00002429  _ZN9usbdevice15USBSerialDevice13GetLineCodingEP11tLineCoding          
000026d9  _ZN9usbdevice15USBSerialDevice13SetLineCodingEP11tLineCoding          
200010ec  _ZN9usbdevice15USBSerialDevice14controlHandlerE                       
0000526f  _ZN9usbdevice15USBSerialDevice15getRxEventCountEv                     
000026d7  _ZN9usbdevice15USBSerialDevice15getSerialDeviceEv                     
00005275  _ZN9usbdevice15USBSerialDevice16getReceiveBufferEv                    
00005165  _ZN9usbdevice15USBSerialDevice17registerRxHandlerEPFYjPvjjS1_E        
00005171  _ZN9usbdevice15USBSerialDevice17registerTxHandlerEPFYjPvjjS1_E        
00002baf  _ZN9usbdevice15USBSerialDevice19SetControlLineStateEt                 
0000527b  _ZN9usbdevice15USBSerialDevice19getReceiveBufferEndEv                 
00003769  _ZN9usbdevice15USBSerialDevice20USBUARTPrimeTransmitEv                
00005209  _ZN9usbdevice15USBSerialDevice20commandStatusUpdatedEv                
0000517d  _ZN9usbdevice15USBSerialDevice22registerControlHandlerEPFYjPvjjS1_E   
00005101  _ZN9usbdevice15USBSerialDevice22resetCommandStatusFlagEv              
00005281  _ZN9usbdevice15USBSerialDevice5writeEPhj                              
00004189  _ZN9usbdevice15USBSerialDevice9SendBreakEb                            
000037b9  _ZN9usbdevice15USBSerialDevice9connectedEv                            
200010f0  _ZN9usbdevice15USBSerialDevice9rxHandlerE                             
200010f4  _ZN9usbdevice15USBSerialDevice9txHandlerE                             
00001a51  _ZN9usbdevice15USBSerialDeviceC1EPFYjPvjjS1_ES3_S3_                   
00001a51  _ZN9usbdevice15USBSerialDeviceC2EPFYjPvjjS1_ES3_S3_                   
20000c02  _ZN9usbdevice16g_sKeyboardStateE                                      
000043a1  _ZN9usbdevice17USBKeyboardDevice11getInstanceEv                       
0000492d  _ZN9usbdevice17USBKeyboardDevice12GetUsageCodeEcb                     
00001f9d  _ZN9usbdevice17USBKeyboardDevice14USBWriteStringEPKci                 
200010dc  _ZN9usbdevice17USBKeyboardDevice15keyboardHandlerE                    
00002a51  _ZN9usbdevice17USBKeyboardDevice17USBKeyboardUpdateEhhb               
000034cb  _ZN9usbdevice17USBKeyboardDevice17getKeyboardDeviceEv                 
00004e09  _ZN9usbdevice17USBKeyboardDevice17releaseSpecialKeyEv                 
000024b5  _ZN9usbdevice17USBKeyboardDevice22USBPressKeyCombinationEhPKhi        
00005189  _ZN9usbdevice17USBKeyboardDevice23registerKeyboardHandlerEPFYjPvjjS1_E
00004503  _ZN9usbdevice17USBKeyboardDeviceC1EPFYjPvjjS1_E                       
00004503  _ZN9usbdevice17USBKeyboardDeviceC2EPFYjPvjjS1_E                       
20001008  __STACK_END                                                           
00000400  __STACK_SIZE                                                          
20000e08  __STACK_TOP                                                           
00005830  __TI_CINIT_Base                                                       
00005840  __TI_CINIT_Limit                                                      
00005818  __TI_Handler_Table_Base                                               
00005824  __TI_Handler_Table_Limit                                              
000033b1  __TI_auto_init_nobinit                                                
00002f11  __TI_decompress_lzss                                                  
0000510f  __TI_decompress_none                                                  
ffffffff  __TI_pprof_out_hndl                                                   
ffffffff  __TI_prof_data_size                                                   
ffffffff  __TI_prof_data_start                                                  
00000000  __TI_static_base__                                                    
000051ad  __TI_zero_init                                                        
0000295f  __aeabi_memclr                                                        
0000295f  __aeabi_memclr4                                                       
0000295f  __aeabi_memclr8                                                       
00001e69  __aeabi_memcpy                                                        
00001e69  __aeabi_memcpy4                                                       
00001e69  __aeabi_memcpy8                                                       
00002961  __aeabi_memset                                                        
00002961  __aeabi_memset4                                                       
00002961  __aeabi_memset8                                                       
ffffffff  __binit__                                                             
ffffffff  __c_args__                                                            
00005195  __cxa_guard_acquire                                                   
00005213  __cxa_guard_release                                                   
UNDEFED   __mpu_init                                                            
20000c08  __stack                                                               
000051a1  __sti___7_SPI_cpp_230ca784                                            
000041c1  _c_int00_noargs                                                       
UNDEFED   _system_post_cinit                                                    
000052a1  _system_pre_init                                                      
000052a5  abort                                                                 
ffffffff  binit                                                                 
200010f8  g_bUSBTimerInitialized                                                
20001104  g_iUSBMode                                                            
0000543c  g_pCDCCompSerConfigDescriptors                                        
00005440  g_pCDCCompSerConfigDescriptorsHS                                      
20000ba4  g_pfnTickHandlers                                                     
00000000  g_pfnVectors                                                          
00005434  g_ppCDCSerConfigDescriptors                                           
00005438  g_ppCDCSerConfigDescriptorsHS                                         
20000bec  g_ppCompConfigDescriptors                                             
20000bf0  g_ppsDevInfo                                                          
20001044  g_psCDCCompSerSections                                                
20001054  g_psCDCCompSerSectionsHS                                              
2000102c  g_psCDCSerSections                                                    
20001038  g_psCDCSerSectionsHS                                                  
20000b14  g_psDCDInst                                                           
00005672  g_pui8CDCSerCommInterface                                             
000055f4  g_pui8CDCSerDataInterface                                             
0000560b  g_pui8CDCSerDataInterfaceHS                                           
2000101a  g_pui8CDCSerDescriptor                                                
20001008  g_pui8CDCSerDeviceDescriptor                                          
000054c3  g_pui8ConfigString                                                    
00005622  g_pui8ControlInterfaceString                                          
200010c7  g_pui8HIDDeviceDescriptor                                             
20001023  g_pui8IADSerDescriptor                                                
00005765  g_pui8LangDescriptor                                                  
0000564e  g_pui8ManufacturerString                                              
000056b7  g_pui8ProductString                                                   
000056ec  g_pui8SerialNumberString                                              
000056d4  g_pui8StringDescriptors                                               
20000bbc  g_pvTickInstance                                                      
00005424  g_sCDCCompSerConfigHeader                                             
0000542c  g_sCDCCompSerConfigHeaderHS                                           
00005564  g_sCDCHandlers                                                        
000053fc  g_sCDCSerCommInterfaceSection                                         
00005414  g_sCDCSerConfigHeader                                                 
0000541c  g_sCDCSerConfigHeaderHS                                               
000053ec  g_sCDCSerConfigSection                                                
00005404  g_sCDCSerDataInterfaceSection                                         
0000540c  g_sCDCSerDataInterfaceSectionHS                                       
00005594  g_sCompHandlers                                                       
000055c4  g_sHIDHandlers                                                        
000053f4  g_sIADSerConfigSection                                                
200010fc  g_ui32CurrentUSBTick                                                  
2000111c  g_ui32SysTickCount                                                    
20001100  g_ui32USBSOFCount                                                     
20001108  g_ui32WaitTicks                                                       
0000026d  main                                                                  
00001e69  memcpy                                                                
00002967  memset                                                                
00003bcd  uDMAChannelAttributeDisable                                           
00004a55  uDMAChannelControlSet                                                 
00004e21  uDMAChannelDisable                                                    
00004e39  uDMAChannelEnable                                                     
00004955  uDMAChannelModeGet                                                    
000027e1  uDMAChannelTransferSet                                                
20000bf8  ui32RxCount                                                           
20000bfc  ui32TxCount                                                           


GLOBAL SYMBOLS: SORTED BY Symbol Address 

address   name                                                                  
-------   ----                                                                  
00000000  __TI_static_base__                                                    
00000000  g_pfnVectors                                                          
0000026d  main                                                                  
00000400  __STACK_SIZE                                                          
0000047d  BuildCompositeDescriptor                                              
00000675  UARTStdioIntHandler                                                   
000007d5  USBLibDMAInit                                                         
00000935  USBDCDInit                                                            
00000bd5  USBDeviceIntHandlerInternal                                           
00000d25  USBDeviceConfig                                                       
00000e6d  _Z12configureUSBv                                                     
000010a5  SysCtlClockGet                                                        
000011b5  _ZN8SPIClass5beginEv                                                  
00001495  USBDHIDCompositeInit                                                  
00001575  USBDCDCCompositeInit                                                  
0000164d  USBDeviceEnumHandler                                                  
000017f9  USBDCompositeInit                                                     
00001a51  _ZN9usbdevice15USBSerialDeviceC1EPFYjPvjjS1_ES3_S3_                   
00001a51  _ZN9usbdevice15USBSerialDeviceC2EPFYjPvjjS1_ES3_S3_                   
00001c7d  UARTwrite                                                             
00001dcd  USBDHIDKeyboardCompositeInit                                          
00001e69  __aeabi_memcpy                                                        
00001e69  __aeabi_memcpy4                                                       
00001e69  __aeabi_memcpy8                                                       
00001e69  memcpy                                                                
00001f9d  _ZN9usbdevice17USBKeyboardDevice14USBWriteStringEPKci                 
000021f1  USBDCDCPacketRead                                                     
0000239d  USBDeviceConfigAlternate                                              
00002429  _ZN9usbdevice15USBSerialDevice13GetLineCodingEP11tLineCoding          
000024b5  _ZN9usbdevice17USBKeyboardDevice22USBPressKeyCombinationEhPKhi        
00002541  ButtonsPoll                                                           
00002651  USBDHIDKeyboardKeyStateChange                                         
000026d7  _ZN9usbdevice15USBSerialDevice15getSerialDeviceEv                     
000026d9  _ZN9usbdevice15USBSerialDevice13SetLineCodingEP11tLineCoding          
000027e1  uDMAChannelTransferSet                                                
000028e5  USBDevEndpointConfigSet                                               
0000295f  __aeabi_memclr                                                        
0000295f  __aeabi_memclr4                                                       
0000295f  __aeabi_memclr8                                                       
00002961  __aeabi_memset                                                        
00002961  __aeabi_memset4                                                       
00002961  __aeabi_memset8                                                       
00002967  memset                                                                
00002a51  _ZN9usbdevice17USBKeyboardDevice17USBKeyboardUpdateEhhb               
00002ac9  _Z14ControlHandlerPvjjS_                                              
00002b3d  ProcessDataFromHost                                                   
00002baf  _ZN9usbdevice15USBSerialDevice19SetControlLineStateEt                 
00002d01  ProcessDataToHost                                                     
00002dd9  ButtonsInit                                                           
00002e41  IntDisable                                                            
00002ea9  IntEnable                                                             
00002f11  __TI_decompress_lzss                                                  
000030a5  IntIsEnabled                                                          
00003109  USBBufferEventCallback                                                
000032f1  USBDCDCPacketWrite                                                    
000033b1  __TI_auto_init_nobinit                                                
00003411  USBDevEndpointStatusClear                                             
000034cb  _ZN9usbdevice17USBKeyboardDevice17getKeyboardDeviceEv                 
000034cd  _ZN9usbdevice13USBCompDeviceC1EPFYjPvjjS1_E                           
000034cd  _ZN9usbdevice13USBCompDeviceC2EPFYjPvjjS1_E                           
00003625  ULPIConfigSet                                                         
00003679  SysCtlPeripheralReset                                                 
000036c9  USBDCDConfigDescGet                                                   
00003719  USBDeviceResumeTickHandler                                            
00003769  _ZN9usbdevice15USBSerialDevice20USBUARTPrimeTransmitEv                
000037b9  _ZN9usbdevice15USBSerialDevice9connectedEv                            
000038a1  USBEndpointDMAConfigSet                                               
00003a17  USBDHIDReportWrite                                                    
00003a61  USBDevEndpointStallClear                                              
00003b3d  USBDeviceEnumResetHandler                                             
00003b85  _ZN8SPIClass8transferEh                                               
00003bcd  uDMAChannelAttributeDisable                                           
00003c15  USBEndpointDataGet                                                    
00003c5d  USBDCDDeviceInfoInit                                                  
00003ce5  _Z9RxHandlerPvjjS_                                                    
00003d29  _ZN9usbdevice15USBSerialDevice11getInstanceEv                         
00003d6d  _ZN9usbdevice15USBSerialDevice12disconnectedEv                        
00003e6d  _ZN9usbdevice13USBCompDevice4initEv                                   
00003f1f  USBFIFOConfigSet                                                      
00003f91  InternalUSBRegisterTickHandler                                        
00003fc9  InternalUSBStartOfFrameTick                                           
000040e1  USBDCDConfigGetInterfaceEndpoint                                      
00004119  USBIntStatusControl                                                   
00004151  USBRingBufAdvanceWrite                                                
00004189  _ZN9usbdevice15USBSerialDevice9SendBreakEb                            
000041c1  _c_int00_noargs                                                       
00004265  USBEndpointDataPut                                                    
00004305  SysCtlPeripheralEnable                                                
00004339  USBEndpointDataSend                                                   
0000436d  _ZN9usbdevice13USBCompDevice11getInstanceEv                           
000043a1  _ZN9usbdevice17USBKeyboardDevice11getInstanceEv                       
0000449f  ProcessNotificationToHost                                             
000044d1  USBDevEndpointStall                                                   
00004503  _ZN9usbdevice17USBKeyboardDeviceC1EPFYjPvjjS1_E                       
00004503  _ZN9usbdevice17USBKeyboardDeviceC2EPFYjPvjjS1_E                       
000045c9  InternalUSBTickInit                                                   
00004687  USBBufferWrite                                                        
000046b5  USBDCDCRxPacketAvailable                                              
000046e3  _ZN9usbdevice15USBSerialDevice10readBufferEv                          
0000473d  USBDescGet                                                            
000047bf  USBDCDConfigDescGetNum                                                
000047e9  USBDescGetNum                                                         
00004813  USBDevEndpointDataAck                                                 
0000488d  USBBufferRead                                                         
000048dd  USBIntEnableControl                                                   
00004905  _Z18USBKeyboardHandlerPvjjS_                                          
0000492d  _ZN9usbdevice17USBKeyboardDevice12GetUsageCodeEcb                     
00004955  uDMAChannelModeGet                                                    
000049c5  USBEndpointDMADisable                                                 
000049e9  USBEndpointDMAEnable                                                  
00004a0d  USBStackModeSet                                                       
00004a31  _Z5delayi                                                             
00004a55  uDMAChannelControlSet                                                 
00004ba3  USBRingBufAdvanceRead                                                 
00004bc3  USBRingBufContigFree                                                  
00004be1  USBULPIRegRead                                                        
00004bff  USBULPIRegWrite                                                       
00004c55  USBDCDConfigGetInterface                                              
00004c71  USBDCDStallEP0                                                        
00004c8d  USBEndpointDataAvail                                                  
00004ca9  USBRingBufRead                                                        
00004cc5  USBRingBufWrite                                                       
00004d15  USBDCDConfigDescGetSize                                               
00004d2f  USBEndpointDMAChannel                                                 
00004d91  USB0DeviceIntHandler                                                  
00004da9  USBBufferInit                                                         
00004dc1  USBDCDFeatureGet                                                      
00004e09  _ZN9usbdevice17USBKeyboardDevice17releaseSpecialKeyEv                 
00004e21  uDMAChannelDisable                                                    
00004e39  uDMAChannelEnable                                                     
00004e7d  USBIntEnableEndpoint                                                  
00004e93  USBRingBufFlush                                                       
00004ea9  USBRingBufReadOne                                                     
00004ebf  USBRingBufUsed                                                        
00004ed5  _ZN9usbdevice15USBSerialDevice10initBufferEv                          
00004f01  SysCtlUSBPLLEnable                                                    
00004f15  USBDCDCTxPacketAvailable                                              
00004f29  USBDCDRequestDataEP0                                                  
00004f3d  USBDCDSendDataEP0                                                     
00004f51  USBDMAChannelConfigSet                                                
00004f65  USBHostResume                                                         
00004fd5  USBDMAChannelDisable                                                  
00004fe7  USBDMAChannelEnable                                                   
00004ff9  USBDMAChannelIntDisable                                               
0000500b  USBDMAChannelIntEnable                                                
0000501d  USBRingBufFree                                                        
0000502f  IntMasterDisable                                                      
0000503f  IntMasterEnable                                                       
00005051  SysTickIntHandler                                                     
00005061  USBEndpointStatus                                                     
00005071  USBRingBufContigUsed                                                  
00005081  USBRingBufWriteOne                                                    
000050ad  USBDHIDTxPacketAvailable                                              
000050bb  USBDMAChannelStatus                                                   
000050c9  USBDevLPMDisable                                                      
000050d7  USBDevLPMEnable                                                       
000050e5  USBULPIDisable                                                        
000050f3  USBULPIEnable                                                         
00005101  _ZN9usbdevice15USBSerialDevice22resetCommandStatusFlagEv              
0000510f  __TI_decompress_none                                                  
0000511d  CPUcpsid                                                              
00005129  CPUcpsie                                                              
00005135  USBEndpointPacketCountSet                                             
00005141  USBLPMIntEnable                                                       
0000514d  USBRingBufInit                                                        
00005159  _ZN9usbdevice13USBCompDevice20registerEventHandlerEPFYjPvjjS1_E       
00005165  _ZN9usbdevice15USBSerialDevice17registerRxHandlerEPFYjPvjjS1_E        
00005171  _ZN9usbdevice15USBSerialDevice17registerTxHandlerEPFYjPvjjS1_E        
0000517d  _ZN9usbdevice15USBSerialDevice22registerControlHandlerEPFYjPvjjS1_E   
00005189  _ZN9usbdevice17USBKeyboardDevice23registerKeyboardHandlerEPFYjPvjjS1_E
00005195  __cxa_guard_acquire                                                   
000051a1  __sti___7_SPI_cpp_230ca784                                            
000051ad  __TI_zero_init                                                        
000051b9  USBClockEnable                                                        
000051c3  USBControllerVersion                                                  
000051cd  USBDMAChannelAddressSet                                               
000051d7  USBDMAChannelCountSet                                                 
000051e1  USBDevConnect                                                         
000051eb  USBDevDisconnect                                                      
000051f5  USBIntStatusEndpoint                                                  
000051ff  _ZN8SPIClassC1Ev                                                      
000051ff  _ZN8SPIClassC2Ev                                                      
00005209  _ZN9usbdevice15USBSerialDevice20commandStatusUpdatedEv                
00005213  __cxa_guard_release                                                   
0000521d  USBDevMode                                                            
00005225  USBFIFOAddrGet                                                        
0000522d  USBOTGMode                                                            
00005245  GPIOPinWrite                                                          
0000524b  ResetISR                                                              
00005251  SysCtlDelay                                                           
00005257  USBBufferFlush                                                        
0000525d  USBDMAChannelIntStatus                                                
00005263  USBDevLPMConfig                                                       
00005269  USBLPMIntStatus                                                       
0000526f  _ZN9usbdevice15USBSerialDevice15getRxEventCountEv                     
00005275  _ZN9usbdevice15USBSerialDevice16getReceiveBufferEv                    
0000527b  _ZN9usbdevice15USBSerialDevice19getReceiveBufferEndEv                 
00005281  _ZN9usbdevice15USBSerialDevice5writeEPhj                              
00005295  USBDevAddrSet                                                         
00005299  _Z15USBEventHandlerPvjjS_                                             
0000529d  _Z9TxHandlerPvjjS_                                                    
000052a1  _system_pre_init                                                      
000052a5  C$$EXIT                                                               
000052a5  abort                                                                 
000053ec  g_sCDCSerConfigSection                                                
000053f4  g_sIADSerConfigSection                                                
000053fc  g_sCDCSerCommInterfaceSection                                         
00005404  g_sCDCSerDataInterfaceSection                                         
0000540c  g_sCDCSerDataInterfaceSectionHS                                       
00005414  g_sCDCSerConfigHeader                                                 
0000541c  g_sCDCSerConfigHeaderHS                                               
00005424  g_sCDCCompSerConfigHeader                                             
0000542c  g_sCDCCompSerConfigHeaderHS                                           
00005434  g_ppCDCSerConfigDescriptors                                           
00005438  g_ppCDCSerConfigDescriptorsHS                                         
0000543c  g_pCDCCompSerConfigDescriptors                                        
00005440  g_pCDCCompSerConfigDescriptorsHS                                      
000054c3  g_pui8ConfigString                                                    
00005564  g_sCDCHandlers                                                        
00005594  g_sCompHandlers                                                       
000055c4  g_sHIDHandlers                                                        
000055f4  g_pui8CDCSerDataInterface                                             
0000560b  g_pui8CDCSerDataInterfaceHS                                           
00005622  g_pui8ControlInterfaceString                                          
0000564e  g_pui8ManufacturerString                                              
00005672  g_pui8CDCSerCommInterface                                             
000056b7  g_pui8ProductString                                                   
000056d4  g_pui8StringDescriptors                                               
000056ec  g_pui8SerialNumberString                                              
00005765  g_pui8LangDescriptor                                                  
0000576c  NUM_STRING_DESCRIPTORS                                                
00005770  SHT$$INIT_ARRAY$$Base                                                 
00005774  SHT$$INIT_ARRAY$$Limit                                                
00005818  __TI_Handler_Table_Base                                               
00005824  __TI_Handler_Table_Limit                                              
00005830  __TI_CINIT_Base                                                       
00005840  __TI_CINIT_Limit                                                      
20000b14  g_psDCDInst                                                           
20000ba4  g_pfnTickHandlers                                                     
20000bbc  g_pvTickInstance                                                      
20000bec  g_ppCompConfigDescriptors                                             
20000bf0  g_ppsDevInfo                                                          
20000bf8  ui32RxCount                                                           
20000bfc  ui32TxCount                                                           
20000c00  SPI                                                                   
20000c02  _ZN9usbdevice16g_sKeyboardStateE                                      
20000c08  __stack                                                               
20000e08  __STACK_TOP                                                           
20001008  __STACK_END                                                           
20001008  g_pui8CDCSerDeviceDescriptor                                          
2000101a  g_pui8CDCSerDescriptor                                                
20001023  g_pui8IADSerDescriptor                                                
2000102c  g_psCDCSerSections                                                    
20001038  g_psCDCSerSectionsHS                                                  
20001044  g_psCDCCompSerSections                                                
20001054  g_psCDCCompSerSectionsHS                                              
200010c7  g_pui8HIDDeviceDescriptor                                             
200010dc  _ZN9usbdevice17USBKeyboardDevice15keyboardHandlerE                    
200010ec  _ZN9usbdevice15USBSerialDevice14controlHandlerE                       
200010f0  _ZN9usbdevice15USBSerialDevice9rxHandlerE                             
200010f4  _ZN9usbdevice15USBSerialDevice9txHandlerE                             
200010f8  g_bUSBTimerInitialized                                                
200010fc  g_ui32CurrentUSBTick                                                  
20001100  g_ui32USBSOFCount                                                     
20001104  g_iUSBMode                                                            
20001108  g_ui32WaitTicks                                                       
20001118  _ZN9usbdevice13USBCompDevice12eventHandlerE                           
2000111c  g_ui32SysTickCount                                                    
ffffffff  __TI_pprof_out_hndl                                                   
ffffffff  __TI_prof_data_size                                                   
ffffffff  __TI_prof_data_start                                                  
ffffffff  __binit__                                                             
ffffffff  __c_args__                                                            
ffffffff  binit                                                                 
UNDEFED   __mpu_init                                                            
UNDEFED   _system_post_cinit                                                    

[276 symbols]
