******************************************************************************
                  TI ARM Linker PC v18.1.3                     
******************************************************************************
>> Linked Mon Jan  7 13:53:02 2019

OUTPUT FILE NAME:   <usb_keyb_dev.out>
ENTRY POINT SYMBOL: "_c_int00_noargs"  address: 00005065


MEMORY CONFIGURATION

         name            origin    length      used     unused   attr    fill
----------------------  --------  ---------  --------  --------  ----  --------
  FLASH                 00000000   00040000  00006cf4  0003930c  R  X
  SRAM                  20000000   00008000  000013a0  00006c60  RW X


SEGMENT ALLOCATION MAP

run origin  load origin   length   init length attrs members
----------  ----------- ---------- ----------- ----- -------
00000000    00000000    00006cf8   00006cf8    r-x
  00000000    00000000    0000026c   0000026c    r-- .intvecs
  0000026c    0000026c    00006284   00006284    r-x .text
  000064f0    000064f0    00000718   00000718    r-- .const
  00006c08    00006c08    0000000c   0000000c    r-- .init_array
  00006c18    00006c18    000000e0   000000e0    r-- .cinit
20000000    20000000    000013a8   00000000    rw-
  20000000    20000000    00000e54   00000000    rw- .bss
  20000e58    20000e58    00000400   00000000    rw- .stack
  20001258    20001258    00000144   00000000    rw- .data
  200013a0    200013a0    00000008   00000000    rw- .sysmem


SECTION ALLOCATION MAP

 output                                  attributes/
section   page    origin      length       input sections
--------  ----  ----------  ----------   ----------------
.intvecs   0    00000000    0000026c     
                  00000000    0000026c     tm4c123gh6pm_startup_ccs.obj (.intvecs)

.text      0    0000026c    00006284     
                  0000026c    00000354     main.obj (.text:main)
                  000005c0    00000282     MFRC522.obj (.text:_ZN11rfid_reader7MFRC52211select_PICCEPNS_3UidEh)
                  00000842    000001f6     usblib.lib : usbdcomp.obj (.text:BuildCompositeDescriptor)
                  00000a38    000001a0     Wire.obj (.text:_ZN7TwoWire5beginEv)
                  00000bd8    00000160     uartstdio.obj (.text:UARTStdioIntHandler)
                  00000d38    00000160     usblib.lib : usbdma.obj (.text:USBLibDMAInit)
                  00000e98    00000150                : usbdenum.obj (.text:USBDCDInit)
                  00000fe8    00000150                : usbdenum.obj (.text:USBDEP0StateTxConfig)
                  00001138    00000150                : usbdenum.obj (.text:USBDeviceIntHandlerInternal)
                  00001288    00000148                : usbdconfig.obj (.text:USBDeviceConfig)
                  000013d0    00000126     MFRC522.obj (.text:_ZN11rfid_reader7MFRC52219communicateWithPICCEhhPhhS1_S1_S1_hb)
                  000014f6    00000002     tm4c123gh6pm_startup_ccs.obj (.text:FaultISR)
                  000014f8    0000011c     main.obj (.text:_Z12configureUSBv)
                  00001614    00000114     usblib.lib : usbdhid.obj (.text:HandleRequest)
                  00001728    00000110     driverlib.lib : sysctl.obj (.text:SysCtlClockGet)
                  00001838    00000108     SPI.obj (.text:_ZN8SPIClass5beginEv)
                  00001940    000000f4     usblib.lib : usbdma.obj (.text:iDMAUSBTransfer)
                  00001a34    000000ec     Wire.obj (.text:_ZN7TwoWire5beginEh)
                  00001b20    000000e4     usblib.lib : usbdenum.obj (.text:USBDGetDescriptor)
                  00001c04    000000e0                : usbdhid.obj (.text:USBDHIDCompositeInit)
                  00001ce4    000000d8                : usbdcdc.obj (.text:USBDCDCCompositeInit)
                  00001dbc    000000d8                : usbdenum.obj (.text:USBDeviceEnumHandler)
                  00001e94    000000d8     Wire.obj (.text:_ZN7TwoWire9forceStopEv)
                  00001f6c    000000d8     rtsv7M4_T_le_v4SPD16_eabi.lib : memory.c.obj (.text:free)
                  00002044    000000d4     usblib.lib : usbdcdc.obj (.text:HandleRequests)
                  00002118    000000d4                : usbdcomp.obj (.text:USBDCompositeInit)
                  000021ec    000000cc     MFRC522.obj (.text:_ZN11rfid_reader7MFRC52212readRegisterENS_12PCD_RegisterEhPhh)
                  000022b8    000000c4     USBSerialDevice.obj (.text:_ZN9usbdevice15USBSerialDeviceC1EPFYjPvjjS1_ES3_S3_)
                  0000237c    000000c4     usblib.lib : usbdma.obj (.text:uDMAUSBChannelAllocate)
                  00002440    000000be                : usbbuffer.obj (.text:HandleRxAvailable)
                  000024fe    000000bc                : usbdma.obj (.text:uDMAUSBTransfer)
                  000025ba    000000b4                : usbdcdc.obj (.text:HandleDevice)
                  0000266e    00000002     tm4c123gh6pm_startup_ccs.obj (.text:IntDefaultHandler)
                  00002670    000000a8     uartstdio.obj (.text:UARTwrite)
                  00002718    000000a6     usblib.lib : usbdhidkeyb.obj (.text:HIDKeyboardRxHandler)
                  000027be    00000002     tm4c123gh6pm_startup_ccs.obj (.text:NmiSR)
                  000027c0    0000009c     usblib.lib : usbdhidkeyb.obj (.text:USBDHIDKeyboardCompositeInit)
                  0000285c    0000009c     rtsv7M4_T_le_v4SPD16_eabi.lib : memcpy_t2.asm.obj (.text)
                  000028f8    00000098     usblib.lib : usbdenum.obj (.text:USBDSetInterface)
                  00002990    00000098     USBKeyboardDevice.obj (.text:_ZN9usbdevice17USBKeyboardDevice14USBWriteStringEPKci)
                  00002a28    00000096     usblib.lib : usbdcdc.obj (.text:CDCTickHandler)
                  00002abe    00000094                : usbdcdc.obj (.text:SendSerialState)
                  00002b52    00000092                : usbbuffer.obj (.text:ScheduleNextTransmission)
                  00002be4    00000090                : usbdcdc.obj (.text:USBDCDCPacketRead)
                  00002c74    00000090                : usbdenum.obj (.text:USBDSetConfiguration)
                  00002d04    0000008c     uartstdio.obj (.text:UARTPrimeTransmit)
                  00002d90    0000008c     usblib.lib : usbdconfig.obj (.text:USBDeviceConfigAlternate)
                  00002e1c    0000008c     USBSerialDevice.obj (.text:_ZN9usbdevice15USBSerialDevice13GetLineCodingEP11tLineCoding)
                  00002ea8    0000008c     USBKeyboardDevice.obj (.text:_ZN9usbdevice17USBKeyboardDevice22USBPressKeyCombinationEhPKhi)
                  00002f34    00000088     usblib.lib : usbdhid.obj (.text:ProcessIdleTimers)
                  00002fbc    00000086                : usbdhidkeyb.obj (.text:USBDHIDKeyboardKeyStateChange)
                  00003042    00000002     HardwareSerial.obj (.text:_ZN5Print5flushEv)
                  00003044    00000084     Wire.obj (.text:_ZN7TwoWire5writeEh)
                  000030c8    00000084     USBSerialDevice.obj (.text:_ZN9usbdevice15USBSerialDevice13SetLineCodingEP11tLineCoding)
                  0000314c    00000084     usblib.lib : usbdma.obj (.text:iDMAUSBChannelAllocate)
                  000031d0    00000084     driverlib.lib : udma.obj (.text:uDMAChannelTransferSet)
                  00003254    00000080     usblib.lib : usbdenum.obj (.text:USBDClearFeature)
                  000032d4    0000007a     driverlib.lib : usb.obj (.text:USBDevEndpointConfigSet)
                  0000334e    0000007a     rtsv7M4_T_le_v4SPD16_eabi.lib : memset_t2.asm.obj (.text)
                  000033c8    00000078     usblib.lib : usbdenum.obj (.text:USBDGetStatus)
                  00003440    00000078     HardwareSerial.obj (.text:_ZN14HardwareSerial13primeTransmitEm)
                  000034b8    00000078     USBKeyboardDevice.obj (.text:_ZN9usbdevice17USBKeyboardDevice17USBKeyboardUpdateEhhb)
                  00003530    00000074     main.obj (.text:_Z14ControlHandlerPvjjS_)
                  000035a4    00000072     usblib.lib : usbdcdc.obj (.text:ProcessDataFromHost)
                  00003616    00000002     USBSerialDevice.obj (.text:_ZN9usbdevice15USBSerialDevice15getSerialDeviceEv)
                  00003618    00000070     usblib.lib : usbdenum.obj (.text:USBDEP0StateTx)
                  00003688    00000070                : usbdma.obj (.text:uDMAUSBArbSizeSet)
                  000036f8    00000070                : usbdma.obj (.text:uDMAUSBUnitSizeSet)
                  00003768    0000006c                : usbdcdc.obj (.text:ProcessDataToHost)
                  000037d4    0000006c                : usbdenum.obj (.text:USBDSetFeature)
                  00003840    0000006a     MFRC522.obj (.text:_ZN11rfid_reader7MFRC5224initEv)
                  000038aa    00000002     USBSerialDevice.obj (.text:_ZN9usbdevice15USBSerialDevice19SetControlLineStateEt)
                  000038ac    00000068     buttons.obj (.text:ButtonsInit)
                  00003914    00000068     driverlib.lib : interrupt.obj (.text:IntDisable)
                  0000397c    00000068                   : interrupt.obj (.text:IntEnable)
                  000039e4    00000068     rtsv7M4_T_le_v4SPD16_eabi.lib : copy_decompress_lzss.c.obj (.text:decompress:lzss:__TI_decompress_lzss)
                  00003a4c    00000066     MFRC522.obj (.text:_ZN11rfid_reader7MFRC52212REQA_or_WUPAEhPhS1_)
                  00003ab2    00000066     MFRC522.obj (.text:_ZN11rfid_reader7MFRC52212calculateCRCEPhhS1_)
                  00003b18    00000064     usblib.lib : usbdcomp.obj (.text:GetDescriptor)
                  00003b7c    00000064                : usbdhid.obj (.text:HandleGetDescriptor)
                  00003be0    00000064                : usbdcomp.obj (.text:HandleRequests)
                  00003c44    00000064     driverlib.lib : interrupt.obj (.text:IntIsEnabled)
                  00003ca8    00000064     usblib.lib : usbbuffer.obj (.text:USBBufferEventCallback)
                  00003d0c    00000064     HardwareSerial.obj (.text:__sti___18_HardwareSerial_cpp_5fc7db02)
                  00003d70    00000064     usblib.lib : usbdma.obj (.text:uDMAUSBChannelEnable)
                  00003dd4    00000060                : usbdcomp.obj (.text:HandleDevice)
                  00003e34    00000060                : usbdhid.obj (.text:HandleDevice)
                  00003e94    00000060                : usbdhid.obj (.text:ProcessDataFromHost)
                  00003ef4    00000060                : usbdcdc.obj (.text:USBDCDCPacketWrite)
                  00003f54    00000060                : usbdenum.obj (.text:USBDReadAndDispatchRequest)
                  00003fb4    00000060     HardwareSerial.obj (.text:_ZN14HardwareSerial5writeEh)
                  00004014    00000060     rtsv7M4_T_le_v4SPD16_eabi.lib : autoinit.c.obj (.text:__TI_auto_init_nobinit:__TI_auto_init_nobinit)
                  00004074    0000005e     driverlib.lib : usb.obj (.text:USBDevEndpointStatusClear)
                  000040d2    0000005c     usblib.lib : usbdhid.obj (.text:FindHIDDescriptor)
                  0000412e    00000002     USBKeyboardDevice.obj (.text:_ZN9usbdevice17USBKeyboardDevice17getKeyboardDeviceEv)
                  00004130    0000005c     MFRC522.obj (.text:_ZN11rfid_reader7MFRC52213writeRegisterEhhPh)
                  0000418c    00000058     USBCompDevice.obj (.text:_ZN9usbdevice13USBCompDeviceC1EPFYjPvjjS1_E)
                  000041e4    00000056     usblib.lib : usbdhidkeyb.obj (.text:RemoveKeyFromPressedList)
                  0000423a    00000056                : usbdma.obj (.text:uDMAUSBChannelRelease)
                  00004290    00000054                : usbdhid.obj (.text:ProcessDataToHost)
                  000042e4    00000052                : usbulpi.obj (.text:ULPIConfigSet)
                  00004336    00000002     rtsv7M4_T_le_v4SPD16_eabi.lib : stdlib_typeinfo.cpp.obj (.text:_ZNSt9type_infoD1Ev)
                  00004338    00000050     driverlib.lib : sysctl.obj (.text:SysCtlPeripheralReset)
                  00004388    00000050     usblib.lib : usbdcdesc.obj (.text:USBDCDConfigDescGet)
                  000043d8    00000050                : usbdenum.obj (.text:USBDeviceResumeTickHandler)
                  00004428    00000050     MFRC522.obj (.text:_ZN11rfid_reader7MFRC522C1Ev)
                  00004478    00000050     USBSerialDevice.obj (.text:_ZN9usbdevice15USBSerialDevice20USBUARTPrimeTransmitEv)
                  000044c8    0000004e     USBSerialDevice.obj (.text:_ZN9usbdevice15USBSerialDevice9connectedEv)
                  00004516    0000004c     usblib.lib : usbdconfig.obj (.text:GetEPDescriptorType)
                  00004562    00000002     rtsv7M4_T_le_v4SPD16_eabi.lib : _lock.c.obj (.text:_nop)
                  00004564    0000004c     usblib.lib : usbdenum.obj (.text:USBDStringIndexFromRequest)
                  000045b0    0000004c     driverlib.lib : usb.obj (.text:USBEndpointDMAConfigSet)
                  000045fc    0000004c     MFRC522.obj (.text:_ZN11rfid_reader7MFRC52212readRegisterEh)
                  00004648    0000004c     usblib.lib : usbdma.obj (.text:iDMAUSBChannelEnable)
                  00004694    0000004a                : usbdcdesc.obj (.text:ConfigAlternateInterfaceGet)
                  000046de    0000004a                : usbdcdc.obj (.text:HandleEP0Data)
                  00004728    0000004a                : usbdcdc.obj (.text:HandleEndpoints)
                  00004772    0000004a                : usbdhid.obj (.text:USBDHIDReportWrite)
                  000047bc    0000004a     driverlib.lib : usb.obj (.text:USBDevEndpointStallClear)
                  00004806    0000004a     usblib.lib : usbdma.obj (.text:uDMAUSBChannelDisable)
                  00004850    00000048                : usbdhid.obj (.text:SetIdleTimeout)
                  00004898    00000048                : usbdenum.obj (.text:USBDeviceEnumResetHandler)
                  000048e0    00000048     MFRC522.obj (.text:_ZN11rfid_reader7MFRC52213writeRegisterEhh)
                  00004928    00000048     SPI.obj (.text:_ZN8SPIClass8transferEh)
                  00004970    00000048     driverlib.lib : udma.obj (.text:uDMAChannelAttributeDisable)
                  000049b8    00000046                   : usb.obj (.text:USBEndpointDataGet)
                  000049fe    00000002     usblib.lib : usbdma.obj (.text:iDMAUSBArbSizeSet)
                  00004a00    00000044                : usbdenum.obj (.text:USBDCDDeviceInfoInit)
                  00004a44    00000044                : usbdenum.obj (.text:USBDGetInterface)
                  00004a88    00000044     main.obj (.text:_Z9RxHandlerPvjjS_)
                  00004acc    00000044     USBSerialDevice.obj (.text:_ZN9usbdevice15USBSerialDevice11getInstanceEv)
                  00004b10    00000041     USBSerialDevice.obj (.text:_ZN9usbdevice15USBSerialDevice12disconnectedEv)
                  00004b51    00000001     --HOLE-- [fill = 0]
                  00004b52    00000040     usblib.lib : usbdcomp.obj (.text:ConfigChangeHandler)
                  00004b92    00000040                : usbdhid.obj (.text:ScheduleReportTransmission)
                  00004bd2    00000002                : usbdma.obj (.text:iDMAUSBUnitSizeSet)
                  00004bd4    00000040     HardwareSerial.obj (.text:_ZN14HardwareSerialC1Em)
                  00004c14    00000040     HardwareSerial.obj (.text:_ZN14HardwareSerialC1Ev)
                  00004c54    00000040     USBSerialDevice.obj (.text:_ZN9usbdevice15USBSerialDevice10readBufferEv)
                  00004c94    0000003e     usblib.lib : usbdhidkeyb.obj (.text:HIDKeyboardTxHandler)
                  00004cd2    0000003c     USBCompDevice.obj (.text:_ZN9usbdevice13USBCompDevice4initEv)
                  00004d0e    0000003c     usblib.lib : usbdma.obj (.text:iDMAUSBChannelRelease)
                  00004d4a    00000002                : usbdma.obj (.text:uDMAUSBChannelIntDisable)
                  00004d4c    0000003c     rtsv7M4_T_le_v4SPD16_eabi.lib : memory.c.obj (.text:minsert)
                  00004d88    0000003a     usblib.lib : usbdcomp.obj (.text:EndpointToIndex)
                  00004dc2    0000003a     driverlib.lib : usb.obj (.text:USBFIFOConfigSet)
                  00004dfc    00000038     usblib.lib : usbdcomp.obj (.text:HandleDisconnect)
                  00004e34    00000038                : usbtick.obj (.text:InternalUSBRegisterTickHandler)
                  00004e6c    00000038                : usbtick.obj (.text:InternalUSBStartOfFrameTick)
                  00004ea4    00000038                : usbdcomp.obj (.text:ResetHandler)
                  00004edc    00000038                : usbdcomp.obj (.text:ResumeHandler)
                  00004f14    00000038                : usbdcdc.obj (.text:SendBreak)
                  00004f4c    00000038                : usbdcomp.obj (.text:SuspendHandler)
                  00004f84    00000038                : usbdcdesc.obj (.text:USBDCDConfigGetInterfaceEndpoint)
                  00004fbc    00000038     driverlib.lib : usb.obj (.text:USBIntStatusControl)
                  00004ff4    00000038     usblib.lib : usbringbuf.obj (.text:USBRingBufAdvanceWrite)
                  0000502c    00000038     USBSerialDevice.obj (.text:_ZN9usbdevice15USBSerialDevice9SendBreakEb)
                  00005064    00000038     rtsv7M4_T_le_v4SPD16_eabi.lib : boot_cortex_m.c.obj (.text:_c_int00_noargs:_c_int00_noargs)
                  0000509c    00000038                                   : memory.c.obj (.text:minit)
                  000050d4    00000036     usblib.lib : usbdhid.obj (.text:HandleEndpoints)
                  0000510a    00000036                : usbdcomp.obj (.text:InterfaceChange)
                  00005140    00000036     driverlib.lib : usb.obj (.text:USBEndpointDataPut)
                  00005176    00000036     USBSerialDevice.obj (.text:_ZN9usbdevice15USBSerialDevice17pushReceiveBufferEh)
                  000051ac    00000034     usblib.lib : usbdhid.obj (.text:HIDTickHandler)
                  000051e0    00000034                : usbdcdc.obj (.text:HandleConfigChange)
                  00005214    00000034     driverlib.lib : sysctl.obj (.text:SysCtlPeripheralEnable)
                  00005248    00000034                   : usb.obj (.text:USBEndpointDataSend)
                  0000527c    00000034     Wire.obj (.text:_ZN7TwoWire4readEv)
                  000052b0    00000034     USBCompDevice.obj (.text:_ZN9usbdevice13USBCompDevice11getInstanceEv)
                  000052e4    00000034     USBKeyboardDevice.obj (.text:_ZN9usbdevice17USBKeyboardDevice11getInstanceEv)
                  00005318    00000034     usblib.lib : usbdma.obj (.text:iDMAUSBChannelStatus)
                  0000534c    00000032                : usbdhid.obj (.text:ClearReportTimer)
                  0000537e    00000032                : usbdhid.obj (.text:HandleConfigChange)
                  000053b0    00000032                : usbdcdesc.obj (.text:NextConfigDescGet)
                  000053e2    00000032                : usbdcdc.obj (.text:ProcessNotificationToHost)
                  00005414    00000032     driverlib.lib : usb.obj (.text:USBDevEndpointStall)
                  00005446    00000032     USBKeyboardDevice.obj (.text:_ZN9usbdevice17USBKeyboardDeviceC1EPFYjPvjjS1_E)
                  00005478    00000032     usblib.lib : usbdma.obj (.text:iDMAUSBChannelDisable)
                  000054aa    00000030                : usbdhidkeyb.obj (.text:AddKeyToPressedList)
                  000054da    00000030                : usbdma.obj (.text:DMAUSBIntHandler)
                  0000550a    00000002                : usbdma.obj (.text:uDMAUSBChannelIntEnable)
                  0000550c    00000030                : usbtick.obj (.text:InternalUSBTickInit)
                  0000553c    00000030                : usbdenum.obj (.text:USBDGetConfiguration)
                  0000556c    00000030                : usbringbuf.obj (.text:UpdateIndexAtomic)
                  0000559c    00000030     USBSerialDevice.obj (.text:_ZN9usbdevice15USBSerialDevice16popReceiveBufferEv)
                  000055cc    0000002e     usblib.lib : usbdcomp.obj (.text:HandleEndpoints)
                  000055fa    0000002e                : usbbuffer.obj (.text:USBBufferWrite)
                  00005628    0000002e                : usbdcdc.obj (.text:USBDCDCRxPacketAvailable)
                  00005656    0000002e     Print.obj (.text:_ZN5Print5writeEPKhj)
                  00005684    0000002c     usblib.lib : usbdcomp.obj (.text:InterfaceToIndex)
                  000056b0    0000002c                : usbdesc.obj (.text:USBDescGet)
                  000056dc    0000002c     HardwareSerial.obj (.text:_ZN14HardwareSerial5flushEv)
                  00005708    0000002c     usblib.lib : usbdma.obj (.text:uDMAUSBIntStatus)
                  00005734    0000002a                : usbbuffer.obj (.text:HandleRequestBuffer)
                  0000575e    0000002a                : usbdcdesc.obj (.text:USBDCDConfigDescGetNum)
                  00005788    0000002a                : usbdesc.obj (.text:USBDescGetNum)
                  000057b2    0000002a     driverlib.lib : usb.obj (.text:USBDevEndpointDataAck)
                  000057dc    0000002a     MFRC522.obj (.text:_ZN11rfid_reader7MFRC52214transceiveDataEPhhS1_S1_S1_hb)
                  00005806    00000028     usblib.lib : usbdhid.obj (.text:GetIdleTimeout)
                  0000582e    00000028                : usbdhid.obj (.text:HandleEP0DataReceived)
                  00005856    00000028                : usbbuffer.obj (.text:USBBufferRead)
                  0000587e    00000002     --HOLE-- [fill = 0]
                  00005880    00000028                : usbdenum.obj (.text:USBDSetAddress)
                  000058a8    00000028     driverlib.lib : usb.obj (.text:USBIntEnableControl)
                  000058d0    00000028     main.obj (.text:_Z18USBKeyboardHandlerPvjjS_)
                  000058f8    00000028     USBKeyboardDevice.obj (.text:_ZN9usbdevice17USBKeyboardDevice12GetUsageCodeEcb)
                  00005920    00000028     rtsv7M4_T_le_v4SPD16_eabi.lib : memory.c.obj (.text:mremove)
                  00005948    00000028     driverlib.lib : udma.obj (.text:uDMAChannelModeGet)
                  00005970    00000026     HardwareSerial.obj (.text:_ZN14HardwareSerial4readEv)
                  00005996    00000024     usblib.lib : usbdcdc.obj (.text:HandleDisconnect)
                  000059ba    00000024                : usbdcdc.obj (.text:SendLineStateChange)
                  000059de    00000024     driverlib.lib : usb.obj (.text:USBEndpointDMADisable)
                  00005a02    00000024                   : usb.obj (.text:USBEndpointDMAEnable)
                  00005a26    00000002     --HOLE-- [fill = 0]
                  00005a28    00000024     usblib.lib : usbmode.obj (.text:USBStackModeSet)
                  00005a4c    00000024     main.obj (.text:_Z5delayi)
                  00005a70    00000024     Wire.obj (.text:_ZN7TwoWire4peekEv)
                  00005a94    00000024     Wire.obj (.text:_ZN7TwoWireC1Ev)
                  00005ab8    00000024     driverlib.lib : udma.obj (.text:uDMAChannelControlSet)
                  00005adc    00000022     usblib.lib : usbdcomp.obj (.text:DataReceived)
                  00005afe    00000022                : usbdcomp.obj (.text:DataSent)
                  00005b20    00000022                : usbdhid.obj (.text:HandleDisconnect)
                  00005b42    00000022                : usbdcdc.obj (.text:SendLineCodingChange)
                  00005b64    00000022     Wire.obj (.text:_ZN7TwoWire5writeEPKhj)
                  00005b86    00000022     usblib.lib : usbdma.obj (.text:uDMAUSBChannelStatus)
                  00005ba8    00000020                : usbdcdc.obj (.text:CheckAndSendBreak)
                  00005bc8    00000020                : usbdconfig.obj (.text:GetEndpointFIFOSize)
                  00005be8    00000020                : usbbuffer.obj (.text:HandleDataRemaining)
                  00005c08    00000020                : usbdhid.obj (.text:HandleEP0DataSent)
                  00005c28    00000020                : usbringbuf.obj (.text:USBRingBufAdvanceRead)
                  00005c48    00000020     MFRC522.obj (.text:_ZN11rfid_reader7MFRC52216isNewCardPresentEv)
                  00005c68    00000020     MFRC522.obj (.text:_ZN11rfid_reader7MFRC5225delayEi)
                  00005c88    00000020     Wire.obj (.text:_ZN7TwoWire5flushEv)
                  00005ca8    0000001e     usblib.lib : usbringbuf.obj (.text:USBRingBufContigFree)
                  00005cc6    0000001e     driverlib.lib : usb.obj (.text:USBULPIRegRead)
                  00005ce4    0000001e                   : usb.obj (.text:USBULPIRegWrite)
                  00005d02    0000001e     MFRC522.obj (.text:_ZN11rfid_reader7MFRC5229antennaOnEv)
                  00005d20    0000001e     USBSerialDevice.obj (.text:_ZN9usbdevice15USBSerialDevice22getReceiveBufferLengthEv)
                  00005d3e    0000001c     usblib.lib : usbdcomp.obj (.text:CompositeEPChange)
                  00005d5a    0000001c                : usbdcomp.obj (.text:CompositeIfaceChange)
                  00005d76    0000001c                : usbdcdesc.obj (.text:USBDCDConfigGetInterface)
                  00005d92    00000002     --HOLE-- [fill = 0]
                  00005d94    0000001c                : usbdenum.obj (.text:USBDCDStallEP0)
                  00005db0    0000001c     driverlib.lib : usb.obj (.text:USBEndpointDataAvail)
                  00005dcc    0000001c     usblib.lib : usbringbuf.obj (.text:USBRingBufRead)
                  00005de8    0000001c                : usbringbuf.obj (.text:USBRingBufWrite)
                  00005e04    0000001c     MFRC522.obj (.text:_ZN11rfid_reader7MFRC5229softResetEv)
                  00005e20    0000001c     Wire.obj (.text:_ZN7TwoWire9availableEv)
                  00005e3c    0000001c     Wire.obj (.text:_ZN7TwoWire9setModuleEm)
                  00005e58    0000001a     usblib.lib : usbdhid.obj (.text:ClearIdleTimers)
                  00005e72    0000001a                : usbdcdc.obj (.text:DeviceConsumedAllData)
                  00005e8c    0000001a                : usbdcdesc.obj (.text:USBDCDConfigDescGetSize)
                  00005ea6    0000001a     driverlib.lib : usb.obj (.text:USBEndpointDMAChannel)
                  00005ec0    0000001a     MFRC522.obj (.text:_ZN11rfid_reader7MFRC52220clearRegisterBitMaskEhh)
                  00005eda    00000018     uartstdio.obj (.text:IsBufferFull)
                  00005ef2    00000018     usblib.lib : usbdcdc.obj (.text:SetDeferredOpFlag)
                  00005f0a    00000018                : usbdhid.obj (.text:SetDeferredOpFlag)
                  00005f22    00000002     --HOLE-- [fill = 0]
                  00005f24    00000018                : usbdhandler.obj (.text:USB0DeviceIntHandler)
                  00005f3c    00000018                : usbbuffer.obj (.text:USBBufferInit)
                  00005f54    00000018                : usbdenum.obj (.text:USBDCDFeatureGet)
                  00005f6c    00000018                : usbdenum.obj (.text:USBDSetDescriptor)
                  00005f84    00000018                : usbdenum.obj (.text:USBDSyncFrame)
                  00005f9c    00000018     USBKeyboardDevice.obj (.text:_ZN9usbdevice17USBKeyboardDevice17releaseSpecialKeyEv)
                  00005fb4    00000018     driverlib.lib : udma.obj (.text:uDMAChannelDisable)
                  00005fcc    00000018                   : udma.obj (.text:uDMAChannelEnable)
                  00005fe4    00000016     usblib.lib : usbdcdc.obj (.text:CheckAndSendLineCodingChange)
                  00005ffa    00000016                : usbdcdc.obj (.text:CheckAndSendLineStateChange)
                  00006010    00000016     driverlib.lib : usb.obj (.text:USBIntEnableEndpoint)
                  00006026    00000016     usblib.lib : usbringbuf.obj (.text:USBRingBufFlush)
                  0000603c    00000016                : usbringbuf.obj (.text:USBRingBufReadOne)
                  00006052    00000016                : usbringbuf.obj (.text:USBRingBufUsed)
                  00006068    00000016     MFRC522.obj (.text:_ZN11rfid_reader7MFRC52218setRegisterBitMaskEhh)
                  0000607e    00000016     HardwareSerial.obj (.text:_ZN14HardwareSerial9availableEv)
                  00006094    00000016     USBSerialDevice.obj (.text:_ZN9usbdevice15USBSerialDevice10initBufferEv)
                  000060aa    00000014     usblib.lib : usbbuffer.obj (.text:HandleTxComplete)
                  000060be    00000002     --HOLE-- [fill = 0]
                  000060c0    00000014     driverlib.lib : sysctl.obj (.text:SysCtlUSBPLLEnable)
                  000060d4    00000014     usblib.lib : usbdcdc.obj (.text:USBDCDCTxPacketAvailable)
                  000060e8    00000014                : usbdenum.obj (.text:USBDCDRequestDataEP0)
                  000060fc    00000014                : usbdenum.obj (.text:USBDCDSendDataEP0)
                  00006110    00000014     driverlib.lib : usb.obj (.text:USBDMAChannelConfigSet)
                  00006124    00000014                   : usb.obj (.text:USBHostResume)
                  00006138    00000014                   : usb.obj (.text:_USBIndexWrite)
                  0000614c    00000014     MFRC522.obj (.text:_ZN11rfid_reader7MFRC52214readCardSerialEv)
                  00006160    00000012     usblib.lib : usbdcdc.obj (.text:HandleResume)
                  00006172    00000012                : usbdhid.obj (.text:HandleResume)
                  00006184    00000012                : usbdcdc.obj (.text:HandleSuspend)
                  00006196    00000012                : usbdhid.obj (.text:HandleSuspend)
                  000061a8    00000012     driverlib.lib : usb.obj (.text:USBDMAChannelDisable)
                  000061ba    00000012                   : usb.obj (.text:USBDMAChannelEnable)
                  000061cc    00000012                   : usb.obj (.text:USBDMAChannelIntDisable)
                  000061de    00000012                   : usb.obj (.text:USBDMAChannelIntEnable)
                  000061f0    00000012     usblib.lib : usbringbuf.obj (.text:USBRingBufFree)
                  00006202    00000012     HardwareSerial.obj (.text:_ZN14HardwareSerial4peekEv)
                  00006214    00000012     USBSerialDevice.obj (.text:_ZN9usbdevice15USBSerialDevice18flushReceiveBufferEv)
                  00006226    00000010     driverlib.lib : i2c.obj (.text:I2CSlaveEnable)
                  00006236    00000010                   : interrupt.obj (.text:IntMasterDisable)
                  00006246    00000010                   : interrupt.obj (.text:IntMasterEnable)
                  00006256    00000002     --HOLE-- [fill = 0]
                  00006258    00000010     tm4c123gh6pm_startup_ccs.obj (.text:SysTickIntHandler)
                  00006268    00000010     driverlib.lib : usb.obj (.text:USBEndpointStatus)
                  00006278    00000010     usblib.lib : usbringbuf.obj (.text:USBRingBufContigUsed)
                  00006288    00000010                : usbringbuf.obj (.text:USBRingBufWriteOne)
                  00006298    0000000e                : usbdma.obj (.text:DMAUSBIntStatusClear)
                  000062a6    0000000e     driverlib.lib : i2c.obj (.text:I2CSlaveInit)
                  000062b4    0000000e     uartstdio.obj (.text:IsBufferEmpty)
                  000062c2    0000000e     usblib.lib : usbdhid.obj (.text:USBDHIDTxPacketAvailable)
                  000062d0    0000000e     driverlib.lib : usb.obj (.text:USBDMAChannelStatus)
                  000062de    0000000e                   : usb.obj (.text:USBDevLPMDisable)
                  000062ec    0000000e                   : usb.obj (.text:USBDevLPMEnable)
                  000062fa    0000000e                   : usb.obj (.text:USBULPIDisable)
                  00006308    0000000e                   : usb.obj (.text:USBULPIEnable)
                  00006316    0000000e     rtsv7M4_T_le_v4SPD16_eabi.lib : typeinfo.c.obj (.text:_ZN10__cxxabiv117__class_type_infoD0Ev)
                  00006324    0000000e                                   : typeinfo.c.obj (.text:_ZN10__cxxabiv120__si_class_type_infoD0Ev)
                  00006332    0000000e                                   : copy_decompress_none.c.obj (.text:decompress:none:__TI_decompress_none)
                  00006340    0000000c     driverlib.lib : cpu.obj (.text:CPUcpsid)
                  0000634c    0000000c                   : cpu.obj (.text:CPUcpsie)
                  00006358    0000000c                   : i2c.obj (.text:I2CSlaveIntEnableEx)
                  00006364    0000000c                   : usb.obj (.text:USBEndpointPacketCountSet)
                  00006370    0000000c                   : usb.obj (.text:USBLPMIntEnable)
                  0000637c    0000000c     usblib.lib : usbringbuf.obj (.text:USBRingBufInit)
                  00006388    0000000c     USBCompDevice.obj (.text:_ZN9usbdevice13USBCompDevice20registerEventHandlerEPFYjPvjjS1_E)
                  00006394    0000000c     USBSerialDevice.obj (.text:_ZN9usbdevice15USBSerialDevice17registerRxHandlerEPFYjPvjjS1_E)
                  000063a0    0000000c     USBSerialDevice.obj (.text:_ZN9usbdevice15USBSerialDevice17registerTxHandlerEPFYjPvjjS1_E)
                  000063ac    0000000c     USBSerialDevice.obj (.text:_ZN9usbdevice15USBSerialDevice22registerControlHandlerEPFYjPvjjS1_E)
                  000063b8    0000000c     USBKeyboardDevice.obj (.text:_ZN9usbdevice17USBKeyboardDevice23registerKeyboardHandlerEPFYjPvjjS1_E)
                  000063c4    0000000c     rtsv7M4_T_le_v4SPD16_eabi.lib : guard.c.obj (.text:__cxa_guard_acquire)
                  000063d0    0000000c     SPI.obj (.text:__sti___7_SPI_cpp_230ca784)
                  000063dc    0000000c     Wire.obj (.text:__sti___8_Wire_cpp_4e348ebc)
                  000063e8    0000000c     rtsv7M4_T_le_v4SPD16_eabi.lib : copy_zero_init.c.obj (.text:decompress:ZI:__TI_zero_init)
                  000063f4    0000000a     driverlib.lib : usb.obj (.text:USBClockEnable)
                  000063fe    0000000a                   : usb.obj (.text:USBControllerVersion)
                  00006408    0000000a                   : usb.obj (.text:USBDMAChannelAddressSet)
                  00006412    0000000a                   : usb.obj (.text:USBDMAChannelCountSet)
                  0000641c    0000000a                   : usb.obj (.text:USBDevConnect)
                  00006426    0000000a                   : usb.obj (.text:USBDevDisconnect)
                  00006430    0000000a                   : usb.obj (.text:USBIntStatusEndpoint)
                  0000643a    0000000a     SPI.obj (.text:_ZN8SPIClassC1Ev)
                  00006444    0000000a     rtsv7M4_T_le_v4SPD16_eabi.lib : guard.c.obj (.text:__cxa_guard_release)
                  0000644e    00000008     driverlib.lib : usb.obj (.text:USBDevMode)
                  00006456    00000008                   : usb.obj (.text:USBFIFOAddrGet)
                  0000645e    00000008                   : usb.obj (.text:USBOTGMode)
                  00006466    00000008     rtsv7M4_T_le_v4SPD16_eabi.lib : new.cpp.obj (.text:_ZdlPv)
                  0000646e    00000008     usblib.lib : usbdma.obj (.text:iDMAUSBChannelIntDisable)
                  00006476    00000008                : usbdma.obj (.text:iDMAUSBChannelIntEnable)
                  0000647e    00000006     driverlib.lib : i2c.obj (.text:I2CSlaveDataPut)
                  00006484    00000006     tm4c123gh6pm_startup_ccs.obj (.text:ResetISR)
                  0000648a    00000006     driverlib.lib : sysctl.obj (.text:SysCtlDelay)
                  00006490    00000006     usblib.lib : usbbuffer.obj (.text:USBBufferFlush)
                  00006496    00000006     driverlib.lib : usb.obj (.text:USBDMAChannelIntStatus)
                  0000649c    00000006                   : usb.obj (.text:USBDevLPMConfig)
                  000064a2    00000006                   : usb.obj (.text:USBLPMIntStatus)
                  000064a8    00000006     SPI.obj (.text:_ZN8SPIClass9setModuleEh)
                  000064ae    00000006     USBSerialDevice.obj (.text:_ZN9usbdevice15USBSerialDevice5writeEPhj)
                  000064b4    00000006     rtsv7M4_T_le_v4SPD16_eabi.lib : pure_virt.c.obj (.text:__cxa_pure_virtual)
                  000064ba    00000006     usblib.lib : usbdma.obj (.text:iDMAUSBIntStatus)
                  000064c0    00000004                : usbdma.obj (.text:DMAUSBStatus)
                  000064c4    00000004                : usbdhid.obj (.text:HandleReset)
                  000064c8    00000004     driverlib.lib : usb.obj (.text:USBDevAddrSet)
                  000064cc    00000004     main.obj (.text:_Z15USBEventHandlerPvjjS_)
                  000064d0    00000004     main.obj (.text:_Z9TxHandlerPvjjS_)
                  000064d4    00000004     rtsv7M4_T_le_v4SPD16_eabi.lib : typeinfo.c.obj (.text:_ZN10__cxxabiv117__class_type_infoD1Ev)
                  000064d8    00000004                                   : typeinfo.c.obj (.text:_ZN10__cxxabiv120__si_class_type_infoD1Ev)
                  000064dc    00000004     HardwareSerial.obj (.text:_ZN5Print17availableForWriteEv)
                  000064e0    00000004     rtsv7M4_T_le_v4SPD16_eabi.lib : new.cpp.obj (.text:_ZdlPvj)
                  000064e4    00000004                                   : error.c.obj (.text:__abort_execution)
                  000064e8    00000004                                   : pre_init.c.obj (.text:_system_pre_init)
                  000064ec    00000004                                   : exit.c.obj (.text:abort:abort)

.const     0    000064f0    00000718     
                  000064f0    00000070     driverlib.lib : interrupt.obj (.const)
                  00006560    0000006c                   : sysctl.obj (.const:g_pui32Xtals)
                  000065cc    00000068     USBKeyboardDevice.obj (.const:_ZN43_INTERNAL_21_USBKeyboardDevice_cpp_497fa7839usbdevice14g_pcUsageCodesE)
                  00006634    00000058     usblib.lib : usbdcdc.obj (.const)
                  0000668c    00000040     SPI.obj (.const:g_ulSSIConfig)
                  000066cc    0000003f     usblib.lib : usbdhidkeyb.obj (.const:.string:g_pui8KeybReportDescriptor)
                  0000670b    00000036     usb_structs.obj (.const:.string:g_pui8ConfigString)
                  00006741    00000002     main.obj (.const:.string:$P$T0$1)
                  00006743    00000001     --HOLE-- [fill = 0]
                  00006744    00000034     usblib.lib : usbdenum.obj (.const:g_psUSBDStdRequests)
                  00006778    00000034                : usbdhidkeyb.obj (.const)
                  000067ac    00000030                : usbdcdc.obj (.const:g_sCDCHandlers)
                  000067dc    00000030                : usbdcomp.obj (.const:g_sCompHandlers)
                  0000680c    00000030                : usbdhid.obj (.const:g_sHIDHandlers)
                  0000683c    0000002e                : usbdcdc.obj (.const:.string)
                  0000686a    0000002c     usb_structs.obj (.const:.string:g_pui8ControlInterfaceString)
                  00006896    00000025     rtsv7M4_T_le_v4SPD16_eabi.lib : typeinfo.c.obj (.const:.typeinfo:_ZTSN10__cxxabiv120__si_class_type_infoE)
                  000068bb    00000024     usb_structs.obj (.const:.string:g_pui8ManufacturerString)
                  000068df    00000001     --HOLE-- [fill = 0]
                  000068e0    00000024     HardwareSerial.obj (.const:_ZTV14HardwareSerial)
                  00006904    00000024     HardwareSerial.obj (.const:_ZTV6Stream)
                  00006928    00000024     Wire.obj (.const:_ZTV7TwoWire)
                  0000694c    00000023     usblib.lib : usbdcdc.obj (.const:.string:g_pui8CDCSerCommInterface)
                  0000696f    00000022     rtsv7M4_T_le_v4SPD16_eabi.lib : typeinfo.c.obj (.const:.typeinfo:_ZTSN10__cxxabiv117__class_type_infoE)
                  00006991    00000022     USBKeyboardDevice.obj (.const:_ZN43_INTERNAL_21_USBKeyboardDevice_cpp_497fa7839usbdevice19g_pcUsageCodesShiftE)
                  000069b3    00000001     --HOLE-- [fill = 0]
                  000069b4    00000020     HardwareSerial.obj (.const:g_ulUARTBase)
                  000069d4    00000020     HardwareSerial.obj (.const:g_ulUARTInt)
                  000069f4    00000020     Wire.obj (.const:g_uli2cConfig)
                  00006a14    0000001a     usb_structs.obj (.const:.string:g_pui8ProductString)
                  00006a2e    00000002     main.obj (.const:.string:$P$T3$4)
                  00006a30    00000018     Print.obj (.const:_ZTV5Print)
                  00006a48    00000018     usb_structs.obj (.const:g_pui8StringDescriptors)
                  00006a60    00000012     usb_structs.obj (.const:.string:g_pui8SerialNumberString)
                  00006a72    00000011     HardwareSerial.obj (.const:.typeinfo:_ZTS14HardwareSerial)
                  00006a83    00000001     --HOLE-- [fill = 0]
                  00006a84    00000010     rtsv7M4_T_le_v4SPD16_eabi.lib : typeinfo.c.obj (.const:_ZTVN10__cxxabiv117__class_type_infoE)
                  00006a94    00000010                                   : typeinfo.c.obj (.const:_ZTVN10__cxxabiv120__si_class_type_infoE)
                  00006aa4    00000010     SPI.obj (.const:g_ulSSIBase)
                  00006ab4    00000010     SPI.obj (.const:g_ulSSIPeriph)
                  00006ac4    00000010     SPI.obj (.const:g_ulSSIPins)
                  00006ad4    00000010     SPI.obj (.const:g_ulSSIPort)
                  00006ae4    00000010     Wire.obj (.const:g_uli2cBase)
                  00006af4    00000010     Wire.obj (.const:g_uli2cInt)
                  00006b04    00000010     Wire.obj (.const:g_uli2cMasterBase)
                  00006b14    00000010     Wire.obj (.const:g_uli2cPeriph)
                  00006b24    00000010     Wire.obj (.const:g_uli2cSCLPins)
                  00006b34    00000010     Wire.obj (.const:g_uli2cSDAPins)
                  00006b44    00000010     Wire.obj (.const:g_uli2cSlaveBase)
                  00006b54    0000000e     usblib.lib : usbdhidkeyb.obj (.const:.string)
                  00006b62    0000000d     rtsv7M4_T_le_v4SPD16_eabi.lib : stdlib_typeinfo.cpp.obj (.const:.typeinfo:_ZTSSt9type_info)
                  00006b6f    00000001     --HOLE-- [fill = 0]
                  00006b70    0000000c     HardwareSerial.obj (.const:.typeinfo:_ZTI14HardwareSerial)
                  00006b7c    0000000c     HardwareSerial.obj (.const:.typeinfo:_ZTI6Stream)
                  00006b88    0000000c     Wire.obj (.const:.typeinfo:_ZTI7TwoWire)
                  00006b94    0000000c     rtsv7M4_T_le_v4SPD16_eabi.lib : typeinfo.c.obj (.const:.typeinfo:_ZTIN10__cxxabiv117__class_type_infoE)
                  00006ba0    0000000c                                   : typeinfo.c.obj (.const:.typeinfo:_ZTIN10__cxxabiv120__si_class_type_infoE)
                  00006bac    0000000c     uartstdio.obj (.const:g_ui32UARTInt)
                  00006bb8    00000009     usblib.lib : usbdcomp.obj (.const:.string)
                  00006bc1    00000009     Wire.obj (.const:.typeinfo:_ZTS7TwoWire)
                  00006bca    00000002     --HOLE-- [fill = 0]
                  00006bcc    00000008     Print.obj (.const:.typeinfo:_ZTI5Print)
                  00006bd4    00000008     rtsv7M4_T_le_v4SPD16_eabi.lib : stdlib_typeinfo.cpp.obj (.const:.typeinfo:_ZTISt9type_info)
                  00006bdc    00000008     HardwareSerial.obj (.const:.typeinfo:_ZTS6Stream)
                  00006be4    00000007     Print.obj (.const:.typeinfo:_ZTS5Print)
                  00006beb    00000006     main.obj (.const:.string:$P$T1$2)
                  00006bf1    00000006     main.obj (.const:.string:$P$T2$3)
                  00006bf7    00000001     --HOLE-- [fill = 0]
                  00006bf8    00000006     main.obj (.const)
                  00006bfe    00000004     usb_structs.obj (.const:.string:g_pui8LangDescriptor)
                  00006c02    00000002     --HOLE-- [fill = 0]
                  00006c04    00000004     usb_structs.obj (.const)

.cinit     0    00006c18    000000e0     
                  00006c18    000000b5     (.cinit..data.load) [load image, compression = lzss]
                  00006ccd    00000003     --HOLE-- [fill = 0]
                  00006cd0    0000000c     (__TI_handler_table)
                  00006cdc    00000004     --HOLE-- [fill = 0]
                  00006ce0    00000008     (.cinit..bss.load) [load image, compression = zero_init]
                  00006ce8    00000010     (__TI_cinit_table)

.init_array 
*          0    00006c08    0000000c     
                  00006c08    00000004     Wire.obj (.init_array)
                  00006c0c    00000004     SPI.obj (.init_array)
                  00006c10    00000004     HardwareSerial.obj (.init_array)

.bss       0    20000000    00000e54     UNINITIALIZED
                  20000000    00000400     uartstdio.obj (.bss:g_pcUARTTxBuffer)
                  20000400    000003ec     USBSerialDevice.obj (.bss:instance$2)
                  200007ec    00000110     usblib.lib : usbdma.obj (.bss:g_psUSBDMAInst)
                  200008fc    000000f8     USBCompDevice.obj (.bss:instance$2)
                  200009f4    000000a4     USBKeyboardDevice.obj (.bss:instance$2)
                  20000a98    00000080     uartstdio.obj (.bss:g_pcUARTRxBuffer)
                  20000b18    00000050     usblib.lib : usbdenum.obj (.bss:g_psDCDInst)
                  20000b68    00000040                : usbdenum.obj (.bss:g_pui8DataBufferIn)
                  20000ba8    00000040     (.common:_ZN7TwoWire8rxBufferE)
                  20000be8    00000040     (.common:_ZN7TwoWire8txBufferE)
                  20000c28    00000038     HardwareSerial.obj (.bss:Serial1)
                  20000c60    00000038     HardwareSerial.obj (.bss:Serial2)
                  20000c98    00000038     HardwareSerial.obj (.bss:Serial3)
                  20000cd0    00000038     HardwareSerial.obj (.bss:Serial4)
                  20000d08    00000038     HardwareSerial.obj (.bss:Serial5)
                  20000d40    00000038     HardwareSerial.obj (.bss:Serial6)
                  20000d78    00000038     HardwareSerial.obj (.bss:Serial7)
                  20000db0    00000038     HardwareSerial.obj (.bss:Serial)
                  20000de8    00000018     (.common:g_pfnTickHandlers)
                  20000e00    00000018     (.common:g_pvTickInstance)
                  20000e18    00000010     Wire.obj (.bss:Wire)
                  20000e28    00000008     uartstdio.obj (.bss)
                  20000e30    00000004     USBCompDevice.obj (.bss)
                  20000e34    00000004     USBKeyboardDevice.obj (.bss)
                  20000e38    00000004     USBSerialDevice.obj (.bss)
                  20000e3c    00000004     (.common:g_pfnUSBModeCallback)
                  20000e40    00000004     (.common:g_ppCompConfigDescriptors)
                  20000e44    00000004     (.common:g_ppsDevInfo)
                  20000e48    00000004     (.common:g_ui32ULPISupport)
                  20000e4c    00000004     (.common:ui32TxCount)
                  20000e50    00000002     SPI.obj (.bss:SPI)
                  20000e52    00000002     (.common:_ZN9usbdevice16g_sKeyboardStateE)

.stack     0    20000e58    00000400     UNINITIALIZED
                  20000e58    00000004     rtsv7M4_T_le_v4SPD16_eabi.lib : boot_cortex_m.c.obj (.stack)
                  20000e5c    000003fc     --HOLE--

.data      0    20001258    00000144     UNINITIALIZED
                  20001258    0000005e     usblib.lib : usbdcdc.obj (.data)
                  200012b6    00000002     --HOLE--
                  200012b8    00000038                : usbdhidkeyb.obj (.data)
                  200012f0    00000015     uartstdio.obj (.data)
                  20001305    00000012     usblib.lib : usbdcomp.obj (.data)
                  20001317    00000012                : usbdhid.obj (.data)
                  20001329    00000003     buttons.obj (.data)
                  2000132c    00000010     USBKeyboardDevice.obj (.data)
                  2000133c    0000000c     rtsv7M4_T_le_v4SPD16_eabi.lib : memory.c.obj (.data:$O1$$)
                  20001348    0000000c     USBSerialDevice.obj (.data)
                  20001354    0000000c     usblib.lib : usbtick.obj (.data)
                  20001360    00000009     Wire.obj (.data)
                  20001369    00000003     --HOLE--
                  2000136c    00000009     usblib.lib : usbmode.obj (.data)
                  20001375    00000003     --HOLE--
                  20001378    00000008     rtsv7M4_T_le_v4SPD16_eabi.lib : _lock.c.obj (.data:$O1$$)
                  20001380    00000008     usblib.lib : usbdenum.obj (.data)
                  20001388    00000005     main.obj (.data)
                  2000138d    00000003     --HOLE--
                  20001390    00000004     USBCompDevice.obj (.data)
                  20001394    00000004     main.obj (.data:currentUid)
                  20001398    00000004     tm4c123gh6pm_startup_ccs.obj (.data)

.sysmem    0    200013a0    00000008     UNINITIALIZED
                  200013a0    00000008     rtsv7M4_T_le_v4SPD16_eabi.lib : memory.c.obj (.sysmem)

MODULE SUMMARY

       Module                         code    ro data   rw data
       ------                         ----    -------   -------
    .\drivers\
       buttons.obj                    104     0         3      
    +--+------------------------------+-------+---------+---------+
       Total:                         104     0         3      
                                                               
    .\src\
       main.obj                       1404    22        15     
       tm4c123gh6pm_startup_ccs.obj   28      620       4      
    +--+------------------------------+-------+---------+---------+
       Total:                         1432    642       19     
                                                               
    .\src\energia\
       Wire.obj                       1258    205       153    
       HardwareSerial.obj             572     189       448    
       SPI.obj                        364     132       2      
       Print.obj                      46      39        0      
    +--+------------------------------+-------+---------+---------+
       Total:                         2240    565       603    
                                                               
    .\src\rfid\
       MFRC522.obj                    2002    0         0      
    +--+------------------------------+-------+---------+---------+
       Total:                         2002    0         0      
                                                               
    .\src\usb\
       USBSerialDevice.obj            1097    0         1020   
       USBKeyboardDevice.obj          592     138       184    
       USBCompDevice.obj              212     0         256    
       usb_structs.obj                0       210       0      
    +--+------------------------------+-------+---------+---------+
       Total:                         1901    348       1460   
                                                               
    .\utils\
       uartstdio.obj                  698     12        1181   
    +--+------------------------------+-------+---------+---------+
       Total:                         698     12        1181   
                                                               
    C:/ti/tivaware_c_series_2_1_4_178/driverlib/ccs/Debug/driverlib.lib
       usb.obj                        1354    0         0      
       sysctl.obj                     430     108       0      
       interrupt.obj                  340     112       0      
       udma.obj                       328     0         0      
       i2c.obj                        48      0         0      
       cpu.obj                        24      0         0      
    +--+------------------------------+-------+---------+---------+
       Total:                         2524    220       0      
                                                               
    C:/ti/tivaware_c_series_2_1_4_178/usblib/ccs/Debug/usblib.lib
       usbdenum.obj                   2904    52        160    
       usbdcdc.obj                    2008    217       94     
       usbdma.obj                     2008    0         272    
       usbdhid.obj                    1770    48        18     
       usbdcomp.obj                   1624    57        22     
       usbdhidkeyb.obj                652     129       56     
       usbbuffer.obj                  646     0         0      
       usbdconfig.obj                 576     0         0      
       usbdcdesc.obj                  356     0         0      
       usbringbuf.obj                 350     0         0      
       usbtick.obj                    160     0         60     
       usbdesc.obj                    86      0         0      
       usbulpi.obj                    82      0         0      
       usbmode.obj                    36      0         13     
       usbdhandler.obj                24      0         0      
    +--+------------------------------+-------+---------+---------+
       Total:                         13282   503       695    
                                                               
    C:\ti\ccsv8\tools\compiler\ti-cgt-arm_18.1.3.LTS\lib\rtsv7M4_T_le_v4SPD16_eabi.lib
       memory.c.obj                   372     0         12     
       typeinfo.c.obj                 36      127       0      
       memcpy_t2.asm.obj              156     0         0      
       memset_t2.asm.obj              122     0         0      
       copy_decompress_lzss.c.obj     104     0         0      
       autoinit.c.obj                 96      0         0      
       boot_cortex_m.c.obj            56      0         0      
       stdlib_typeinfo.cpp.obj        2       21        0      
       guard.c.obj                    22      0         0      
       copy_decompress_none.c.obj     14      0         0      
       copy_zero_init.c.obj           12      0         0      
       new.cpp.obj                    12      0         0      
       _lock.c.obj                    2       0         8      
       pure_virt.c.obj                6       0         0      
       error.c.obj                    4       0         0      
       exit.c.obj                     4       0         0      
       pre_init.c.obj                 4       0         0      
    +--+------------------------------+-------+---------+---------+
       Total:                         1024    148       20     
                                                               
       Heap:                          0       0         8      
       Stack:                         0       0         1024   
       Linker Generated:              0       217       0      
    +--+------------------------------+-------+---------+---------+
       Grand Total:                   25207   2655      5013   


LINKER GENERATED COPY TABLES

__TI_cinit_table @ 00006ce8 records: 2, size/record: 8, table size: 16
	.data: load addr=00006c18, load size=000000b5 bytes, run addr=20001258, run size=00000144 bytes, compression=lzss
	.bss: load addr=00006ce0, load size=00000008 bytes, run addr=20000000, run size=00000e54 bytes, compression=zero_init


LINKER GENERATED HANDLER TABLE

__TI_handler_table @ 00006cd0 records: 3, size/record: 4, table size: 12
	index: 0, handler: __TI_decompress_lzss
	index: 1, handler: __TI_decompress_none
	index: 2, handler: __TI_zero_init


GLOBAL SYMBOLS: SORTED ALPHABETICALLY BY Name 

address   name                                                                  
-------   ----                                                                  
00000843  BuildCompositeDescriptor                                              
000038ad  ButtonsInit                                                           
000064ed  C$$EXIT                                                               
00006341  CPUcpsid                                                              
0000634d  CPUcpsie                                                              
0000647f  I2CSlaveDataPut                                                       
00006227  I2CSlaveEnable                                                        
000062a7  I2CSlaveInit                                                          
00006359  I2CSlaveIntEnableEx                                                   
00003915  IntDisable                                                            
0000397d  IntEnable                                                             
00003c45  IntIsEnabled                                                          
00006237  IntMasterDisable                                                      
00006247  IntMasterEnable                                                       
00004e35  InternalUSBRegisterTickHandler                                        
00004e6d  InternalUSBStartOfFrameTick                                           
0000550d  InternalUSBTickInit                                                   
00006c04  NUM_STRING_DESCRIPTORS                                                
000035a5  ProcessDataFromHost                                                   
00003769  ProcessDataToHost                                                     
000053e3  ProcessNotificationToHost                                             
00006485  ResetISR                                                              
00006c08  SHT$$INIT_ARRAY$$Base                                                 
00006c14  SHT$$INIT_ARRAY$$Limit                                                
20000e50  SPI                                                                   
20000db0  Serial                                                                
20000c28  Serial1                                                               
20000c60  Serial2                                                               
20000c98  Serial3                                                               
20000cd0  Serial4                                                               
20000d08  Serial5                                                               
20000d40  Serial6                                                               
20000d78  Serial7                                                               
00001729  SysCtlClockGet                                                        
0000648b  SysCtlDelay                                                           
00005215  SysCtlPeripheralEnable                                                
00004339  SysCtlPeripheralReset                                                 
000060c1  SysCtlUSBPLLEnable                                                    
00006259  SysTickIntHandler                                                     
00000bd9  UARTStdioIntHandler                                                   
00002671  UARTwrite                                                             
000042e5  ULPIConfigSet                                                         
00005f25  USB0DeviceIntHandler                                                  
00003ca9  USBBufferEventCallback                                                
00006491  USBBufferFlush                                                        
00005f3d  USBBufferInit                                                         
00005857  USBBufferRead                                                         
000055fb  USBBufferWrite                                                        
000063f5  USBClockEnable                                                        
000063ff  USBControllerVersion                                                  
00001ce5  USBDCDCCompositeInit                                                  
00002be5  USBDCDCPacketRead                                                     
00003ef5  USBDCDCPacketWrite                                                    
00005629  USBDCDCRxPacketAvailable                                              
000060d5  USBDCDCTxPacketAvailable                                              
00004389  USBDCDConfigDescGet                                                   
0000575f  USBDCDConfigDescGetNum                                                
00005e8d  USBDCDConfigDescGetSize                                               
00005d77  USBDCDConfigGetInterface                                              
00004f85  USBDCDConfigGetInterfaceEndpoint                                      
00004a01  USBDCDDeviceInfoInit                                                  
00005f55  USBDCDFeatureGet                                                      
00000e99  USBDCDInit                                                            
000060e9  USBDCDRequestDataEP0                                                  
000060fd  USBDCDSendDataEP0                                                     
00005d95  USBDCDStallEP0                                                        
00002119  USBDCompositeInit                                                     
00001c05  USBDHIDCompositeInit                                                  
000027c1  USBDHIDKeyboardCompositeInit                                          
00002fbd  USBDHIDKeyboardKeyStateChange                                         
00004773  USBDHIDReportWrite                                                    
000062c3  USBDHIDTxPacketAvailable                                              
00006409  USBDMAChannelAddressSet                                               
00006111  USBDMAChannelConfigSet                                                
00006413  USBDMAChannelCountSet                                                 
000061a9  USBDMAChannelDisable                                                  
000061bb  USBDMAChannelEnable                                                   
000061cd  USBDMAChannelIntDisable                                               
000061df  USBDMAChannelIntEnable                                                
00006497  USBDMAChannelIntStatus                                                
000062d1  USBDMAChannelStatus                                                   
000056b1  USBDescGet                                                            
00005789  USBDescGetNum                                                         
000064c9  USBDevAddrSet                                                         
0000641d  USBDevConnect                                                         
00006427  USBDevDisconnect                                                      
000032d5  USBDevEndpointConfigSet                                               
000057b3  USBDevEndpointDataAck                                                 
00005415  USBDevEndpointStall                                                   
000047bd  USBDevEndpointStallClear                                              
00004075  USBDevEndpointStatusClear                                             
0000649d  USBDevLPMConfig                                                       
000062df  USBDevLPMDisable                                                      
000062ed  USBDevLPMEnable                                                       
0000644f  USBDevMode                                                            
00001289  USBDeviceConfig                                                       
00002d91  USBDeviceConfigAlternate                                              
00001dbd  USBDeviceEnumHandler                                                  
00004899  USBDeviceEnumResetHandler                                             
00001139  USBDeviceIntHandlerInternal                                           
000043d9  USBDeviceResumeTickHandler                                            
00005ea7  USBEndpointDMAChannel                                                 
000045b1  USBEndpointDMAConfigSet                                               
000059df  USBEndpointDMADisable                                                 
00005a03  USBEndpointDMAEnable                                                  
00005db1  USBEndpointDataAvail                                                  
000049b9  USBEndpointDataGet                                                    
00005141  USBEndpointDataPut                                                    
00005249  USBEndpointDataSend                                                   
00006365  USBEndpointPacketCountSet                                             
00006269  USBEndpointStatus                                                     
00006457  USBFIFOAddrGet                                                        
00004dc3  USBFIFOConfigSet                                                      
00006125  USBHostResume                                                         
000058a9  USBIntEnableControl                                                   
00006011  USBIntEnableEndpoint                                                  
00004fbd  USBIntStatusControl                                                   
00006431  USBIntStatusEndpoint                                                  
00006371  USBLPMIntEnable                                                       
000064a3  USBLPMIntStatus                                                       
00000d39  USBLibDMAInit                                                         
0000645f  USBOTGMode                                                            
00005c29  USBRingBufAdvanceRead                                                 
00004ff5  USBRingBufAdvanceWrite                                                
00005ca9  USBRingBufContigFree                                                  
00006279  USBRingBufContigUsed                                                  
00006027  USBRingBufFlush                                                       
000061f1  USBRingBufFree                                                        
0000637d  USBRingBufInit                                                        
00005dcd  USBRingBufRead                                                        
0000603d  USBRingBufReadOne                                                     
00006053  USBRingBufUsed                                                        
00005de9  USBRingBufWrite                                                       
00006289  USBRingBufWriteOne                                                    
00005a29  USBStackModeSet                                                       
000062fb  USBULPIDisable                                                        
00006309  USBULPIEnable                                                         
00005cc7  USBULPIRegRead                                                        
00005ce5  USBULPIRegWrite                                                       
20000e18  Wire                                                                  
000014f9  _Z12configureUSBv                                                     
00003531  _Z14ControlHandlerPvjjS_                                              
000064cd  _Z15USBEventHandlerPvjjS_                                             
000058d1  _Z18USBKeyboardHandlerPvjjS_                                          
00005a4d  _Z5delayi                                                             
00004a89  _Z9RxHandlerPvjjS_                                                    
000064d1  _Z9TxHandlerPvjjS_                                                    
00006317  _ZN10__cxxabiv117__class_type_infoD0Ev                                
000064d5  _ZN10__cxxabiv117__class_type_infoD1Ev                                
000064d5  _ZN10__cxxabiv117__class_type_infoD2Ev                                
00006325  _ZN10__cxxabiv120__si_class_type_infoD0Ev                             
000064d9  _ZN10__cxxabiv120__si_class_type_infoD1Ev                             
000064d9  _ZN10__cxxabiv120__si_class_type_infoD2Ev                             
000005c1  _ZN11rfid_reader7MFRC52211select_PICCEPNS_3UidEh                      
00003a4d  _ZN11rfid_reader7MFRC52212REQA_or_WUPAEhPhS1_                         
00003ab3  _ZN11rfid_reader7MFRC52212calculateCRCEPhhS1_                         
000021ed  _ZN11rfid_reader7MFRC52212readRegisterENS_12PCD_RegisterEhPhh         
000045fd  _ZN11rfid_reader7MFRC52212readRegisterEh                              
000048e1  _ZN11rfid_reader7MFRC52213writeRegisterEhh                            
00004131  _ZN11rfid_reader7MFRC52213writeRegisterEhhPh                          
0000614d  _ZN11rfid_reader7MFRC52214readCardSerialEv                            
000057dd  _ZN11rfid_reader7MFRC52214transceiveDataEPhhS1_S1_S1_hb               
00005c49  _ZN11rfid_reader7MFRC52216isNewCardPresentEv                          
00006069  _ZN11rfid_reader7MFRC52218setRegisterBitMaskEhh                       
000013d1  _ZN11rfid_reader7MFRC52219communicateWithPICCEhhPhhS1_S1_S1_hb        
00005ec1  _ZN11rfid_reader7MFRC52220clearRegisterBitMaskEhh                     
00003841  _ZN11rfid_reader7MFRC5224initEv                                       
00005c69  _ZN11rfid_reader7MFRC5225delayEi                                      
00005d03  _ZN11rfid_reader7MFRC5229antennaOnEv                                  
00005e05  _ZN11rfid_reader7MFRC5229softResetEv                                  
00004429  _ZN11rfid_reader7MFRC522C1Ev                                          
00004429  _ZN11rfid_reader7MFRC522C2Ev                                          
00003441  _ZN14HardwareSerial13primeTransmitEm                                  
00006203  _ZN14HardwareSerial4peekEv                                            
00005971  _ZN14HardwareSerial4readEv                                            
000056dd  _ZN14HardwareSerial5flushEv                                           
00003fb5  _ZN14HardwareSerial5writeEh                                           
0000607f  _ZN14HardwareSerial9availableEv                                       
00004bd5  _ZN14HardwareSerialC1Em                                               
00004c15  _ZN14HardwareSerialC1Ev                                               
00004bd5  _ZN14HardwareSerialC2Em                                               
00004c15  _ZN14HardwareSerialC2Ev                                               
000064dd  _ZN5Print17availableForWriteEv                                        
00003043  _ZN5Print5flushEv                                                     
00005657  _ZN5Print5writeEPKhj                                                  
20001360  _ZN7TwoWire11rxReadIndexE                                             
20001363  _ZN7TwoWire11txReadIndexE                                             
20001368  _ZN7TwoWire12currentStateE                                            
20001361  _ZN7TwoWire12rxWriteIndexE                                            
20001366  _ZN7TwoWire12slaveAddressE                                            
20001367  _ZN7TwoWire12transmittingE                                            
20001364  _ZN7TwoWire12txWriteIndexE                                            
00005a71  _ZN7TwoWire4peekEv                                                    
0000527d  _ZN7TwoWire4readEv                                                    
00001a35  _ZN7TwoWire5beginEh                                                   
00000a39  _ZN7TwoWire5beginEv                                                   
00005c89  _ZN7TwoWire5flushEv                                                   
00005b65  _ZN7TwoWire5writeEPKhj                                                
00003045  _ZN7TwoWire5writeEh                                                   
20000ba8  _ZN7TwoWire8rxBufferE                                                 
20000be8  _ZN7TwoWire8txBufferE                                                 
00005e21  _ZN7TwoWire9availableEv                                               
00001e95  _ZN7TwoWire9forceStopEv                                               
20001365  _ZN7TwoWire9i2cModuleE                                                
00005e3d  _ZN7TwoWire9setModuleEm                                               
20001362  _ZN7TwoWire9txAddressE                                                
00005a95  _ZN7TwoWireC1Ev                                                       
00005a95  _ZN7TwoWireC2Ev                                                       
00001839  _ZN8SPIClass5beginEv                                                  
00004929  _ZN8SPIClass8transferEh                                               
000064a9  _ZN8SPIClass9setModuleEh                                              
0000643b  _ZN8SPIClassC1Ev                                                      
0000643b  _ZN8SPIClassC2Ev                                                      
000052b1  _ZN9usbdevice13USBCompDevice11getInstanceEv                           
20001390  _ZN9usbdevice13USBCompDevice12eventHandlerE                           
00006389  _ZN9usbdevice13USBCompDevice20registerEventHandlerEPFYjPvjjS1_E       
00004cd3  _ZN9usbdevice13USBCompDevice4initEv                                   
0000418d  _ZN9usbdevice13USBCompDeviceC1EPFYjPvjjS1_E                           
0000418d  _ZN9usbdevice13USBCompDeviceC2EPFYjPvjjS1_E                           
00006095  _ZN9usbdevice15USBSerialDevice10initBufferEv                          
00004c55  _ZN9usbdevice15USBSerialDevice10readBufferEv                          
00004acd  _ZN9usbdevice15USBSerialDevice11getInstanceEv                         
00004b11  _ZN9usbdevice15USBSerialDevice12disconnectedEv                        
00002e1d  _ZN9usbdevice15USBSerialDevice13GetLineCodingEP11tLineCoding          
000030c9  _ZN9usbdevice15USBSerialDevice13SetLineCodingEP11tLineCoding          
20001348  _ZN9usbdevice15USBSerialDevice14controlHandlerE                       
00003617  _ZN9usbdevice15USBSerialDevice15getSerialDeviceEv                     
0000559d  _ZN9usbdevice15USBSerialDevice16popReceiveBufferEv                    
00005177  _ZN9usbdevice15USBSerialDevice17pushReceiveBufferEh                   
00006395  _ZN9usbdevice15USBSerialDevice17registerRxHandlerEPFYjPvjjS1_E        
000063a1  _ZN9usbdevice15USBSerialDevice17registerTxHandlerEPFYjPvjjS1_E        
00006215  _ZN9usbdevice15USBSerialDevice18flushReceiveBufferEv                  
000038ab  _ZN9usbdevice15USBSerialDevice19SetControlLineStateEt                 
00004479  _ZN9usbdevice15USBSerialDevice20USBUARTPrimeTransmitEv                
00005d21  _ZN9usbdevice15USBSerialDevice22getReceiveBufferLengthEv              
000063ad  _ZN9usbdevice15USBSerialDevice22registerControlHandlerEPFYjPvjjS1_E   
000064af  _ZN9usbdevice15USBSerialDevice5writeEPhj                              
0000502d  _ZN9usbdevice15USBSerialDevice9SendBreakEb                            
000044c9  _ZN9usbdevice15USBSerialDevice9connectedEv                            
2000134c  _ZN9usbdevice15USBSerialDevice9rxHandlerE                             
20001350  _ZN9usbdevice15USBSerialDevice9txHandlerE                             
000022b9  _ZN9usbdevice15USBSerialDeviceC1EPFYjPvjjS1_ES3_S3_                   
000022b9  _ZN9usbdevice15USBSerialDeviceC2EPFYjPvjjS1_ES3_S3_                   
20000e52  _ZN9usbdevice16g_sKeyboardStateE                                      
000052e5  _ZN9usbdevice17USBKeyboardDevice11getInstanceEv                       
000058f9  _ZN9usbdevice17USBKeyboardDevice12GetUsageCodeEcb                     
00002991  _ZN9usbdevice17USBKeyboardDevice14USBWriteStringEPKci                 
2000132c  _ZN9usbdevice17USBKeyboardDevice15keyboardHandlerE                    
000034b9  _ZN9usbdevice17USBKeyboardDevice17USBKeyboardUpdateEhhb               
0000412f  _ZN9usbdevice17USBKeyboardDevice17getKeyboardDeviceEv                 
00005f9d  _ZN9usbdevice17USBKeyboardDevice17releaseSpecialKeyEv                 
00002ea9  _ZN9usbdevice17USBKeyboardDevice22USBPressKeyCombinationEhPKhi        
000063b9  _ZN9usbdevice17USBKeyboardDevice23registerKeyboardHandlerEPFYjPvjjS1_E
00005447  _ZN9usbdevice17USBKeyboardDeviceC1EPFYjPvjjS1_E                       
00005447  _ZN9usbdevice17USBKeyboardDeviceC2EPFYjPvjjS1_E                       
00004337  _ZNSt9type_infoD1Ev                                                   
00004337  _ZNSt9type_infoD2Ev                                                   
000064ed  _ZSt17__throw_bad_allocv                                              
00006b70  _ZTI14HardwareSerial                                                  
00006bcc  _ZTI5Print                                                            
00006b7c  _ZTI6Stream                                                           
00006b88  _ZTI7TwoWire                                                          
00006b94  _ZTIN10__cxxabiv117__class_type_infoE                                 
00006ba0  _ZTIN10__cxxabiv120__si_class_type_infoE                              
00006bd4  _ZTISt9type_info                                                      
00006a72  _ZTS14HardwareSerial                                                  
00006be4  _ZTS5Print                                                            
00006bdc  _ZTS6Stream                                                           
00006bc1  _ZTS7TwoWire                                                          
0000696f  _ZTSN10__cxxabiv117__class_type_infoE                                 
00006896  _ZTSN10__cxxabiv120__si_class_type_infoE                              
00006b62  _ZTSSt9type_info                                                      
000068e0  _ZTV14HardwareSerial                                                  
00006a30  _ZTV5Print                                                            
00006904  _ZTV6Stream                                                           
00006928  _ZTV7TwoWire                                                          
00006a84  _ZTVN10__cxxabiv117__class_type_infoE                                 
00006a94  _ZTVN10__cxxabiv120__si_class_type_infoE                              
00006467  _ZdlPv                                                                
000064e1  _ZdlPvj                                                               
20001258  __STACK_END                                                           
00000400  __STACK_SIZE                                                          
20001058  __STACK_TOP                                                           
00000008  __SYSMEM_SIZE                                                         
00006ce8  __TI_CINIT_Base                                                       
00006cf8  __TI_CINIT_Limit                                                      
00006cd0  __TI_Handler_Table_Base                                               
00006cdc  __TI_Handler_Table_Limit                                              
00004015  __TI_auto_init_nobinit                                                
000039e5  __TI_decompress_lzss                                                  
[...]
000058f9  _ZN9usbdevice17USBKeyboardDevice12GetUsageCodeEcb                     
00005949  uDMAChannelModeGet                                                    
00005971  _ZN14HardwareSerial4readEv                                            
000059df  USBEndpointDMADisable                                                 
00005a03  USBEndpointDMAEnable                                                  
00005a29  USBStackModeSet                                                       
00005a4d  _Z5delayi                                                             
00005a71  _ZN7TwoWire4peekEv                                                    
00005a95  _ZN7TwoWireC1Ev                                                       
00005a95  _ZN7TwoWireC2Ev                                                       
00005ab9  uDMAChannelControlSet                                                 
00005b65  _ZN7TwoWire5writeEPKhj                                                
00005c29  USBRingBufAdvanceRead                                                 
00005c49  _ZN11rfid_reader7MFRC52216isNewCardPresentEv                          
00005c69  _ZN11rfid_reader7MFRC5225delayEi                                      
00005c89  _ZN7TwoWire5flushEv                                                   
00005ca9  USBRingBufContigFree                                                  
00005cc7  USBULPIRegRead                                                        
00005ce5  USBULPIRegWrite                                                       
00005d03  _ZN11rfid_reader7MFRC5229antennaOnEv                                  
00005d21  _ZN9usbdevice15USBSerialDevice22getReceiveBufferLengthEv              
00005d77  USBDCDConfigGetInterface                                              
00005d95  USBDCDStallEP0                                                        
00005db1  USBEndpointDataAvail                                                  
00005dcd  USBRingBufRead                                                        
00005de9  USBRingBufWrite                                                       
00005e05  _ZN11rfid_reader7MFRC5229softResetEv                                  
00005e21  _ZN7TwoWire9availableEv                                               
00005e3d  _ZN7TwoWire9setModuleEm                                               
00005e8d  USBDCDConfigDescGetSize                                               
00005ea7  USBEndpointDMAChannel                                                 
00005ec1  _ZN11rfid_reader7MFRC52220clearRegisterBitMaskEhh                     
00005f25  USB0DeviceIntHandler                                                  
00005f3d  USBBufferInit                                                         
00005f55  USBDCDFeatureGet                                                      
00005f9d  _ZN9usbdevice17USBKeyboardDevice17releaseSpecialKeyEv                 
00005fb5  uDMAChannelDisable                                                    
00005fcd  uDMAChannelEnable                                                     
00006011  USBIntEnableEndpoint                                                  
00006027  USBRingBufFlush                                                       
0000603d  USBRingBufReadOne                                                     
00006053  USBRingBufUsed                                                        
00006069  _ZN11rfid_reader7MFRC52218setRegisterBitMaskEhh                       
0000607f  _ZN14HardwareSerial9availableEv                                       
00006095  _ZN9usbdevice15USBSerialDevice10initBufferEv                          
000060c1  SysCtlUSBPLLEnable                                                    
000060d5  USBDCDCTxPacketAvailable                                              
000060e9  USBDCDRequestDataEP0                                                  
000060fd  USBDCDSendDataEP0                                                     
00006111  USBDMAChannelConfigSet                                                
00006125  USBHostResume                                                         
0000614d  _ZN11rfid_reader7MFRC52214readCardSerialEv                            
000061a9  USBDMAChannelDisable                                                  
000061bb  USBDMAChannelEnable                                                   
000061cd  USBDMAChannelIntDisable                                               
000061df  USBDMAChannelIntEnable                                                
000061f1  USBRingBufFree                                                        
00006203  _ZN14HardwareSerial4peekEv                                            
00006215  _ZN9usbdevice15USBSerialDevice18flushReceiveBufferEv                  
00006227  I2CSlaveEnable                                                        
00006237  IntMasterDisable                                                      
00006247  IntMasterEnable                                                       
00006259  SysTickIntHandler                                                     
00006269  USBEndpointStatus                                                     
00006279  USBRingBufContigUsed                                                  
00006289  USBRingBufWriteOne                                                    
000062a7  I2CSlaveInit                                                          
000062c3  USBDHIDTxPacketAvailable                                              
000062d1  USBDMAChannelStatus                                                   
000062df  USBDevLPMDisable                                                      
000062ed  USBDevLPMEnable                                                       
000062fb  USBULPIDisable                                                        
00006309  USBULPIEnable                                                         
00006317  _ZN10__cxxabiv117__class_type_infoD0Ev                                
00006325  _ZN10__cxxabiv120__si_class_type_infoD0Ev                             
00006333  __TI_decompress_none                                                  
00006341  CPUcpsid                                                              
0000634d  CPUcpsie                                                              
00006359  I2CSlaveIntEnableEx                                                   
00006365  USBEndpointPacketCountSet                                             
00006371  USBLPMIntEnable                                                       
0000637d  USBRingBufInit                                                        
00006389  _ZN9usbdevice13USBCompDevice20registerEventHandlerEPFYjPvjjS1_E       
00006395  _ZN9usbdevice15USBSerialDevice17registerRxHandlerEPFYjPvjjS1_E        
000063a1  _ZN9usbdevice15USBSerialDevice17registerTxHandlerEPFYjPvjjS1_E        
000063ad  _ZN9usbdevice15USBSerialDevice22registerControlHandlerEPFYjPvjjS1_E   
000063b9  _ZN9usbdevice17USBKeyboardDevice23registerKeyboardHandlerEPFYjPvjjS1_E
000063c5  __cxa_guard_acquire                                                   
000063d1  __sti___7_SPI_cpp_230ca784                                            
000063dd  __sti___8_Wire_cpp_4e348ebc                                           
000063e9  __TI_zero_init                                                        
000063f5  USBClockEnable                                                        
000063ff  USBControllerVersion                                                  
00006409  USBDMAChannelAddressSet                                               
00006413  USBDMAChannelCountSet                                                 
0000641d  USBDevConnect                                                         
00006427  USBDevDisconnect                                                      
00006431  USBIntStatusEndpoint                                                  
0000643b  _ZN8SPIClassC1Ev                                                      
0000643b  _ZN8SPIClassC2Ev                                                      
00006445  __cxa_guard_release                                                   
0000644f  USBDevMode                                                            
00006457  USBFIFOAddrGet                                                        
0000645f  USBOTGMode                                                            
00006467  _ZdlPv                                                                
0000647f  I2CSlaveDataPut                                                       
00006485  ResetISR                                                              
0000648b  SysCtlDelay                                                           
00006491  USBBufferFlush                                                        
00006497  USBDMAChannelIntStatus                                                
0000649d  USBDevLPMConfig                                                       
000064a3  USBLPMIntStatus                                                       
000064a9  _ZN8SPIClass9setModuleEh                                              
000064af  _ZN9usbdevice15USBSerialDevice5writeEPhj                              
000064b5  __cxa_pure_virtual                                                    
000064c9  USBDevAddrSet                                                         
000064cd  _Z15USBEventHandlerPvjjS_                                             
000064d1  _Z9TxHandlerPvjjS_                                                    
000064d5  _ZN10__cxxabiv117__class_type_infoD1Ev                                
000064d5  _ZN10__cxxabiv117__class_type_infoD2Ev                                
000064d9  _ZN10__cxxabiv120__si_class_type_infoD1Ev                             
000064d9  _ZN10__cxxabiv120__si_class_type_infoD2Ev                             
000064dd  _ZN5Print17availableForWriteEv                                        
000064e1  _ZdlPvj                                                               
000064e5  __abort_execution                                                     
000064e9  _system_pre_init                                                      
000064ed  C$$EXIT                                                               
000064ed  _ZSt17__throw_bad_allocv                                              
000064ed  abort                                                                 
00006634  g_sCDCSerConfigSection                                                
0000663c  g_sIADSerConfigSection                                                
00006644  g_sCDCSerCommInterfaceSection                                         
0000664c  g_sCDCSerDataInterfaceSection                                         
00006654  g_sCDCSerDataInterfaceSectionHS                                       
0000665c  g_sCDCSerConfigHeader                                                 
00006664  g_sCDCSerConfigHeaderHS                                               
0000666c  g_sCDCCompSerConfigHeader                                             
00006674  g_sCDCCompSerConfigHeaderHS                                           
0000667c  g_ppCDCSerConfigDescriptors                                           
00006680  g_ppCDCSerConfigDescriptorsHS                                         
00006684  g_pCDCCompSerConfigDescriptors                                        
00006688  g_pCDCCompSerConfigDescriptorsHS                                      
0000670b  g_pui8ConfigString                                                    
000067ac  g_sCDCHandlers                                                        
000067dc  g_sCompHandlers                                                       
0000680c  g_sHIDHandlers                                                        
0000683c  g_pui8CDCSerDataInterface                                             
00006853  g_pui8CDCSerDataInterfaceHS                                           
0000686a  g_pui8ControlInterfaceString                                          
00006896  _ZTSN10__cxxabiv120__si_class_type_infoE                              
000068bb  g_pui8ManufacturerString                                              
000068e0  _ZTV14HardwareSerial                                                  
00006904  _ZTV6Stream                                                           
00006928  _ZTV7TwoWire                                                          
0000694c  g_pui8CDCSerCommInterface                                             
0000696f  _ZTSN10__cxxabiv117__class_type_infoE                                 
00006a14  g_pui8ProductString                                                   
00006a30  _ZTV5Print                                                            
00006a48  g_pui8StringDescriptors                                               
00006a60  g_pui8SerialNumberString                                              
00006a72  _ZTS14HardwareSerial                                                  
00006a84  _ZTVN10__cxxabiv117__class_type_infoE                                 
00006a94  _ZTVN10__cxxabiv120__si_class_type_infoE                              
00006b62  _ZTSSt9type_info                                                      
00006b70  _ZTI14HardwareSerial                                                  
00006b7c  _ZTI6Stream                                                           
00006b88  _ZTI7TwoWire                                                          
00006b94  _ZTIN10__cxxabiv117__class_type_infoE                                 
00006ba0  _ZTIN10__cxxabiv120__si_class_type_infoE                              
00006bc1  _ZTS7TwoWire                                                          
00006bcc  _ZTI5Print                                                            
00006bd4  _ZTISt9type_info                                                      
00006bdc  _ZTS6Stream                                                           
00006be4  _ZTS5Print                                                            
00006bfe  g_pui8LangDescriptor                                                  
00006c04  NUM_STRING_DESCRIPTORS                                                
00006c08  SHT$$INIT_ARRAY$$Base                                                 
00006c14  SHT$$INIT_ARRAY$$Limit                                                
00006cd0  __TI_Handler_Table_Base                                               
00006cdc  __TI_Handler_Table_Limit                                              
00006ce8  __TI_CINIT_Base                                                       
00006cf8  __TI_CINIT_Limit                                                      
20000b18  g_psDCDInst                                                           
20000ba8  _ZN7TwoWire8rxBufferE                                                 
20000be8  _ZN7TwoWire8txBufferE                                                 
20000c28  Serial1                                                               
20000c60  Serial2                                                               
20000c98  Serial3                                                               
20000cd0  Serial4                                                               
20000d08  Serial5                                                               
20000d40  Serial6                                                               
20000d78  Serial7                                                               
20000db0  Serial                                                                
20000de8  g_pfnTickHandlers                                                     
20000e00  g_pvTickInstance                                                      
20000e18  Wire                                                                  
20000e40  g_ppCompConfigDescriptors                                             
20000e44  g_ppsDevInfo                                                          
20000e4c  ui32TxCount                                                           
20000e50  SPI                                                                   
20000e52  _ZN9usbdevice16g_sKeyboardStateE                                      
20000e58  __stack                                                               
20001058  __STACK_TOP                                                           
20001258  __STACK_END                                                           
20001258  g_pui8CDCSerDeviceDescriptor                                          
2000126a  g_pui8CDCSerDescriptor                                                
20001273  g_pui8IADSerDescriptor                                                
2000127c  g_psCDCSerSections                                                    
20001288  g_psCDCSerSectionsHS                                                  
20001294  g_psCDCCompSerSections                                                
200012a4  g_psCDCCompSerSectionsHS                                              
20001317  g_pui8HIDDeviceDescriptor                                             
2000132c  _ZN9usbdevice17USBKeyboardDevice15keyboardHandlerE                    
20001348  _ZN9usbdevice15USBSerialDevice14controlHandlerE                       
2000134c  _ZN9usbdevice15USBSerialDevice9rxHandlerE                             
20001350  _ZN9usbdevice15USBSerialDevice9txHandlerE                             
20001354  g_bUSBTimerInitialized                                                
20001358  g_ui32CurrentUSBTick                                                  
2000135c  g_ui32USBSOFCount                                                     
20001360  _ZN7TwoWire11rxReadIndexE                                             
20001361  _ZN7TwoWire12rxWriteIndexE                                            
20001362  _ZN7TwoWire9txAddressE                                                
20001363  _ZN7TwoWire11txReadIndexE                                             
20001364  _ZN7TwoWire12txWriteIndexE                                            
20001365  _ZN7TwoWire9i2cModuleE                                                
20001366  _ZN7TwoWire12slaveAddressE                                            
20001367  _ZN7TwoWire12transmittingE                                            
20001368  _ZN7TwoWire12currentStateE                                            
2000136c  g_iUSBMode                                                            
20001370  g_ui32WaitTicks                                                       
20001378  _lock                                                                 
2000137c  _unlock                                                               
20001388  cardMissing                                                           
2000138c  os                                                                    
20001390  _ZN9usbdevice13USBCompDevice12eventHandlerE                           
20001394  currentUid                                                            
20001398  g_ui32SysTickCount                                                    
200013a0  _sys_memory                                                           
ffffffff  __TI_pprof_out_hndl                                                   
ffffffff  __TI_prof_data_size                                                   
ffffffff  __TI_prof_data_start                                                  
ffffffff  __binit__                                                             
ffffffff  __c_args__                                                            
ffffffff  binit                                                                 
UNDEFED   __mpu_init                                                            
UNDEFED   _system_post_cinit                                                    

[386 symbols]
