<?xml version="1.0" encoding="ISO-8859-1" ?>
<link_info>
   <banner>TI ARM Linker PC v18.1.3.LTS</banner>
   <copyright>Copyright (c) 1996-2017 Texas Instruments Incorporated</copyright>
   <link_time>0x5c13c851</link_time>
   <link_errors>0x1</link_errors>
   <output_file>usb_keyb_dev.out</output_file>
   <entry_point>
      <name>_c_int00_noargs</name>
      <address>0x3eb5</address>
   </entry_point>
   <input_file_list>
      <input_file id="fl-2">
         <path>.\drivers\</path>
         <kind>object</kind>
         <file>buttons.obj</file>
         <name>buttons.obj</name>
      </input_file>
      <input_file id="fl-3">
         <path>.\src\</path>
         <kind>object</kind>
         <file>main.obj</file>
         <name>main.obj</name>
      </input_file>
      <input_file id="fl-4">
         <path>.\src\</path>
         <kind>object</kind>
         <file>tm4c123gh6pm_startup_ccs.obj</file>
         <name>tm4c123gh6pm_startup_ccs.obj</name>
      </input_file>
      <input_file id="fl-5">
         <path>.\src\rfid\</path>
         <kind>object</kind>
         <file>RFIDReader.obj</file>
         <name>RFIDReader.obj</name>
      </input_file>
      <input_file id="fl-6">
         <path>.\src\rfid\</path>
         <kind>object</kind>
         <file>SPI.obj</file>
         <name>SPI.obj</name>
      </input_file>
      <input_file id="fl-7">
         <path>.\src\usb\</path>
         <kind>object</kind>
         <file>USBCompDevice.obj</file>
         <name>USBCompDevice.obj</name>
      </input_file>
      <input_file id="fl-8">
         <path>.\src\usb\</path>
         <kind>object</kind>
         <file>USBKeyboardDevice.obj</file>
         <name>USBKeyboardDevice.obj</name>
      </input_file>
      <input_file id="fl-9">
         <path>.\src\usb\</path>
         <kind>object</kind>
         <file>USBSerialDevice.obj</file>
         <name>USBSerialDevice.obj</name>
      </input_file>
      <input_file id="fl-a">
         <path>.\src\usb\</path>
         <kind>object</kind>
         <file>usb_structs.obj</file>
         <name>usb_structs.obj</name>
      </input_file>
      <input_file id="fl-b">
         <path>.\utils\</path>
         <kind>object</kind>
         <file>uartstdio.obj</file>
         <name>uartstdio.obj</name>
      </input_file>
      <input_file id="fl-11">
         <kind>object</kind>
         <file>&lt;internal&gt;</file>
         <name>&lt;internal&gt;</name>
      </input_file>
      <input_file id="fl-c7">
         <path>C:\ti\ccsv8\tools\compiler\ti-cgt-arm_18.1.3.LTS\lib\</path>
         <kind>archive</kind>
         <file>rtsv7M4_T_le_v4SPD16_eabi.lib</file>
         <name>guard.c.obj</name>
      </input_file>
      <input_file id="fl-c8">
         <path>C:\ti\ccsv8\tools\compiler\ti-cgt-arm_18.1.3.LTS\lib\</path>
         <kind>archive</kind>
         <file>rtsv7M4_T_le_v4SPD16_eabi.lib</file>
         <name>memset_t2.asm.obj</name>
      </input_file>
      <input_file id="fl-c9">
         <path>C:\ti\ccsv8\tools\compiler\ti-cgt-arm_18.1.3.LTS\lib\</path>
         <kind>archive</kind>
         <file>rtsv7M4_T_le_v4SPD16_eabi.lib</file>
         <name>u_divt2.asm.obj</name>
      </input_file>
      <input_file id="fl-ca">
         <path>C:\ti\ccsv8\tools\compiler\ti-cgt-arm_18.1.3.LTS\lib\</path>
         <kind>archive</kind>
         <file>rtsv7M4_T_le_v4SPD16_eabi.lib</file>
         <name>copy_zero_init.c.obj</name>
      </input_file>
      <input_file id="fl-cb">
         <path>C:\ti\ccsv8\tools\compiler\ti-cgt-arm_18.1.3.LTS\lib\</path>
         <kind>archive</kind>
         <file>rtsv7M4_T_le_v4SPD16_eabi.lib</file>
         <name>copy_decompress_none.c.obj</name>
      </input_file>
      <input_file id="fl-cc">
         <path>C:\ti\ccsv8\tools\compiler\ti-cgt-arm_18.1.3.LTS\lib\</path>
         <kind>archive</kind>
         <file>rtsv7M4_T_le_v4SPD16_eabi.lib</file>
         <name>copy_decompress_lzss.c.obj</name>
      </input_file>
      <input_file id="fl-cd">
         <path>C:\ti\ccsv8\tools\compiler\ti-cgt-arm_18.1.3.LTS\lib\</path>
         <kind>archive</kind>
         <file>rtsv7M4_T_le_v4SPD16_eabi.lib</file>
         <name>boot_cortex_m.c.obj</name>
      </input_file>
      <input_file id="fl-ce">
         <path>C:\ti\ccsv8\tools\compiler\ti-cgt-arm_18.1.3.LTS\lib\</path>
         <kind>archive</kind>
         <file>rtsv7M4_T_le_v4SPD16_eabi.lib</file>
         <name>div0.asm.obj</name>
      </input_file>
      <input_file id="fl-cf">
         <path>C:\ti\ccsv8\tools\compiler\ti-cgt-arm_18.1.3.LTS\lib\</path>
         <kind>archive</kind>
         <file>rtsv7M4_T_le_v4SPD16_eabi.lib</file>
         <name>memcpy_t2.asm.obj</name>
      </input_file>
      <input_file id="fl-d0">
         <path>C:\ti\ccsv8\tools\compiler\ti-cgt-arm_18.1.3.LTS\lib\</path>
         <kind>archive</kind>
         <file>rtsv7M4_T_le_v4SPD16_eabi.lib</file>
         <name>autoinit.c.obj</name>
      </input_file>
      <input_file id="fl-d1">
         <path>C:\ti\ccsv8\tools\compiler\ti-cgt-arm_18.1.3.LTS\lib\</path>
         <kind>archive</kind>
         <file>rtsv7M4_T_le_v4SPD16_eabi.lib</file>
         <name>pre_init.c.obj</name>
      </input_file>
      <input_file id="fl-d2">
         <path>C:\ti\ccsv8\tools\compiler\ti-cgt-arm_18.1.3.LTS\lib\</path>
         <kind>archive</kind>
         <file>rtsv7M4_T_le_v4SPD16_eabi.lib</file>
         <name>cpy_tbl.c.obj</name>
      </input_file>
      <input_file id="fl-d3">
         <path>C:\ti\ccsv8\tools\compiler\ti-cgt-arm_18.1.3.LTS\lib\</path>
         <kind>archive</kind>
         <file>rtsv7M4_T_le_v4SPD16_eabi.lib</file>
         <name>exit.c.obj</name>
      </input_file>
      <input_file id="fl-d4">
         <path>C:\ti\ccsv8\tools\compiler\ti-cgt-arm_18.1.3.LTS\lib\</path>
         <kind>archive</kind>
         <file>rtsv7M4_T_le_v4SPD16_eabi.lib</file>
         <name>_lock.c.obj</name>
      </input_file>
      <input_file id="fl-d5">
         <path>C:\ti\ccsv8\tools\compiler\ti-cgt-arm_18.1.3.LTS\lib\</path>
         <kind>archive</kind>
         <file>rtsv7M4_T_le_v4SPD16_eabi.lib</file>
         <name>args_main.c.obj</name>
      </input_file>
      <input_file id="fl-d6">
         <path>C:\ti\tivaware_c_series_2_1_4_178\driverlib\ccs\Debug\</path>
         <kind>archive</kind>
         <file>driverlib.lib</file>
         <name>interrupt.obj</name>
      </input_file>
      <input_file id="fl-d7">
         <path>C:\ti\tivaware_c_series_2_1_4_178\driverlib\ccs\Debug\</path>
         <kind>archive</kind>
         <file>driverlib.lib</file>
         <name>sysctl.obj</name>
      </input_file>
      <input_file id="fl-d8">
         <path>C:\ti\tivaware_c_series_2_1_4_178\driverlib\ccs\Debug\</path>
         <kind>archive</kind>
         <file>driverlib.lib</file>
         <name>cpu.obj</name>
      </input_file>
      <input_file id="fl-d9">
         <path>C:\ti\tivaware_c_series_2_1_4_178\usblib\ccs\Debug\</path>
         <kind>archive</kind>
         <file>usblib.lib</file>
         <name>usbbuffer.obj</name>
      </input_file>
      <input_file id="fl-da">
         <path>C:\ti\tivaware_c_series_2_1_4_178\usblib\ccs\Debug\</path>
         <kind>archive</kind>
         <file>usblib.lib</file>
         <name>usbmode.obj</name>
      </input_file>
      <input_file id="fl-db">
         <path>C:\ti\tivaware_c_series_2_1_4_178\usblib\ccs\Debug\</path>
         <kind>archive</kind>
         <file>usblib.lib</file>
         <name>usbringbuf.obj</name>
      </input_file>
      <input_file id="fl-dc">
         <path>C:\ti\tivaware_c_series_2_1_4_178\usblib\ccs\Debug\</path>
         <kind>archive</kind>
         <file>usblib.lib</file>
         <name>usbtick.obj</name>
      </input_file>
      <input_file id="fl-dd">
         <path>C:\ti\tivaware_c_series_2_1_4_178\usblib\ccs\Debug\</path>
         <kind>archive</kind>
         <file>usblib.lib</file>
         <name>usbhostenum.obj</name>
      </input_file>
      <input_file id="fl-de">
         <path>C:\ti\tivaware_c_series_2_1_4_178\usblib\ccs\Debug\</path>
         <kind>archive</kind>
         <file>usblib.lib</file>
         <name>usbdcdc.obj</name>
      </input_file>
      <input_file id="fl-df">
         <path>C:\ti\tivaware_c_series_2_1_4_178\usblib\ccs\Debug\</path>
         <kind>archive</kind>
         <file>usblib.lib</file>
         <name>usbdcomp.obj</name>
      </input_file>
      <input_file id="fl-e0">
         <path>C:\ti\tivaware_c_series_2_1_4_178\usblib\ccs\Debug\</path>
         <kind>archive</kind>
         <file>usblib.lib</file>
         <name>usbdenum.obj</name>
      </input_file>
      <input_file id="fl-e1">
         <path>C:\ti\tivaware_c_series_2_1_4_178\usblib\ccs\Debug\</path>
         <kind>archive</kind>
         <file>usblib.lib</file>
         <name>usbdhandler.obj</name>
      </input_file>
      <input_file id="fl-e2">
         <path>C:\ti\tivaware_c_series_2_1_4_178\usblib\ccs\Debug\</path>
         <kind>archive</kind>
         <file>usblib.lib</file>
         <name>usbdhidkeyb.obj</name>
      </input_file>
      <input_file id="fl-e3">
         <path>C:\ti\tivaware_c_series_2_1_4_178\usblib\ccs\Debug\</path>
         <kind>archive</kind>
         <file>usblib.lib</file>
         <name>usbdesc.obj</name>
      </input_file>
      <input_file id="fl-e4">
         <path>C:\ti\tivaware_c_series_2_1_4_178\usblib\ccs\Debug\</path>
         <kind>archive</kind>
         <file>usblib.lib</file>
         <name>usbdma.obj</name>
      </input_file>
      <input_file id="fl-e5">
         <path>C:\ti\tivaware_c_series_2_1_4_178\usblib\ccs\Debug\</path>
         <kind>archive</kind>
         <file>usblib.lib</file>
         <name>usbulpi.obj</name>
      </input_file>
      <input_file id="fl-e6">
         <path>C:\ti\tivaware_c_series_2_1_4_178\usblib\ccs\Debug\</path>
         <kind>archive</kind>
         <file>usblib.lib</file>
         <name>usbhhub.obj</name>
      </input_file>
      <input_file id="fl-e7">
         <path>C:\ti\tivaware_c_series_2_1_4_178\usblib\ccs\Debug\</path>
         <kind>archive</kind>
         <file>usblib.lib</file>
         <name>usbdcdesc.obj</name>
      </input_file>
      <input_file id="fl-e8">
         <path>C:\ti\tivaware_c_series_2_1_4_178\usblib\ccs\Debug\</path>
         <kind>archive</kind>
         <file>usblib.lib</file>
         <name>usbdconfig.obj</name>
      </input_file>
      <input_file id="fl-e9">
         <path>C:\ti\tivaware_c_series_2_1_4_178\usblib\ccs\Debug\</path>
         <kind>archive</kind>
         <file>usblib.lib</file>
         <name>usbdhid.obj</name>
      </input_file>
      <input_file id="fl-ea">
         <path>C:\ti\tivaware_c_series_2_1_4_178\driverlib\ccs\Debug\</path>
         <kind>archive</kind>
         <file>driverlib.lib</file>
         <name>udma.obj</name>
      </input_file>
      <input_file id="fl-eb">
         <path>C:\ti\tivaware_c_series_2_1_4_178\driverlib\ccs\Debug\</path>
         <kind>archive</kind>
         <file>driverlib.lib</file>
         <name>usb.obj</name>
      </input_file>
   </input_file_list>
   <object_component_list>
      <object_component id="oc-f">
         <name>.intvecs</name>
         <load_address>0x0</load_address>
         <run_address>0x0</run_address>
         <size>0x26c</size>
         <input_file_ref idref="fl-4"/>
      </object_component>
      <object_component id="oc-670">
         <name>.text:BuildCompositeDescriptor</name>
         <load_address>0x26c</load_address>
         <run_address>0x26c</run_address>
         <size>0x1f6</size>
         <input_file_ref idref="fl-df"/>
      </object_component>
      <object_component id="oc-31">
         <name>.text:FaultISR</name>
         <load_address>0x462</load_address>
         <run_address>0x462</run_address>
         <size>0x2</size>
         <input_file_ref idref="fl-4"/>
      </object_component>
      <object_component id="oc-103">
         <name>.text:main</name>
         <load_address>0x464</load_address>
         <run_address>0x464</run_address>
         <size>0x164</size>
         <input_file_ref idref="fl-3"/>
      </object_component>
      <object_component id="oc-43">
         <name>.text:UARTStdioIntHandler</name>
         <load_address>0x5c8</load_address>
         <run_address>0x5c8</run_address>
         <size>0x160</size>
         <input_file_ref idref="fl-b"/>
      </object_component>
      <object_component id="oc-81c">
         <name>.text:USBLibDMAInit</name>
         <load_address>0x728</load_address>
         <run_address>0x728</run_address>
         <size>0x160</size>
         <input_file_ref idref="fl-e4"/>
      </object_component>
      <object_component id="oc-676">
         <name>.text:USBDCDInit</name>
         <load_address>0x888</load_address>
         <run_address>0x888</run_address>
         <size>0x150</size>
         <input_file_ref idref="fl-e0"/>
      </object_component>
      <object_component id="oc-2bd">
         <name>.text:USBDEP0StateTxConfig</name>
         <load_address>0x9d8</load_address>
         <run_address>0x9d8</run_address>
         <size>0x150</size>
         <input_file_ref idref="fl-e0"/>
      </object_component>
      <object_component id="oc-cf">
         <name>.text:USBDeviceIntHandlerInternal</name>
         <load_address>0xb28</load_address>
         <run_address>0xb28</run_address>
         <size>0x150</size>
         <input_file_ref idref="fl-e0"/>
      </object_component>
      <object_component id="oc-6fa">
         <name>.text:USBDeviceConfig</name>
         <load_address>0xc78</load_address>
         <run_address>0xc78</run_address>
         <size>0x148</size>
         <input_file_ref idref="fl-e8"/>
      </object_component>
      <object_component id="oc-1bd">
         <name>.text:_Z12configureUSBv</name>
         <load_address>0xdc0</load_address>
         <run_address>0xdc0</run_address>
         <size>0x124</size>
         <input_file_ref idref="fl-3"/>
      </object_component>
      <object_component id="oc-8fd">
         <name>.text:HandleRequest</name>
         <load_address>0xee4</load_address>
         <run_address>0xee4</run_address>
         <size>0x114</size>
         <input_file_ref idref="fl-e9"/>
      </object_component>
      <object_component id="oc-a25">
         <name>.text:iDMAUSBTransfer</name>
         <load_address>0xff8</load_address>
         <run_address>0xff8</run_address>
         <size>0xf4</size>
         <input_file_ref idref="fl-e4"/>
      </object_component>
      <object_component id="oc-5a5">
         <name>.text:USBDGetDescriptor</name>
         <load_address>0x10ec</load_address>
         <run_address>0x10ec</run_address>
         <size>0xe4</size>
         <input_file_ref idref="fl-e0"/>
      </object_component>
      <object_component id="oc-634">
         <name>.text:USBDHIDCompositeInit</name>
         <load_address>0x11d0</load_address>
         <run_address>0x11d0</run_address>
         <size>0xe0</size>
         <input_file_ref idref="fl-e9"/>
      </object_component>
      <object_component id="oc-4e7">
         <name>.text:USBDCDCCompositeInit</name>
         <load_address>0x12b0</load_address>
         <run_address>0x12b0</run_address>
         <size>0xd8</size>
         <input_file_ref idref="fl-de"/>
      </object_component>
      <object_component id="oc-15d">
         <name>.text:USBDeviceEnumHandler</name>
         <load_address>0x1388</load_address>
         <run_address>0x1388</run_address>
         <size>0xd8</size>
         <input_file_ref idref="fl-e0"/>
      </object_component>
      <object_component id="oc-77a">
         <name>.text:HandleRequests</name>
         <load_address>0x1460</load_address>
         <run_address>0x1460</run_address>
         <size>0xd4</size>
         <input_file_ref idref="fl-de"/>
      </object_component>
      <object_component id="oc-4ed">
         <name>.text:USBDCompositeInit</name>
         <load_address>0x1534</load_address>
         <run_address>0x1534</run_address>
         <size>0xd4</size>
         <input_file_ref idref="fl-df"/>
      </object_component>
      <object_component id="oc-9b3">
         <name>.text:uDMAUSBChannelAllocate</name>
         <load_address>0x1608</load_address>
         <run_address>0x1608</run_address>
         <size>0xc4</size>
         <input_file_ref idref="fl-e4"/>
      </object_component>
      <object_component id="oc-5f6">
         <name>.text:HandleRxAvailable</name>
         <load_address>0x16cc</load_address>
         <run_address>0x16cc</run_address>
         <size>0xbe</size>
         <input_file_ref idref="fl-d9"/>
      </object_component>
      <object_component id="oc-37">
         <name>.text:IntDefaultHandler</name>
         <load_address>0x178a</load_address>
         <run_address>0x178a</run_address>
         <size>0x2</size>
         <input_file_ref idref="fl-4"/>
      </object_component>
      <object_component id="oc-31b">
         <name>.text:_ZN9usbdevice15USBSerialDeviceC1EPFYjPvjjS1_ES3_S3_</name>
         <load_address>0x178c</load_address>
         <run_address>0x178c</run_address>
         <size>0xbc</size>
         <input_file_ref idref="fl-9"/>
      </object_component>
      <object_component id="oc-9f5">
         <name>.text:uDMAUSBTransfer</name>
         <load_address>0x1848</load_address>
         <run_address>0x1848</run_address>
         <size>0xbc</size>
         <input_file_ref idref="fl-e4"/>
      </object_component>
      <object_component id="oc-7a4">
         <name>.text:HandleDevice</name>
         <load_address>0x1904</load_address>
         <run_address>0x1904</run_address>
         <size>0xb4</size>
         <input_file_ref idref="fl-de"/>
      </object_component>
      <object_component id="oc-a9">
         <name>.text:UARTwrite</name>
         <load_address>0x19b8</load_address>
         <run_address>0x19b8</run_address>
         <size>0xa8</size>
         <input_file_ref idref="fl-b"/>
      </object_component>
      <object_component id="oc-63a">
         <name>.text:HIDKeyboardRxHandler</name>
         <load_address>0x1a60</load_address>
         <run_address>0x1a60</run_address>
         <size>0xa6</size>
         <input_file_ref idref="fl-e2"/>
      </object_component>
      <object_component id="oc-2b">
         <name>.text:NmiSR</name>
         <load_address>0x1b06</load_address>
         <run_address>0x1b06</run_address>
         <size>0x2</size>
         <input_file_ref idref="fl-4"/>
      </object_component>
      <object_component id="oc-4db">
         <name>.text:USBDHIDKeyboardCompositeInit</name>
         <load_address>0x1b08</load_address>
         <run_address>0x1b08</run_address>
         <size>0x9c</size>
         <input_file_ref idref="fl-e2"/>
      </object_component>
      <object_component id="oc-5d">
         <name>.text</name>
         <load_address>0x1ba4</load_address>
         <run_address>0x1ba4</run_address>
         <size>0x9c</size>
         <input_file_ref idref="fl-cf"/>
      </object_component>
      <object_component id="oc-5c3">
         <name>.text:USBDSetInterface</name>
         <load_address>0x1c40</load_address>
         <run_address>0x1c40</run_address>
         <size>0x98</size>
         <input_file_ref idref="fl-e0"/>
      </object_component>
      <object_component id="oc-1db">
         <name>.text:_ZN9usbdevice17USBKeyboardDevice14USBWriteStringEPKci</name>
         <load_address>0x1cd8</load_address>
         <run_address>0x1cd8</run_address>
         <size>0x98</size>
         <input_file_ref idref="fl-8"/>
      </object_component>
      <object_component id="oc-669">
         <name>.text:CDCTickHandler</name>
         <load_address>0x1d70</load_address>
         <run_address>0x1d70</run_address>
         <size>0x96</size>
         <input_file_ref idref="fl-de"/>
      </object_component>
      <object_component id="oc-abf">
         <name>.text:SendSerialState</name>
         <load_address>0x1e06</load_address>
         <run_address>0x1e06</run_address>
         <size>0x94</size>
         <input_file_ref idref="fl-de"/>
      </object_component>
      <object_component id="oc-534">
         <name>.text:ScheduleNextTransmission</name>
         <load_address>0x1e9a</load_address>
         <run_address>0x1e9a</run_address>
         <size>0x92</size>
         <input_file_ref idref="fl-d9"/>
      </object_component>
      <object_component id="oc-4b5">
         <name>.text:USBDCDCPacketRead</name>
         <load_address>0x1f2c</load_address>
         <run_address>0x1f2c</run_address>
         <size>0x90</size>
         <input_file_ref idref="fl-de"/>
      </object_component>
      <object_component id="oc-5b7">
         <name>.text:USBDSetConfiguration</name>
         <load_address>0x1fbc</load_address>
         <run_address>0x1fbc</run_address>
         <size>0x90</size>
         <input_file_ref idref="fl-e0"/>
      </object_component>
      <object_component id="oc-9d">
         <name>.text:UARTPrimeTransmit</name>
         <load_address>0x204c</load_address>
         <run_address>0x204c</run_address>
         <size>0x8c</size>
         <input_file_ref idref="fl-b"/>
      </object_component>
      <object_component id="oc-70e">
         <name>.text:USBDeviceConfigAlternate</name>
         <load_address>0x20d8</load_address>
         <run_address>0x20d8</run_address>
         <size>0x8c</size>
         <input_file_ref idref="fl-e8"/>
      </object_component>
      <object_component id="oc-370">
         <name>.text:_ZN9usbdevice15USBSerialDevice13GetLineCodingEP11tLineCoding</name>
         <load_address>0x2164</load_address>
         <run_address>0x2164</run_address>
         <size>0x8c</size>
         <input_file_ref idref="fl-9"/>
      </object_component>
      <object_component id="oc-1e1">
         <name>.text:_ZN9usbdevice17USBKeyboardDevice22USBPressKeyCombinationEhPKhi</name>
         <load_address>0x21f0</load_address>
         <run_address>0x21f0</run_address>
         <size>0x8c</size>
         <input_file_ref idref="fl-8"/>
      </object_component>
      <object_component id="oc-1d5">
         <name>.text:ButtonsPoll</name>
         <load_address>0x227c</load_address>
         <run_address>0x227c</run_address>
         <size>0x88</size>
         <input_file_ref idref="fl-2"/>
      </object_component>
      <object_component id="oc-93d">
         <name>.text:ProcessIdleTimers</name>
         <load_address>0x2304</load_address>
         <run_address>0x2304</run_address>
         <size>0x88</size>
         <input_file_ref idref="fl-e9"/>
      </object_component>
      <object_component id="oc-35b">
         <name>.text:USBDHIDKeyboardKeyStateChange</name>
         <load_address>0x238c</load_address>
         <run_address>0x238c</run_address>
         <size>0x86</size>
         <input_file_ref idref="fl-e2"/>
      </object_component>
      <object_component id="oc-4e1">
         <name>.text:_ZN9usbdevice15USBSerialDevice15getSerialDeviceEv</name>
         <load_address>0x2412</load_address>
         <run_address>0x2412</run_address>
         <size>0x2</size>
         <input_file_ref idref="fl-9"/>
      </object_component>
      <object_component id="oc-376">
         <name>.text:_ZN9usbdevice15USBSerialDevice13SetLineCodingEP11tLineCoding</name>
         <load_address>0x2414</load_address>
         <run_address>0x2414</run_address>
         <size>0x84</size>
         <input_file_ref idref="fl-9"/>
      </object_component>
      <object_component id="oc-a07">
         <name>.text:iDMAUSBChannelAllocate</name>
         <load_address>0x2498</load_address>
         <run_address>0x2498</run_address>
         <size>0x84</size>
         <input_file_ref idref="fl-e4"/>
      </object_component>
      <object_component id="oc-b1d">
         <name>.text:uDMAChannelTransferSet</name>
         <load_address>0x251c</load_address>
         <run_address>0x251c</run_address>
         <size>0x84</size>
         <input_file_ref idref="fl-ea"/>
      </object_component>
      <object_component id="oc-593">
         <name>.text:USBDClearFeature</name>
         <load_address>0x25a0</load_address>
         <run_address>0x25a0</run_address>
         <size>0x80</size>
         <input_file_ref idref="fl-e0"/>
      </object_component>
      <object_component id="oc-8c4">
         <name>.text:USBDevEndpointConfigSet</name>
         <load_address>0x2620</load_address>
         <run_address>0x2620</run_address>
         <size>0x7a</size>
         <input_file_ref idref="fl-eb"/>
      </object_component>
      <object_component id="oc-f7">
         <name>.text</name>
         <load_address>0x269a</load_address>
         <run_address>0x269a</run_address>
         <size>0x7a</size>
         <input_file_ref idref="fl-c8"/>
      </object_component>
      <object_component id="oc-58d">
         <name>.text:USBDGetStatus</name>
         <load_address>0x2714</load_address>
         <run_address>0x2714</run_address>
         <size>0x78</size>
         <input_file_ref idref="fl-e0"/>
      </object_component>
      <object_component id="oc-351">
         <name>.text:_ZN9usbdevice17USBKeyboardDevice17USBKeyboardUpdateEhhb</name>
         <load_address>0x278c</load_address>
         <run_address>0x278c</run_address>
         <size>0x78</size>
         <input_file_ref idref="fl-8"/>
      </object_component>
      <object_component id="oc-20b">
         <name>.text:_Z14ControlHandlerPvjjS_</name>
         <load_address>0x2804</load_address>
         <run_address>0x2804</run_address>
         <size>0x74</size>
         <input_file_ref idref="fl-3"/>
      </object_component>
      <object_component id="oc-974">
         <name>.text:ProcessDataFromHost</name>
         <load_address>0x2878</load_address>
         <run_address>0x2878</run_address>
         <size>0x72</size>
         <input_file_ref idref="fl-de"/>
      </object_component>
      <object_component id="oc-37c">
         <name>.text:_ZN9usbdevice15USBSerialDevice19SetControlLineStateEt</name>
         <load_address>0x28ea</load_address>
         <run_address>0x28ea</run_address>
         <size>0x2</size>
         <input_file_ref idref="fl-9"/>
      </object_component>
      <object_component id="oc-2c3">
         <name>.text:USBDEP0StateTx</name>
         <load_address>0x28ec</load_address>
         <run_address>0x28ec</run_address>
         <size>0x70</size>
         <input_file_ref idref="fl-e0"/>
      </object_component>
      <object_component id="oc-9ad">
         <name>.text:uDMAUSBArbSizeSet</name>
         <load_address>0x295c</load_address>
         <run_address>0x295c</run_address>
         <size>0x70</size>
         <input_file_ref idref="fl-e4"/>
      </object_component>
      <object_component id="oc-9fb">
         <name>.text:uDMAUSBUnitSizeSet</name>
         <load_address>0x29cc</load_address>
         <run_address>0x29cc</run_address>
         <size>0x70</size>
         <input_file_ref idref="fl-e4"/>
      </object_component>
      <object_component id="oc-97a">
         <name>.text:ProcessDataToHost</name>
         <load_address>0x2a3c</load_address>
         <run_address>0x2a3c</run_address>
         <size>0x6c</size>
         <input_file_ref idref="fl-de"/>
      </object_component>
      <object_component id="oc-599">
         <name>.text:USBDSetFeature</name>
         <load_address>0x2aa8</load_address>
         <run_address>0x2aa8</run_address>
         <size>0x6c</size>
         <input_file_ref idref="fl-e0"/>
      </object_component>
      <object_component id="oc-1c9">
         <name>.text:ButtonsInit</name>
         <load_address>0x2b14</load_address>
         <run_address>0x2b14</run_address>
         <size>0x68</size>
         <input_file_ref idref="fl-2"/>
      </object_component>
      <object_component id="oc-af6">
         <name>.text:IntDisable</name>
         <load_address>0x2b7c</load_address>
         <run_address>0x2b7c</run_address>
         <size>0x68</size>
         <input_file_ref idref="fl-d6"/>
      </object_component>
      <object_component id="oc-834">
         <name>.text:IntEnable</name>
         <load_address>0x2be4</load_address>
         <run_address>0x2be4</run_address>
         <size>0x68</size>
         <input_file_ref idref="fl-d6"/>
      </object_component>
      <object_component id="oc-12">
         <name>.text:decompress:lzss:__TI_decompress_lzss</name>
         <load_address>0x2c4c</load_address>
         <run_address>0x2c4c</run_address>
         <size>0x68</size>
         <input_file_ref idref="fl-cc"/>
      </object_component>
      <object_component id="oc-83b">
         <name>.text:GetDescriptor</name>
         <load_address>0x2cb4</load_address>
         <run_address>0x2cb4</run_address>
         <size>0x64</size>
         <input_file_ref idref="fl-df"/>
      </object_component>
      <object_component id="oc-8f7">
         <name>.text:HandleGetDescriptor</name>
         <load_address>0x2d18</load_address>
         <run_address>0x2d18</run_address>
         <size>0x64</size>
         <input_file_ref idref="fl-e9"/>
      </object_component>
      <object_component id="oc-841">
         <name>.text:HandleRequests</name>
         <load_address>0x2d7c</load_address>
         <run_address>0x2d7c</run_address>
         <size>0x64</size>
         <input_file_ref idref="fl-df"/>
      </object_component>
      <object_component id="oc-af0">
         <name>.text:IntIsEnabled</name>
         <load_address>0x2de0</load_address>
         <run_address>0x2de0</run_address>
         <size>0x64</size>
         <input_file_ref idref="fl-d6"/>
      </object_component>
      <object_component id="oc-4a3">
         <name>.text:USBBufferEventCallback</name>
         <load_address>0x2e44</load_address>
         <run_address>0x2e44</run_address>
         <size>0x64</size>
         <input_file_ref idref="fl-d9"/>
      </object_component>
      <object_component id="oc-9bf">
         <name>.text:uDMAUSBChannelEnable</name>
         <load_address>0x2ea8</load_address>
         <run_address>0x2ea8</run_address>
         <size>0x64</size>
         <input_file_ref idref="fl-e4"/>
      </object_component>
      <object_component id="oc-87d">
         <name>.text:HandleDevice</name>
         <load_address>0x2f0c</load_address>
         <run_address>0x2f0c</run_address>
         <size>0x60</size>
         <input_file_ref idref="fl-df"/>
      </object_component>
      <object_component id="oc-933">
         <name>.text:HandleDevice</name>
         <load_address>0x2f6c</load_address>
         <run_address>0x2f6c</run_address>
         <size>0x60</size>
         <input_file_ref idref="fl-e9"/>
      </object_component>
      <object_component id="oc-aa5">
         <name>.text:ProcessDataFromHost</name>
         <load_address>0x2fcc</load_address>
         <run_address>0x2fcc</run_address>
         <size>0x60</size>
         <input_file_ref idref="fl-e9"/>
      </object_component>
      <object_component id="oc-4a9">
         <name>.text:USBDCDCPacketWrite</name>
         <load_address>0x302c</load_address>
         <run_address>0x302c</run_address>
         <size>0x60</size>
         <input_file_ref idref="fl-de"/>
      </object_component>
      <object_component id="oc-2b7">
         <name>.text:USBDReadAndDispatchRequest</name>
         <load_address>0x308c</load_address>
         <run_address>0x308c</run_address>
         <size>0x60</size>
         <input_file_ref idref="fl-e0"/>
      </object_component>
      <object_component id="oc-24b">
         <name>.text:__TI_auto_init_nobinit:__TI_auto_init_nobinit</name>
         <load_address>0x30ec</load_address>
         <run_address>0x30ec</run_address>
         <size>0x60</size>
         <input_file_ref idref="fl-d0"/>
      </object_component>
      <object_component id="oc-29f">
         <name>.text:USBDevEndpointStatusClear</name>
         <load_address>0x314c</load_address>
         <run_address>0x314c</run_address>
         <size>0x5e</size>
         <input_file_ref idref="fl-eb"/>
      </object_component>
      <object_component id="oc-a8a">
         <name>.text:FindHIDDescriptor</name>
         <load_address>0x31aa</load_address>
         <run_address>0x31aa</run_address>
         <size>0x5c</size>
         <input_file_ref idref="fl-e9"/>
      </object_component>
      <object_component id="oc-4d5">
         <name>.text:_ZN9usbdevice17USBKeyboardDevice17getKeyboardDeviceEv</name>
         <load_address>0x3206</load_address>
         <run_address>0x3206</run_address>
         <size>0x2</size>
         <input_file_ref idref="fl-8"/>
      </object_component>
      <object_component id="oc-324">
         <name>.text:_ZN9usbdevice13USBCompDeviceC1EPFYjPvjjS1_E</name>
         <load_address>0x3208</load_address>
         <run_address>0x3208</run_address>
         <size>0x58</size>
         <input_file_ref idref="fl-7"/>
      </object_component>
      <object_component id="oc-50c">
         <name>.text:RemoveKeyFromPressedList</name>
         <load_address>0x3260</load_address>
         <run_address>0x3260</run_address>
         <size>0x56</size>
         <input_file_ref idref="fl-e2"/>
      </object_component>
      <object_component id="oc-9d1">
         <name>.text:uDMAUSBChannelRelease</name>
         <load_address>0x32b6</load_address>
         <run_address>0x32b6</run_address>
         <size>0x56</size>
         <input_file_ref idref="fl-e4"/>
      </object_component>
      <object_component id="oc-aab">
         <name>.text:ProcessDataToHost</name>
         <load_address>0x330c</load_address>
         <run_address>0x330c</run_address>
         <size>0x54</size>
         <input_file_ref idref="fl-e9"/>
      </object_component>
      <object_component id="oc-7f2">
         <name>.text:ULPIConfigSet</name>
         <load_address>0x3360</load_address>
         <run_address>0x3360</run_address>
         <size>0x52</size>
         <input_file_ref idref="fl-e5"/>
      </object_component>
      <object_component id="oc-a01">
         <name>.text:iDMAUSBArbSizeSet</name>
         <load_address>0x33b2</load_address>
         <run_address>0x33b2</run_address>
         <size>0x2</size>
         <input_file_ref idref="fl-e4"/>
      </object_component>
      <object_component id="oc-7da">
         <name>.text:SysCtlPeripheralReset</name>
         <load_address>0x33b4</load_address>
         <run_address>0x33b4</run_address>
         <size>0x50</size>
         <input_file_ref idref="fl-d7"/>
      </object_component>
      <object_component id="oc-8b8">
         <name>.text:USBDCDConfigDescGet</name>
         <load_address>0x3404</load_address>
         <run_address>0x3404</run_address>
         <size>0x50</size>
         <input_file_ref idref="fl-e7"/>
      </object_component>
      <object_component id="oc-13f">
         <name>.text:USBDeviceResumeTickHandler</name>
         <load_address>0x3454</load_address>
         <run_address>0x3454</run_address>
         <size>0x50</size>
         <input_file_ref idref="fl-e0"/>
      </object_component>
      <object_component id="oc-54d">
         <name>.text:_ZN9usbdevice15USBSerialDevice20USBUARTPrimeTransmitEv</name>
         <load_address>0x34a4</load_address>
         <run_address>0x34a4</run_address>
         <size>0x50</size>
         <input_file_ref idref="fl-9"/>
      </object_component>
      <object_component id="oc-38e">
         <name>.text:_ZN9usbdevice15USBSerialDevice9connectedEv</name>
         <load_address>0x34f4</load_address>
         <run_address>0x34f4</run_address>
         <size>0x4e</size>
         <input_file_ref idref="fl-9"/>
      </object_component>
      <object_component id="oc-8be">
         <name>.text:GetEPDescriptorType</name>
         <load_address>0x3542</load_address>
         <run_address>0x3542</run_address>
         <size>0x4c</size>
         <input_file_ref idref="fl-e8"/>
      </object_component>
      <object_component id="oc-a3d">
         <name>.text:iDMAUSBUnitSizeSet</name>
         <load_address>0x358e</load_address>
         <run_address>0x358e</run_address>
         <size>0x2</size>
         <input_file_ref idref="fl-e4"/>
      </object_component>
      <object_component id="oc-6f1">
         <name>.text:USBDStringIndexFromRequest</name>
         <load_address>0x3590</load_address>
         <run_address>0x3590</run_address>
         <size>0x4c</size>
         <input_file_ref idref="fl-e0"/>
      </object_component>
      <object_component id="oc-b29">
         <name>.text:USBEndpointDMAConfigSet</name>
         <load_address>0x35dc</load_address>
         <run_address>0x35dc</run_address>
         <size>0x4c</size>
         <input_file_ref idref="fl-eb"/>
      </object_component>
      <object_component id="oc-a31">
         <name>.text:iDMAUSBChannelEnable</name>
         <load_address>0x3628</load_address>
         <run_address>0x3628</run_address>
         <size>0x4c</size>
         <input_file_ref idref="fl-e4"/>
      </object_component>
      <object_component id="oc-8df">
         <name>.text:ConfigAlternateInterfaceGet</name>
         <load_address>0x3674</load_address>
         <run_address>0x3674</run_address>
         <size>0x4a</size>
         <input_file_ref idref="fl-e7"/>
      </object_component>
      <object_component id="oc-786">
         <name>.text:HandleEP0Data</name>
         <load_address>0x36be</load_address>
         <run_address>0x36be</run_address>
         <size>0x4a</size>
         <input_file_ref idref="fl-de"/>
      </object_component>
      <object_component id="oc-79e">
         <name>.text:HandleEndpoints</name>
         <load_address>0x3708</load_address>
         <run_address>0x3708</run_address>
         <size>0x4a</size>
         <input_file_ref idref="fl-de"/>
      </object_component>
      <object_component id="oc-51e">
         <name>.text:USBDHIDReportWrite</name>
         <load_address>0x3752</load_address>
         <run_address>0x3752</run_address>
         <size>0x4a</size>
         <input_file_ref idref="fl-e9"/>
      </object_component>
      <object_component id="oc-6e8">
         <name>.text:USBDevEndpointStallClear</name>
         <load_address>0x379c</load_address>
         <run_address>0x379c</run_address>
         <size>0x4a</size>
         <input_file_ref idref="fl-eb"/>
      </object_component>
      <object_component id="oc-9b9">
         <name>.text:uDMAUSBChannelDisable</name>
         <load_address>0x37e6</load_address>
         <run_address>0x37e6</run_address>
         <size>0x4a</size>
         <input_file_ref idref="fl-e4"/>
      </object_component>
      <object_component id="oc-a97">
         <name>.text:SetIdleTimeout</name>
         <load_address>0x3830</load_address>
         <run_address>0x3830</run_address>
         <size>0x48</size>
         <input_file_ref idref="fl-e9"/>
      </object_component>
      <object_component id="oc-139">
         <name>.text:USBDeviceEnumResetHandler</name>
         <load_address>0x3878</load_address>
         <run_address>0x3878</run_address>
         <size>0x48</size>
         <input_file_ref idref="fl-e0"/>
      </object_component>
      <object_component id="oc-adc">
         <name>.text:uDMAChannelAttributeDisable</name>
         <load_address>0x38c0</load_address>
         <run_address>0x38c0</run_address>
         <size>0x48</size>
         <input_file_ref idref="fl-ea"/>
      </object_component>
      <object_component id="oc-2ab">
         <name>.text:USBEndpointDataGet</name>
         <load_address>0x3908</load_address>
         <run_address>0x3908</run_address>
         <size>0x46</size>
         <input_file_ref idref="fl-eb"/>
      </object_component>
      <object_component id="oc-9cb">
         <name>.text:uDMAUSBChannelIntDisable</name>
         <load_address>0x394e</load_address>
         <run_address>0x394e</run_address>
         <size>0x2</size>
         <input_file_ref idref="fl-e4"/>
      </object_component>
      <object_component id="oc-651">
         <name>.text:USBDCDDeviceInfoInit</name>
         <load_address>0x3950</load_address>
         <run_address>0x3950</run_address>
         <size>0x44</size>
         <input_file_ref idref="fl-e0"/>
      </object_component>
      <object_component id="oc-5bd">
         <name>.text:USBDGetInterface</name>
         <load_address>0x3994</load_address>
         <run_address>0x3994</run_address>
         <size>0x44</size>
         <input_file_ref idref="fl-e0"/>
      </object_component>
      <object_component id="oc-211">
         <name>.text:_Z9RxHandlerPvjjS_</name>
         <load_address>0x39d8</load_address>
         <run_address>0x39d8</run_address>
         <size>0x44</size>
         <input_file_ref idref="fl-3"/>
      </object_component>
      <object_component id="oc-1ab">
         <name>.text:_ZN9usbdevice15USBSerialDevice11getInstanceEv</name>
         <load_address>0x3a1c</load_address>
         <run_address>0x3a1c</run_address>
         <size>0x44</size>
         <input_file_ref idref="fl-9"/>
      </object_component>
      <object_component id="oc-388">
         <name>.text:_ZN9usbdevice15USBSerialDevice12disconnectedEv</name>
         <load_address>0x3a60</load_address>
         <run_address>0x3a60</run_address>
         <size>0x41</size>
         <input_file_ref idref="fl-9"/>
      </object_component>
      <object_component id="oc-84d">
         <name>.text:ConfigChangeHandler</name>
         <load_address>0x3aa2</load_address>
         <run_address>0x3aa2</run_address>
         <size>0x40</size>
         <input_file_ref idref="fl-df"/>
      </object_component>
      <object_component id="oc-69a">
         <name>.text:ScheduleReportTransmission</name>
         <load_address>0x3ae2</load_address>
         <run_address>0x3ae2</run_address>
         <size>0x40</size>
         <input_file_ref idref="fl-e9"/>
      </object_component>
      <object_component id="oc-640">
         <name>.text:HIDKeyboardTxHandler</name>
         <load_address>0x3b22</load_address>
         <run_address>0x3b22</run_address>
         <size>0x3e</size>
         <input_file_ref idref="fl-e2"/>
      </object_component>
      <object_component id="oc-33b">
         <name>.text:_ZN9usbdevice13USBCompDevice4initEv</name>
         <load_address>0x3b60</load_address>
         <run_address>0x3b60</run_address>
         <size>0x3c</size>
         <input_file_ref idref="fl-7"/>
      </object_component>
      <object_component id="oc-a2b">
         <name>.text:iDMAUSBChannelRelease</name>
         <load_address>0x3b9c</load_address>
         <run_address>0x3b9c</run_address>
         <size>0x3c</size>
         <input_file_ref idref="fl-e4"/>
      </object_component>
      <object_component id="oc-a4d">
         <name>.text:EndpointToIndex</name>
         <load_address>0x3bd8</load_address>
         <run_address>0x3bd8</run_address>
         <size>0x3a</size>
         <input_file_ref idref="fl-df"/>
      </object_component>
      <object_component id="oc-8d0">
         <name>.text:USBFIFOConfigSet</name>
         <load_address>0x3c12</load_address>
         <run_address>0x3c12</run_address>
         <size>0x3a</size>
         <input_file_ref idref="fl-eb"/>
      </object_component>
      <object_component id="oc-871">
         <name>.text:HandleDisconnect</name>
         <load_address>0x3c4c</load_address>
         <run_address>0x3c4c</run_address>
         <size>0x38</size>
         <input_file_ref idref="fl-df"/>
      </object_component>
      <object_component id="oc-65d">
         <name>.text:InternalUSBRegisterTickHandler</name>
         <load_address>0x3c84</load_address>
         <run_address>0x3c84</run_address>
         <size>0x38</size>
         <input_file_ref idref="fl-dc"/>
      </object_component>
      <object_component id="oc-145">
         <name>.text:InternalUSBStartOfFrameTick</name>
         <load_address>0x3cbc</load_address>
         <run_address>0x3cbc</run_address>
         <size>0x38</size>
         <input_file_ref idref="fl-dc"/>
      </object_component>
      <object_component id="oc-85f">
         <name>.text:ResetHandler</name>
         <load_address>0x3cf4</load_address>
         <run_address>0x3cf4</run_address>
         <size>0x38</size>
         <input_file_ref idref="fl-df"/>
      </object_component>
      <object_component id="oc-86b">
         <name>.text:ResumeHandler</name>
         <load_address>0x3d2c</load_address>
         <run_address>0x3d2c</run_address>
         <size>0x38</size>
         <input_file_ref idref="fl-df"/>
      </object_component>
      <object_component id="oc-7b4">
         <name>.text:SendBreak</name>
         <load_address>0x3d64</load_address>
         <run_address>0x3d64</run_address>
         <size>0x38</size>
         <input_file_ref idref="fl-de"/>
      </object_component>
      <object_component id="oc-865">
         <name>.text:SuspendHandler</name>
         <load_address>0x3d9c</load_address>
         <run_address>0x3d9c</run_address>
         <size>0x38</size>
         <input_file_ref idref="fl-df"/>
      </object_component>
      <object_component id="oc-74f">
         <name>.text:USBDCDConfigGetInterfaceEndpoint</name>
         <load_address>0x3dd4</load_address>
         <run_address>0x3dd4</run_address>
         <size>0x38</size>
         <input_file_ref idref="fl-e7"/>
      </object_component>
      <object_component id="oc-c9">
         <name>.text:USBIntStatusControl</name>
         <load_address>0x3e0c</load_address>
         <run_address>0x3e0c</run_address>
         <size>0x38</size>
         <input_file_ref idref="fl-eb"/>
      </object_component>
      <object_component id="oc-72e">
         <name>.text:USBRingBufAdvanceWrite</name>
         <load_address>0x3e44</load_address>
         <run_address>0x3e44</run_address>
         <size>0x38</size>
         <input_file_ref idref="fl-db"/>
      </object_component>
      <object_component id="oc-382">
         <name>.text:_ZN9usbdevice15USBSerialDevice9SendBreakEb</name>
         <load_address>0x3e7c</load_address>
         <run_address>0x3e7c</run_address>
         <size>0x38</size>
         <input_file_ref idref="fl-9"/>
      </object_component>
      <object_component id="oc-7b">
         <name>.text:_c_int00_noargs:_c_int00_noargs</name>
         <load_address>0x3eb4</load_address>
         <run_address>0x3eb4</run_address>
         <size>0x38</size>
         <input_file_ref idref="fl-cd"/>
      </object_component>
      <object_component id="oc-92d">
         <name>.text:HandleEndpoints</name>
         <load_address>0x3eec</load_address>
         <run_address>0x3eec</run_address>
         <size>0x36</size>
         <input_file_ref idref="fl-e9"/>
      </object_component>
      <object_component id="oc-847">
         <name>.text:InterfaceChange</name>
         <load_address>0x3f22</load_address>
         <run_address>0x3f22</run_address>
         <size>0x36</size>
         <input_file_ref idref="fl-df"/>
      </object_component>
      <object_component id="oc-47f">
         <name>.text:USBEndpointDataPut</name>
         <load_address>0x3f58</load_address>
         <run_address>0x3f58</run_address>
         <size>0x36</size>
         <input_file_ref idref="fl-eb"/>
      </object_component>
      <object_component id="oc-9c5">
         <name>.text:uDMAUSBChannelIntEnable</name>
         <load_address>0x3f8e</load_address>
         <run_address>0x3f8e</run_address>
         <size>0x2</size>
         <input_file_ref idref="fl-e4"/>
      </object_component>
      <object_component id="oc-761">
         <name>.text:HIDTickHandler</name>
         <load_address>0x3f90</load_address>
         <run_address>0x3f90</run_address>
         <size>0x34</size>
         <input_file_ref idref="fl-e9"/>
      </object_component>
      <object_component id="oc-780">
         <name>.text:HandleConfigChange</name>
         <load_address>0x3fc4</load_address>
         <run_address>0x3fc4</run_address>
         <size>0x34</size>
         <input_file_ref idref="fl-de"/>
      </object_component>
      <object_component id="oc-1c3">
         <name>.text:SysCtlPeripheralEnable</name>
         <load_address>0x3ff8</load_address>
         <run_address>0x3ff8</run_address>
         <size>0x34</size>
         <input_file_ref idref="fl-d7"/>
      </object_component>
      <object_component id="oc-485">
         <name>.text:USBEndpointDataSend</name>
         <load_address>0x402c</load_address>
         <run_address>0x402c</run_address>
         <size>0x34</size>
         <input_file_ref idref="fl-eb"/>
      </object_component>
      <object_component id="oc-1b1">
         <name>.text:_ZN9usbdevice13USBCompDevice11getInstanceEv</name>
         <load_address>0x4060</load_address>
         <run_address>0x4060</run_address>
         <size>0x34</size>
         <input_file_ref idref="fl-7"/>
      </object_component>
      <object_component id="oc-1a5">
         <name>.text:_ZN9usbdevice17USBKeyboardDevice11getInstanceEv</name>
         <load_address>0x4094</load_address>
         <run_address>0x4094</run_address>
         <size>0x34</size>
         <input_file_ref idref="fl-8"/>
      </object_component>
      <object_component id="oc-a0d">
         <name>.text:iDMAUSBChannelStatus</name>
         <load_address>0x40c8</load_address>
         <run_address>0x40c8</run_address>
         <size>0x34</size>
         <input_file_ref idref="fl-e4"/>
      </object_component>
      <object_component id="oc-694">
         <name>.text:ClearReportTimer</name>
         <load_address>0x40fc</load_address>
         <run_address>0x40fc</run_address>
         <size>0x32</size>
         <input_file_ref idref="fl-e9"/>
      </object_component>
      <object_component id="oc-903">
         <name>.text:HandleConfigChange</name>
         <load_address>0x412e</load_address>
         <run_address>0x412e</run_address>
         <size>0x32</size>
         <input_file_ref idref="fl-e9"/>
      </object_component>
      <object_component id="oc-8ef">
         <name>.text:NextConfigDescGet</name>
         <load_address>0x4160</load_address>
         <run_address>0x4160</run_address>
         <size>0x32</size>
         <input_file_ref idref="fl-e7"/>
      </object_component>
      <object_component id="oc-96e">
         <name>.text:ProcessNotificationToHost</name>
         <load_address>0x4192</load_address>
         <run_address>0x4192</run_address>
         <size>0x32</size>
         <input_file_ref idref="fl-de"/>
      </object_component>
      <object_component id="oc-584">
         <name>.text:USBDevEndpointStall</name>
         <load_address>0x41c4</load_address>
         <run_address>0x41c4</run_address>
         <size>0x32</size>
         <input_file_ref idref="fl-eb"/>
      </object_component>
      <object_component id="oc-30c">
         <name>.text:_ZN9usbdevice17USBKeyboardDeviceC1EPFYjPvjjS1_E</name>
         <load_address>0x41f6</load_address>
         <run_address>0x41f6</run_address>
         <size>0x32</size>
         <input_file_ref idref="fl-8"/>
      </object_component>
      <object_component id="oc-a37">
         <name>.text:iDMAUSBChannelDisable</name>
         <load_address>0x4228</load_address>
         <run_address>0x4228</run_address>
         <size>0x32</size>
         <input_file_ref idref="fl-e4"/>
      </object_component>
      <object_component id="oc-512">
         <name>.text:AddKeyToPressedList</name>
         <load_address>0x425a</load_address>
         <run_address>0x425a</run_address>
         <size>0x30</size>
         <input_file_ref idref="fl-e2"/>
      </object_component>
      <object_component id="oc-9dd">
         <name>.text:DMAUSBIntHandler</name>
         <load_address>0x428a</load_address>
         <run_address>0x428a</run_address>
         <size>0x30</size>
         <input_file_ref idref="fl-e4"/>
      </object_component>
      <object_component id="oc-657">
         <name>.text:InternalUSBTickInit</name>
         <load_address>0x42bc</load_address>
         <run_address>0x42bc</run_address>
         <size>0x30</size>
         <input_file_ref idref="fl-dc"/>
      </object_component>
      <object_component id="oc-5b1">
         <name>.text:USBDGetConfiguration</name>
         <load_address>0x42ec</load_address>
         <run_address>0x42ec</run_address>
         <size>0x30</size>
         <input_file_ref idref="fl-e0"/>
      </object_component>
      <object_component id="oc-8a0">
         <name>.text:UpdateIndexAtomic</name>
         <load_address>0x431c</load_address>
         <run_address>0x431c</run_address>
         <size>0x30</size>
         <input_file_ref idref="fl-db"/>
      </object_component>
      <object_component id="oc-877">
         <name>.text:HandleEndpoints</name>
         <load_address>0x434c</load_address>
         <run_address>0x434c</run_address>
         <size>0x2e</size>
         <input_file_ref idref="fl-df"/>
      </object_component>
      <object_component id="oc-369">
         <name>.text:USBBufferWrite</name>
         <load_address>0x437a</load_address>
         <run_address>0x437a</run_address>
         <size>0x2e</size>
         <input_file_ref idref="fl-d9"/>
      </object_component>
      <object_component id="oc-4bb">
         <name>.text:USBDCDCRxPacketAvailable</name>
         <load_address>0x43a8</load_address>
         <run_address>0x43a8</run_address>
         <size>0x2e</size>
         <input_file_ref idref="fl-de"/>
      </object_component>
      <object_component id="oc-395">
         <name>.text:_ZN9usbdevice15USBSerialDevice10readBufferEv</name>
         <load_address>0x43d6</load_address>
         <run_address>0x43d6</run_address>
         <size>0x2e</size>
         <input_file_ref idref="fl-9"/>
      </object_component>
      <object_component id="oc-a53">
         <name>.text:InterfaceToIndex</name>
         <load_address>0x4404</load_address>
         <run_address>0x4404</run_address>
         <size>0x2c</size>
         <input_file_ref idref="fl-df"/>
      </object_component>
      <object_component id="oc-a6e">
         <name>.text:USBDescGet</name>
         <load_address>0x4430</load_address>
         <run_address>0x4430</run_address>
         <size>0x2c</size>
         <input_file_ref idref="fl-e3"/>
      </object_component>
      <object_component id="oc-9e3">
         <name>.text:uDMAUSBIntStatus</name>
         <load_address>0x445c</load_address>
         <run_address>0x445c</run_address>
         <size>0x2c</size>
         <input_file_ref idref="fl-e4"/>
      </object_component>
      <object_component id="oc-5f0">
         <name>.text:HandleRequestBuffer</name>
         <load_address>0x4488</load_address>
         <run_address>0x4488</run_address>
         <size>0x2a</size>
         <input_file_ref idref="fl-d9"/>
      </object_component>
      <object_component id="oc-702">
         <name>.text:USBDCDConfigDescGetNum</name>
         <load_address>0x44b2</load_address>
         <run_address>0x44b2</run_address>
         <size>0x2a</size>
         <input_file_ref idref="fl-e7"/>
      </object_component>
      <object_component id="oc-8d8">
         <name>.text:USBDescGetNum</name>
         <load_address>0x44dc</load_address>
         <run_address>0x44dc</run_address>
         <size>0x2a</size>
         <input_file_ref idref="fl-e3"/>
      </object_component>
      <object_component id="oc-2b1">
         <name>.text:USBDevEndpointDataAck</name>
         <load_address>0x4506</load_address>
         <run_address>0x4506</run_address>
         <size>0x2a</size>
         <input_file_ref idref="fl-eb"/>
      </object_component>
      <object_component id="oc-a91">
         <name>.text:GetIdleTimeout</name>
         <load_address>0x4530</load_address>
         <run_address>0x4530</run_address>
         <size>0x28</size>
         <input_file_ref idref="fl-e9"/>
      </object_component>
      <object_component id="oc-909">
         <name>.text:HandleEP0DataReceived</name>
         <load_address>0x4558</load_address>
         <run_address>0x4558</run_address>
         <size>0x28</size>
         <input_file_ref idref="fl-e9"/>
      </object_component>
      <object_component id="oc-547">
         <name>.text:USBBufferRead</name>
         <load_address>0x4580</load_address>
         <run_address>0x4580</run_address>
         <size>0x28</size>
         <input_file_ref idref="fl-d9"/>
      </object_component>
      <object_component id="oc-59f">
         <name>.text:USBDSetAddress</name>
         <load_address>0x45a8</load_address>
         <run_address>0x45a8</run_address>
         <size>0x28</size>
         <input_file_ref idref="fl-e0"/>
      </object_component>
      <object_component id="oc-822">
         <name>.text:USBIntEnableControl</name>
         <load_address>0x45d0</load_address>
         <run_address>0x45d0</run_address>
         <size>0x28</size>
         <input_file_ref idref="fl-eb"/>
      </object_component>
      <object_component id="oc-21d">
         <name>.text:_Z18USBKeyboardHandlerPvjjS_</name>
         <load_address>0x45f8</load_address>
         <run_address>0x45f8</run_address>
         <size>0x28</size>
         <input_file_ref idref="fl-3"/>
      </object_component>
      <object_component id="oc-4fe">
         <name>.text:_ZN9usbdevice17USBKeyboardDevice12GetUsageCodeEcb</name>
         <load_address>0x4620</load_address>
         <run_address>0x4620</run_address>
         <size>0x28</size>
         <input_file_ref idref="fl-8"/>
      </object_component>
      <object_component id="oc-b0e">
         <name>.text:uDMAChannelModeGet</name>
         <load_address>0x4648</load_address>
         <run_address>0x4648</run_address>
         <size>0x28</size>
         <input_file_ref idref="fl-ea"/>
      </object_component>
      <object_component id="oc-798">
         <name>.text:HandleDisconnect</name>
         <load_address>0x4670</load_address>
         <run_address>0x4670</run_address>
         <size>0x24</size>
         <input_file_ref idref="fl-de"/>
      </object_component>
      <object_component id="oc-7c0">
         <name>.text:SendLineStateChange</name>
         <load_address>0x4694</load_address>
         <run_address>0x4694</run_address>
         <size>0x24</size>
         <input_file_ref idref="fl-de"/>
      </object_component>
      <object_component id="oc-ae2">
         <name>.text:USBEndpointDMADisable</name>
         <load_address>0x46b8</load_address>
         <run_address>0x46b8</run_address>
         <size>0x24</size>
         <input_file_ref idref="fl-eb"/>
      </object_component>
      <object_component id="oc-afc">
         <name>.text:USBEndpointDMAEnable</name>
         <load_address>0x46dc</load_address>
         <run_address>0x46dc</run_address>
         <size>0x24</size>
         <input_file_ref idref="fl-eb"/>
      </object_component>
      <object_component id="oc-335">
         <name>.text:USBStackModeSet</name>
         <load_address>0x4700</load_address>
         <run_address>0x4700</run_address>
         <size>0x24</size>
         <input_file_ref idref="fl-da"/>
      </object_component>
      <object_component id="oc-1b7">
         <name>.text:_Z5delayi</name>
         <load_address>0x4724</load_address>
         <run_address>0x4724</run_address>
         <size>0x24</size>
         <input_file_ref idref="fl-3"/>
      </object_component>
      <object_component id="oc-acf">
         <name>.text:uDMAChannelControlSet</name>
         <load_address>0x4748</load_address>
         <run_address>0x4748</run_address>
         <size>0x24</size>
         <input_file_ref idref="fl-ea"/>
      </object_component>
      <object_component id="oc-853">
         <name>.text:DataReceived</name>
         <load_address>0x476c</load_address>
         <run_address>0x476c</run_address>
         <size>0x22</size>
         <input_file_ref idref="fl-df"/>
      </object_component>
      <object_component id="oc-859">
         <name>.text:DataSent</name>
         <load_address>0x478e</load_address>
         <run_address>0x478e</run_address>
         <size>0x22</size>
         <input_file_ref idref="fl-df"/>
      </object_component>
      <object_component id="oc-927">
         <name>.text:HandleDisconnect</name>
         <load_address>0x47b0</load_address>
         <run_address>0x47b0</run_address>
         <size>0x22</size>
         <input_file_ref idref="fl-e9"/>
      </object_component>
      <object_component id="oc-7c6">
         <name>.text:SendLineCodingChange</name>
         <load_address>0x47d2</load_address>
         <run_address>0x47d2</run_address>
         <size>0x22</size>
         <input_file_ref idref="fl-de"/>
      </object_component>
      <object_component id="oc-9d7">
         <name>.text:uDMAUSBChannelStatus</name>
         <load_address>0x47f4</load_address>
         <run_address>0x47f4</run_address>
         <size>0x22</size>
         <input_file_ref idref="fl-e4"/>
      </object_component>
      <object_component id="oc-94a">
         <name>.text:CheckAndSendBreak</name>
         <load_address>0x4816</load_address>
         <run_address>0x4816</run_address>
         <size>0x20</size>
         <input_file_ref idref="fl-de"/>
      </object_component>
      <object_component id="oc-8ca">
         <name>.text:GetEndpointFIFOSize</name>
         <load_address>0x4836</load_address>
         <run_address>0x4836</run_address>
         <size>0x20</size>
         <input_file_ref idref="fl-e8"/>
      </object_component>
      <object_component id="oc-5e4">
         <name>.text:HandleDataRemaining</name>
         <load_address>0x4856</load_address>
         <run_address>0x4856</run_address>
         <size>0x20</size>
         <input_file_ref idref="fl-d9"/>
      </object_component>
      <object_component id="oc-90f">
         <name>.text:HandleEP0DataSent</name>
         <load_address>0x4876</load_address>
         <run_address>0x4876</run_address>
         <size>0x20</size>
         <input_file_ref idref="fl-e9"/>
      </object_component>
      <object_component id="oc-720">
         <name>.text:USBRingBufAdvanceRead</name>
         <load_address>0x4896</load_address>
         <run_address>0x4896</run_address>
         <size>0x20</size>
         <input_file_ref idref="fl-db"/>
      </object_component>
      <object_component id="oc-727">
         <name>.text:USBRingBufContigFree</name>
         <load_address>0x48b6</load_address>
         <run_address>0x48b6</run_address>
         <size>0x1e</size>
         <input_file_ref idref="fl-db"/>
      </object_component>
      <object_component id="oc-990">
         <name>.text:USBULPIRegRead</name>
         <load_address>0x48d4</load_address>
         <run_address>0x48d4</run_address>
         <size>0x1e</size>
         <input_file_ref idref="fl-eb"/>
      </object_component>
      <object_component id="oc-996">
         <name>.text:USBULPIRegWrite</name>
         <load_address>0x48f2</load_address>
         <run_address>0x48f2</run_address>
         <size>0x1e</size>
         <input_file_ref idref="fl-eb"/>
      </object_component>
      <object_component id="oc-7cd">
         <name>.text:CompositeEPChange</name>
         <load_address>0x4910</load_address>
         <run_address>0x4910</run_address>
         <size>0x1c</size>
         <input_file_ref idref="fl-df"/>
      </object_component>
      <object_component id="oc-7d3">
         <name>.text:CompositeIfaceChange</name>
         <load_address>0x492c</load_address>
         <run_address>0x492c</run_address>
         <size>0x1c</size>
         <input_file_ref idref="fl-df"/>
      </object_component>
      <object_component id="oc-708">
         <name>.text:USBDCDConfigGetInterface</name>
         <load_address>0x4948</load_address>
         <run_address>0x4948</run_address>
         <size>0x1c</size>
         <input_file_ref idref="fl-e7"/>
      </object_component>
      <object_component id="oc-46c">
         <name>.text:USBDCDStallEP0</name>
         <load_address>0x4964</load_address>
         <run_address>0x4964</run_address>
         <size>0x1c</size>
         <input_file_ref idref="fl-e0"/>
      </object_component>
      <object_component id="oc-609">
         <name>.text:USBEndpointDataAvail</name>
         <load_address>0x4980</load_address>
         <run_address>0x4980</run_address>
         <size>0x1c</size>
         <input_file_ref idref="fl-eb"/>
      </object_component>
      <object_component id="oc-6cf">
         <name>.text:USBRingBufRead</name>
         <load_address>0x499c</load_address>
         <run_address>0x499c</run_address>
         <size>0x1c</size>
         <input_file_ref idref="fl-db"/>
      </object_component>
      <object_component id="oc-52e">
         <name>.text:USBRingBufWrite</name>
         <load_address>0x49b8</load_address>
         <run_address>0x49b8</run_address>
         <size>0x1c</size>
         <input_file_ref idref="fl-db"/>
      </object_component>
      <object_component id="oc-755">
         <name>.text:ClearIdleTimers</name>
         <load_address>0x49d4</load_address>
         <run_address>0x49d4</run_address>
         <size>0x1a</size>
         <input_file_ref idref="fl-e9"/>
      </object_component>
      <object_component id="oc-7ba">
         <name>.text:DeviceConsumedAllData</name>
         <load_address>0x49ee</load_address>
         <run_address>0x49ee</run_address>
         <size>0x1a</size>
         <input_file_ref idref="fl-de"/>
      </object_component>
      <object_component id="oc-479">
         <name>.text:USBDCDConfigDescGetSize</name>
         <load_address>0x4a08</load_address>
         <run_address>0x4a08</run_address>
         <size>0x1a</size>
         <input_file_ref idref="fl-e7"/>
      </object_component>
      <object_component id="oc-ad6">
         <name>.text:USBEndpointDMAChannel</name>
         <load_address>0x4a22</load_address>
         <run_address>0x4a22</run_address>
         <size>0x1a</size>
         <input_file_ref idref="fl-eb"/>
      </object_component>
      <object_component id="oc-af">
         <name>.text:IsBufferFull</name>
         <load_address>0x4a3c</load_address>
         <run_address>0x4a3c</run_address>
         <size>0x18</size>
         <input_file_ref idref="fl-b"/>
      </object_component>
      <object_component id="oc-603">
         <name>.text:SetDeferredOpFlag</name>
         <load_address>0x4a54</load_address>
         <run_address>0x4a54</run_address>
         <size>0x18</size>
         <input_file_ref idref="fl-de"/>
      </object_component>
      <object_component id="oc-ab3">
         <name>.text:SetDeferredOpFlag</name>
         <load_address>0x4a6c</load_address>
         <run_address>0x4a6c</run_address>
         <size>0x18</size>
         <input_file_ref idref="fl-e9"/>
      </object_component>
      <object_component id="oc-49">
         <name>.text:USB0DeviceIntHandler</name>
         <load_address>0x4a84</load_address>
         <run_address>0x4a84</run_address>
         <size>0x18</size>
         <input_file_ref idref="fl-e1"/>
      </object_component>
      <object_component id="oc-4c9">
         <name>.text:USBBufferInit</name>
         <load_address>0x4a9c</load_address>
         <run_address>0x4a9c</run_address>
         <size>0x18</size>
         <input_file_ref idref="fl-d9"/>
      </object_component>
      <object_component id="oc-64b">
         <name>.text:USBDCDFeatureGet</name>
         <load_address>0x4ab4</load_address>
         <run_address>0x4ab4</run_address>
         <size>0x18</size>
         <input_file_ref idref="fl-e0"/>
      </object_component>
      <object_component id="oc-5ab">
         <name>.text:USBDSetDescriptor</name>
         <load_address>0x4acc</load_address>
         <run_address>0x4acc</run_address>
         <size>0x18</size>
         <input_file_ref idref="fl-e0"/>
      </object_component>
      <object_component id="oc-5c9">
         <name>.text:USBDSyncFrame</name>
         <load_address>0x4ae4</load_address>
         <run_address>0x4ae4</run_address>
         <size>0x18</size>
         <input_file_ref idref="fl-e0"/>
      </object_component>
      <object_component id="oc-39d">
         <name>.text:_ZN9usbdevice17USBKeyboardDevice17releaseSpecialKeyEv</name>
         <load_address>0x4afc</load_address>
         <run_address>0x4afc</run_address>
         <size>0x18</size>
         <input_file_ref idref="fl-8"/>
      </object_component>
      <object_component id="oc-ae9">
         <name>.text:uDMAChannelDisable</name>
         <load_address>0x4b14</load_address>
         <run_address>0x4b14</run_address>
         <size>0x18</size>
         <input_file_ref idref="fl-ea"/>
      </object_component>
      <object_component id="oc-b02">
         <name>.text:uDMAChannelEnable</name>
         <load_address>0x4b2c</load_address>
         <run_address>0x4b2c</run_address>
         <size>0x18</size>
         <input_file_ref idref="fl-ea"/>
      </object_component>
      <object_component id="oc-964">
         <name>.text:CheckAndSendLineCodingChange</name>
         <load_address>0x4b44</load_address>
         <run_address>0x4b44</run_address>
         <size>0x16</size>
         <input_file_ref idref="fl-de"/>
      </object_component>
      <object_component id="oc-950">
         <name>.text:CheckAndSendLineStateChange</name>
         <load_address>0x4b5a</load_address>
         <run_address>0x4b5a</run_address>
         <size>0x16</size>
         <input_file_ref idref="fl-de"/>
      </object_component>
      <object_component id="oc-828">
         <name>.text:USBIntEnableEndpoint</name>
         <load_address>0x4b70</load_address>
         <run_address>0x4b70</run_address>
         <size>0x16</size>
         <input_file_ref idref="fl-eb"/>
      </object_component>
      <object_component id="oc-6c8">
         <name>.text:USBRingBufFlush</name>
         <load_address>0x4b86</load_address>
         <run_address>0x4b86</run_address>
         <size>0x16</size>
         <input_file_ref idref="fl-db"/>
      </object_component>
      <object_component id="oc-8af">
         <name>.text:USBRingBufReadOne</name>
         <load_address>0x4b9c</load_address>
         <run_address>0x4b9c</run_address>
         <size>0x16</size>
         <input_file_ref idref="fl-db"/>
      </object_component>
      <object_component id="oc-6b2">
         <name>.text:USBRingBufUsed</name>
         <load_address>0x4bb2</load_address>
         <run_address>0x4bb2</run_address>
         <size>0x16</size>
         <input_file_ref idref="fl-db"/>
      </object_component>
      <object_component id="oc-32f">
         <name>.text:_ZN9usbdevice15USBSerialDevice10initBufferEv</name>
         <load_address>0x4bc8</load_address>
         <run_address>0x4bc8</run_address>
         <size>0x16</size>
         <input_file_ref idref="fl-9"/>
      </object_component>
      <object_component id="oc-5ea">
         <name>.text:HandleTxComplete</name>
         <load_address>0x4bde</load_address>
         <run_address>0x4bde</run_address>
         <size>0x14</size>
         <input_file_ref idref="fl-d9"/>
      </object_component>
      <object_component id="oc-7e0">
         <name>.text:SysCtlUSBPLLEnable</name>
         <load_address>0x4bf4</load_address>
         <run_address>0x4bf4</run_address>
         <size>0x14</size>
         <input_file_ref idref="fl-d7"/>
      </object_component>
      <object_component id="oc-4af">
         <name>.text:USBDCDCTxPacketAvailable</name>
         <load_address>0x4c08</load_address>
         <run_address>0x4c08</run_address>
         <size>0x14</size>
         <input_file_ref idref="fl-de"/>
      </object_component>
      <object_component id="oc-95c">
         <name>.text:USBDCDRequestDataEP0</name>
         <load_address>0x4c1c</load_address>
         <run_address>0x4c1c</run_address>
         <size>0x14</size>
         <input_file_ref idref="fl-e0"/>
      </object_component>
      <object_component id="oc-956">
         <name>.text:USBDCDSendDataEP0</name>
         <load_address>0x4c30</load_address>
         <run_address>0x4c30</run_address>
         <size>0x14</size>
         <input_file_ref idref="fl-e0"/>
      </object_component>
      <object_component id="oc-b61">
         <name>.text:USBDMAChannelConfigSet</name>
         <load_address>0x4c44</load_address>
         <run_address>0x4c44</run_address>
         <size>0x14</size>
         <input_file_ref idref="fl-eb"/>
      </object_component>
      <object_component id="oc-28a">
         <name>.text:USBHostResume</name>
         <load_address>0x4c58</load_address>
         <run_address>0x4c58</run_address>
         <size>0x14</size>
         <input_file_ref idref="fl-eb"/>
      </object_component>
      <object_component id="oc-a78">
         <name>.text:_USBIndexWrite</name>
         <load_address>0x4c6c</load_address>
         <run_address>0x4c6c</run_address>
         <size>0x14</size>
         <input_file_ref idref="fl-eb"/>
      </object_component>
      <object_component id="oc-792">
         <name>.text:HandleResume</name>
         <load_address>0x4c80</load_address>
         <run_address>0x4c80</run_address>
         <size>0x12</size>
         <input_file_ref idref="fl-de"/>
      </object_component>
      <object_component id="oc-921">
         <name>.text:HandleResume</name>
         <load_address>0x4c92</load_address>
         <run_address>0x4c92</run_address>
         <size>0x12</size>
         <input_file_ref idref="fl-e9"/>
      </object_component>
      <object_component id="oc-78c">
         <name>.text:HandleSuspend</name>
         <load_address>0x4ca4</load_address>
         <run_address>0x4ca4</run_address>
         <size>0x12</size>
         <input_file_ref idref="fl-de"/>
      </object_component>
      <object_component id="oc-91b">
         <name>.text:HandleSuspend</name>
         <load_address>0x4cb6</load_address>
         <run_address>0x4cb6</run_address>
         <size>0x12</size>
         <input_file_ref idref="fl-e9"/>
      </object_component>
      <object_component id="oc-b32">
         <name>.text:USBDMAChannelDisable</name>
         <load_address>0x4cc8</load_address>
         <run_address>0x4cc8</run_address>
         <size>0x12</size>
         <input_file_ref idref="fl-eb"/>
      </object_component>
      <object_component id="oc-b67">
         <name>.text:USBDMAChannelEnable</name>
         <load_address>0x4cda</load_address>
         <run_address>0x4cda</run_address>
         <size>0x12</size>
         <input_file_ref idref="fl-eb"/>
      </object_component>
      <object_component id="oc-b4e">
         <name>.text:USBDMAChannelIntDisable</name>
         <load_address>0x4cec</load_address>
         <run_address>0x4cec</run_address>
         <size>0x12</size>
         <input_file_ref idref="fl-eb"/>
      </object_component>
      <object_component id="oc-b47">
         <name>.text:USBDMAChannelIntEnable</name>
         <load_address>0x4cfe</load_address>
         <run_address>0x4cfe</run_address>
         <size>0x12</size>
         <input_file_ref idref="fl-eb"/>
      </object_component>
      <object_component id="oc-528">
         <name>.text:USBRingBufFree</name>
         <load_address>0x4d10</load_address>
         <run_address>0x4d10</run_address>
         <size>0x12</size>
         <input_file_ref idref="fl-db"/>
      </object_component>
      <object_component id="oc-8a8">
         <name>.text:IntMasterDisable</name>
         <load_address>0x4d22</load_address>
         <run_address>0x4d22</run_address>
         <size>0x10</size>
         <input_file_ref idref="fl-d6"/>
      </object_component>
      <object_component id="oc-1cf">
         <name>.text:IntMasterEnable</name>
         <load_address>0x4d32</load_address>
         <run_address>0x4d32</run_address>
         <size>0x10</size>
         <input_file_ref idref="fl-d6"/>
      </object_component>
      <object_component id="oc-3d">
         <name>.text:SysTickIntHandler</name>
         <load_address>0x4d44</load_address>
         <run_address>0x4d44</run_address>
         <size>0x10</size>
         <input_file_ref idref="fl-4"/>
      </object_component>
      <object_component id="oc-299">
         <name>.text:USBEndpointStatus</name>
         <load_address>0x4d54</load_address>
         <run_address>0x4d54</run_address>
         <size>0x10</size>
         <input_file_ref idref="fl-eb"/>
      </object_component>
      <object_component id="oc-6c1">
         <name>.text:USBRingBufContigUsed</name>
         <load_address>0x4d64</load_address>
         <run_address>0x4d64</run_address>
         <size>0x10</size>
         <input_file_ref idref="fl-db"/>
      </object_component>
      <object_component id="oc-6ba">
         <name>.text:USBRingBufWriteOne</name>
         <load_address>0x4d74</load_address>
         <run_address>0x4d74</run_address>
         <size>0x10</size>
         <input_file_ref idref="fl-db"/>
      </object_component>
      <object_component id="oc-9e9">
         <name>.text:DMAUSBIntStatusClear</name>
         <load_address>0x4d84</load_address>
         <run_address>0x4d84</run_address>
         <size>0xe</size>
         <input_file_ref idref="fl-e4"/>
      </object_component>
      <object_component id="oc-a3">
         <name>.text:IsBufferEmpty</name>
         <load_address>0x4d92</load_address>
         <run_address>0x4d92</run_address>
         <size>0xe</size>
         <input_file_ref idref="fl-b"/>
      </object_component>
      <object_component id="oc-518">
         <name>.text:USBDHIDTxPacketAvailable</name>
         <load_address>0x4da0</load_address>
         <run_address>0x4da0</run_address>
         <size>0xe</size>
         <input_file_ref idref="fl-e9"/>
      </object_component>
      <object_component id="oc-b39">
         <name>.text:USBDMAChannelStatus</name>
         <load_address>0x4dae</load_address>
         <run_address>0x4dae</run_address>
         <size>0xe</size>
         <input_file_ref idref="fl-eb"/>
      </object_component>
      <object_component id="oc-80a">
         <name>.text:USBDevLPMDisable</name>
         <load_address>0x4dbc</load_address>
         <run_address>0x4dbc</run_address>
         <size>0xe</size>
         <input_file_ref idref="fl-eb"/>
      </object_component>
      <object_component id="oc-151">
         <name>.text:USBDevLPMEnable</name>
         <load_address>0x4dca</load_address>
         <run_address>0x4dca</run_address>
         <size>0xe</size>
         <input_file_ref idref="fl-eb"/>
      </object_component>
      <object_component id="oc-7f8">
         <name>.text:USBULPIDisable</name>
         <load_address>0x4dd8</load_address>
         <run_address>0x4dd8</run_address>
         <size>0xe</size>
         <input_file_ref idref="fl-eb"/>
      </object_component>
      <object_component id="oc-7ec">
         <name>.text:USBULPIEnable</name>
         <load_address>0x4de6</load_address>
         <run_address>0x4de6</run_address>
         <size>0xe</size>
         <input_file_ref idref="fl-eb"/>
      </object_component>
      <object_component id="oc-1ed">
         <name>.text:_ZN9usbdevice15USBSerialDevice22resetCommandStatusFlagEv</name>
         <load_address>0x4df4</load_address>
         <run_address>0x4df4</run_address>
         <size>0xe</size>
         <input_file_ref idref="fl-9"/>
      </object_component>
      <object_component id="oc-18">
         <name>.text:decompress:none:__TI_decompress_none</name>
         <load_address>0x4e02</load_address>
         <run_address>0x4e02</run_address>
         <size>0xe</size>
         <input_file_ref idref="fl-cb"/>
      </object_component>
      <object_component id="oc-a66">
         <name>.text:CPUcpsid</name>
         <load_address>0x4e10</load_address>
         <run_address>0x4e10</run_address>
         <size>0xc</size>
         <input_file_ref idref="fl-d8"/>
      </object_component>
      <object_component id="oc-349">
         <name>.text:CPUcpsie</name>
         <load_address>0x4e1c</load_address>
         <run_address>0x4e1c</run_address>
[...]
         <value>0x5080</value>
         <object_component_ref idref="oc-666"/>
      </symbol>
      <symbol id="sm-971">
         <name>g_pCDCCompSerConfigDescriptorsHS</name>
         <value>0x50c4</value>
         <object_component_ref idref="oc-666"/>
      </symbol>
      <symbol id="sm-972">
         <name>g_sIADSerConfigSection</name>
         <value>0x5078</value>
         <object_component_ref idref="oc-666"/>
      </symbol>
      <symbol id="sm-973">
         <name>g_ppCDCSerConfigDescriptors</name>
         <value>0x50b8</value>
         <object_component_ref idref="oc-666"/>
      </symbol>
      <symbol id="sm-974">
         <name>g_pCDCCompSerConfigDescriptors</name>
         <value>0x50c0</value>
         <object_component_ref idref="oc-666"/>
      </symbol>
      <symbol id="sm-975">
         <name>g_sCDCSerDataInterfaceSectionHS</name>
         <value>0x5090</value>
         <object_component_ref idref="oc-666"/>
      </symbol>
      <symbol id="sm-976">
         <name>USBDCDCCompositeInit</name>
         <value>0x12b1</value>
         <object_component_ref idref="oc-4e7"/>
      </symbol>
      <symbol id="sm-977">
         <name>USBDCDCTxPacketAvailable</name>
         <value>0x4c09</value>
         <object_component_ref idref="oc-4af"/>
      </symbol>
      <symbol id="sm-978">
         <name>g_pui8CDCSerDataInterface</name>
         <value>0x5238</value>
         <object_component_ref idref="oc-7af"/>
      </symbol>
      <symbol id="sm-979">
         <name>g_pui8IADSerDescriptor</name>
         <value>0x20001023</value>
         <object_component_ref idref="oc-5fd"/>
      </symbol>
      <symbol id="sm-97a">
         <name>g_sCDCSerDataInterfaceSection</name>
         <value>0x5088</value>
         <object_component_ref idref="oc-666"/>
      </symbol>
      <symbol id="sm-97b">
         <name>ProcessNotificationToHost</name>
         <value>0x4193</value>
         <object_component_ref idref="oc-96e"/>
      </symbol>
      <symbol id="sm-97c">
         <name>g_sCDCSerConfigSection</name>
         <value>0x5070</value>
         <object_component_ref idref="oc-666"/>
      </symbol>
      <symbol id="sm-97d">
         <name>g_sCDCCompSerConfigHeaderHS</name>
         <value>0x50b0</value>
         <object_component_ref idref="oc-666"/>
      </symbol>
      <symbol id="sm-97e">
         <name>g_sCDCHandlers</name>
         <value>0x51a8</value>
         <object_component_ref idref="oc-663"/>
      </symbol>
      <symbol id="sm-97f">
         <name>g_psCDCSerSections</name>
         <value>0x2000102c</value>
         <object_component_ref idref="oc-5fd"/>
      </symbol>
      <symbol id="sm-980">
         <name>ProcessDataFromHost</name>
         <value>0x2879</value>
         <object_component_ref idref="oc-974"/>
      </symbol>
      <symbol id="sm-981">
         <name>USBDCDCRxPacketAvailable</name>
         <value>0x43a9</value>
         <object_component_ref idref="oc-4bb"/>
      </symbol>
      <symbol id="sm-982">
         <name>g_sCDCSerConfigHeaderHS</name>
         <value>0x50a0</value>
         <object_component_ref idref="oc-666"/>
      </symbol>
      <symbol id="sm-983">
         <name>g_pui8CDCSerDescriptor</name>
         <value>0x2000101a</value>
         <object_component_ref idref="oc-5fd"/>
      </symbol>
      <symbol id="sm-984">
         <name>g_ppCDCSerConfigDescriptorsHS</name>
         <value>0x50bc</value>
         <object_component_ref idref="oc-666"/>
      </symbol>
      <symbol id="sm-985">
         <name>ProcessDataToHost</name>
         <value>0x2a3d</value>
         <object_component_ref idref="oc-97a"/>
      </symbol>
      <symbol id="sm-986">
         <name>USBDCDCPacketRead</name>
         <value>0x1f2d</value>
         <object_component_ref idref="oc-4b5"/>
      </symbol>
      <symbol id="sm-987">
         <name>g_psCDCCompSerSectionsHS</name>
         <value>0x20001054</value>
         <object_component_ref idref="oc-5fd"/>
      </symbol>
      <symbol id="sm-988">
         <name>g_sCDCSerConfigHeader</name>
         <value>0x5098</value>
         <object_component_ref idref="oc-666"/>
      </symbol>
      <symbol id="sm-989">
         <name>g_psCDCSerSectionsHS</name>
         <value>0x20001038</value>
         <object_component_ref idref="oc-5fd"/>
      </symbol>
      <symbol id="sm-98a">
         <name>g_pui8CDCSerDeviceDescriptor</name>
         <value>0x20001008</value>
         <object_component_ref idref="oc-5fd"/>
      </symbol>
      <symbol id="sm-98b">
         <name>g_pui8CDCSerCommInterface</name>
         <value>0x52b6</value>
         <object_component_ref idref="oc-7ac"/>
      </symbol>
      <symbol id="sm-98c">
         <name>USBDCDCPacketWrite</name>
         <value>0x302d</value>
         <object_component_ref idref="oc-4a9"/>
      </symbol>
      <symbol id="sm-a99">
         <name>g_ppCompConfigDescriptors</name>
         <value>0x20000bec</value>
      </symbol>
      <symbol id="sm-a9a">
         <name>BuildCompositeDescriptor</name>
         <value>0x26d</value>
         <object_component_ref idref="oc-670"/>
      </symbol>
      <symbol id="sm-a9b">
         <name>g_sCompHandlers</name>
         <value>0x51d8</value>
         <object_component_ref idref="oc-67c"/>
      </symbol>
      <symbol id="sm-a9c">
         <name>USBDCompositeInit</name>
         <value>0x1535</value>
         <object_component_ref idref="oc-4ed"/>
      </symbol>
      <symbol id="sm-c42">
         <name>g_ppsDevInfo</name>
         <value>0x20000bf0</value>
      </symbol>
      <symbol id="sm-c43">
         <name>USBDCDSendDataEP0</name>
         <value>0x4c31</value>
         <object_component_ref idref="oc-956"/>
      </symbol>
      <symbol id="sm-c44">
         <name>USBDCDStallEP0</name>
         <value>0x4965</value>
         <object_component_ref idref="oc-46c"/>
      </symbol>
      <symbol id="sm-c45">
         <name>USBDCDRequestDataEP0</name>
         <value>0x4c1d</value>
         <object_component_ref idref="oc-95c"/>
      </symbol>
      <symbol id="sm-c46">
         <name>USBDeviceEnumHandler</name>
         <value>0x1389</value>
         <object_component_ref idref="oc-15d"/>
      </symbol>
      <symbol id="sm-c47">
         <name>USBDCDInit</name>
         <value>0x889</value>
         <object_component_ref idref="oc-676"/>
      </symbol>
      <symbol id="sm-c48">
         <name>USBDeviceEnumResetHandler</name>
         <value>0x3879</value>
         <object_component_ref idref="oc-139"/>
      </symbol>
      <symbol id="sm-c49">
         <name>g_psDCDInst</name>
         <value>0x20000b14</value>
         <object_component_ref idref="oc-16c"/>
      </symbol>
      <symbol id="sm-c4a">
         <name>USBDCDFeatureGet</name>
         <value>0x4ab5</value>
         <object_component_ref idref="oc-64b"/>
      </symbol>
      <symbol id="sm-c4b">
         <name>USBDCDDeviceInfoInit</name>
         <value>0x3951</value>
         <object_component_ref idref="oc-651"/>
      </symbol>
      <symbol id="sm-c4c">
         <name>USBDeviceIntHandlerInternal</name>
         <value>0xb29</value>
         <object_component_ref idref="oc-cf"/>
      </symbol>
      <symbol id="sm-c4d">
         <name>USBDeviceResumeTickHandler</name>
         <value>0x3455</value>
         <object_component_ref idref="oc-13f"/>
      </symbol>
      <symbol id="sm-c59">
         <name>USB0DeviceIntHandler</name>
         <value>0x4a85</value>
         <object_component_ref idref="oc-49"/>
      </symbol>
      <symbol id="sm-cfc">
         <name>USBDHIDKeyboardCompositeInit</name>
         <value>0x1b09</value>
         <object_component_ref idref="oc-4db"/>
      </symbol>
      <symbol id="sm-cfd">
         <name>USBDHIDKeyboardKeyStateChange</name>
         <value>0x238d</value>
         <object_component_ref idref="oc-35b"/>
      </symbol>
      <symbol id="sm-d1b">
         <name>USBDescGet</name>
         <value>0x4431</value>
         <object_component_ref idref="oc-a6e"/>
      </symbol>
      <symbol id="sm-d1c">
         <name>USBDescGetNum</name>
         <value>0x44dd</value>
         <object_component_ref idref="oc-8d8"/>
      </symbol>
      <symbol id="sm-e61">
         <name>USBLibDMAInit</name>
         <value>0x729</value>
         <object_component_ref idref="oc-81c"/>
      </symbol>
      <symbol id="sm-e6e">
         <name>ULPIConfigSet</name>
         <value>0x3361</value>
         <object_component_ref idref="oc-7f2"/>
      </symbol>
      <symbol id="sm-ebf">
         <name>USBDCDConfigDescGet</name>
         <value>0x3405</value>
         <object_component_ref idref="oc-8b8"/>
      </symbol>
      <symbol id="sm-ec0">
         <name>USBDCDConfigGetInterface</name>
         <value>0x4949</value>
         <object_component_ref idref="oc-708"/>
      </symbol>
      <symbol id="sm-ec1">
         <name>USBDCDConfigDescGetSize</name>
         <value>0x4a09</value>
         <object_component_ref idref="oc-479"/>
      </symbol>
      <symbol id="sm-ec2">
         <name>USBDCDConfigGetInterfaceEndpoint</name>
         <value>0x3dd5</value>
         <object_component_ref idref="oc-74f"/>
      </symbol>
      <symbol id="sm-ec3">
         <name>USBDCDConfigDescGetNum</name>
         <value>0x44b3</value>
         <object_component_ref idref="oc-702"/>
      </symbol>
      <symbol id="sm-f10">
         <name>USBDeviceConfigAlternate</name>
         <value>0x20d9</value>
         <object_component_ref idref="oc-70e"/>
      </symbol>
      <symbol id="sm-f11">
         <name>USBDeviceConfig</name>
         <value>0xc79</value>
         <object_component_ref idref="oc-6fa"/>
      </symbol>
      <symbol id="sm-104d">
         <name>USBDHIDReportWrite</name>
         <value>0x3753</value>
         <object_component_ref idref="oc-51e"/>
      </symbol>
      <symbol id="sm-104e">
         <name>g_sHIDHandlers</name>
         <value>0x5208</value>
         <object_component_ref idref="oc-75b"/>
      </symbol>
      <symbol id="sm-104f">
         <name>USBDHIDCompositeInit</name>
         <value>0x11d1</value>
         <object_component_ref idref="oc-634"/>
      </symbol>
      <symbol id="sm-1050">
         <name>g_pui8HIDDeviceDescriptor</name>
         <value>0x200010c7</value>
         <object_component_ref idref="oc-75e"/>
      </symbol>
      <symbol id="sm-1051">
         <name>USBDHIDTxPacketAvailable</name>
         <value>0x4da1</value>
         <object_component_ref idref="oc-518"/>
      </symbol>
      <symbol id="sm-109c">
         <name>uDMAChannelControlSet</name>
         <value>0x4749</value>
         <object_component_ref idref="oc-acf"/>
      </symbol>
      <symbol id="sm-109d">
         <name>uDMAChannelDisable</name>
         <value>0x4b15</value>
         <object_component_ref idref="oc-ae9"/>
      </symbol>
      <symbol id="sm-109e">
         <name>uDMAChannelModeGet</name>
         <value>0x4649</value>
         <object_component_ref idref="oc-b0e"/>
      </symbol>
      <symbol id="sm-109f">
         <name>uDMAChannelTransferSet</name>
         <value>0x251d</value>
         <object_component_ref idref="oc-b1d"/>
      </symbol>
      <symbol id="sm-10a0">
         <name>uDMAChannelAttributeDisable</name>
         <value>0x38c1</value>
         <object_component_ref idref="oc-adc"/>
      </symbol>
      <symbol id="sm-10a1">
         <name>uDMAChannelEnable</name>
         <value>0x4b2d</value>
         <object_component_ref idref="oc-b02"/>
      </symbol>
      <symbol id="sm-1250">
         <name>USBLPMIntEnable</name>
         <value>0x4e35</value>
         <object_component_ref idref="oc-816"/>
      </symbol>
      <symbol id="sm-1251">
         <name>USBEndpointDataAvail</name>
         <value>0x4981</value>
         <object_component_ref idref="oc-609"/>
      </symbol>
      <symbol id="sm-1252">
         <name>USBClockEnable</name>
         <value>0x4ead</value>
         <object_component_ref idref="oc-7e6"/>
      </symbol>
      <symbol id="sm-1253">
         <name>USBDevDisconnect</name>
         <value>0x4edf</value>
         <object_component_ref idref="oc-163"/>
      </symbol>
      <symbol id="sm-1254">
         <name>USBDevEndpointStallClear</name>
         <value>0x379d</value>
         <object_component_ref idref="oc-6e8"/>
      </symbol>
      <symbol id="sm-1255">
         <name>USBEndpointDataPut</name>
         <value>0x3f59</value>
         <object_component_ref idref="oc-47f"/>
      </symbol>
      <symbol id="sm-1256">
         <name>USBDMAChannelIntStatus</name>
         <value>0x4f4b</value>
         <object_component_ref idref="oc-b40"/>
      </symbol>
      <symbol id="sm-1257">
         <name>USBDevAddrSet</name>
         <value>0x4f83</value>
         <object_component_ref idref="oc-2a5"/>
      </symbol>
      <symbol id="sm-1258">
         <name>USBDMAChannelCountSet</name>
         <value>0x4ecb</value>
         <object_component_ref idref="oc-b5b"/>
      </symbol>
      <symbol id="sm-1259">
         <name>USBLPMIntStatus</name>
         <value>0x4f57</value>
         <object_component_ref idref="oc-14b"/>
      </symbol>
      <symbol id="sm-125a">
         <name>USBDMAChannelAddressSet</name>
         <value>0x4ec1</value>
         <object_component_ref idref="oc-b55"/>
      </symbol>
      <symbol id="sm-125b">
         <name>USBULPIDisable</name>
         <value>0x4dd9</value>
         <object_component_ref idref="oc-7f8"/>
      </symbol>
      <symbol id="sm-125c">
         <name>USBIntStatusControl</name>
         <value>0x3e0d</value>
         <object_component_ref idref="oc-c9"/>
      </symbol>
      <symbol id="sm-125d">
         <name>USBEndpointDMADisable</name>
         <value>0x46b9</value>
         <object_component_ref idref="oc-ae2"/>
      </symbol>
      <symbol id="sm-125e">
         <name>USBDevEndpointDataAck</name>
         <value>0x4507</value>
         <object_component_ref idref="oc-2b1"/>
      </symbol>
      <symbol id="sm-125f">
         <name>USBOTGMode</name>
         <value>0x4f21</value>
         <object_component_ref idref="oc-7fe"/>
      </symbol>
      <symbol id="sm-1260">
         <name>USBDMAChannelConfigSet</name>
         <value>0x4c45</value>
         <object_component_ref idref="oc-b61"/>
      </symbol>
      <symbol id="sm-1261">
         <name>USBULPIRegRead</name>
         <value>0x48d5</value>
         <object_component_ref idref="oc-990"/>
      </symbol>
      <symbol id="sm-1262">
         <name>USBDevMode</name>
         <value>0x4f11</value>
         <object_component_ref idref="oc-804"/>
      </symbol>
      <symbol id="sm-1263">
         <name>USBIntEnableEndpoint</name>
         <value>0x4b71</value>
         <object_component_ref idref="oc-828"/>
      </symbol>
      <symbol id="sm-1264">
         <name>USBEndpointDataGet</name>
         <value>0x3909</value>
         <object_component_ref idref="oc-2ab"/>
      </symbol>
      <symbol id="sm-1265">
         <name>USBDevEndpointStatusClear</name>
         <value>0x314d</value>
         <object_component_ref idref="oc-29f"/>
      </symbol>
      <symbol id="sm-1266">
         <name>USBULPIEnable</name>
         <value>0x4de7</value>
         <object_component_ref idref="oc-7ec"/>
      </symbol>
      <symbol id="sm-1267">
         <name>USBFIFOAddrGet</name>
         <value>0x4f19</value>
         <object_component_ref idref="oc-b17"/>
      </symbol>
      <symbol id="sm-1268">
         <name>USBDMAChannelStatus</name>
         <value>0x4daf</value>
         <object_component_ref idref="oc-b39"/>
      </symbol>
      <symbol id="sm-1269">
         <name>USBULPIRegWrite</name>
         <value>0x48f3</value>
         <object_component_ref idref="oc-996"/>
      </symbol>
      <symbol id="sm-126a">
         <name>USBDMAChannelIntEnable</name>
         <value>0x4cff</value>
         <object_component_ref idref="oc-b47"/>
      </symbol>
      <symbol id="sm-126b">
         <name>USBDevLPMConfig</name>
         <value>0x4f51</value>
         <object_component_ref idref="oc-810"/>
      </symbol>
      <symbol id="sm-126c">
         <name>USBDevLPMEnable</name>
         <value>0x4dcb</value>
         <object_component_ref idref="oc-151"/>
      </symbol>
      <symbol id="sm-126d">
         <name>USBControllerVersion</name>
         <value>0x4eb7</value>
         <object_component_ref idref="oc-9a4"/>
      </symbol>
      <symbol id="sm-126e">
         <name>USBFIFOConfigSet</name>
         <value>0x3c13</value>
         <object_component_ref idref="oc-8d0"/>
      </symbol>
      <symbol id="sm-126f">
         <name>USBEndpointDMAEnable</name>
         <value>0x46dd</value>
         <object_component_ref idref="oc-afc"/>
      </symbol>
      <symbol id="sm-1270">
         <name>USBDevLPMDisable</name>
         <value>0x4dbd</value>
         <object_component_ref idref="oc-80a"/>
      </symbol>
      <symbol id="sm-1271">
         <name>USBEndpointDataSend</name>
         <value>0x402d</value>
         <object_component_ref idref="oc-485"/>
      </symbol>
      <symbol id="sm-1272">
         <name>USBIntStatusEndpoint</name>
         <value>0x4ee9</value>
         <object_component_ref idref="oc-157"/>
      </symbol>
      <symbol id="sm-1273">
         <name>USBEndpointStatus</name>
         <value>0x4d55</value>
         <object_component_ref idref="oc-299"/>
      </symbol>
      <symbol id="sm-1274">
         <name>USBEndpointPacketCountSet</name>
         <value>0x4e29</value>
         <object_component_ref idref="oc-b23"/>
      </symbol>
      <symbol id="sm-1275">
         <name>USBDMAChannelIntDisable</name>
         <value>0x4ced</value>
         <object_component_ref idref="oc-b4e"/>
      </symbol>
      <symbol id="sm-1276">
         <name>USBEndpointDMAConfigSet</name>
         <value>0x35dd</value>
         <object_component_ref idref="oc-b29"/>
      </symbol>
      <symbol id="sm-1277">
         <name>USBDevEndpointStall</name>
         <value>0x41c5</value>
         <object_component_ref idref="oc-584"/>
      </symbol>
      <symbol id="sm-1278">
         <name>USBDevConnect</name>
         <value>0x4ed5</value>
         <object_component_ref idref="oc-82e"/>
      </symbol>
      <symbol id="sm-1279">
         <name>USBDevEndpointConfigSet</name>
         <value>0x2621</value>
         <object_component_ref idref="oc-8c4"/>
      </symbol>
      <symbol id="sm-127a">
         <name>USBDMAChannelDisable</name>
         <value>0x4cc9</value>
         <object_component_ref idref="oc-b32"/>
      </symbol>
      <symbol id="sm-127b">
         <name>USBDMAChannelEnable</name>
         <value>0x4cdb</value>
         <object_component_ref idref="oc-b67"/>
      </symbol>
      <symbol id="sm-127c">
         <name>USBHostResume</name>
         <value>0x4c59</value>
         <object_component_ref idref="oc-28a"/>
      </symbol>
      <symbol id="sm-127d">
         <name>USBIntEnableControl</name>
         <value>0x45d1</value>
         <object_component_ref idref="oc-822"/>
      </symbol>
      <symbol id="sm-127e">
         <name>USBEndpointDMAChannel</name>
         <value>0x4a23</value>
         <object_component_ref idref="oc-ad6"/>
      </symbol>
      <symbol id="sm-127f">
         <name>__TI_static_base__</name>
         <value>0x0</value>
      </symbol>
      <symbol id="sm-1282">
         <name>_ZN7TwoWire9setModuleEm</name>
         <value>0x0</value>
      </symbol>
      <symbol id="sm-1283">
         <name>_ZN7TwoWire5beginEv</name>
         <value>0x0</value>
      </symbol>
      <symbol id="sm-1284">
         <name>Wire</name>
         <value>0x0</value>
      </symbol>
      <symbol id="sm-1285">
         <name>__mpu_init</name>
         <value>0x0</value>
      </symbol>
      <symbol id="sm-1286">
         <name>_system_post_cinit</name>
         <value>0x0</value>
      </symbol>
   </symbol_table>
   <title>Link errors: red sections failed placement</title>
</link_info>
