******************************************************************************
                  TI ARM Linker PC v18.1.3                     
******************************************************************************
>> Linked Tue Nov 20 16:27:12 2018

OUTPUT FILE NAME:   <usb_dev_gamepad.out>
ENTRY POINT SYMBOL: "_c_int00_noargs"  address: 00002dc9


MEMORY CONFIGURATION

         name            origin    length      used     unused   attr    fill
----------------------  --------  ---------  --------  --------  ----  --------
  FLASH                 00000000   00040000  00003bd1  0003c42f  R  X
  SRAM                  20000000   00008000  00000b9e  00007462  RW X


SEGMENT ALLOCATION MAP

run origin  load origin   length   init length attrs members
----------  ----------- ---------- ----------- ----- -------
00000000    00000000    00003bd8   00003bd8    r-x
  00000000    00000000    0000026c   0000026c    r-- .intvecs
  0000026c    0000026c    0000365a   0000365a    r-x .text
  000038c8    000038c8    00000273   00000273    r-- .const
  00003b40    00003b40    00000098   00000098    r-- .cinit
20000000    20000000    00000ba4   00000000    rw-
  20000000    20000000    0000066a   00000000    rw- .bss
  20000670    20000670    00000400   00000000    rw- .stack
  20000a70    20000a70    00000134   00000000    rw- .data


SECTION ALLOCATION MAP

 output                                  attributes/
section   page    origin      length       input sections
--------  ----  ----------  ----------   ----------------
.intvecs   0    00000000    0000026c     
                  00000000    0000026c     tm4c123gh6pm_startup_ccs.obj (.intvecs)

.text      0    0000026c    0000365a     
                  0000026c    00000220     main.obj (.text:main)
                  0000048c    000001ea     uartstdio.obj (.text:UARTvprintf)
                  00000676    00000002     tm4c123gh6pm_startup_ccs.obj (.text:FaultISR)
                  00000678    00000160     uartstdio.obj (.text:UARTStdioIntHandler)
                  000007d8    00000160     usblib.lib : usbdma.obj (.text:USBLibDMAInit)
                  00000938    00000150                : usbdenum.obj (.text:USBDCDInit)
                  00000a88    00000150                : usbdenum.obj (.text:USBDEP0StateTxConfig)
                  00000bd8    00000150                : usbdenum.obj (.text:USBDeviceIntHandlerInternal)
                  00000d28    00000148                : usbdconfig.obj (.text:USBDeviceConfig)
                  00000e70    00000114                : usbdhid.obj (.text:HandleRequest)
                  00000f84    000000f4                : usbdma.obj (.text:iDMAUSBTransfer)
                  00001078    000000e4                : usbdenum.obj (.text:USBDGetDescriptor)
                  0000115c    000000e0                : usbdhid.obj (.text:USBDHIDCompositeInit)
                  0000123c    000000d8                : usbdenum.obj (.text:USBDeviceEnumHandler)
                  00001314    000000c4                : usbdma.obj (.text:uDMAUSBChannelAllocate)
                  000013d8    000000bc                : usbdma.obj (.text:uDMAUSBTransfer)
                  00001494    000000b0     uartstdio.obj (.text:UARTStdioConfig)
                  00001544    000000a8     uartstdio.obj (.text:UARTwrite)
                  000015ec    000000a6     usblib.lib : usbdhidkeyb.obj (.text:HIDKeyboardRxHandler)
                  00001692    00000002     tm4c123gh6pm_startup_ccs.obj (.text:IntDefaultHandler)
                  00001694    0000009c     usblib.lib : usbdhidkeyb.obj (.text:USBDHIDKeyboardCompositeInit)
                  00001730    0000009c     rtsv7M4_T_le_v4SPD16_eabi.lib : memcpy_t2.asm.obj (.text)
                  000017cc    00000098     usblib.lib : usbdenum.obj (.text:USBDSetInterface)
                  00001864    00000090                : usbdenum.obj (.text:USBDSetConfiguration)
                  000018f4    0000008c     uartstdio.obj (.text:UARTPrimeTransmit)
                  00001980    0000008c     usblib.lib : usbdconfig.obj (.text:USBDeviceConfigAlternate)
                  00001a0c    00000088                : usbdhid.obj (.text:ProcessIdleTimers)
                  00001a94    00000086                : usbdhidkeyb.obj (.text:USBDHIDKeyboardKeyStateChange)
                  00001b1a    00000084                : usbdma.obj (.text:iDMAUSBChannelAllocate)
                  00001b9e    00000002     tm4c123gh6pm_startup_ccs.obj (.text:NmiSR)
                  00001ba0    00000084     driverlib.lib : udma.obj (.text:uDMAChannelTransferSet)
                  00001c24    00000080     usblib.lib : usbdenum.obj (.text:USBDClearFeature)
                  00001ca4    00000080     usb_keyboard.obj (.text:USBKeyboardUpdate)
                  00001d24    0000007a     driverlib.lib : usb.obj (.text:USBDevEndpointConfigSet)
                  00001d9e    0000007a     rtsv7M4_T_le_v4SPD16_eabi.lib : memset_t2.asm.obj (.text)
                  00001e18    00000078     usblib.lib : usbdenum.obj (.text:USBDGetStatus)
                  00001e90    00000070                : usbdenum.obj (.text:USBDEP0StateTx)
                  00001f00    00000070                : usbdma.obj (.text:uDMAUSBArbSizeSet)
                  00001f70    00000070                : usbdma.obj (.text:uDMAUSBUnitSizeSet)
                  00001fe0    0000006c                : usbdenum.obj (.text:USBDSetFeature)
                  0000204c    00000068     driverlib.lib : interrupt.obj (.text:IntDisable)
                  000020b4    00000068                   : interrupt.obj (.text:IntEnable)
                  0000211c    00000068     rtsv7M4_T_le_v4SPD16_eabi.lib : copy_decompress_lzss.c.obj (.text:decompress:lzss:__TI_decompress_lzss)
                  00002184    00000064     main.obj (.text:ConfigureUART)
                  000021e8    00000064     usblib.lib : usbdhid.obj (.text:HandleGetDescriptor)
                  0000224c    00000064     driverlib.lib : interrupt.obj (.text:IntIsEnabled)
                  000022b0    00000064     usblib.lib : usbdma.obj (.text:uDMAUSBChannelEnable)
                  00002314    00000060                : usbdhid.obj (.text:HandleDevice)
                  00002374    00000060                : usbdhid.obj (.text:ProcessDataFromHost)
                  000023d4    00000060                : usbdenum.obj (.text:USBDReadAndDispatchRequest)
                  00002434    0000005e     driverlib.lib : usb.obj (.text:USBDevEndpointStatusClear)
                  00002492    0000005c     usblib.lib : usbdhid.obj (.text:FindHIDDescriptor)
                  000024ee    00000056                : usbdhidkeyb.obj (.text:RemoveKeyFromPressedList)
                  00002544    00000056                : usbdma.obj (.text:uDMAUSBChannelRelease)
                  0000259a    00000054                : usbdhid.obj (.text:ProcessDataToHost)
                  000025ee    00000052                : usbulpi.obj (.text:ULPIConfigSet)
                  00002640    00000050     driverlib.lib : sysctl.obj (.text:SysCtlPeripheralReset)
                  00002690    00000050     usblib.lib : usbdcdesc.obj (.text:USBDCDConfigDescGet)
                  000026e0    00000050                : usbdenum.obj (.text:USBDeviceResumeTickHandler)
                  00002730    0000004c                : usbdconfig.obj (.text:GetEPDescriptorType)
                  0000277c    0000004c                : usbdenum.obj (.text:USBDStringIndexFromRequest)
                  000027c8    0000004c     driverlib.lib : usb.obj (.text:USBEndpointDMAConfigSet)
                  00002814    0000004c     usblib.lib : usbdma.obj (.text:iDMAUSBChannelEnable)
                  00002860    0000004a                : usbdcdesc.obj (.text:ConfigAlternateInterfaceGet)
                  000028aa    0000004a                : usbdhid.obj (.text:USBDHIDReportWrite)
                  000028f4    0000004a     driverlib.lib : usb.obj (.text:USBDevEndpointStallClear)
                  0000293e    0000004a     usblib.lib : usbdma.obj (.text:uDMAUSBChannelDisable)
                  00002988    00000048                : usbdhid.obj (.text:SetIdleTimeout)
                  000029d0    00000048                : usbdenum.obj (.text:USBDeviceEnumResetHandler)
                  00002a18    00000048     driverlib.lib : udma.obj (.text:uDMAChannelAttributeDisable)
                  00002a60    00000046                   : usb.obj (.text:USBEndpointDataGet)
                  00002aa6    00000002     usblib.lib : usbdma.obj (.text:iDMAUSBArbSizeSet)
                  00002aa8    00000044                : usbdenum.obj (.text:USBDCDDeviceInfoInit)
                  00002aec    00000044                : usbdenum.obj (.text:USBDGetInterface)
                  00002b30    00000044     rtsv7M4_T_le_v4SPD16_eabi.lib : autoinit.c.obj (.text:__TI_auto_init_nobinit_nopinit:__TI_auto_init_nobinit_nopinit)
                  00002b74    00000040     usblib.lib : usbdhid.obj (.text:ScheduleReportTransmission)
                  00002bb4    00000040     rtsv7M4_T_le_v4SPD16_eabi.lib : u_divt2.asm.obj (.text)
                  00002bf4    0000003e     usblib.lib : usbdhidkeyb.obj (.text:HIDKeyboardTxHandler)
                  00002c32    00000002                : usbdma.obj (.text:iDMAUSBUnitSizeSet)
                  00002c34    0000003c     uartstdio.obj (.text:UARTFlushTx)
                  00002c70    0000003c     usblib.lib : usbdma.obj (.text:iDMAUSBChannelRelease)
                  00002cac    0000003a     driverlib.lib : usb.obj (.text:USBFIFOConfigSet)
                  00002ce6    00000002     rtsv7M4_T_le_v4SPD16_eabi.lib : div0.asm.obj (.text)
                  00002ce8    00000038     usblib.lib : usbtick.obj (.text:InternalUSBRegisterTickHandler)
                  00002d20    00000038                : usbtick.obj (.text:InternalUSBStartOfFrameTick)
                  00002d58    00000038                : usbdcdesc.obj (.text:USBDCDConfigGetInterfaceEndpoint)
                  00002d90    00000038     driverlib.lib : usb.obj (.text:USBIntStatusControl)
                  00002dc8    00000038     rtsv7M4_T_le_v4SPD16_eabi.lib : boot_cortex_m.c.obj (.text:_c_int00_noargs:_c_int00_noargs)
                  00002e00    00000036     usblib.lib : usbdhid.obj (.text:HandleEndpoints)
                  00002e36    00000036     driverlib.lib : usb.obj (.text:USBEndpointDataPut)
                  00002e6c    00000034     usblib.lib : usbdhid.obj (.text:HIDTickHandler)
                  00002ea0    00000034     driverlib.lib : sysctl.obj (.text:SysCtlPeripheralEnable)
                  00002ed4    00000034                   : usb.obj (.text:USBEndpointDataSend)
                  00002f08    00000034     usb_keyboard.obj (.text:USBKeyboardHandler)
                  00002f3c    00000034     usblib.lib : usbdma.obj (.text:iDMAUSBChannelStatus)
                  00002f70    00000032                : usbdhid.obj (.text:ClearReportTimer)
                  00002fa2    00000032                : usbdhid.obj (.text:HandleConfigChange)
                  00002fd4    00000032                : usbdcdesc.obj (.text:NextConfigDescGet)
                  00003006    00000032     driverlib.lib : usb.obj (.text:USBDevEndpointStall)
                  00003038    00000032     usblib.lib : usbdma.obj (.text:iDMAUSBChannelDisable)
                  0000306a    00000030                : usbdhidkeyb.obj (.text:AddKeyToPressedList)
                  0000309a    00000030                : usbdma.obj (.text:DMAUSBIntHandler)
                  000030ca    00000002                : usbdma.obj (.text:uDMAUSBChannelIntDisable)
                  000030cc    00000030                : usbtick.obj (.text:InternalUSBTickInit)
                  000030fc    00000030                : usbdenum.obj (.text:USBDGetConfiguration)
                  0000312c    00000030                : usbdhidkeyb.obj (.text:USBDHIDKeyboardInit)
                  0000315c    0000002c     uartstdio.obj (.text:UARTFlushRx)
                  00003188    0000002c     usblib.lib : usbdesc.obj (.text:USBDescGet)
                  000031b4    0000002c                : usbdma.obj (.text:uDMAUSBIntStatus)
                  000031e0    0000002a                : usbdcdesc.obj (.text:USBDCDConfigDescGetNum)
                  0000320a    0000002a                : usbdesc.obj (.text:USBDescGetNum)
                  00003234    0000002a     driverlib.lib : usb.obj (.text:USBDevEndpointDataAck)
                  0000325e    00000028     usblib.lib : usbdhid.obj (.text:GetIdleTimeout)
                  00003286    00000002                : usbdma.obj (.text:uDMAUSBChannelIntEnable)
                  00003288    00000028     usb_keyboard.obj (.text:GetUsageCode)
                  000032b0    00000028     usblib.lib : usbdhid.obj (.text:HandleEP0DataReceived)
                  000032d8    00000028                : usbdenum.obj (.text:USBDSetAddress)
                  00003300    00000028     driverlib.lib : usb.obj (.text:USBIntEnableControl)
                  00003328    00000028                   : udma.obj (.text:uDMAChannelModeGet)
                  00003350    00000026     usblib.lib : usbdhid.obj (.text:USBDHIDInit)
                  00003376    00000024     driverlib.lib : usb.obj (.text:USBEndpointDMADisable)
                  0000339a    00000024                   : usb.obj (.text:USBEndpointDMAEnable)
                  000033be    00000002     --HOLE-- [fill = 0]
                  000033c0    00000024     usblib.lib : usbmode.obj (.text:USBStackModeSet)
                  000033e4    00000024     driverlib.lib : udma.obj (.text:uDMAChannelControlSet)
                  00003408    00000022     usblib.lib : usbdhid.obj (.text:HandleDisconnect)
                  0000342a    00000022                : usbdma.obj (.text:uDMAUSBChannelStatus)
                  0000344c    00000020                : usbdconfig.obj (.text:GetEndpointFIFOSize)
                  0000346c    00000020                : usbdhid.obj (.text:HandleEP0DataSent)
                  0000348c    0000001e     driverlib.lib : usb.obj (.text:USBULPIRegRead)
                  000034aa    0000001e                   : usb.obj (.text:USBULPIRegWrite)
                  000034c8    0000001c     usblib.lib : usbdcdesc.obj (.text:USBDCDConfigGetInterface)
                  000034e4    0000001c                : usbdenum.obj (.text:USBDCDStallEP0)
                  00003500    0000001c     driverlib.lib : usb.obj (.text:USBEndpointDataAvail)
                  0000351c    0000001a     usblib.lib : usbdhid.obj (.text:ClearIdleTimers)
                  00003536    0000001a     uartstdio.obj (.text:UARTprintf)
                  00003550    0000001a     usblib.lib : usbdcdesc.obj (.text:USBDCDConfigDescGetSize)
                  0000356a    0000001a     driverlib.lib : usb.obj (.text:USBEndpointDMAChannel)
                  00003584    00000018     uartstdio.obj (.text:IsBufferFull)
                  0000359c    00000018     usblib.lib : usbdhid.obj (.text:SetDeferredOpFlag)
                  000035b4    00000018                : usbdhandler.obj (.text:USB0DeviceIntHandler)
                  000035cc    00000018                : usbdenum.obj (.text:USBDSetDescriptor)
                  000035e4    00000018                : usbdenum.obj (.text:USBDSyncFrame)
                  000035fc    00000018     driverlib.lib : udma.obj (.text:uDMAChannelDisable)
                  00003614    00000018                   : udma.obj (.text:uDMAChannelEnable)
                  0000362c    00000016                   : usb.obj (.text:USBIntEnableEndpoint)
                  00003642    00000002     --HOLE-- [fill = 0]
                  00003644    00000014     usb_keyboard.obj (.text:IsKeyboardPending)
                  00003658    00000014     driverlib.lib : sysctl.obj (.text:SysCtlUSBPLLEnable)
                  0000366c    00000014     usblib.lib : usbdenum.obj (.text:USBDCDRequestDataEP0)
                  00003680    00000014                : usbdenum.obj (.text:USBDCDSendDataEP0)
                  00003694    00000014     driverlib.lib : usb.obj (.text:USBDMAChannelConfigSet)
                  000036a8    00000014                   : usb.obj (.text:USBHostResume)
                  000036bc    00000014                   : usb.obj (.text:_USBIndexWrite)
                  000036d0    00000012     usblib.lib : usbdhid.obj (.text:HandleResume)
                  000036e2    00000012                : usbdhid.obj (.text:HandleSuspend)
                  000036f4    00000012     driverlib.lib : usb.obj (.text:USBDMAChannelDisable)
                  00003706    00000012                   : usb.obj (.text:USBDMAChannelEnable)
                  00003718    00000012                   : usb.obj (.text:USBDMAChannelIntDisable)
                  0000372a    00000012                   : usb.obj (.text:USBDMAChannelIntEnable)
                  0000373c    00000010                   : interrupt.obj (.text:IntMasterEnable)
                  0000374c    00000010     main.obj (.text:SysTickIntHandler)
                  0000375c    00000010     driverlib.lib : usb.obj (.text:USBEndpointStatus)
                  0000376c    0000000e     usblib.lib : usbdma.obj (.text:DMAUSBIntStatusClear)
                  0000377a    0000000e     uartstdio.obj (.text:IsBufferEmpty)
                  00003788    0000000e     usblib.lib : usbdhid.obj (.text:USBDHIDTxPacketAvailable)
                  00003796    0000000e     driverlib.lib : usb.obj (.text:USBDMAChannelStatus)
                  000037a4    0000000e                   : usb.obj (.text:USBDevLPMDisable)
                  000037b2    0000000e                   : usb.obj (.text:USBDevLPMEnable)
                  000037c0    0000000e                   : usb.obj (.text:USBULPIDisable)
                  000037ce    0000000e                   : usb.obj (.text:USBULPIEnable)
                  000037dc    0000000e     rtsv7M4_T_le_v4SPD16_eabi.lib : copy_decompress_none.c.obj (.text:decompress:none:__TI_decompress_none)
                  000037ea    0000000c     driverlib.lib : cpu.obj (.text:CPUcpsie)
                  000037f6    0000000c                   : usb.obj (.text:USBEndpointPacketCountSet)
                  00003802    0000000c                   : usb.obj (.text:USBLPMIntEnable)
                  0000380e    0000000c     rtsv7M4_T_le_v4SPD16_eabi.lib : copy_zero_init.c.obj (.text:decompress:ZI:__TI_zero_init)
                  0000381a    0000000a     driverlib.lib : usb.obj (.text:USBClockEnable)
                  00003824    0000000a                   : usb.obj (.text:USBControllerVersion)
                  0000382e    0000000a                   : usb.obj (.text:USBDMAChannelAddressSet)
                  00003838    0000000a                   : usb.obj (.text:USBDMAChannelCountSet)
                  00003842    0000000a                   : usb.obj (.text:USBDevConnect)
                  0000384c    0000000a                   : usb.obj (.text:USBDevDisconnect)
                  00003856    0000000a                   : usb.obj (.text:USBIntStatusEndpoint)
                  00003860    00000008                   : usb.obj (.text:USBDevMode)
                  00003868    00000008                   : usb.obj (.text:USBFIFOAddrGet)
                  00003870    00000008                   : usb.obj (.text:USBOTGMode)
                  00003878    00000008     usblib.lib : usbdma.obj (.text:iDMAUSBChannelIntDisable)
                  00003880    00000008                : usbdma.obj (.text:iDMAUSBChannelIntEnable)
                  00003888    00000006     driverlib.lib : gpio.obj (.text:GPIOPinWrite)
                  0000388e    00000006     tm4c123gh6pm_startup_ccs.obj (.text:ResetISR)
                  00003894    00000006     driverlib.lib : uart.obj (.text:UARTClockSourceSet)
                  0000389a    00000006                   : usb.obj (.text:USBDMAChannelIntStatus)
                  000038a0    00000006                   : usb.obj (.text:USBDevLPMConfig)
                  000038a6    00000006                   : usb.obj (.text:USBLPMIntStatus)
                  000038ac    00000006     usblib.lib : usbdma.obj (.text:iDMAUSBIntStatus)
                  000038b2    00000004                : usbdma.obj (.text:DMAUSBStatus)
                  000038b6    00000004                : usbdhid.obj (.text:HandleReset)
                  000038ba    00000004     driverlib.lib : usb.obj (.text:USBDevAddrSet)
                  000038be    00000004     rtsv7M4_T_le_v4SPD16_eabi.lib : pre_init.c.obj (.text:_system_pre_init)
                  000038c2    00000004                                   : exit.c.obj (.text:abort:abort)

.const     0    000038c8    00000273     
                  000038c8    00000070     driverlib.lib : interrupt.obj (.const)
                  00003938    00000068     usb_keyboard.obj (.const:g_pcUsageCodes)
                  000039a0    0000003f     usblib.lib : usbdhidkeyb.obj (.const:.string:g_pui8KeybReportDescriptor)
                  000039df    00000001     --HOLE-- [fill = 0]
                  000039e0    00000034                : usbdenum.obj (.const:g_psUSBDStdRequests)
                  00003a14    00000034                : usbdhidkeyb.obj (.const)
                  00003a48    00000030                : usbdhid.obj (.const:g_sHIDHandlers)
                  00003a78    00000024     usb_structs.obj (.const:.string:g_pui8ManufacturerString)
                  00003a9c    00000022     usb_keyboard.obj (.const:g_pcUsageCodesShift)
                  00003abe    0000001c     usb_structs.obj (.const:.string:g_pui8ProductString)
                  00003ada    00000012     usb_structs.obj (.const:.string:g_pui8SerialNumberString)
                  00003aec    00000010     usb_structs.obj (.const:g_pui8StringDescriptors)
                  00003afc    0000000e     usblib.lib : usbdhidkeyb.obj (.const:.string)
                  00003b0a    00000002     --HOLE-- [fill = 0]
                  00003b0c    0000000c     uartstdio.obj (.const:g_ui32UARTBase)
                  00003b18    0000000c     uartstdio.obj (.const:g_ui32UARTInt)
                  00003b24    0000000c     uartstdio.obj (.const:g_ui32UARTPeriph)
                  00003b30    00000007     main.obj (.const:.string:g_spooky_message)
                  00003b37    00000004     usb_structs.obj (.const:.string:g_pui8LangDescriptor)

.cinit     0    00003b40    00000098     
                  00003b40    00000074     (.cinit..data.load) [load image, compression = lzss]
                  00003bb4    0000000c     (__TI_handler_table)
                  00003bc0    00000008     (.cinit..bss.load) [load image, compression = zero_init]
                  00003bc8    00000010     (__TI_cinit_table)

.init_array 
*          0    00000000    00000000     UNINITIALIZED

.bss       0    20000000    0000066a     UNINITIALIZED
                  20000000    00000400     uartstdio.obj (.bss:g_pcUARTTxBuffer)
                  20000400    00000110     usblib.lib : usbdma.obj (.bss:g_psUSBDMAInst)
                  20000510    00000080     uartstdio.obj (.bss:g_pcUARTRxBuffer)
                  20000590    00000050     usblib.lib : usbdenum.obj (.bss:g_psDCDInst)
                  200005e0    00000040                : usbdenum.obj (.bss:g_pui8DataBufferIn)
                  20000620    00000018     (.common:g_pfnTickHandlers)
                  20000638    00000018     (.common:g_pvTickInstance)
                  20000650    00000008     uartstdio.obj (.bss)
                  20000658    00000004     (.common:g_pfnUSBModeCallback)
                  2000065c    00000004     (.common:g_ppsDevInfo)
                  20000660    00000004     (.common:g_ui32SysTickCount)
                  20000664    00000004     (.common:g_ui32ULPISupport)
                  20000668    00000002     (.common:g_sKeyboardState)

.data      0    20000a70    00000134     UNINITIALIZED
                  20000a70    000000a4     usb_structs.obj (.data:g_sKeyboardDevice)
                  20000b14    00000038     usblib.lib : usbdhidkeyb.obj (.data)
                  20000b4c    00000015     uartstdio.obj (.data)
                  20000b61    00000012     usblib.lib : usbdhid.obj (.data)
                  20000b73    00000001     --HOLE--
                  20000b74    0000000d     main.obj (.data)
                  20000b81    00000003     --HOLE--
                  20000b84    0000000c     usblib.lib : usbtick.obj (.data)
                  20000b90    00000009                : usbmode.obj (.data)
                  20000b99    00000003     --HOLE--
                  20000b9c    00000008                : usbdenum.obj (.data)

.stack     0    20000670    00000400     UNINITIALIZED
                  20000670    00000004     rtsv7M4_T_le_v4SPD16_eabi.lib : boot_cortex_m.c.obj (.stack)
                  20000674    000003fc     --HOLE--

MODULE SUMMARY

       Module                         code    ro data   rw data
       ------                         ----    -------   -------
    .\
       main.obj                       660     7         17     
       tm4c123gh6pm_startup_ccs.obj   12      620       0      
       usb_keyboard.obj               240     138       2      
       usb_structs.obj                0       102       164    
    +--+------------------------------+-------+---------+---------+
       Total:                         912     867       183    
                                                               
    .\utils\
       uartstdio.obj                  1494    36        1181   
    +--+------------------------------+-------+---------+---------+
       Total:                         1494    36        1181   
                                                               
    C:/ti/tivaware_c_series_2_1_4_178/driverlib/ccs/Debug/driverlib.lib
       usb.obj                        1354    0         0      
       interrupt.obj                  324     112       0      
       udma.obj                       328     0         0      
       sysctl.obj                     152     0         0      
       cpu.obj                        12      0         0      
       gpio.obj                       6       0         0      
       uart.obj                       6       0         0      
    +--+------------------------------+-------+---------+---------+
       Total:                         2182    112       0      
                                                               
    C:/ti/tivaware_c_series_2_1_4_178/usblib/ccs/Debug/usblib.lib
       usbdenum.obj                   2880    52        160    
       usbdma.obj                     2008    0         272    
       usbdhid.obj                    1808    48        18     
       usbdhidkeyb.obj                700     129       56     
       usbdconfig.obj                 576     0         0      
       usbdcdesc.obj                  356     0         0      
       usbtick.obj                    160     0         60     
       usbdesc.obj                    86      0         0      
       usbulpi.obj                    82      0         0      
       usbmode.obj                    36      0         13     
       usbdhandler.obj                24      0         0      
    +--+------------------------------+-------+---------+---------+
       Total:                         8716    229       579    
                                                               
    C:\ti\ccsv8\tools\compiler\ti-cgt-arm_18.1.3.LTS\lib\rtsv7M4_T_le_v4SPD16_eabi.lib
       memcpy_t2.asm.obj              156     0         0      
       memset_t2.asm.obj              122     0         0      
       copy_decompress_lzss.c.obj     104     0         0      
       autoinit.c.obj                 68      0         0      
       u_divt2.asm.obj                64      0         0      
       boot_cortex_m.c.obj            56      0         0      
       copy_decompress_none.c.obj     14      0         0      
       copy_zero_init.c.obj           12      0         0      
       exit.c.obj                     4       0         0      
       pre_init.c.obj                 4       0         0      
       div0.asm.obj                   2       0         0      
    +--+------------------------------+-------+---------+---------+
       Total:                         606     0         0      
                                                               
       Stack:                         0       0         1024   
       Linker Generated:              0       152       0      
    +--+------------------------------+-------+---------+---------+
       Grand Total:                   13910   1396      2967   


LINKER GENERATED COPY TABLES

__TI_cinit_table @ 00003bc8 records: 2, size/record: 8, table size: 16
	.data: load addr=00003b40, load size=00000074 bytes, run addr=20000a70, run size=00000134 bytes, compression=lzss
	.bss: load addr=00003bc0, load size=00000008 bytes, run addr=20000000, run size=0000066a bytes, compression=zero_init


LINKER GENERATED HANDLER TABLE

__TI_handler_table @ 00003bb4 records: 3, size/record: 4, table size: 12
	index: 0, handler: __TI_decompress_lzss
	index: 1, handler: __TI_decompress_none
	index: 2, handler: __TI_zero_init


GLOBAL SYMBOLS: SORTED ALPHABETICALLY BY Name 

address   name                            
-------   ----                            
000038c3  C$$EXIT                         
000037eb  CPUcpsie                        
00002185  ConfigureUART                   
00003889  GPIOPinWrite                    
0000204d  IntDisable                      
000020b5  IntEnable                       
0000224d  IntIsEnabled                    
0000373d  IntMasterEnable                 
00002ce9  InternalUSBRegisterTickHandler  
00002d21  InternalUSBStartOfFrameTick     
000030cd  InternalUSBTickInit             
00003645  IsKeyboardPending               
0000388f  ResetISR                        
00002ea1  SysCtlPeripheralEnable          
00002641  SysCtlPeripheralReset           
00003659  SysCtlUSBPLLEnable              
0000374d  SysTickIntHandler               
00003895  UARTClockSourceSet              
0000315d  UARTFlushRx                     
00002c35  UARTFlushTx                     
00001495  UARTStdioConfig                 
00000679  UARTStdioIntHandler             
00003537  UARTprintf                      
0000048d  UARTvprintf                     
00001545  UARTwrite                       
000025ef  ULPIConfigSet                   
000035b5  USB0DeviceIntHandler            
0000381b  USBClockEnable                  
00003825  USBControllerVersion            
00002691  USBDCDConfigDescGet             
000031e1  USBDCDConfigDescGetNum          
00003551  USBDCDConfigDescGetSize         
000034c9  USBDCDConfigGetInterface        
00002d59  USBDCDConfigGetInterfaceEndpoint
00002aa9  USBDCDDeviceInfoInit            
00000939  USBDCDInit                      
0000366d  USBDCDRequestDataEP0            
00003681  USBDCDSendDataEP0               
000034e5  USBDCDStallEP0                  
0000115d  USBDHIDCompositeInit            
00003351  USBDHIDInit                     
00001695  USBDHIDKeyboardCompositeInit    
0000312d  USBDHIDKeyboardInit             
00001a95  USBDHIDKeyboardKeyStateChange   
000028ab  USBDHIDReportWrite              
00003789  USBDHIDTxPacketAvailable        
0000382f  USBDMAChannelAddressSet         
00003695  USBDMAChannelConfigSet          
00003839  USBDMAChannelCountSet           
000036f5  USBDMAChannelDisable            
00003707  USBDMAChannelEnable             
00003719  USBDMAChannelIntDisable         
0000372b  USBDMAChannelIntEnable          
0000389b  USBDMAChannelIntStatus          
00003797  USBDMAChannelStatus             
00003189  USBDescGet                      
0000320b  USBDescGetNum                   
000038bb  USBDevAddrSet                   
00003843  USBDevConnect                   
0000384d  USBDevDisconnect                
00001d25  USBDevEndpointConfigSet         
00003235  USBDevEndpointDataAck           
00003007  USBDevEndpointStall             
000028f5  USBDevEndpointStallClear        
00002435  USBDevEndpointStatusClear       
000038a1  USBDevLPMConfig                 
000037a5  USBDevLPMDisable                
000037b3  USBDevLPMEnable                 
00003861  USBDevMode                      
00000d29  USBDeviceConfig                 
00001981  USBDeviceConfigAlternate        
0000123d  USBDeviceEnumHandler            
000029d1  USBDeviceEnumResetHandler       
00000bd9  USBDeviceIntHandlerInternal     
000026e1  USBDeviceResumeTickHandler      
0000356b  USBEndpointDMAChannel           
000027c9  USBEndpointDMAConfigSet         
00003377  USBEndpointDMADisable           
0000339b  USBEndpointDMAEnable            
00003501  USBEndpointDataAvail            
00002a61  USBEndpointDataGet              
00002e37  USBEndpointDataPut              
00002ed5  USBEndpointDataSend             
000037f7  USBEndpointPacketCountSet       
0000375d  USBEndpointStatus               
00003869  USBFIFOAddrGet                  
00002cad  USBFIFOConfigSet                
000036a9  USBHostResume                   
00003301  USBIntEnableControl             
0000362d  USBIntEnableEndpoint            
00002d91  USBIntStatusControl             
00003857  USBIntStatusEndpoint            
00002f09  USBKeyboardHandler              
00001ca5  USBKeyboardUpdate               
00003803  USBLPMIntEnable                 
000038a7  USBLPMIntStatus                 
000007d9  USBLibDMAInit                   
00003871  USBOTGMode                      
000033c1  USBStackModeSet                 
000037c1  USBULPIDisable                  
000037cf  USBULPIEnable                   
0000348d  USBULPIRegRead                  
000034ab  USBULPIRegWrite                 
20000a70  __STACK_END                     
00000400  __STACK_SIZE                    
20000870  __STACK_TOP                     
00003bc8  __TI_CINIT_Base                 
00003bd8  __TI_CINIT_Limit                
00003bb4  __TI_Handler_Table_Base         
00003bc0  __TI_Handler_Table_Limit        
00002b31  __TI_auto_init_nobinit_nopinit  
0000211d  __TI_decompress_lzss            
000037dd  __TI_decompress_none            
ffffffff  __TI_pprof_out_hndl             
ffffffff  __TI_prof_data_size             
ffffffff  __TI_prof_data_start            
00000000  __TI_static_base__              
0000380f  __TI_zero_init                  
00002ce7  __aeabi_idiv0                   
00002ce7  __aeabi_ldiv0                   
00001d9f  __aeabi_memclr                  
00001d9f  __aeabi_memclr4                 
00001d9f  __aeabi_memclr8                 
00001731  __aeabi_memcpy                  
00001731  __aeabi_memcpy4                 
00001731  __aeabi_memcpy8                 
00001da1  __aeabi_memset                  
00001da1  __aeabi_memset4                 
00001da1  __aeabi_memset8                 
00002bb5  __aeabi_uidiv                   
00002bb5  __aeabi_uidivmod                
ffffffff  __binit__                       
ffffffff  __c_args__                      
UNDEFED   __mpu_init                      
20000670  __stack                         
00002dc9  _c_int00_noargs                 
UNDEFED   _system_post_cinit              
000038bf  _system_pre_init                
000038c3  abort                           
ffffffff  binit                           
20000b84  g_bUSBTimerInitialized          
20000b90  g_iUSBMode                      
20000b80  g_keyDown                       
20000b7c  g_keyTick                       
20000620  g_pfnTickHandlers               
00000000  g_pfnVectors                    
2000065c  g_ppsDevInfo                    
20000590  g_psDCDInst                     
20000b61  g_pui8HIDDeviceDescriptor       
00003b37  g_pui8LangDescriptor            
00003a78  g_pui8ManufacturerString        
00003abe  g_pui8ProductString             
00003ada  g_pui8SerialNumberString        
00003aec  g_pui8StringDescriptors         
20000638  g_pvTickInstance                
00003a48  g_sHIDHandlers                  
20000a70  g_sKeyboardDevice               
20000668  g_sKeyboardState                
20000b78  g_spooky_last_tick              
00003b30  g_spooky_message                
20000b74  g_spooky_message_index          
20000b88  g_ui32CurrentUSBTick            
20000660  g_ui32SysTickCount              
20000b8c  g_ui32USBSOFCount               
20000b94  g_ui32WaitTicks                 
0000026d  main                            
00001731  memcpy                          
00001da7  memset                          
00002a19  uDMAChannelAttributeDisable     
000033e5  uDMAChannelControlSet           
000035fd  uDMAChannelDisable              
00003615  uDMAChannelEnable               
00003329  uDMAChannelModeGet              
00001ba1  uDMAChannelTransferSet          


GLOBAL SYMBOLS: SORTED BY Symbol Address 

address   name                            
-------   ----                            
00000000  __TI_static_base__              
00000000  g_pfnVectors                    
0000026d  main                            
00000400  __STACK_SIZE                    
0000048d  UARTvprintf                     
00000679  UARTStdioIntHandler             
000007d9  USBLibDMAInit                   
00000939  USBDCDInit                      
00000bd9  USBDeviceIntHandlerInternal     
00000d29  USBDeviceConfig                 
0000115d  USBDHIDCompositeInit            
0000123d  USBDeviceEnumHandler            
00001495  UARTStdioConfig                 
00001545  UARTwrite                       
00001695  USBDHIDKeyboardCompositeInit    
00001731  __aeabi_memcpy                  
00001731  __aeabi_memcpy4                 
00001731  __aeabi_memcpy8                 
00001731  memcpy                          
00001981  USBDeviceConfigAlternate        
00001a95  USBDHIDKeyboardKeyStateChange   
00001ba1  uDMAChannelTransferSet          
00001ca5  USBKeyboardUpdate               
00001d25  USBDevEndpointConfigSet         
00001d9f  __aeabi_memclr                  
00001d9f  __aeabi_memclr4                 
00001d9f  __aeabi_memclr8                 
00001da1  __aeabi_memset                  
00001da1  __aeabi_memset4                 
00001da1  __aeabi_memset8                 
00001da7  memset                          
0000204d  IntDisable                      
000020b5  IntEnable                       
0000211d  __TI_decompress_lzss            
00002185  ConfigureUART                   
0000224d  IntIsEnabled                    
00002435  USBDevEndpointStatusClear       
000025ef  ULPIConfigSet                   
00002641  SysCtlPeripheralReset           
00002691  USBDCDConfigDescGet             
000026e1  USBDeviceResumeTickHandler      
000027c9  USBEndpointDMAConfigSet         
000028ab  USBDHIDReportWrite              
000028f5  USBDevEndpointStallClear        
000029d1  USBDeviceEnumResetHandler       
00002a19  uDMAChannelAttributeDisable     
00002a61  USBEndpointDataGet              
00002aa9  USBDCDDeviceInfoInit            
00002b31  __TI_auto_init_nobinit_nopinit  
00002bb5  __aeabi_uidiv                   
00002bb5  __aeabi_uidivmod                
00002c35  UARTFlushTx                     
00002cad  USBFIFOConfigSet                
00002ce7  __aeabi_idiv0                   
00002ce7  __aeabi_ldiv0                   
00002ce9  InternalUSBRegisterTickHandler  
00002d21  InternalUSBStartOfFrameTick     
00002d59  USBDCDConfigGetInterfaceEndpoint
00002d91  USBIntStatusControl             
00002dc9  _c_int00_noargs                 
00002e37  USBEndpointDataPut              
00002ea1  SysCtlPeripheralEnable          
00002ed5  USBEndpointDataSend             
00002f09  USBKeyboardHandler              
00003007  USBDevEndpointStall             
000030cd  InternalUSBTickInit             
0000312d  USBDHIDKeyboardInit             
0000315d  UARTFlushRx                     
00003189  USBDescGet                      
000031e1  USBDCDConfigDescGetNum          
0000320b  USBDescGetNum                   
00003235  USBDevEndpointDataAck           
00003301  USBIntEnableControl             
00003329  uDMAChannelModeGet              
00003351  USBDHIDInit                     
00003377  USBEndpointDMADisable           
0000339b  USBEndpointDMAEnable            
000033c1  USBStackModeSet                 
000033e5  uDMAChannelControlSet           
0000348d  USBULPIRegRead                  
000034ab  USBULPIRegWrite                 
000034c9  USBDCDConfigGetInterface        
000034e5  USBDCDStallEP0                  
00003501  USBEndpointDataAvail            
00003537  UARTprintf                      
00003551  USBDCDConfigDescGetSize         
0000356b  USBEndpointDMAChannel           
000035b5  USB0DeviceIntHandler            
000035fd  uDMAChannelDisable              
00003615  uDMAChannelEnable               
0000362d  USBIntEnableEndpoint            
00003645  IsKeyboardPending               
00003659  SysCtlUSBPLLEnable              
0000366d  USBDCDRequestDataEP0            
00003681  USBDCDSendDataEP0               
00003695  USBDMAChannelConfigSet          
000036a9  USBHostResume                   
000036f5  USBDMAChannelDisable            
00003707  USBDMAChannelEnable             
00003719  USBDMAChannelIntDisable         
0000372b  USBDMAChannelIntEnable          
0000373d  IntMasterEnable                 
0000374d  SysTickIntHandler               
0000375d  USBEndpointStatus               
00003789  USBDHIDTxPacketAvailable        
00003797  USBDMAChannelStatus             
000037a5  USBDevLPMDisable                
000037b3  USBDevLPMEnable                 
000037c1  USBULPIDisable                  
000037cf  USBULPIEnable                   
000037dd  __TI_decompress_none            
000037eb  CPUcpsie                        
000037f7  USBEndpointPacketCountSet       
00003803  USBLPMIntEnable                 
0000380f  __TI_zero_init                  
0000381b  USBClockEnable                  
00003825  USBControllerVersion            
0000382f  USBDMAChannelAddressSet         
00003839  USBDMAChannelCountSet           
00003843  USBDevConnect                   
0000384d  USBDevDisconnect                
00003857  USBIntStatusEndpoint            
00003861  USBDevMode                      
00003869  USBFIFOAddrGet                  
00003871  USBOTGMode                      
00003889  GPIOPinWrite                    
0000388f  ResetISR                        
00003895  UARTClockSourceSet              
0000389b  USBDMAChannelIntStatus          
000038a1  USBDevLPMConfig                 
000038a7  USBLPMIntStatus                 
000038bb  USBDevAddrSet                   
000038bf  _system_pre_init                
000038c3  C$$EXIT                         
000038c3  abort                           
00003a48  g_sHIDHandlers                  
00003a78  g_pui8ManufacturerString        
00003abe  g_pui8ProductString             
00003ada  g_pui8SerialNumberString        
00003aec  g_pui8StringDescriptors         
00003b30  g_spooky_message                
00003b37  g_pui8LangDescriptor            
00003bb4  __TI_Handler_Table_Base         
00003bc0  __TI_Handler_Table_Limit        
00003bc8  __TI_CINIT_Base                 
00003bd8  __TI_CINIT_Limit                
20000590  g_psDCDInst                     
20000620  g_pfnTickHandlers               
20000638  g_pvTickInstance                
2000065c  g_ppsDevInfo                    
20000660  g_ui32SysTickCount              
20000668  g_sKeyboardState                
20000670  __stack                         
20000870  __STACK_TOP                     
20000a70  __STACK_END                     
20000a70  g_sKeyboardDevice               
20000b61  g_pui8HIDDeviceDescriptor       
20000b74  g_spooky_message_index          
20000b78  g_spooky_last_tick              
20000b7c  g_keyTick                       
20000b80  g_keyDown                       
20000b84  g_bUSBTimerInitialized          
20000b88  g_ui32CurrentUSBTick            
20000b8c  g_ui32USBSOFCount               
20000b90  g_iUSBMode                      
20000b94  g_ui32WaitTicks                 
ffffffff  __TI_pprof_out_hndl             
ffffffff  __TI_prof_data_size             
ffffffff  __TI_prof_data_start            
ffffffff  __binit__                       
ffffffff  __c_args__                      
ffffffff  binit                           
UNDEFED   __mpu_init                      
UNDEFED   _system_post_cinit              

[174 symbols]
