******************************************************************************
                  TI ARM Linker PC v18.1.3                     
******************************************************************************
>> Linked Fri Dec  7 20:14:20 2018

OUTPUT FILE NAME:   <usb_keyb_dev.out>
ENTRY POINT SYMBOL: "_c_int00_noargs"  address: 00003ea5


MEMORY CONFIGURATION

         name            origin    length      used     unused   attr    fill
----------------------  --------  ---------  --------  --------  ----  --------
  FLASH                 00000000   00040000  0000541f  0003abe1  R  X
  SRAM                  20000000   00008000  0000111a  00006ee6  RW X


SEGMENT ALLOCATION MAP

run origin  load origin   length   init length attrs members
----------  ----------- ---------- ----------- ----- -------
00000000    00000000    00005428   00005428    r-x
  00000000    00000000    0000026c   0000026c    r-- .intvecs
  0000026c    0000026c    00004d0a   00004d0a    r-x .text
  00004f78    00004f78    000003e9   000003e9    r-- .const
  00005368    00005368    000000c0   000000c0    r-- .cinit
20000000    20000000    00001120   00000000    rw-
  20000000    20000000    00000c02   00000000    rw- .bss
  20000c08    20000c08    00000400   00000000    rw- .stack
  20001008    20001008    00000118   00000000    rw- .data


SECTION ALLOCATION MAP

 output                                  attributes/
section   page    origin      length       input sections
--------  ----  ----------  ----------   ----------------
.intvecs   0    00000000    0000026c     
                  00000000    0000026c     tm4c123gh6pm_startup_ccs.obj (.intvecs)

.text      0    0000026c    00004d0a     
                  0000026c    000001f6     usblib.lib : usbdcomp.obj (.text:BuildCompositeDescriptor)
                  00000462    00000002     tm4c123gh6pm_startup_ccs.obj (.text:FaultISR)
                  00000464    00000170     main.obj (.text:main)
                  000005d4    00000160     uartstdio.obj (.text:UARTStdioIntHandler)
                  00000734    00000160     usblib.lib : usbdma.obj (.text:USBLibDMAInit)
                  00000894    00000150                : usbdenum.obj (.text:USBDCDInit)
                  000009e4    00000150                : usbdenum.obj (.text:USBDEP0StateTxConfig)
                  00000b34    00000150                : usbdenum.obj (.text:USBDeviceIntHandlerInternal)
                  00000c84    00000148                : usbdconfig.obj (.text:USBDeviceConfig)
                  00000dcc    00000124     main.obj (.text:_Z12configureUSBv)
                  00000ef0    00000114     usblib.lib : usbdhid.obj (.text:HandleRequest)
                  00001004    000000f4                : usbdma.obj (.text:iDMAUSBTransfer)
                  000010f8    000000e4                : usbdenum.obj (.text:USBDGetDescriptor)
                  000011dc    000000e0                : usbdhid.obj (.text:USBDHIDCompositeInit)
                  000012bc    000000d8                : usbdcdc.obj (.text:USBDCDCCompositeInit)
                  00001394    000000d8                : usbdenum.obj (.text:USBDeviceEnumHandler)
                  0000146c    000000d4                : usbdcdc.obj (.text:HandleRequests)
                  00001540    000000d4                : usbdcomp.obj (.text:USBDCompositeInit)
                  00001614    000000c4                : usbdma.obj (.text:uDMAUSBChannelAllocate)
                  000016d8    000000be                : usbbuffer.obj (.text:HandleRxAvailable)
                  00001796    00000002     tm4c123gh6pm_startup_ccs.obj (.text:IntDefaultHandler)
                  00001798    000000bc     USBSerialDevice.obj (.text:_ZN9usbdevice15USBSerialDeviceC1EPFYjPvjjS1_ES3_S3_)
                  00001854    000000bc     usblib.lib : usbdma.obj (.text:uDMAUSBTransfer)
                  00001910    000000b4                : usbdcdc.obj (.text:HandleDevice)
                  000019c4    000000a8     uartstdio.obj (.text:UARTwrite)
                  00001a6c    000000a6     usblib.lib : usbdhidkeyb.obj (.text:HIDKeyboardRxHandler)
                  00001b12    00000002     tm4c123gh6pm_startup_ccs.obj (.text:NmiSR)
                  00001b14    0000009c     usblib.lib : usbdhidkeyb.obj (.text:USBDHIDKeyboardCompositeInit)
                  00001bb0    0000009c     rtsv7M4_T_le_v4SPD16_eabi.lib : memcpy_t2.asm.obj (.text)
                  00001c4c    00000098     usblib.lib : usbdenum.obj (.text:USBDSetInterface)
                  00001ce4    00000098     USBKeyboardDevice.obj (.text:_ZN9usbdevice17USBKeyboardDevice14USBWriteStringEPKci)
                  00001d7c    00000096     usblib.lib : usbdcdc.obj (.text:CDCTickHandler)
                  00001e12    00000094                : usbdcdc.obj (.text:SendSerialState)
                  00001ea6    00000092                : usbbuffer.obj (.text:ScheduleNextTransmission)
                  00001f38    00000090                : usbdcdc.obj (.text:USBDCDCPacketRead)
                  00001fc8    00000090                : usbdenum.obj (.text:USBDSetConfiguration)
                  00002058    0000008c     uartstdio.obj (.text:UARTPrimeTransmit)
                  000020e4    0000008c     usblib.lib : usbdconfig.obj (.text:USBDeviceConfigAlternate)
                  00002170    0000008c     USBSerialDevice.obj (.text:_ZN9usbdevice15USBSerialDevice13GetLineCodingEP11tLineCoding)
                  000021fc    0000008c     USBKeyboardDevice.obj (.text:_ZN9usbdevice17USBKeyboardDevice22USBPressKeyCombinationEhPKhi)
                  00002288    00000088     buttons.obj (.text:ButtonsPoll)
                  00002310    00000088     usblib.lib : usbdhid.obj (.text:ProcessIdleTimers)
                  00002398    00000086                : usbdhidkeyb.obj (.text:USBDHIDKeyboardKeyStateChange)
                  0000241e    00000002     USBSerialDevice.obj (.text:_ZN9usbdevice15USBSerialDevice15getSerialDeviceEv)
                  00002420    00000084     USBSerialDevice.obj (.text:_ZN9usbdevice15USBSerialDevice13SetLineCodingEP11tLineCoding)
                  000024a4    00000084     usblib.lib : usbdma.obj (.text:iDMAUSBChannelAllocate)
                  00002528    00000084     driverlib.lib : udma.obj (.text:uDMAChannelTransferSet)
                  000025ac    00000080     usblib.lib : usbdenum.obj (.text:USBDClearFeature)
                  0000262c    0000007a     driverlib.lib : usb.obj (.text:USBDevEndpointConfigSet)
                  000026a6    0000007a     rtsv7M4_T_le_v4SPD16_eabi.lib : memset_t2.asm.obj (.text)
                  00002720    00000078     usblib.lib : usbdenum.obj (.text:USBDGetStatus)
                  00002798    00000078     USBKeyboardDevice.obj (.text:_ZN9usbdevice17USBKeyboardDevice17USBKeyboardUpdateEhhb)
                  00002810    00000074     main.obj (.text:_Z14ControlHandlerPvjjS_)
                  00002884    00000072     usblib.lib : usbdcdc.obj (.text:ProcessDataFromHost)
                  000028f6    00000002     USBSerialDevice.obj (.text:_ZN9usbdevice15USBSerialDevice19SetControlLineStateEt)
                  000028f8    00000070     usblib.lib : usbdenum.obj (.text:USBDEP0StateTx)
                  00002968    00000070                : usbdma.obj (.text:uDMAUSBArbSizeSet)
                  000029d8    00000070                : usbdma.obj (.text:uDMAUSBUnitSizeSet)
                  00002a48    0000006c                : usbdcdc.obj (.text:ProcessDataToHost)
                  00002ab4    0000006c                : usbdenum.obj (.text:USBDSetFeature)
                  00002b20    00000068     buttons.obj (.text:ButtonsInit)
                  00002b88    00000068     driverlib.lib : interrupt.obj (.text:IntDisable)
                  00002bf0    00000068                   : interrupt.obj (.text:IntEnable)
                  00002c58    00000068     rtsv7M4_T_le_v4SPD16_eabi.lib : copy_decompress_lzss.c.obj (.text:decompress:lzss:__TI_decompress_lzss)
                  00002cc0    00000064     usblib.lib : usbdcomp.obj (.text:GetDescriptor)
                  00002d24    00000064                : usbdhid.obj (.text:HandleGetDescriptor)
                  00002d88    00000064                : usbdcomp.obj (.text:HandleRequests)
                  00002dec    00000064     driverlib.lib : interrupt.obj (.text:IntIsEnabled)
                  00002e50    00000064     usblib.lib : usbbuffer.obj (.text:USBBufferEventCallback)
                  00002eb4    00000064                : usbdma.obj (.text:uDMAUSBChannelEnable)
                  00002f18    00000060                : usbdcomp.obj (.text:HandleDevice)
                  00002f78    00000060                : usbdhid.obj (.text:HandleDevice)
                  00002fd8    00000060                : usbdhid.obj (.text:ProcessDataFromHost)
                  00003038    00000060                : usbdcdc.obj (.text:USBDCDCPacketWrite)
                  00003098    00000060                : usbdenum.obj (.text:USBDReadAndDispatchRequest)
                  000030f8    0000005e     driverlib.lib : usb.obj (.text:USBDevEndpointStatusClear)
                  00003156    0000005c     usblib.lib : usbdhid.obj (.text:FindHIDDescriptor)
                  000031b2    00000002     USBKeyboardDevice.obj (.text:_ZN9usbdevice17USBKeyboardDevice17getKeyboardDeviceEv)
                  000031b4    00000058     USBCompDevice.obj (.text:_ZN9usbdevice13USBCompDeviceC1EPFYjPvjjS1_E)
                  0000320c    00000056     usblib.lib : usbdhidkeyb.obj (.text:RemoveKeyFromPressedList)
                  00003262    00000056                : usbdma.obj (.text:uDMAUSBChannelRelease)
                  000032b8    00000054                : usbdhid.obj (.text:ProcessDataToHost)
                  0000330c    00000052                : usbulpi.obj (.text:ULPIConfigSet)
                  0000335e    00000002                : usbdma.obj (.text:iDMAUSBArbSizeSet)
                  00003360    00000050     driverlib.lib : sysctl.obj (.text:SysCtlPeripheralReset)
                  000033b0    00000050     usblib.lib : usbdcdesc.obj (.text:USBDCDConfigDescGet)
                  00003400    00000050                : usbdenum.obj (.text:USBDeviceResumeTickHandler)
                  00003450    00000050     USBSerialDevice.obj (.text:_ZN9usbdevice15USBSerialDevice20USBUARTPrimeTransmitEv)
                  000034a0    0000004e     USBSerialDevice.obj (.text:_ZN9usbdevice15USBSerialDevice9connectedEv)
                  000034ee    0000004c     usblib.lib : usbdconfig.obj (.text:GetEPDescriptorType)
                  0000353a    00000002                : usbdma.obj (.text:iDMAUSBUnitSizeSet)
                  0000353c    0000004c                : usbdenum.obj (.text:USBDStringIndexFromRequest)
                  00003588    0000004c     driverlib.lib : usb.obj (.text:USBEndpointDMAConfigSet)
                  000035d4    0000004c     usblib.lib : usbdma.obj (.text:iDMAUSBChannelEnable)
                  00003620    0000004a                : usbdcdesc.obj (.text:ConfigAlternateInterfaceGet)
                  0000366a    0000004a                : usbdcdc.obj (.text:HandleEP0Data)
                  000036b4    0000004a                : usbdcdc.obj (.text:HandleEndpoints)
                  000036fe    0000004a                : usbdhid.obj (.text:USBDHIDReportWrite)
                  00003748    0000004a     driverlib.lib : usb.obj (.text:USBDevEndpointStallClear)
                  00003792    0000004a     usblib.lib : usbdma.obj (.text:uDMAUSBChannelDisable)
                  000037dc    00000048                : usbdhid.obj (.text:SetIdleTimeout)
                  00003824    00000048                : usbdenum.obj (.text:USBDeviceEnumResetHandler)
                  0000386c    00000048     driverlib.lib : udma.obj (.text:uDMAChannelAttributeDisable)
                  000038b4    00000046                   : usb.obj (.text:USBEndpointDataGet)
                  000038fa    00000002     usblib.lib : usbdma.obj (.text:uDMAUSBChannelIntDisable)
                  000038fc    00000044                : usbdenum.obj (.text:USBDCDDeviceInfoInit)
                  00003940    00000044                : usbdenum.obj (.text:USBDGetInterface)
                  00003984    00000044     main.obj (.text:_Z9RxHandlerPvjjS_)
                  000039c8    00000044     USBSerialDevice.obj (.text:_ZN9usbdevice15USBSerialDevice11getInstanceEv)
                  00003a0c    00000044     rtsv7M4_T_le_v4SPD16_eabi.lib : autoinit.c.obj (.text:__TI_auto_init_nobinit_nopinit:__TI_auto_init_nobinit_nopinit)
                  00003a50    00000041     USBSerialDevice.obj (.text:_ZN9usbdevice15USBSerialDevice12disconnectedEv)
                  00003a91    00000001     --HOLE-- [fill = 0]
                  00003a92    00000040     usblib.lib : usbdcomp.obj (.text:ConfigChangeHandler)
                  00003ad2    00000040                : usbdhid.obj (.text:ScheduleReportTransmission)
                  00003b12    0000003e                : usbdhidkeyb.obj (.text:HIDKeyboardTxHandler)
                  00003b50    0000003c     USBCompDevice.obj (.text:_ZN9usbdevice13USBCompDevice4initEv)
                  00003b8c    0000003c     usblib.lib : usbdma.obj (.text:iDMAUSBChannelRelease)
                  00003bc8    0000003a                : usbdcomp.obj (.text:EndpointToIndex)
                  00003c02    0000003a     driverlib.lib : usb.obj (.text:USBFIFOConfigSet)
                  00003c3c    00000038     usblib.lib : usbdcomp.obj (.text:HandleDisconnect)
                  00003c74    00000038                : usbtick.obj (.text:InternalUSBRegisterTickHandler)
                  00003cac    00000038                : usbtick.obj (.text:InternalUSBStartOfFrameTick)
                  00003ce4    00000038                : usbdcomp.obj (.text:ResetHandler)
                  00003d1c    00000038                : usbdcomp.obj (.text:ResumeHandler)
                  00003d54    00000038                : usbdcdc.obj (.text:SendBreak)
                  00003d8c    00000038                : usbdcomp.obj (.text:SuspendHandler)
                  00003dc4    00000038                : usbdcdesc.obj (.text:USBDCDConfigGetInterfaceEndpoint)
                  00003dfc    00000038     driverlib.lib : usb.obj (.text:USBIntStatusControl)
                  00003e34    00000038     usblib.lib : usbringbuf.obj (.text:USBRingBufAdvanceWrite)
                  00003e6c    00000038     USBSerialDevice.obj (.text:_ZN9usbdevice15USBSerialDevice9SendBreakEb)
                  00003ea4    00000038     rtsv7M4_T_le_v4SPD16_eabi.lib : boot_cortex_m.c.obj (.text:_c_int00_noargs:_c_int00_noargs)
                  00003edc    00000036     usblib.lib : usbdhid.obj (.text:HandleEndpoints)
                  00003f12    00000036                : usbdcomp.obj (.text:InterfaceChange)
                  00003f48    00000036     driverlib.lib : usb.obj (.text:USBEndpointDataPut)
                  00003f7e    00000002     usblib.lib : usbdma.obj (.text:uDMAUSBChannelIntEnable)
                  00003f80    00000034                : usbdhid.obj (.text:HIDTickHandler)
                  00003fb4    00000034                : usbdcdc.obj (.text:HandleConfigChange)
                  00003fe8    00000034     driverlib.lib : sysctl.obj (.text:SysCtlPeripheralEnable)
                  0000401c    00000034                   : usb.obj (.text:USBEndpointDataSend)
                  00004050    00000034     USBCompDevice.obj (.text:_ZN9usbdevice13USBCompDevice11getInstanceEv)
                  00004084    00000034     USBKeyboardDevice.obj (.text:_ZN9usbdevice17USBKeyboardDevice11getInstanceEv)
                  000040b8    00000034     usblib.lib : usbdma.obj (.text:iDMAUSBChannelStatus)
                  000040ec    00000032                : usbdhid.obj (.text:ClearReportTimer)
                  0000411e    00000032                : usbdhid.obj (.text:HandleConfigChange)
                  00004150    00000032                : usbdcdesc.obj (.text:NextConfigDescGet)
                  00004182    00000032                : usbdcdc.obj (.text:ProcessNotificationToHost)
                  000041b4    00000032     driverlib.lib : usb.obj (.text:USBDevEndpointStall)
                  000041e6    00000032     USBKeyboardDevice.obj (.text:_ZN9usbdevice17USBKeyboardDeviceC1EPFYjPvjjS1_E)
                  00004218    00000032     usblib.lib : usbdma.obj (.text:iDMAUSBChannelDisable)
                  0000424a    00000030                : usbdhidkeyb.obj (.text:AddKeyToPressedList)
                  0000427a    00000030                : usbdma.obj (.text:DMAUSBIntHandler)
                  000042aa    00000002     --HOLE-- [fill = 0]
                  000042ac    00000030                : usbtick.obj (.text:InternalUSBTickInit)
                  000042dc    00000030                : usbdenum.obj (.text:USBDGetConfiguration)
                  0000430c    00000030                : usbringbuf.obj (.text:UpdateIndexAtomic)
                  0000433c    0000002e                : usbdcomp.obj (.text:HandleEndpoints)
                  0000436a    0000002e                : usbbuffer.obj (.text:USBBufferWrite)
                  00004398    0000002e                : usbdcdc.obj (.text:USBDCDCRxPacketAvailable)
                  000043c6    0000002e     USBSerialDevice.obj (.text:_ZN9usbdevice15USBSerialDevice10readBufferEv)
                  000043f4    0000002c     usblib.lib : usbdcomp.obj (.text:InterfaceToIndex)
                  00004420    0000002c                : usbdesc.obj (.text:USBDescGet)
                  0000444c    0000002c                : usbdma.obj (.text:uDMAUSBIntStatus)
                  00004478    0000002a                : usbbuffer.obj (.text:HandleRequestBuffer)
                  000044a2    0000002a                : usbdcdesc.obj (.text:USBDCDConfigDescGetNum)
                  000044cc    0000002a                : usbdesc.obj (.text:USBDescGetNum)
                  000044f6    0000002a     driverlib.lib : usb.obj (.text:USBDevEndpointDataAck)
                  00004520    00000028     usblib.lib : usbdhid.obj (.text:GetIdleTimeout)
                  00004548    00000028                : usbdhid.obj (.text:HandleEP0DataReceived)
                  00004570    00000028                : usbbuffer.obj (.text:USBBufferRead)
                  00004598    00000028                : usbdenum.obj (.text:USBDSetAddress)
                  000045c0    00000028     driverlib.lib : usb.obj (.text:USBIntEnableControl)
                  000045e8    00000028     main.obj (.text:_Z18USBKeyboardHandlerPvjjS_)
                  00004610    00000028     USBKeyboardDevice.obj (.text:_ZN9usbdevice17USBKeyboardDevice12GetUsageCodeEcb)
                  00004638    00000028     driverlib.lib : udma.obj (.text:uDMAChannelModeGet)
                  00004660    00000024     usblib.lib : usbdcdc.obj (.text:HandleDisconnect)
                  00004684    00000024                : usbdcdc.obj (.text:SendLineStateChange)
                  000046a8    00000024     driverlib.lib : usb.obj (.text:USBEndpointDMADisable)
                  000046cc    00000024                   : usb.obj (.text:USBEndpointDMAEnable)
                  000046f0    00000024     usblib.lib : usbmode.obj (.text:USBStackModeSet)
                  00004714    00000024     main.obj (.text:_Z5delayi)
                  00004738    00000024     driverlib.lib : udma.obj (.text:uDMAChannelControlSet)
                  0000475c    00000022     usblib.lib : usbdcomp.obj (.text:DataReceived)
                  0000477e    00000022                : usbdcomp.obj (.text:DataSent)
                  000047a0    00000022                : usbdhid.obj (.text:HandleDisconnect)
                  000047c2    00000022                : usbdcdc.obj (.text:SendLineCodingChange)
                  000047e4    00000022                : usbdma.obj (.text:uDMAUSBChannelStatus)
                  00004806    00000020                : usbdcdc.obj (.text:CheckAndSendBreak)
                  00004826    00000020                : usbdconfig.obj (.text:GetEndpointFIFOSize)
                  00004846    00000020                : usbbuffer.obj (.text:HandleDataRemaining)
                  00004866    00000020                : usbdhid.obj (.text:HandleEP0DataSent)
                  00004886    00000020                : usbringbuf.obj (.text:USBRingBufAdvanceRead)
                  000048a6    0000001e                : usbringbuf.obj (.text:USBRingBufContigFree)
                  000048c4    0000001e     driverlib.lib : usb.obj (.text:USBULPIRegRead)
                  000048e2    0000001e                   : usb.obj (.text:USBULPIRegWrite)
                  00004900    0000001c     usblib.lib : usbdcomp.obj (.text:CompositeEPChange)
                  0000491c    0000001c                : usbdcomp.obj (.text:CompositeIfaceChange)
                  00004938    0000001c                : usbdcdesc.obj (.text:USBDCDConfigGetInterface)
                  00004954    0000001c                : usbdenum.obj (.text:USBDCDStallEP0)
                  00004970    0000001c     driverlib.lib : usb.obj (.text:USBEndpointDataAvail)
                  0000498c    0000001c     usblib.lib : usbringbuf.obj (.text:USBRingBufRead)
                  000049a8    0000001c                : usbringbuf.obj (.text:USBRingBufWrite)
                  000049c4    0000001a                : usbdhid.obj (.text:ClearIdleTimers)
                  000049de    0000001a                : usbdcdc.obj (.text:DeviceConsumedAllData)
                  000049f8    0000001a                : usbdcdesc.obj (.text:USBDCDConfigDescGetSize)
                  00004a12    0000001a     driverlib.lib : usb.obj (.text:USBEndpointDMAChannel)
                  00004a2c    00000018     uartstdio.obj (.text:IsBufferFull)
                  00004a44    00000018     usblib.lib : usbdcdc.obj (.text:SetDeferredOpFlag)
                  00004a5c    00000018                : usbdhid.obj (.text:SetDeferredOpFlag)
                  00004a74    00000018                : usbdhandler.obj (.text:USB0DeviceIntHandler)
                  00004a8c    00000018                : usbbuffer.obj (.text:USBBufferInit)
                  00004aa4    00000018                : usbdenum.obj (.text:USBDCDFeatureGet)
                  00004abc    00000018                : usbdenum.obj (.text:USBDSetDescriptor)
                  00004ad4    00000018                : usbdenum.obj (.text:USBDSyncFrame)
                  00004aec    00000018     USBKeyboardDevice.obj (.text:_ZN9usbdevice17USBKeyboardDevice17releaseSpecialKeyEv)
                  00004b04    00000018     driverlib.lib : udma.obj (.text:uDMAChannelDisable)
                  00004b1c    00000018                   : udma.obj (.text:uDMAChannelEnable)
                  00004b34    00000016     usblib.lib : usbdcdc.obj (.text:CheckAndSendLineCodingChange)
                  00004b4a    00000016                : usbdcdc.obj (.text:CheckAndSendLineStateChange)
                  00004b60    00000016     driverlib.lib : usb.obj (.text:USBIntEnableEndpoint)
                  00004b76    00000016     usblib.lib : usbringbuf.obj (.text:USBRingBufFlush)
                  00004b8c    00000016                : usbringbuf.obj (.text:USBRingBufReadOne)
                  00004ba2    00000016                : usbringbuf.obj (.text:USBRingBufUsed)
                  00004bb8    00000016     USBSerialDevice.obj (.text:_ZN9usbdevice15USBSerialDevice10initBufferEv)
                  00004bce    00000014     usblib.lib : usbbuffer.obj (.text:HandleTxComplete)
                  00004be2    00000002     --HOLE-- [fill = 0]
                  00004be4    00000014     driverlib.lib : sysctl.obj (.text:SysCtlUSBPLLEnable)
                  00004bf8    00000014     usblib.lib : usbdcdc.obj (.text:USBDCDCTxPacketAvailable)
                  00004c0c    00000014                : usbdenum.obj (.text:USBDCDRequestDataEP0)
                  00004c20    00000014                : usbdenum.obj (.text:USBDCDSendDataEP0)
                  00004c34    00000014     driverlib.lib : usb.obj (.text:USBDMAChannelConfigSet)
                  00004c48    00000014                   : usb.obj (.text:USBHostResume)
                  00004c5c    00000014                   : usb.obj (.text:_USBIndexWrite)
                  00004c70    00000012     usblib.lib : usbdcdc.obj (.text:HandleResume)
                  00004c82    00000012                : usbdhid.obj (.text:HandleResume)
                  00004c94    00000012                : usbdcdc.obj (.text:HandleSuspend)
                  00004ca6    00000012                : usbdhid.obj (.text:HandleSuspend)
                  00004cb8    00000012     driverlib.lib : usb.obj (.text:USBDMAChannelDisable)
                  00004cca    00000012                   : usb.obj (.text:USBDMAChannelEnable)
                  00004cdc    00000012                   : usb.obj (.text:USBDMAChannelIntDisable)
                  00004cee    00000012                   : usb.obj (.text:USBDMAChannelIntEnable)
                  00004d00    00000012     usblib.lib : usbringbuf.obj (.text:USBRingBufFree)
                  00004d12    00000010     driverlib.lib : interrupt.obj (.text:IntMasterDisable)
                  00004d22    00000010                   : interrupt.obj (.text:IntMasterEnable)
                  00004d32    00000002     --HOLE-- [fill = 0]
                  00004d34    00000010     tm4c123gh6pm_startup_ccs.obj (.text:SysTickIntHandler)
                  00004d44    00000010     driverlib.lib : usb.obj (.text:USBEndpointStatus)
                  00004d54    00000010     usblib.lib : usbringbuf.obj (.text:USBRingBufContigUsed)
                  00004d64    00000010                : usbringbuf.obj (.text:USBRingBufWriteOne)
                  00004d74    0000000e                : usbdma.obj (.text:DMAUSBIntStatusClear)
                  00004d82    0000000e     uartstdio.obj (.text:IsBufferEmpty)
                  00004d90    0000000e     usblib.lib : usbdhid.obj (.text:USBDHIDTxPacketAvailable)
                  00004d9e    0000000e     driverlib.lib : usb.obj (.text:USBDMAChannelStatus)
                  00004dac    0000000e                   : usb.obj (.text:USBDevLPMDisable)
                  00004dba    0000000e                   : usb.obj (.text:USBDevLPMEnable)
                  00004dc8    0000000e                   : usb.obj (.text:USBULPIDisable)
                  00004dd6    0000000e                   : usb.obj (.text:USBULPIEnable)
                  00004de4    0000000e     USBSerialDevice.obj (.text:_ZN9usbdevice15USBSerialDevice22resetCommandStatusFlagEv)
                  00004df2    0000000e     rtsv7M4_T_le_v4SPD16_eabi.lib : copy_decompress_none.c.obj (.text:decompress:none:__TI_decompress_none)
                  00004e00    0000000c     driverlib.lib : cpu.obj (.text:CPUcpsid)
                  00004e0c    0000000c                   : cpu.obj (.text:CPUcpsie)
                  00004e18    0000000c                   : usb.obj (.text:USBEndpointPacketCountSet)
                  00004e24    0000000c                   : usb.obj (.text:USBLPMIntEnable)
                  00004e30    0000000c     usblib.lib : usbringbuf.obj (.text:USBRingBufInit)
                  00004e3c    0000000c     USBCompDevice.obj (.text:_ZN9usbdevice13USBCompDevice20registerEventHandlerEPFYjPvjjS1_E)
                  00004e48    0000000c     USBSerialDevice.obj (.text:_ZN9usbdevice15USBSerialDevice17registerRxHandlerEPFYjPvjjS1_E)
                  00004e54    0000000c     USBSerialDevice.obj (.text:_ZN9usbdevice15USBSerialDevice17registerTxHandlerEPFYjPvjjS1_E)
                  00004e60    0000000c     USBSerialDevice.obj (.text:_ZN9usbdevice15USBSerialDevice22registerControlHandlerEPFYjPvjjS1_E)
                  00004e6c    0000000c     USBKeyboardDevice.obj (.text:_ZN9usbdevice17USBKeyboardDevice23registerKeyboardHandlerEPFYjPvjjS1_E)
                  00004e78    0000000c     rtsv7M4_T_le_v4SPD16_eabi.lib : guard.c.obj (.text:__cxa_guard_acquire)
                  00004e84    0000000c                                   : copy_zero_init.c.obj (.text:decompress:ZI:__TI_zero_init)
                  00004e90    0000000a     driverlib.lib : usb.obj (.text:USBClockEnable)
                  00004e9a    0000000a                   : usb.obj (.text:USBControllerVersion)
                  00004ea4    0000000a                   : usb.obj (.text:USBDMAChannelAddressSet)
                  00004eae    0000000a                   : usb.obj (.text:USBDMAChannelCountSet)
                  00004eb8    0000000a                   : usb.obj (.text:USBDevConnect)
                  00004ec2    0000000a                   : usb.obj (.text:USBDevDisconnect)
                  00004ecc    0000000a                   : usb.obj (.text:USBIntStatusEndpoint)
                  00004ed6    0000000a     USBSerialDevice.obj (.text:_ZN9usbdevice15USBSerialDevice20commandStatusUpdatedEv)
                  00004ee0    0000000a     rtsv7M4_T_le_v4SPD16_eabi.lib : guard.c.obj (.text:__cxa_guard_release)
                  00004eea    00000008     driverlib.lib : usb.obj (.text:USBDevMode)
                  00004ef2    00000008                   : usb.obj (.text:USBFIFOAddrGet)
                  00004efa    00000008                   : usb.obj (.text:USBOTGMode)
                  00004f02    00000008     usblib.lib : usbdma.obj (.text:iDMAUSBChannelIntDisable)
                  00004f0a    00000008                : usbdma.obj (.text:iDMAUSBChannelIntEnable)
                  00004f12    00000006     driverlib.lib : gpio.obj (.text:GPIOPinWrite)
                  00004f18    00000006     tm4c123gh6pm_startup_ccs.obj (.text:ResetISR)
                  00004f1e    00000006     driverlib.lib : sysctl.obj (.text:SysCtlDelay)
                  00004f24    00000006     usblib.lib : usbbuffer.obj (.text:USBBufferFlush)
                  00004f2a    00000006     driverlib.lib : usb.obj (.text:USBDMAChannelIntStatus)
                  00004f30    00000006                   : usb.obj (.text:USBDevLPMConfig)
                  00004f36    00000006                   : usb.obj (.text:USBLPMIntStatus)
                  00004f3c    00000006     USBSerialDevice.obj (.text:_ZN9usbdevice15USBSerialDevice15getRxEventCountEv)
                  00004f42    00000006     USBSerialDevice.obj (.text:_ZN9usbdevice15USBSerialDevice16getReceiveBufferEv)
                  00004f48    00000006     USBSerialDevice.obj (.text:_ZN9usbdevice15USBSerialDevice19getReceiveBufferEndEv)
                  00004f4e    00000006     USBSerialDevice.obj (.text:_ZN9usbdevice15USBSerialDevice5writeEPhj)
                  00004f54    00000006     usblib.lib : usbdma.obj (.text:iDMAUSBIntStatus)
                  00004f5a    00000004                : usbdma.obj (.text:DMAUSBStatus)
                  00004f5e    00000004                : usbdhid.obj (.text:HandleReset)
                  00004f62    00000004     driverlib.lib : usb.obj (.text:USBDevAddrSet)
                  00004f66    00000004     main.obj (.text:_Z15USBEventHandlerPvjjS_)
                  00004f6a    00000004     main.obj (.text:_Z9TxHandlerPvjjS_)
                  00004f6e    00000004     rtsv7M4_T_le_v4SPD16_eabi.lib : pre_init.c.obj (.text:_system_pre_init)
                  00004f72    00000004                                   : exit.c.obj (.text:abort:abort)

.const     0    00004f78    000003e9     
                  00004f78    00000070     driverlib.lib : interrupt.obj (.const)
                  00004fe8    00000068     USBKeyboardDevice.obj (.const:_ZN43_INTERNAL_21_USBKeyboardDevice_cpp_497fa7839usbdevice14g_pcUsageCodesE)
                  00005050    00000058     usblib.lib : usbdcdc.obj (.const)
                  000050a8    0000003f                : usbdhidkeyb.obj (.const:.string:g_pui8KeybReportDescriptor)
                  000050e7    00000036     usb_structs.obj (.const:.string:g_pui8ConfigString)
                  0000511d    00000002     main.obj (.const)
                  0000511f    00000001     --HOLE-- [fill = 0]
                  00005120    00000034     usblib.lib : usbdenum.obj (.const:g_psUSBDStdRequests)
                  00005154    00000034                : usbdhidkeyb.obj (.const)
                  00005188    00000030                : usbdcdc.obj (.const:g_sCDCHandlers)
                  000051b8    00000030                : usbdcomp.obj (.const:g_sCompHandlers)
                  000051e8    00000030                : usbdhid.obj (.const:g_sHIDHandlers)
                  00005218    0000002e                : usbdcdc.obj (.const:.string)
                  00005246    0000002c     usb_structs.obj (.const:.string:g_pui8ControlInterfaceString)
                  00005272    00000024     usb_structs.obj (.const:.string:g_pui8ManufacturerString)
                  00005296    00000023     usblib.lib : usbdcdc.obj (.const:.string:g_pui8CDCSerCommInterface)
                  000052b9    00000022     USBKeyboardDevice.obj (.const:_ZN43_INTERNAL_21_USBKeyboardDevice_cpp_497fa7839usbdevice19g_pcUsageCodesShiftE)
                  000052db    0000001c     usb_structs.obj (.const:.string:g_pui8ProductString)
                  000052f7    00000001     --HOLE-- [fill = 0]
                  000052f8    00000018     usb_structs.obj (.const:g_pui8StringDescriptors)
                  00005310    00000012     usb_structs.obj (.const:.string:g_pui8SerialNumberString)
                  00005322    0000000e     usblib.lib : usbdhidkeyb.obj (.const:.string)
                  00005330    0000000c     main.obj (.const:.string:password)
                  0000533c    0000000c     uartstdio.obj (.const:g_ui32UARTInt)
                  00005348    0000000c     usb_structs.obj (.const)
                  00005354    00000009     usblib.lib : usbdcomp.obj (.const:.string)
                  0000535d    00000004     usb_structs.obj (.const:.string:g_pui8LangDescriptor)

.cinit     0    00005368    000000c0     
                  00005368    0000009c     (.cinit..data.load) [load image, compression = lzss]
                  00005404    0000000c     (__TI_handler_table)
                  00005410    00000008     (.cinit..bss.load) [load image, compression = zero_init]
                  00005418    00000010     (__TI_cinit_table)

.init_array 
*          0    00000000    00000000     UNINITIALIZED

.bss       0    20000000    00000c02     UNINITIALIZED
                  20000000    00000400     uartstdio.obj (.bss:g_pcUARTTxBuffer)
                  20000400    000003e8     USBSerialDevice.obj (.bss:instance$2)
                  200007e8    00000110     usblib.lib : usbdma.obj (.bss:g_psUSBDMAInst)
                  200008f8    000000f8     USBCompDevice.obj (.bss:instance$2)
                  200009f0    000000a4     USBKeyboardDevice.obj (.bss:instance$2)
                  20000a94    00000080     uartstdio.obj (.bss:g_pcUARTRxBuffer)
                  20000b14    00000050     usblib.lib : usbdenum.obj (.bss:g_psDCDInst)
                  20000b64    00000040                : usbdenum.obj (.bss:g_pui8DataBufferIn)
                  20000ba4    00000018     (.common:g_pfnTickHandlers)
                  20000bbc    00000018     (.common:g_pvTickInstance)
                  20000bd4    00000008     uartstdio.obj (.bss)
                  20000bdc    00000004     USBCompDevice.obj (.bss)
                  20000be0    00000004     USBKeyboardDevice.obj (.bss)
                  20000be4    00000004     USBSerialDevice.obj (.bss)
                  20000be8    00000004     (.common:g_pfnUSBModeCallback)
                  20000bec    00000004     (.common:g_ppCompConfigDescriptors)
                  20000bf0    00000004     (.common:g_ppsDevInfo)
                  20000bf4    00000004     (.common:g_ui32ULPISupport)
                  20000bf8    00000004     (.common:ui32RxCount)
                  20000bfc    00000004     (.common:ui32TxCount)
                  20000c00    00000002     (.common:_ZN9usbdevice16g_sKeyboardStateE)

.data      0    20001008    00000118     UNINITIALIZED
                  20001008    0000005e     usblib.lib : usbdcdc.obj (.data)
                  20001066    00000002     --HOLE--
                  20001068    00000038                : usbdhidkeyb.obj (.data)
                  200010a0    00000015     uartstdio.obj (.data)
                  200010b5    00000012     usblib.lib : usbdcomp.obj (.data)
                  200010c7    00000012                : usbdhid.obj (.data)
                  200010d9    00000003     buttons.obj (.data)
                  200010dc    00000010     USBKeyboardDevice.obj (.data)
                  200010ec    0000000c     USBSerialDevice.obj (.data)
                  200010f8    0000000c     usblib.lib : usbtick.obj (.data)
                  20001104    00000009                : usbmode.obj (.data)
                  2000110d    00000003     --HOLE--
                  20001110    00000008                : usbdenum.obj (.data)
                  20001118    00000004     USBCompDevice.obj (.data)
                  2000111c    00000004     tm4c123gh6pm_startup_ccs.obj (.data)

.stack     0    20000c08    00000400     UNINITIALIZED
                  20000c08    00000004     rtsv7M4_T_le_v4SPD16_eabi.lib : boot_cortex_m.c.obj (.stack)
                  20000c0c    000003fc     --HOLE--

MODULE SUMMARY

       Module                         code    ro data   rw data
       ------                         ----    -------   -------
    .\
       USBSerialDevice.obj            963     0         1016   
       main.obj                       928     14        8      
       USBKeyboardDevice.obj          592     138       184    
       tm4c123gh6pm_startup_ccs.obj   28      620       4      
       USBCompDevice.obj              212     0         258    
       usb_structs.obj                0       220       0      
    +--+------------------------------+-------+---------+---------+
       Total:                         2723    992       1470   
                                                               
    .\drivers\
       buttons.obj                    240     0         3      
    +--+------------------------------+-------+---------+---------+
       Total:                         240     0         3      
                                                               
    .\utils\
       uartstdio.obj                  698     12        1181   
    +--+------------------------------+-------+---------+---------+
       Total:                         698     12        1181   
                                                               
    C:/ti/tivaware_c_series_2_1_4_178/driverlib/ccs/Debug/driverlib.lib
       usb.obj                        1354    0         0      
       interrupt.obj                  340     112       0      
       udma.obj                       328     0         0      
       sysctl.obj                     158     0         0      
       cpu.obj                        24      0         0      
       gpio.obj                       6       0         0      
    +--+------------------------------+-------+---------+---------+
       Total:                         2210    112       0      
                                                               
    C:/ti/tivaware_c_series_2_1_4_178/usblib/ccs/Debug/usblib.lib
       usbdenum.obj                   2904    52        160    
       usbdcdc.obj                    2008    217       94     
       usbdma.obj                     2008    0         272    
       usbdhid.obj                    1770    48        18     
       usbdcomp.obj                   1624    57        22     
       usbdhidkeyb.obj                652     129       56     
       usbbuffer.obj                  646     0         0      
       usbdconfig.obj                 576     0         0      
       usbdcdesc.obj                  356     0         0      
       usbringbuf.obj                 350     0         0      
       usbtick.obj                    160     0         60     
       usbdesc.obj                    86      0         0      
       usbulpi.obj                    82      0         0      
       usbmode.obj                    36      0         13     
       usbdhandler.obj                24      0         0      
    +--+------------------------------+-------+---------+---------+
       Total:                         13282   503       695    
                                                               
    C:\ti\ccsv8\tools\compiler\ti-cgt-arm_18.1.3.LTS\lib\rtsv7M4_T_le_v4SPD16_eabi.lib
       memcpy_t2.asm.obj              156     0         0      
       memset_t2.asm.obj              122     0         0      
       copy_decompress_lzss.c.obj     104     0         0      
       autoinit.c.obj                 68      0         0      
       boot_cortex_m.c.obj            56      0         0      
       guard.c.obj                    22      0         0      
       copy_decompress_none.c.obj     14      0         0      
       copy_zero_init.c.obj           12      0         0      
       exit.c.obj                     4       0         0      
       pre_init.c.obj                 4       0         0      
    +--+------------------------------+-------+---------+---------+
       Total:                         562     0         0      
                                                               
       Stack:                         0       0         1024   
       Linker Generated:              0       192       0      
    +--+------------------------------+-------+---------+---------+
       Grand Total:                   19715   1811      4373   


LINKER GENERATED COPY TABLES

__TI_cinit_table @ 00005418 records: 2, size/record: 8, table size: 16
	.data: load addr=00005368, load size=0000009c bytes, run addr=20001008, run size=00000118 bytes, compression=lzss
	.bss: load addr=00005410, load size=00000008 bytes, run addr=20000000, run size=00000c02 bytes, compression=zero_init


LINKER GENERATED HANDLER TABLE

__TI_handler_table @ 00005404 records: 3, size/record: 4, table size: 12
	index: 0, handler: __TI_decompress_lzss
	index: 1, handler: __TI_decompress_none
	index: 2, handler: __TI_zero_init


GLOBAL SYMBOLS: SORTED ALPHABETICALLY BY Name 

address   name                                                                  
-------   ----                                                                  
0000026d  BuildCompositeDescriptor                                              
00002b21  ButtonsInit                                                           
00002289  ButtonsPoll                                                           
00004f73  C$$EXIT                                                               
00004e01  CPUcpsid                                                              
00004e0d  CPUcpsie                                                              
0000534c  FLAG_COMMAND_RECEIVED                                                 
00005349  FLAG_CONNECTED                                                        
0000534a  FLAG_LED_ACTIVITY                                                     
0000534b  FLAG_MOVE_MOUSE                                                       
00005348  FLAG_MOVE_UPDATE                                                      
0000534d  FLAG_SUSPENDED                                                        
00004f13  GPIOPinWrite                                                          
00002b89  IntDisable                                                            
00002bf1  IntEnable                                                             
00002ded  IntIsEnabled                                                          
00004d13  IntMasterDisable                                                      
00004d23  IntMasterEnable                                                       
00003c75  InternalUSBRegisterTickHandler                                        
00003cad  InternalUSBStartOfFrameTick                                           
000042ad  InternalUSBTickInit                                                   
00005350  NUM_STRING_DESCRIPTORS                                                
00002885  ProcessDataFromHost                                                   
00002a49  ProcessDataToHost                                                     
00004183  ProcessNotificationToHost                                             
00004f19  ResetISR                                                              
00004f1f  SysCtlDelay                                                           
00003fe9  SysCtlPeripheralEnable                                                
00003361  SysCtlPeripheralReset                                                 
00004be5  SysCtlUSBPLLEnable                                                    
00004d35  SysTickIntHandler                                                     
000005d5  UARTStdioIntHandler                                                   
000019c5  UARTwrite                                                             
0000330d  ULPIConfigSet                                                         
00004a75  USB0DeviceIntHandler                                                  
00002e51  USBBufferEventCallback                                                
00004f25  USBBufferFlush                                                        
00004a8d  USBBufferInit                                                         
00004571  USBBufferRead                                                         
0000436b  USBBufferWrite                                                        
00004e91  USBClockEnable                                                        
00004e9b  USBControllerVersion                                                  
000012bd  USBDCDCCompositeInit                                                  
00001f39  USBDCDCPacketRead                                                     
00003039  USBDCDCPacketWrite                                                    
00004399  USBDCDCRxPacketAvailable                                              
00004bf9  USBDCDCTxPacketAvailable                                              
000033b1  USBDCDConfigDescGet                                                   
000044a3  USBDCDConfigDescGetNum                                                
000049f9  USBDCDConfigDescGetSize                                               
00004939  USBDCDConfigGetInterface                                              
00003dc5  USBDCDConfigGetInterfaceEndpoint                                      
000038fd  USBDCDDeviceInfoInit                                                  
00004aa5  USBDCDFeatureGet                                                      
00000895  USBDCDInit                                                            
00004c0d  USBDCDRequestDataEP0                                                  
00004c21  USBDCDSendDataEP0                                                     
00004955  USBDCDStallEP0                                                        
00001541  USBDCompositeInit                                                     
000011dd  USBDHIDCompositeInit                                                  
00001b15  USBDHIDKeyboardCompositeInit                                          
00002399  USBDHIDKeyboardKeyStateChange                                         
000036ff  USBDHIDReportWrite                                                    
00004d91  USBDHIDTxPacketAvailable                                              
00004ea5  USBDMAChannelAddressSet                                               
00004c35  USBDMAChannelConfigSet                                                
00004eaf  USBDMAChannelCountSet                                                 
00004cb9  USBDMAChannelDisable                                                  
00004ccb  USBDMAChannelEnable                                                   
00004cdd  USBDMAChannelIntDisable                                               
00004cef  USBDMAChannelIntEnable                                                
00004f2b  USBDMAChannelIntStatus                                                
00004d9f  USBDMAChannelStatus                                                   
00004421  USBDescGet                                                            
000044cd  USBDescGetNum                                                         
00004f63  USBDevAddrSet                                                         
00004eb9  USBDevConnect                                                         
00004ec3  USBDevDisconnect                                                      
0000262d  USBDevEndpointConfigSet                                               
000044f7  USBDevEndpointDataAck                                                 
000041b5  USBDevEndpointStall                                                   
00003749  USBDevEndpointStallClear                                              
000030f9  USBDevEndpointStatusClear                                             
00004f31  USBDevLPMConfig                                                       
00004dad  USBDevLPMDisable                                                      
00004dbb  USBDevLPMEnable                                                       
00004eeb  USBDevMode                                                            
00000c85  USBDeviceConfig                                                       
000020e5  USBDeviceConfigAlternate                                              
00001395  USBDeviceEnumHandler                                                  
00003825  USBDeviceEnumResetHandler                                             
00000b35  USBDeviceIntHandlerInternal                                           
00003401  USBDeviceResumeTickHandler                                            
00004a13  USBEndpointDMAChannel                                                 
00003589  USBEndpointDMAConfigSet                                               
000046a9  USBEndpointDMADisable                                                 
000046cd  USBEndpointDMAEnable                                                  
00004971  USBEndpointDataAvail                                                  
000038b5  USBEndpointDataGet                                                    
00003f49  USBEndpointDataPut                                                    
0000401d  USBEndpointDataSend                                                   
00004e19  USBEndpointPacketCountSet                                             
00004d45  USBEndpointStatus                                                     
00004ef3  USBFIFOAddrGet                                                        
00003c03  USBFIFOConfigSet                                                      
00004c49  USBHostResume                                                         
000045c1  USBIntEnableControl                                                   
00004b61  USBIntEnableEndpoint                                                  
00003dfd  USBIntStatusControl                                                   
00004ecd  USBIntStatusEndpoint                                                  
00004e25  USBLPMIntEnable                                                       
00004f37  USBLPMIntStatus                                                       
00000735  USBLibDMAInit                                                         
00004efb  USBOTGMode                                                            
00004887  USBRingBufAdvanceRead                                                 
00003e35  USBRingBufAdvanceWrite                                                
000048a7  USBRingBufContigFree                                                  
00004d55  USBRingBufContigUsed                                                  
00004b77  USBRingBufFlush                                                       
00004d01  USBRingBufFree                                                        
00004e31  USBRingBufInit                                                        
0000498d  USBRingBufRead                                                        
00004b8d  USBRingBufReadOne                                                     
00004ba3  USBRingBufUsed                                                        
000049a9  USBRingBufWrite                                                       
00004d65  USBRingBufWriteOne                                                    
000046f1  USBStackModeSet                                                       
00004dc9  USBULPIDisable                                                        
00004dd7  USBULPIEnable                                                         
000048c5  USBULPIRegRead                                                        
000048e3  USBULPIRegWrite                                                       
00000dcd  _Z12configureUSBv                                                     
00002811  _Z14ControlHandlerPvjjS_                                              
00004f67  _Z15USBEventHandlerPvjjS_                                             
000045e9  _Z18USBKeyboardHandlerPvjjS_                                          
00004715  _Z5delayi                                                             
00003985  _Z9RxHandlerPvjjS_                                                    
00004f6b  _Z9TxHandlerPvjjS_                                                    
00004051  _ZN9usbdevice13USBCompDevice11getInstanceEv                           
20001118  _ZN9usbdevice13USBCompDevice12eventHandlerE                           
00004e3d  _ZN9usbdevice13USBCompDevice20registerEventHandlerEPFYjPvjjS1_E       
00003b51  _ZN9usbdevice13USBCompDevice4initEv                                   
000031b5  _ZN9usbdevice13USBCompDeviceC1EPFYjPvjjS1_E                           
000031b5  _ZN9usbdevice13USBCompDeviceC2EPFYjPvjjS1_E                           
00004bb9  _ZN9usbdevice15USBSerialDevice10initBufferEv                          
000043c7  _ZN9usbdevice15USBSerialDevice10readBufferEv                          
000039c9  _ZN9usbdevice15USBSerialDevice11getInstanceEv                         
00003a51  _ZN9usbdevice15USBSerialDevice12disconnectedEv                        
00002171  _ZN9usbdevice15USBSerialDevice13GetLineCodingEP11tLineCoding          
00002421  _ZN9usbdevice15USBSerialDevice13SetLineCodingEP11tLineCoding          
200010ec  _ZN9usbdevice15USBSerialDevice14controlHandlerE                       
00004f3d  _ZN9usbdevice15USBSerialDevice15getRxEventCountEv                     
0000241f  _ZN9usbdevice15USBSerialDevice15getSerialDeviceEv                     
00004f43  _ZN9usbdevice15USBSerialDevice16getReceiveBufferEv                    
00004e49  _ZN9usbdevice15USBSerialDevice17registerRxHandlerEPFYjPvjjS1_E        
00004e55  _ZN9usbdevice15USBSerialDevice17registerTxHandlerEPFYjPvjjS1_E        
000028f7  _ZN9usbdevice15USBSerialDevice19SetControlLineStateEt                 
00004f49  _ZN9usbdevice15USBSerialDevice19getReceiveBufferEndEv                 
00003451  _ZN9usbdevice15USBSerialDevice20USBUARTPrimeTransmitEv                
00004ed7  _ZN9usbdevice15USBSerialDevice20commandStatusUpdatedEv                
00004e61  _ZN9usbdevice15USBSerialDevice22registerControlHandlerEPFYjPvjjS1_E   
00004de5  _ZN9usbdevice15USBSerialDevice22resetCommandStatusFlagEv              
00004f4f  _ZN9usbdevice15USBSerialDevice5writeEPhj                              
00003e6d  _ZN9usbdevice15USBSerialDevice9SendBreakEb                            
000034a1  _ZN9usbdevice15USBSerialDevice9connectedEv                            
200010f0  _ZN9usbdevice15USBSerialDevice9rxHandlerE                             
200010f4  _ZN9usbdevice15USBSerialDevice9txHandlerE                             
00001799  _ZN9usbdevice15USBSerialDeviceC1EPFYjPvjjS1_ES3_S3_                   
00001799  _ZN9usbdevice15USBSerialDeviceC2EPFYjPvjjS1_ES3_S3_                   
20000c00  _ZN9usbdevice16g_sKeyboardStateE                                      
00004085  _ZN9usbdevice17USBKeyboardDevice11getInstanceEv                       
00004611  _ZN9usbdevice17USBKeyboardDevice12GetUsageCodeEcb                     
00001ce5  _ZN9usbdevice17USBKeyboardDevice14USBWriteStringEPKci                 
200010dc  _ZN9usbdevice17USBKeyboardDevice15keyboardHandlerE                    
00002799  _ZN9usbdevice17USBKeyboardDevice17USBKeyboardUpdateEhhb               
000031b3  _ZN9usbdevice17USBKeyboardDevice17getKeyboardDeviceEv                 
00004aed  _ZN9usbdevice17USBKeyboardDevice17releaseSpecialKeyEv                 
000021fd  _ZN9usbdevice17USBKeyboardDevice22USBPressKeyCombinationEhPKhi        
00004e6d  _ZN9usbdevice17USBKeyboardDevice23registerKeyboardHandlerEPFYjPvjjS1_E
000041e7  _ZN9usbdevice17USBKeyboardDeviceC1EPFYjPvjjS1_E                       
000041e7  _ZN9usbdevice17USBKeyboardDeviceC2EPFYjPvjjS1_E                       
20001008  __STACK_END                                                           
00000400  __STACK_SIZE                                                          
20000e08  __STACK_TOP                                                           
00005418  __TI_CINIT_Base                                                       
00005428  __TI_CINIT_Limit                                                      
00005404  __TI_Handler_Table_Base                                               
00005410  __TI_Handler_Table_Limit                                              
00003a0d  __TI_auto_init_nobinit_nopinit                                        
00002c59  __TI_decompress_lzss                                                  
00004df3  __TI_decompress_none                                                  
ffffffff  __TI_pprof_out_hndl                                                   
ffffffff  __TI_prof_data_size                                                   
ffffffff  __TI_prof_data_start                                                  
00000000  __TI_static_base__                                                    
00004e85  __TI_zero_init                                                        
000026a7  __aeabi_memclr                                                        
000026a7  __aeabi_memclr4                                                       
000026a7  __aeabi_memclr8                                                       
00001bb1  __aeabi_memcpy                                                        
00001bb1  __aeabi_memcpy4                                                       
00001bb1  __aeabi_memcpy8                                                       
000026a9  __aeabi_memset                                                        
000026a9  __aeabi_memset4                                                       
000026a9  __aeabi_memset8                                                       
ffffffff  __binit__                                                             
ffffffff  __c_args__                                                            
00004e79  __cxa_guard_acquire                                                   
00004ee1  __cxa_guard_release                                                   
UNDEFED   __mpu_init                                                            
20000c08  __stack                                                               
00003ea5  _c_int00_noargs                                                       
UNDEFED   _system_post_cinit                                                    
00004f6f  _system_pre_init                                                      
00004f73  abort                                                                 
ffffffff  binit                                                                 
200010f8  g_bUSBTimerInitialized                                                
20001104  g_iUSBMode                                                            
000050a0  g_pCDCCompSerConfigDescriptors                                        
000050a4  g_pCDCCompSerConfigDescriptorsHS                                      
20000ba4  g_pfnTickHandlers                                                     
00000000  g_pfnVectors                                                          
00005098  g_ppCDCSerConfigDescriptors                                           
0000509c  g_ppCDCSerConfigDescriptorsHS                                         
20000bec  g_ppCompConfigDescriptors                                             
20000bf0  g_ppsDevInfo                                                          
20001044  g_psCDCCompSerSections                                                
20001054  g_psCDCCompSerSectionsHS                                              
2000102c  g_psCDCSerSections                                                    
20001038  g_psCDCSerSectionsHS                                                  
20000b14  g_psDCDInst                                                           
00005296  g_pui8CDCSerCommInterface                                             
00005218  g_pui8CDCSerDataInterface                                             
0000522f  g_pui8CDCSerDataInterfaceHS                                           
2000101a  g_pui8CDCSerDescriptor                                                
20001008  g_pui8CDCSerDeviceDescriptor                                          
000050e7  g_pui8ConfigString                                                    
00005246  g_pui8ControlInterfaceString                                          
200010c7  g_pui8HIDDeviceDescriptor                                             
20001023  g_pui8IADSerDescriptor                                                
0000535d  g_pui8LangDescriptor                                                  
00005272  g_pui8ManufacturerString                                              
000052db  g_pui8ProductString                                                   
00005310  g_pui8SerialNumberString                                              
000052f8  g_pui8StringDescriptors                                               
20000bbc  g_pvTickInstance                                                      
00005088  g_sCDCCompSerConfigHeader                                             
00005090  g_sCDCCompSerConfigHeaderHS                                           
00005188  g_sCDCHandlers                                                        
00005060  g_sCDCSerCommInterfaceSection                                         
00005078  g_sCDCSerConfigHeader                                                 
00005080  g_sCDCSerConfigHeaderHS                                               
00005050  g_sCDCSerConfigSection                                                
00005068  g_sCDCSerDataInterfaceSection                                         
00005070  g_sCDCSerDataInterfaceSectionHS                                       
000051b8  g_sCompHandlers                                                       
000051e8  g_sHIDHandlers                                                        
00005058  g_sIADSerConfigSection                                                
200010fc  g_ui32CurrentUSBTick                                                  
2000111c  g_ui32SysTickCount                                                    
20001100  g_ui32USBSOFCount                                                     
20001108  g_ui32WaitTicks                                                       
00000465  main                                                                  
00001bb1  memcpy                                                                
000026af  memset                                                                
0000386d  uDMAChannelAttributeDisable                                           
00004739  uDMAChannelControlSet                                                 
00004b05  uDMAChannelDisable                                                    
00004b1d  uDMAChannelEnable                                                     
00004639  uDMAChannelModeGet                                                    
00002529  uDMAChannelTransferSet                                                
20000bf8  ui32RxCount                                                           
20000bfc  ui32TxCount                                                           


GLOBAL SYMBOLS: SORTED BY Symbol Address 

address   name                                                                  
-------   ----                                                                  
00000000  __TI_static_base__                                                    
00000000  g_pfnVectors                                                          
0000026d  BuildCompositeDescriptor                                              
00000400  __STACK_SIZE                                                          
00000465  main                                                                  
000005d5  UARTStdioIntHandler                                                   
00000735  USBLibDMAInit                                                         
00000895  USBDCDInit                                                            
00000b35  USBDeviceIntHandlerInternal                                           
00000c85  USBDeviceConfig                                                       
00000dcd  _Z12configureUSBv                                                     
000011dd  USBDHIDCompositeInit                                                  
000012bd  USBDCDCCompositeInit                                                  
00001395  USBDeviceEnumHandler                                                  
00001541  USBDCompositeInit                                                     
00001799  _ZN9usbdevice15USBSerialDeviceC1EPFYjPvjjS1_ES3_S3_                   
00001799  _ZN9usbdevice15USBSerialDeviceC2EPFYjPvjjS1_ES3_S3_                   
000019c5  UARTwrite                                                             
00001b15  USBDHIDKeyboardCompositeInit                                          
00001bb1  __aeabi_memcpy                                                        
00001bb1  __aeabi_memcpy4                                                       
00001bb1  __aeabi_memcpy8                                                       
00001bb1  memcpy                                                                
00001ce5  _ZN9usbdevice17USBKeyboardDevice14USBWriteStringEPKci                 
00001f39  USBDCDCPacketRead                                                     
000020e5  USBDeviceConfigAlternate                                              
00002171  _ZN9usbdevice15USBSerialDevice13GetLineCodingEP11tLineCoding          
000021fd  _ZN9usbdevice17USBKeyboardDevice22USBPressKeyCombinationEhPKhi        
00002289  ButtonsPoll                                                           
00002399  USBDHIDKeyboardKeyStateChange                                         
0000241f  _ZN9usbdevice15USBSerialDevice15getSerialDeviceEv                     
00002421  _ZN9usbdevice15USBSerialDevice13SetLineCodingEP11tLineCoding          
00002529  uDMAChannelTransferSet                                                
0000262d  USBDevEndpointConfigSet                                               
000026a7  __aeabi_memclr                                                        
000026a7  __aeabi_memclr4                                                       
000026a7  __aeabi_memclr8                                                       
000026a9  __aeabi_memset                                                        
000026a9  __aeabi_memset4                                                       
000026a9  __aeabi_memset8                                                       
000026af  memset                                                                
00002799  _ZN9usbdevice17USBKeyboardDevice17USBKeyboardUpdateEhhb               
00002811  _Z14ControlHandlerPvjjS_                                              
00002885  ProcessDataFromHost                                                   
000028f7  _ZN9usbdevice15USBSerialDevice19SetControlLineStateEt                 
00002a49  ProcessDataToHost                                                     
00002b21  ButtonsInit                                                           
00002b89  IntDisable                                                            
00002bf1  IntEnable                                                             
00002c59  __TI_decompress_lzss                                                  
00002ded  IntIsEnabled                                                          
00002e51  USBBufferEventCallback                                                
00003039  USBDCDCPacketWrite                                                    
000030f9  USBDevEndpointStatusClear                                             
000031b3  _ZN9usbdevice17USBKeyboardDevice17getKeyboardDeviceEv                 
000031b5  _ZN9usbdevice13USBCompDeviceC1EPFYjPvjjS1_E                           
000031b5  _ZN9usbdevice13USBCompDeviceC2EPFYjPvjjS1_E                           
0000330d  ULPIConfigSet                                                         
00003361  SysCtlPeripheralReset                                                 
000033b1  USBDCDConfigDescGet                                                   
00003401  USBDeviceResumeTickHandler                                            
00003451  _ZN9usbdevice15USBSerialDevice20USBUARTPrimeTransmitEv                
000034a1  _ZN9usbdevice15USBSerialDevice9connectedEv                            
00003589  USBEndpointDMAConfigSet                                               
000036ff  USBDHIDReportWrite                                                    
00003749  USBDevEndpointStallClear                                              
00003825  USBDeviceEnumResetHandler                                             
0000386d  uDMAChannelAttributeDisable                                           
000038b5  USBEndpointDataGet                                                    
000038fd  USBDCDDeviceInfoInit                                                  
00003985  _Z9RxHandlerPvjjS_                                                    
000039c9  _ZN9usbdevice15USBSerialDevice11getInstanceEv                         
00003a0d  __TI_auto_init_nobinit_nopinit                                        
00003a51  _ZN9usbdevice15USBSerialDevice12disconnectedEv                        
00003b51  _ZN9usbdevice13USBCompDevice4initEv                                   
00003c03  USBFIFOConfigSet                                                      
00003c75  InternalUSBRegisterTickHandler                                        
00003cad  InternalUSBStartOfFrameTick                                           
00003dc5  USBDCDConfigGetInterfaceEndpoint                                      
00003dfd  USBIntStatusControl                                                   
00003e35  USBRingBufAdvanceWrite                                                
00003e6d  _ZN9usbdevice15USBSerialDevice9SendBreakEb                            
00003ea5  _c_int00_noargs                                                       
00003f49  USBEndpointDataPut                                                    
00003fe9  SysCtlPeripheralEnable                                                
0000401d  USBEndpointDataSend                                                   
00004051  _ZN9usbdevice13USBCompDevice11getInstanceEv                           
00004085  _ZN9usbdevice17USBKeyboardDevice11getInstanceEv                       
00004183  ProcessNotificationToHost                                             
000041b5  USBDevEndpointStall                                                   
000041e7  _ZN9usbdevice17USBKeyboardDeviceC1EPFYjPvjjS1_E                       
000041e7  _ZN9usbdevice17USBKeyboardDeviceC2EPFYjPvjjS1_E                       
000042ad  InternalUSBTickInit                                                   
0000436b  USBBufferWrite                                                        
00004399  USBDCDCRxPacketAvailable                                              
000043c7  _ZN9usbdevice15USBSerialDevice10readBufferEv                          
00004421  USBDescGet                                                            
000044a3  USBDCDConfigDescGetNum                                                
000044cd  USBDescGetNum                                                         
000044f7  USBDevEndpointDataAck                                                 
00004571  USBBufferRead                                                         
000045c1  USBIntEnableControl                                                   
000045e9  _Z18USBKeyboardHandlerPvjjS_                                          
00004611  _ZN9usbdevice17USBKeyboardDevice12GetUsageCodeEcb                     
00004639  uDMAChannelModeGet                                                    
000046a9  USBEndpointDMADisable                                                 
000046cd  USBEndpointDMAEnable                                                  
000046f1  USBStackModeSet                                                       
00004715  _Z5delayi                                                             
00004739  uDMAChannelControlSet                                                 
00004887  USBRingBufAdvanceRead                                                 
000048a7  USBRingBufContigFree                                                  
000048c5  USBULPIRegRead                                                        
000048e3  USBULPIRegWrite                                                       
00004939  USBDCDConfigGetInterface                                              
00004955  USBDCDStallEP0                                                        
00004971  USBEndpointDataAvail                                                  
0000498d  USBRingBufRead                                                        
000049a9  USBRingBufWrite                                                       
000049f9  USBDCDConfigDescGetSize                                               
00004a13  USBEndpointDMAChannel                                                 
00004a75  USB0DeviceIntHandler                                                  
00004a8d  USBBufferInit                                                         
00004aa5  USBDCDFeatureGet                                                      
00004aed  _ZN9usbdevice17USBKeyboardDevice17releaseSpecialKeyEv                 
00004b05  uDMAChannelDisable                                                    
00004b1d  uDMAChannelEnable                                                     
00004b61  USBIntEnableEndpoint                                                  
00004b77  USBRingBufFlush                                                       
00004b8d  USBRingBufReadOne                                                     
00004ba3  USBRingBufUsed                                                        
00004bb9  _ZN9usbdevice15USBSerialDevice10initBufferEv                          
00004be5  SysCtlUSBPLLEnable                                                    
00004bf9  USBDCDCTxPacketAvailable                                              
00004c0d  USBDCDRequestDataEP0                                                  
00004c21  USBDCDSendDataEP0                                                     
00004c35  USBDMAChannelConfigSet                                                
00004c49  USBHostResume                                                         
00004cb9  USBDMAChannelDisable                                                  
00004ccb  USBDMAChannelEnable                                                   
00004cdd  USBDMAChannelIntDisable                                               
00004cef  USBDMAChannelIntEnable                                                
00004d01  USBRingBufFree                                                        
00004d13  IntMasterDisable                                                      
00004d23  IntMasterEnable                                                       
00004d35  SysTickIntHandler                                                     
00004d45  USBEndpointStatus                                                     
00004d55  USBRingBufContigUsed                                                  
00004d65  USBRingBufWriteOne                                                    
00004d91  USBDHIDTxPacketAvailable                                              
00004d9f  USBDMAChannelStatus                                                   
00004dad  USBDevLPMDisable                                                      
00004dbb  USBDevLPMEnable                                                       
00004dc9  USBULPIDisable                                                        
00004dd7  USBULPIEnable                                                         
00004de5  _ZN9usbdevice15USBSerialDevice22resetCommandStatusFlagEv              
00004df3  __TI_decompress_none                                                  
00004e01  CPUcpsid                                                              
00004e0d  CPUcpsie                                                              
00004e19  USBEndpointPacketCountSet                                             
00004e25  USBLPMIntEnable                                                       
00004e31  USBRingBufInit                                                        
00004e3d  _ZN9usbdevice13USBCompDevice20registerEventHandlerEPFYjPvjjS1_E       
00004e49  _ZN9usbdevice15USBSerialDevice17registerRxHandlerEPFYjPvjjS1_E        
00004e55  _ZN9usbdevice15USBSerialDevice17registerTxHandlerEPFYjPvjjS1_E        
00004e61  _ZN9usbdevice15USBSerialDevice22registerControlHandlerEPFYjPvjjS1_E   
00004e6d  _ZN9usbdevice17USBKeyboardDevice23registerKeyboardHandlerEPFYjPvjjS1_E
00004e79  __cxa_guard_acquire                                                   
00004e85  __TI_zero_init                                                        
00004e91  USBClockEnable                                                        
00004e9b  USBControllerVersion                                                  
00004ea5  USBDMAChannelAddressSet                                               
00004eaf  USBDMAChannelCountSet                                                 
00004eb9  USBDevConnect                                                         
00004ec3  USBDevDisconnect                                                      
00004ecd  USBIntStatusEndpoint                                                  
00004ed7  _ZN9usbdevice15USBSerialDevice20commandStatusUpdatedEv                
00004ee1  __cxa_guard_release                                                   
00004eeb  USBDevMode                                                            
00004ef3  USBFIFOAddrGet                                                        
00004efb  USBOTGMode                                                            
00004f13  GPIOPinWrite                                                          
00004f19  ResetISR                                                              
00004f1f  SysCtlDelay                                                           
00004f25  USBBufferFlush                                                        
00004f2b  USBDMAChannelIntStatus                                                
00004f31  USBDevLPMConfig                                                       
00004f37  USBLPMIntStatus                                                       
00004f3d  _ZN9usbdevice15USBSerialDevice15getRxEventCountEv                     
00004f43  _ZN9usbdevice15USBSerialDevice16getReceiveBufferEv                    
00004f49  _ZN9usbdevice15USBSerialDevice19getReceiveBufferEndEv                 
00004f4f  _ZN9usbdevice15USBSerialDevice5writeEPhj                              
00004f63  USBDevAddrSet                                                         
00004f67  _Z15USBEventHandlerPvjjS_                                             
00004f6b  _Z9TxHandlerPvjjS_                                                    
00004f6f  _system_pre_init                                                      
00004f73  C$$EXIT                                                               
00004f73  abort                                                                 
00005050  g_sCDCSerConfigSection                                                
00005058  g_sIADSerConfigSection                                                
00005060  g_sCDCSerCommInterfaceSection                                         
00005068  g_sCDCSerDataInterfaceSection                                         
00005070  g_sCDCSerDataInterfaceSectionHS                                       
00005078  g_sCDCSerConfigHeader                                                 
00005080  g_sCDCSerConfigHeaderHS                                               
00005088  g_sCDCCompSerConfigHeader                                             
00005090  g_sCDCCompSerConfigHeaderHS                                           
00005098  g_ppCDCSerConfigDescriptors                                           
0000509c  g_ppCDCSerConfigDescriptorsHS                                         
000050a0  g_pCDCCompSerConfigDescriptors                                        
000050a4  g_pCDCCompSerConfigDescriptorsHS                                      
000050e7  g_pui8ConfigString                                                    
00005188  g_sCDCHandlers                                                        
000051b8  g_sCompHandlers                                                       
000051e8  g_sHIDHandlers                                                        
00005218  g_pui8CDCSerDataInterface                                             
0000522f  g_pui8CDCSerDataInterfaceHS                                           
00005246  g_pui8ControlInterfaceString                                          
00005272  g_pui8ManufacturerString                                              
00005296  g_pui8CDCSerCommInterface                                             
000052db  g_pui8ProductString                                                   
000052f8  g_pui8StringDescriptors                                               
00005310  g_pui8SerialNumberString                                              
00005348  FLAG_MOVE_UPDATE                                                      
00005349  FLAG_CONNECTED                                                        
0000534a  FLAG_LED_ACTIVITY                                                     
0000534b  FLAG_MOVE_MOUSE                                                       
0000534c  FLAG_COMMAND_RECEIVED                                                 
0000534d  FLAG_SUSPENDED                                                        
00005350  NUM_STRING_DESCRIPTORS                                                
0000535d  g_pui8LangDescriptor                                                  
00005404  __TI_Handler_Table_Base                                               
00005410  __TI_Handler_Table_Limit                                              
00005418  __TI_CINIT_Base                                                       
00005428  __TI_CINIT_Limit                                                      
20000b14  g_psDCDInst                                                           
20000ba4  g_pfnTickHandlers                                                     
20000bbc  g_pvTickInstance                                                      
20000bec  g_ppCompConfigDescriptors                                             
20000bf0  g_ppsDevInfo                                                          
20000bf8  ui32RxCount                                                           
20000bfc  ui32TxCount                                                           
20000c00  _ZN9usbdevice16g_sKeyboardStateE                                      
20000c08  __stack                                                               
20000e08  __STACK_TOP                                                           
20001008  __STACK_END                                                           
20001008  g_pui8CDCSerDeviceDescriptor                                          
2000101a  g_pui8CDCSerDescriptor                                                
20001023  g_pui8IADSerDescriptor                                                
2000102c  g_psCDCSerSections                                                    
20001038  g_psCDCSerSectionsHS                                                  
20001044  g_psCDCCompSerSections                                                
20001054  g_psCDCCompSerSectionsHS                                              
200010c7  g_pui8HIDDeviceDescriptor                                             
200010dc  _ZN9usbdevice17USBKeyboardDevice15keyboardHandlerE                    
200010ec  _ZN9usbdevice15USBSerialDevice14controlHandlerE                       
200010f0  _ZN9usbdevice15USBSerialDevice9rxHandlerE                             
200010f4  _ZN9usbdevice15USBSerialDevice9txHandlerE                             
200010f8  g_bUSBTimerInitialized                                                
200010fc  g_ui32CurrentUSBTick                                                  
20001100  g_ui32USBSOFCount                                                     
20001104  g_iUSBMode                                                            
20001108  g_ui32WaitTicks                                                       
20001118  _ZN9usbdevice13USBCompDevice12eventHandlerE                           
2000111c  g_ui32SysTickCount                                                    
ffffffff  __TI_pprof_out_hndl                                                   
ffffffff  __TI_prof_data_size                                                   
ffffffff  __TI_prof_data_start                                                  
ffffffff  __binit__                                                             
ffffffff  __c_args__                                                            
ffffffff  binit                                                                 
UNDEFED   __mpu_init                                                            
UNDEFED   _system_post_cinit                                                    

[273 symbols]
