******************************************************************************
                  TI ARM Linker PC v18.1.3                     
******************************************************************************
>> Linked Mon Jan 14 12:33:34 2019

OUTPUT FILE NAME:   <usb_keyb_dev.out>
ENTRY POINT SYMBOL: "_c_int00_noargs"  address: 000051bd


MEMORY CONFIGURATION

         name            origin    length      used     unused   attr    fill
----------------------  --------  ---------  --------  --------  ----  --------
  FLASH                 00000000   00040000  00006e20  000391e0  R  X
  SRAM                  20000000   00008000  00001220  00006de0  RW X


SEGMENT ALLOCATION MAP

run origin  load origin   length   init length attrs members
----------  ----------- ---------- ----------- ----- -------
00000000    00000000    00006e20   00006e20    r-x
  00000000    00000000    0000026c   0000026c    r-- .intvecs
  0000026c    0000026c    000063a8   000063a8    r-x .text
  00006614    00006614    00000720   00000720    r-- .const
  00006d34    00006d34    0000000c   0000000c    r-- .init_array
  00006d40    00006d40    000000e0   000000e0    r-- .cinit
20000000    20000000    00001228   00000000    rw-
  20000000    20000000    00000cd4   00000000    rw- .bss
  20000cd8    20000cd8    00000400   00000000    rw- .stack
  200010d8    200010d8    00000144   00000000    rw- .data
  20001220    20001220    00000008   00000000    rw- .sysmem


SECTION ALLOCATION MAP

 output                                  attributes/
section   page    origin      length       input sections
--------  ----  ----------  ----------   ----------------
.intvecs   0    00000000    0000026c     
                  00000000    0000026c     tm4c123gh6pm_startup_ccs.obj (.intvecs)

.text      0    0000026c    000063a8     
                  0000026c    0000048c     main.obj (.text:main)
                  000006f8    00000282     MFRC522.obj (.text:_ZN11rfid_reader7MFRC52211select_PICCEPNS_3UidEh)
                  0000097a    000001f6     usblib.lib : usbdcomp.obj (.text:BuildCompositeDescriptor)
                  00000b70    000001a0     Wire.obj (.text:_ZN7TwoWire5beginEv)
                  00000d10    00000160     uartstdio.obj (.text:UARTStdioIntHandler)
                  00000e70    00000160     usblib.lib : usbdma.obj (.text:USBLibDMAInit)
                  00000fd0    00000150                : usbdenum.obj (.text:USBDCDInit)
                  00001120    00000150                : usbdenum.obj (.text:USBDEP0StateTxConfig)
                  00001270    00000150                : usbdenum.obj (.text:USBDeviceIntHandlerInternal)
                  000013c0    00000148                : usbdconfig.obj (.text:USBDeviceConfig)
                  00001508    00000126     MFRC522.obj (.text:_ZN11rfid_reader7MFRC52219communicateWithPICCEhhPhhS1_S1_S1_hb)
                  0000162e    00000002     tm4c123gh6pm_startup_ccs.obj (.text:FaultISR)
                  00001630    0000011c     main.obj (.text:_Z12configureUSBv)
                  0000174c    00000114     usblib.lib : usbdhid.obj (.text:HandleRequest)
                  00001860    00000110     driverlib.lib : sysctl.obj (.text:SysCtlClockGet)
                  00001970    00000108     SPI.obj (.text:_ZN8SPIClass5beginEv)
                  00001a78    000000f4     usblib.lib : usbdma.obj (.text:iDMAUSBTransfer)
                  00001b6c    000000ec     Wire.obj (.text:_ZN7TwoWire5beginEh)
                  00001c58    000000e4     usblib.lib : usbdenum.obj (.text:USBDGetDescriptor)
                  00001d3c    000000e0                : usbdhid.obj (.text:USBDHIDCompositeInit)
                  00001e1c    000000d8                : usbdcdc.obj (.text:USBDCDCCompositeInit)
                  00001ef4    000000d8                : usbdenum.obj (.text:USBDeviceEnumHandler)
                  00001fcc    000000d8     Wire.obj (.text:_ZN7TwoWire9forceStopEv)
                  000020a4    000000d8     rtsv7M4_T_le_v4SPD16_eabi.lib : memory.c.obj (.text:free)
                  0000217c    000000d4     usblib.lib : usbdcdc.obj (.text:HandleRequests)
                  00002250    000000d4                : usbdcomp.obj (.text:USBDCompositeInit)
                  00002324    000000cc     MFRC522.obj (.text:_ZN11rfid_reader7MFRC52212readRegisterENS_12PCD_RegisterEhPhh)
                  000023f0    000000c4     usblib.lib : usbdma.obj (.text:uDMAUSBChannelAllocate)
                  000024b4    000000c0     USBSerialDevice.obj (.text:_ZN9usbdevice15USBSerialDeviceC1EPFYjPvjjS1_ES3_S3_)
                  00002574    000000c0     USBKeyboardDevice.obj (.text:_ZN9usbdevice17USBKeyboardDevice14USBWriteStringEPKci)
                  00002634    000000be     usblib.lib : usbbuffer.obj (.text:HandleRxAvailable)
                  000026f2    000000bc                : usbdma.obj (.text:uDMAUSBTransfer)
                  000027ae    000000b4                : usbdcdc.obj (.text:HandleDevice)
                  00002862    00000002     tm4c123gh6pm_startup_ccs.obj (.text:IntDefaultHandler)
                  00002864    000000a8     uartstdio.obj (.text:UARTwrite)
                  0000290c    000000a6     usblib.lib : usbdhidkeyb.obj (.text:HIDKeyboardRxHandler)
                  000029b2    00000002     tm4c123gh6pm_startup_ccs.obj (.text:NmiSR)
                  000029b4    0000009c     usblib.lib : usbdhidkeyb.obj (.text:USBDHIDKeyboardCompositeInit)
                  00002a50    0000009c     rtsv7M4_T_le_v4SPD16_eabi.lib : memcpy_t2.asm.obj (.text)
                  00002aec    00000098     usblib.lib : usbdenum.obj (.text:USBDSetInterface)
                  00002b84    00000096                : usbdcdc.obj (.text:CDCTickHandler)
                  00002c1a    00000094                : usbdcdc.obj (.text:SendSerialState)
                  00002cae    00000092                : usbbuffer.obj (.text:ScheduleNextTransmission)
                  00002d40    00000090                : usbdcdc.obj (.text:USBDCDCPacketRead)
                  00002dd0    00000090                : usbdenum.obj (.text:USBDSetConfiguration)
                  00002e60    0000008c     uartstdio.obj (.text:UARTPrimeTransmit)
                  00002eec    0000008c     usblib.lib : usbdconfig.obj (.text:USBDeviceConfigAlternate)
                  00002f78    0000008c     USBSerialDevice.obj (.text:_ZN9usbdevice15USBSerialDevice13GetLineCodingEP11tLineCoding)
                  00003004    0000008c     USBKeyboardDevice.obj (.text:_ZN9usbdevice17USBKeyboardDevice22USBPressKeyCombinationEhPKhi)
                  00003090    00000088     usblib.lib : usbdhid.obj (.text:ProcessIdleTimers)
                  00003118    00000086                : usbdhidkeyb.obj (.text:USBDHIDKeyboardKeyStateChange)
                  0000319e    00000002     HardwareSerial.obj (.text:_ZN5Print5flushEv)
                  000031a0    00000084     Wire.obj (.text:_ZN7TwoWire5writeEh)
                  00003224    00000084     USBSerialDevice.obj (.text:_ZN9usbdevice15USBSerialDevice13SetLineCodingEP11tLineCoding)
                  000032a8    00000084     usblib.lib : usbdma.obj (.text:iDMAUSBChannelAllocate)
                  0000332c    00000084     driverlib.lib : udma.obj (.text:uDMAChannelTransferSet)
                  000033b0    00000080     usblib.lib : usbdenum.obj (.text:USBDClearFeature)
                  00003430    0000007a     driverlib.lib : usb.obj (.text:USBDevEndpointConfigSet)
                  000034aa    0000007a     rtsv7M4_T_le_v4SPD16_eabi.lib : memset_t2.asm.obj (.text)
                  00003524    00000078     usblib.lib : usbdenum.obj (.text:USBDGetStatus)
                  0000359c    00000078     HardwareSerial.obj (.text:_ZN14HardwareSerial13primeTransmitEm)
                  00003614    00000078     USBKeyboardDevice.obj (.text:_ZN9usbdevice17USBKeyboardDevice17USBKeyboardUpdateEhhb)
                  0000368c    00000074     main.obj (.text:_Z14ControlHandlerPvjjS_)
                  00003700    00000072     usblib.lib : usbdcdc.obj (.text:ProcessDataFromHost)
                  00003772    00000002     USBSerialDevice.obj (.text:_ZN9usbdevice15USBSerialDevice15getSerialDeviceEv)
                  00003774    00000070     usblib.lib : usbdenum.obj (.text:USBDEP0StateTx)
                  000037e4    00000070                : usbdma.obj (.text:uDMAUSBArbSizeSet)
                  00003854    00000070                : usbdma.obj (.text:uDMAUSBUnitSizeSet)
                  000038c4    0000006c                : usbdcdc.obj (.text:ProcessDataToHost)
                  00003930    0000006c                : usbdenum.obj (.text:USBDSetFeature)
                  0000399c    0000006a     MFRC522.obj (.text:_ZN11rfid_reader7MFRC5224initEv)
                  00003a06    00000002     USBSerialDevice.obj (.text:_ZN9usbdevice15USBSerialDevice19SetControlLineStateEt)
                  00003a08    00000068     buttons.obj (.text:ButtonsInit)
                  00003a70    00000068     driverlib.lib : interrupt.obj (.text:IntDisable)
                  00003ad8    00000068                   : interrupt.obj (.text:IntEnable)
                  00003b40    00000068     rtsv7M4_T_le_v4SPD16_eabi.lib : copy_decompress_lzss.c.obj (.text:decompress:lzss:__TI_decompress_lzss)
                  00003ba8    00000066     MFRC522.obj (.text:_ZN11rfid_reader7MFRC52212REQA_or_WUPAEhPhS1_)
                  00003c0e    00000066     MFRC522.obj (.text:_ZN11rfid_reader7MFRC52212calculateCRCEPhhS1_)
                  00003c74    00000064     usblib.lib : usbdcomp.obj (.text:GetDescriptor)
                  00003cd8    00000064                : usbdhid.obj (.text:HandleGetDescriptor)
                  00003d3c    00000064                : usbdcomp.obj (.text:HandleRequests)
                  00003da0    00000064     driverlib.lib : interrupt.obj (.text:IntIsEnabled)
                  00003e04    00000064     usblib.lib : usbbuffer.obj (.text:USBBufferEventCallback)
                  00003e68    00000064     HardwareSerial.obj (.text:__sti___18_HardwareSerial_cpp_5fc7db02)
                  00003ecc    00000064     usblib.lib : usbdma.obj (.text:uDMAUSBChannelEnable)
                  00003f30    00000060                : usbdcomp.obj (.text:HandleDevice)
                  00003f90    00000060                : usbdhid.obj (.text:HandleDevice)
                  00003ff0    00000060                : usbdhid.obj (.text:ProcessDataFromHost)
                  00004050    00000060                : usbdcdc.obj (.text:USBDCDCPacketWrite)
                  000040b0    00000060                : usbdenum.obj (.text:USBDReadAndDispatchRequest)
                  00004110    00000060     HardwareSerial.obj (.text:_ZN14HardwareSerial5writeEh)
                  00004170    00000060     rtsv7M4_T_le_v4SPD16_eabi.lib : autoinit.c.obj (.text:__TI_auto_init_nobinit:__TI_auto_init_nobinit)
                  000041d0    0000005e     driverlib.lib : usb.obj (.text:USBDevEndpointStatusClear)
                  0000422e    0000005c     usblib.lib : usbdhid.obj (.text:FindHIDDescriptor)
                  0000428a    00000002     USBKeyboardDevice.obj (.text:_ZN9usbdevice17USBKeyboardDevice17getKeyboardDeviceEv)
                  0000428c    0000005c     MFRC522.obj (.text:_ZN11rfid_reader7MFRC52213writeRegisterEhhPh)
                  000042e8    00000058     USBCompDevice.obj (.text:_ZN9usbdevice13USBCompDeviceC1EPFYjPvjjS1_E)
                  00004340    00000056     usblib.lib : usbdhidkeyb.obj (.text:RemoveKeyFromPressedList)
                  00004396    00000056                : usbdma.obj (.text:uDMAUSBChannelRelease)
                  000043ec    00000054                : usbdhid.obj (.text:ProcessDataToHost)
                  00004440    00000052                : usbulpi.obj (.text:ULPIConfigSet)
                  00004492    00000002     rtsv7M4_T_le_v4SPD16_eabi.lib : stdlib_typeinfo.cpp.obj (.text:_ZNSt9type_infoD1Ev)
                  00004494    00000050     driverlib.lib : sysctl.obj (.text:SysCtlPeripheralReset)
                  000044e4    00000050     usblib.lib : usbdcdesc.obj (.text:USBDCDConfigDescGet)
                  00004534    00000050                : usbdenum.obj (.text:USBDeviceResumeTickHandler)
                  00004584    00000050     MFRC522.obj (.text:_ZN11rfid_reader7MFRC522C1Ev)
                  000045d4    00000050     USBSerialDevice.obj (.text:_ZN9usbdevice15USBSerialDevice20USBUARTPrimeTransmitEv)
                  00004624    0000004e     USBSerialDevice.obj (.text:_ZN9usbdevice15USBSerialDevice9connectedEv)
                  00004672    0000004c     usblib.lib : usbdconfig.obj (.text:GetEPDescriptorType)
                  000046be    00000002     rtsv7M4_T_le_v4SPD16_eabi.lib : _lock.c.obj (.text:_nop)
                  000046c0    0000004c     usblib.lib : usbdenum.obj (.text:USBDStringIndexFromRequest)
                  0000470c    0000004c     driverlib.lib : usb.obj (.text:USBEndpointDMAConfigSet)
                  00004758    0000004c     MFRC522.obj (.text:_ZN11rfid_reader7MFRC52212readRegisterEh)
                  000047a4    0000004c     usblib.lib : usbdma.obj (.text:iDMAUSBChannelEnable)
                  000047f0    0000004a                : usbdcdesc.obj (.text:ConfigAlternateInterfaceGet)
                  0000483a    0000004a                : usbdcdc.obj (.text:HandleEP0Data)
                  00004884    0000004a                : usbdcdc.obj (.text:HandleEndpoints)
                  000048ce    0000004a                : usbdhid.obj (.text:USBDHIDReportWrite)
                  00004918    0000004a     driverlib.lib : usb.obj (.text:USBDevEndpointStallClear)
                  00004962    0000004a     usblib.lib : usbdma.obj (.text:uDMAUSBChannelDisable)
                  000049ac    00000048                : usbdhid.obj (.text:SetIdleTimeout)
                  000049f4    00000048                : usbdenum.obj (.text:USBDeviceEnumResetHandler)
                  00004a3c    00000048     MFRC522.obj (.text:_ZN11rfid_reader7MFRC52213writeRegisterEhh)
                  00004a84    00000048     SPI.obj (.text:_ZN8SPIClass8transferEh)
                  00004acc    00000048     driverlib.lib : udma.obj (.text:uDMAChannelAttributeDisable)
                  00004b14    00000046                   : usb.obj (.text:USBEndpointDataGet)
                  00004b5a    00000002     usblib.lib : usbdma.obj (.text:iDMAUSBArbSizeSet)
                  00004b5c    00000044                : usbdenum.obj (.text:USBDCDDeviceInfoInit)
                  00004ba0    00000044                : usbdenum.obj (.text:USBDGetInterface)
                  00004be4    00000044     main.obj (.text:_Z9RxHandlerPvjjS_)
                  00004c28    00000044     USBSerialDevice.obj (.text:_ZN9usbdevice15USBSerialDevice11getInstanceEv)
                  00004c6c    00000041     USBSerialDevice.obj (.text:_ZN9usbdevice15USBSerialDevice12disconnectedEv)
                  00004cad    00000001     --HOLE-- [fill = 0]
                  00004cae    00000040     usblib.lib : usbdcomp.obj (.text:ConfigChangeHandler)
                  00004cee    00000040                : usbdhid.obj (.text:ScheduleReportTransmission)
                  00004d2e    00000002                : usbdma.obj (.text:iDMAUSBUnitSizeSet)
                  00004d30    00000040     HardwareSerial.obj (.text:_ZN14HardwareSerialC1Em)
                  00004d70    00000040     HardwareSerial.obj (.text:_ZN14HardwareSerialC1Ev)
                  00004db0    0000003e     usblib.lib : usbdhidkeyb.obj (.text:HIDKeyboardTxHandler)
                  00004dee    0000003e     USBSerialDevice.obj (.text:_ZN9usbdevice15USBSerialDevice10readBufferEv)
                  00004e2c    0000003c     USBCompDevice.obj (.text:_ZN9usbdevice13USBCompDevice4initEv)
                  00004e68    0000003c     usblib.lib : usbdma.obj (.text:iDMAUSBChannelRelease)
                  00004ea4    0000003c     rtsv7M4_T_le_v4SPD16_eabi.lib : memory.c.obj (.text:minsert)
                  00004ee0    0000003a     usblib.lib : usbdcomp.obj (.text:EndpointToIndex)
                  00004f1a    0000003a     driverlib.lib : usb.obj (.text:USBFIFOConfigSet)
                  00004f54    00000038     usblib.lib : usbdcomp.obj (.text:HandleDisconnect)
                  00004f8c    00000038                : usbtick.obj (.text:InternalUSBRegisterTickHandler)
                  00004fc4    00000038                : usbtick.obj (.text:InternalUSBStartOfFrameTick)
                  00004ffc    00000038                : usbdcomp.obj (.text:ResetHandler)
                  00005034    00000038                : usbdcomp.obj (.text:ResumeHandler)
                  0000506c    00000038                : usbdcdc.obj (.text:SendBreak)
                  000050a4    00000038                : usbdcomp.obj (.text:SuspendHandler)
                  000050dc    00000038                : usbdcdesc.obj (.text:USBDCDConfigGetInterfaceEndpoint)
                  00005114    00000038     driverlib.lib : usb.obj (.text:USBIntStatusControl)
                  0000514c    00000038     usblib.lib : usbringbuf.obj (.text:USBRingBufAdvanceWrite)
                  00005184    00000038     USBSerialDevice.obj (.text:_ZN9usbdevice15USBSerialDevice9SendBreakEb)
                  000051bc    00000038     rtsv7M4_T_le_v4SPD16_eabi.lib : boot_cortex_m.c.obj (.text:_c_int00_noargs:_c_int00_noargs)
                  000051f4    00000038                                   : memory.c.obj (.text:minit)
                  0000522c    00000036     usblib.lib : usbdhid.obj (.text:HandleEndpoints)
                  00005262    00000036                : usbdcomp.obj (.text:InterfaceChange)
                  00005298    00000036     driverlib.lib : usb.obj (.text:USBEndpointDataPut)
                  000052ce    00000002     usblib.lib : usbdma.obj (.text:uDMAUSBChannelIntDisable)
                  000052d0    00000034                : usbdhid.obj (.text:HIDTickHandler)
                  00005304    00000034                : usbdcdc.obj (.text:HandleConfigChange)
                  00005338    00000034     driverlib.lib : sysctl.obj (.text:SysCtlPeripheralEnable)
                  0000536c    00000034                   : usb.obj (.text:USBEndpointDataSend)
                  000053a0    00000034     Wire.obj (.text:_ZN7TwoWire4readEv)
                  000053d4    00000034     USBCompDevice.obj (.text:_ZN9usbdevice13USBCompDevice11getInstanceEv)
                  00005408    00000034     USBSerialDevice.obj (.text:_ZN9usbdevice15USBSerialDevice17pushReceiveBufferEh)
                  0000543c    00000034     USBKeyboardDevice.obj (.text:_ZN9usbdevice17USBKeyboardDevice11getInstanceEv)
                  00005470    00000034     usblib.lib : usbdma.obj (.text:iDMAUSBChannelStatus)
                  000054a4    00000032                : usbdhid.obj (.text:ClearReportTimer)
                  000054d6    00000032                : usbdhid.obj (.text:HandleConfigChange)
                  00005508    00000032                : usbdcdesc.obj (.text:NextConfigDescGet)
                  0000553a    00000032                : usbdcdc.obj (.text:ProcessNotificationToHost)
                  0000556c    00000032     driverlib.lib : usb.obj (.text:USBDevEndpointStall)
                  0000559e    00000032     USBKeyboardDevice.obj (.text:_ZN9usbdevice17USBKeyboardDeviceC1EPFYjPvjjS1_E)
                  000055d0    00000032     usblib.lib : usbdma.obj (.text:iDMAUSBChannelDisable)
                  00005602    00000030                : usbdhidkeyb.obj (.text:AddKeyToPressedList)
                  00005632    00000030                : usbdma.obj (.text:DMAUSBIntHandler)
                  00005662    00000002                : usbdma.obj (.text:uDMAUSBChannelIntEnable)
                  00005664    00000030                : usbtick.obj (.text:InternalUSBTickInit)
                  00005694    00000030                : usbdenum.obj (.text:USBDGetConfiguration)
                  000056c4    00000030                : usbringbuf.obj (.text:UpdateIndexAtomic)
                  000056f4    0000002e                : usbdcomp.obj (.text:HandleEndpoints)
                  00005722    0000002e                : usbbuffer.obj (.text:USBBufferWrite)
                  00005750    0000002e                : usbdcdc.obj (.text:USBDCDCRxPacketAvailable)
                  0000577e    0000002e     Print.obj (.text:_ZN5Print5writeEPKhj)
                  000057ac    0000002e     USBSerialDevice.obj (.text:_ZN9usbdevice15USBSerialDevice16popReceiveBufferEv)
                  000057da    0000002c     usblib.lib : usbdcomp.obj (.text:InterfaceToIndex)
                  00005806    0000002c                : usbdesc.obj (.text:USBDescGet)
                  00005832    00000002     --HOLE-- [fill = 0]
                  00005834    0000002c     HardwareSerial.obj (.text:_ZN14HardwareSerial5flushEv)
                  00005860    0000002c     usblib.lib : usbdma.obj (.text:uDMAUSBIntStatus)
                  0000588c    0000002a                : usbbuffer.obj (.text:HandleRequestBuffer)
                  000058b6    0000002a                : usbdcdesc.obj (.text:USBDCDConfigDescGetNum)
                  000058e0    0000002a                : usbdesc.obj (.text:USBDescGetNum)
                  0000590a    0000002a     driverlib.lib : usb.obj (.text:USBDevEndpointDataAck)
                  00005934    0000002a     MFRC522.obj (.text:_ZN11rfid_reader7MFRC52214transceiveDataEPhhS1_S1_S1_hb)
                  0000595e    00000028     usblib.lib : usbdhid.obj (.text:GetIdleTimeout)
                  00005986    00000028                : usbdhid.obj (.text:HandleEP0DataReceived)
                  000059ae    00000028                : usbbuffer.obj (.text:USBBufferRead)
                  000059d6    00000002     --HOLE-- [fill = 0]
                  000059d8    00000028                : usbdenum.obj (.text:USBDSetAddress)
                  00005a00    00000028     driverlib.lib : usb.obj (.text:USBIntEnableControl)
                  00005a28    00000028     main.obj (.text:_Z18USBKeyboardHandlerPvjjS_)
                  00005a50    00000028     USBKeyboardDevice.obj (.text:_ZN9usbdevice17USBKeyboardDevice12GetUsageCodeEcb)
                  00005a78    00000028     rtsv7M4_T_le_v4SPD16_eabi.lib : memory.c.obj (.text:mremove)
                  00005aa0    00000028     driverlib.lib : udma.obj (.text:uDMAChannelModeGet)
                  00005ac8    00000026     HardwareSerial.obj (.text:_ZN14HardwareSerial4readEv)
                  00005aee    00000024     usblib.lib : usbdcdc.obj (.text:HandleDisconnect)
                  00005b12    00000024                : usbdcdc.obj (.text:SendLineStateChange)
                  00005b36    00000024     driverlib.lib : usb.obj (.text:USBEndpointDMADisable)
                  00005b5a    00000024                   : usb.obj (.text:USBEndpointDMAEnable)
                  00005b7e    00000002     --HOLE-- [fill = 0]
                  00005b80    00000024     usblib.lib : usbmode.obj (.text:USBStackModeSet)
                  00005ba4    00000024     main.obj (.text:_Z5delayi)
                  00005bc8    00000024     Wire.obj (.text:_ZN7TwoWire4peekEv)
                  00005bec    00000024     Wire.obj (.text:_ZN7TwoWireC1Ev)
                  00005c10    00000024     driverlib.lib : udma.obj (.text:uDMAChannelControlSet)
                  00005c34    00000022     usblib.lib : usbdcomp.obj (.text:DataReceived)
                  00005c56    00000022                : usbdcomp.obj (.text:DataSent)
                  00005c78    00000022                : usbdhid.obj (.text:HandleDisconnect)
                  00005c9a    00000022                : usbdcdc.obj (.text:SendLineCodingChange)
                  00005cbc    00000022     Wire.obj (.text:_ZN7TwoWire5writeEPKhj)
                  00005cde    00000022     usblib.lib : usbdma.obj (.text:uDMAUSBChannelStatus)
                  00005d00    00000020                : usbdcdc.obj (.text:CheckAndSendBreak)
                  00005d20    00000020                : usbdconfig.obj (.text:GetEndpointFIFOSize)
                  00005d40    00000020                : usbbuffer.obj (.text:HandleDataRemaining)
                  00005d60    00000020                : usbdhid.obj (.text:HandleEP0DataSent)
                  00005d80    00000020                : usbringbuf.obj (.text:USBRingBufAdvanceRead)
                  00005da0    00000020     MFRC522.obj (.text:_ZN11rfid_reader7MFRC52216isNewCardPresentEv)
                  00005dc0    00000020     MFRC522.obj (.text:_ZN11rfid_reader7MFRC5225delayEi)
                  00005de0    00000020     Wire.obj (.text:_ZN7TwoWire5flushEv)
                  00005e00    0000001e     usblib.lib : usbringbuf.obj (.text:USBRingBufContigFree)
                  00005e1e    0000001e     driverlib.lib : usb.obj (.text:USBULPIRegRead)
                  00005e3c    0000001e                   : usb.obj (.text:USBULPIRegWrite)
                  00005e5a    0000001e     MFRC522.obj (.text:_ZN11rfid_reader7MFRC5229antennaOnEv)
                  00005e78    0000001c     usblib.lib : usbdcomp.obj (.text:CompositeEPChange)
                  00005e94    0000001c                : usbdcomp.obj (.text:CompositeIfaceChange)
                  00005eb0    0000001c                : usbdcdesc.obj (.text:USBDCDConfigGetInterface)
                  00005ecc    0000001c                : usbdenum.obj (.text:USBDCDStallEP0)
                  00005ee8    0000001c     driverlib.lib : usb.obj (.text:USBEndpointDataAvail)
                  00005f04    0000001c     usblib.lib : usbringbuf.obj (.text:USBRingBufRead)
                  00005f20    0000001c                : usbringbuf.obj (.text:USBRingBufWrite)
                  00005f3c    0000001c     MFRC522.obj (.text:_ZN11rfid_reader7MFRC5229softResetEv)
                  00005f58    0000001c     Wire.obj (.text:_ZN7TwoWire9availableEv)
                  00005f74    0000001c     Wire.obj (.text:_ZN7TwoWire9setModuleEm)
                  00005f90    0000001a     usblib.lib : usbdhid.obj (.text:ClearIdleTimers)
                  00005faa    0000001a                : usbdcdc.obj (.text:DeviceConsumedAllData)
                  00005fc4    0000001a                : usbdcdesc.obj (.text:USBDCDConfigDescGetSize)
                  00005fde    0000001a     driverlib.lib : usb.obj (.text:USBEndpointDMAChannel)
                  00005ff8    0000001a     MFRC522.obj (.text:_ZN11rfid_reader7MFRC52220clearRegisterBitMaskEhh)
                  00006012    00000018     uartstdio.obj (.text:IsBufferFull)
                  0000602a    00000018     usblib.lib : usbdcdc.obj (.text:SetDeferredOpFlag)
                  00006042    00000018                : usbdhid.obj (.text:SetDeferredOpFlag)
                  0000605a    00000002     --HOLE-- [fill = 0]
                  0000605c    00000018                : usbdhandler.obj (.text:USB0DeviceIntHandler)
                  00006074    00000018                : usbbuffer.obj (.text:USBBufferInit)
                  0000608c    00000018                : usbdenum.obj (.text:USBDCDFeatureGet)
                  000060a4    00000018                : usbdenum.obj (.text:USBDSetDescriptor)
                  000060bc    00000018                : usbdenum.obj (.text:USBDSyncFrame)
                  000060d4    00000018     USBKeyboardDevice.obj (.text:_ZN9usbdevice17USBKeyboardDevice17releaseSpecialKeyEv)
                  000060ec    00000018     driverlib.lib : udma.obj (.text:uDMAChannelDisable)
                  00006104    00000018                   : udma.obj (.text:uDMAChannelEnable)
                  0000611c    00000016     usblib.lib : usbdcdc.obj (.text:CheckAndSendLineCodingChange)
                  00006132    00000016                : usbdcdc.obj (.text:CheckAndSendLineStateChange)
                  00006148    00000016     driverlib.lib : usb.obj (.text:USBIntEnableEndpoint)
                  0000615e    00000016     usblib.lib : usbringbuf.obj (.text:USBRingBufFlush)
                  00006174    00000016                : usbringbuf.obj (.text:USBRingBufReadOne)
                  0000618a    00000016                : usbringbuf.obj (.text:USBRingBufUsed)
                  000061a0    00000016     MFRC522.obj (.text:_ZN11rfid_reader7MFRC52218setRegisterBitMaskEhh)
                  000061b6    00000016     HardwareSerial.obj (.text:_ZN14HardwareSerial9availableEv)
                  000061cc    00000016     USBSerialDevice.obj (.text:_ZN9usbdevice15USBSerialDevice10initBufferEv)
                  000061e2    00000014     usblib.lib : usbbuffer.obj (.text:HandleTxComplete)
                  000061f6    00000002     --HOLE-- [fill = 0]
                  000061f8    00000014     driverlib.lib : sysctl.obj (.text:SysCtlUSBPLLEnable)
                  0000620c    00000014     usblib.lib : usbdcdc.obj (.text:USBDCDCTxPacketAvailable)
                  00006220    00000014                : usbdenum.obj (.text:USBDCDRequestDataEP0)
                  00006234    00000014                : usbdenum.obj (.text:USBDCDSendDataEP0)
                  00006248    00000014     driverlib.lib : usb.obj (.text:USBDMAChannelConfigSet)
                  0000625c    00000014                   : usb.obj (.text:USBHostResume)
                  00006270    00000014                   : usb.obj (.text:_USBIndexWrite)
                  00006284    00000014     MFRC522.obj (.text:_ZN11rfid_reader7MFRC52214readCardSerialEv)
                  00006298    00000012     usblib.lib : usbdcdc.obj (.text:HandleResume)
                  000062aa    00000012                : usbdhid.obj (.text:HandleResume)
                  000062bc    00000012                : usbdcdc.obj (.text:HandleSuspend)
                  000062ce    00000012                : usbdhid.obj (.text:HandleSuspend)
                  000062e0    00000012     driverlib.lib : usb.obj (.text:USBDMAChannelDisable)
                  000062f2    00000012                   : usb.obj (.text:USBDMAChannelEnable)
                  00006304    00000012                   : usb.obj (.text:USBDMAChannelIntDisable)
                  00006316    00000012                   : usb.obj (.text:USBDMAChannelIntEnable)
                  00006328    00000012     usblib.lib : usbringbuf.obj (.text:USBRingBufFree)
                  0000633a    00000012     HardwareSerial.obj (.text:_ZN14HardwareSerial4peekEv)
                  0000634c    00000010     driverlib.lib : i2c.obj (.text:I2CSlaveEnable)
                  0000635c    00000010                   : interrupt.obj (.text:IntMasterDisable)
                  0000636c    00000010                   : interrupt.obj (.text:IntMasterEnable)
                  0000637c    00000010     tm4c123gh6pm_startup_ccs.obj (.text:SysTickIntHandler)
                  0000638c    00000010     driverlib.lib : usb.obj (.text:USBEndpointStatus)
                  0000639c    00000010     usblib.lib : usbringbuf.obj (.text:USBRingBufContigUsed)
                  000063ac    00000010                : usbringbuf.obj (.text:USBRingBufWriteOne)
                  000063bc    0000000e                : usbdma.obj (.text:DMAUSBIntStatusClear)
                  000063ca    0000000e     driverlib.lib : i2c.obj (.text:I2CSlaveInit)
                  000063d8    0000000e     uartstdio.obj (.text:IsBufferEmpty)
                  000063e6    0000000e     usblib.lib : usbdhid.obj (.text:USBDHIDTxPacketAvailable)
                  000063f4    0000000e     driverlib.lib : usb.obj (.text:USBDMAChannelStatus)
                  00006402    0000000e                   : usb.obj (.text:USBDevLPMDisable)
                  00006410    0000000e                   : usb.obj (.text:USBDevLPMEnable)
                  0000641e    0000000e                   : usb.obj (.text:USBULPIDisable)
                  0000642c    0000000e                   : usb.obj (.text:USBULPIEnable)
                  0000643a    0000000e     rtsv7M4_T_le_v4SPD16_eabi.lib : typeinfo.c.obj (.text:_ZN10__cxxabiv117__class_type_infoD0Ev)
                  00006448    0000000e                                   : typeinfo.c.obj (.text:_ZN10__cxxabiv120__si_class_type_infoD0Ev)
                  00006456    0000000e                                   : copy_decompress_none.c.obj (.text:decompress:none:__TI_decompress_none)
                  00006464    0000000c     driverlib.lib : cpu.obj (.text:CPUcpsid)
                  00006470    0000000c                   : cpu.obj (.text:CPUcpsie)
                  0000647c    0000000c                   : i2c.obj (.text:I2CSlaveIntEnableEx)
                  00006488    0000000c                   : usb.obj (.text:USBEndpointPacketCountSet)
                  00006494    0000000c                   : usb.obj (.text:USBLPMIntEnable)
                  000064a0    0000000c     usblib.lib : usbringbuf.obj (.text:USBRingBufInit)
                  000064ac    0000000c     USBCompDevice.obj (.text:_ZN9usbdevice13USBCompDevice20registerEventHandlerEPFYjPvjjS1_E)
                  000064b8    0000000c     USBSerialDevice.obj (.text:_ZN9usbdevice15USBSerialDevice17registerRxHandlerEPFYjPvjjS1_E)
                  000064c4    0000000c     USBSerialDevice.obj (.text:_ZN9usbdevice15USBSerialDevice17registerTxHandlerEPFYjPvjjS1_E)
                  000064d0    0000000c     USBSerialDevice.obj (.text:_ZN9usbdevice15USBSerialDevice22registerControlHandlerEPFYjPvjjS1_E)
                  000064dc    0000000c     USBKeyboardDevice.obj (.text:_ZN9usbdevice17USBKeyboardDevice23registerKeyboardHandlerEPFYjPvjjS1_E)
                  000064e8    0000000c     rtsv7M4_T_le_v4SPD16_eabi.lib : guard.c.obj (.text:__cxa_guard_acquire)
                  000064f4    0000000c     SPI.obj (.text:__sti___7_SPI_cpp_230ca784)
                  00006500    0000000c     Wire.obj (.text:__sti___8_Wire_cpp_4e348ebc)
                  0000650c    0000000c     rtsv7M4_T_le_v4SPD16_eabi.lib : copy_zero_init.c.obj (.text:decompress:ZI:__TI_zero_init)
                  00006518    0000000a     driverlib.lib : usb.obj (.text:USBClockEnable)
                  00006522    0000000a                   : usb.obj (.text:USBControllerVersion)
                  0000652c    0000000a                   : usb.obj (.text:USBDMAChannelAddressSet)
                  00006536    0000000a                   : usb.obj (.text:USBDMAChannelCountSet)
                  00006540    0000000a                   : usb.obj (.text:USBDevConnect)
                  0000654a    0000000a                   : usb.obj (.text:USBDevDisconnect)
                  00006554    0000000a                   : usb.obj (.text:USBIntStatusEndpoint)
                  0000655e    0000000a     SPI.obj (.text:_ZN8SPIClassC1Ev)
                  00006568    0000000a     rtsv7M4_T_le_v4SPD16_eabi.lib : guard.c.obj (.text:__cxa_guard_release)
                  00006572    00000008     driverlib.lib : usb.obj (.text:USBDevMode)
                  0000657a    00000008                   : usb.obj (.text:USBFIFOAddrGet)
                  00006582    00000008                   : usb.obj (.text:USBOTGMode)
                  0000658a    00000008     rtsv7M4_T_le_v4SPD16_eabi.lib : new.cpp.obj (.text:_ZdlPv)
                  00006592    00000008     usblib.lib : usbdma.obj (.text:iDMAUSBChannelIntDisable)
                  0000659a    00000008                : usbdma.obj (.text:iDMAUSBChannelIntEnable)
                  000065a2    00000006     driverlib.lib : i2c.obj (.text:I2CSlaveDataPut)
                  000065a8    00000006     tm4c123gh6pm_startup_ccs.obj (.text:ResetISR)
                  000065ae    00000006     driverlib.lib : sysctl.obj (.text:SysCtlDelay)
                  000065b4    00000006     usblib.lib : usbbuffer.obj (.text:USBBufferFlush)
                  000065ba    00000006     driverlib.lib : usb.obj (.text:USBDMAChannelIntStatus)
                  000065c0    00000006                   : usb.obj (.text:USBDevLPMConfig)
                  000065c6    00000006                   : usb.obj (.text:USBLPMIntStatus)
                  000065cc    00000006     SPI.obj (.text:_ZN8SPIClass9setModuleEh)
                  000065d2    00000006     USBSerialDevice.obj (.text:_ZN9usbdevice15USBSerialDevice5writeEPhj)
                  000065d8    00000006     rtsv7M4_T_le_v4SPD16_eabi.lib : pure_virt.c.obj (.text:__cxa_pure_virtual)
                  000065de    00000006     usblib.lib : usbdma.obj (.text:iDMAUSBIntStatus)
                  000065e4    00000004                : usbdma.obj (.text:DMAUSBStatus)
                  000065e8    00000004                : usbdhid.obj (.text:HandleReset)
                  000065ec    00000004     driverlib.lib : usb.obj (.text:USBDevAddrSet)
                  000065f0    00000004     main.obj (.text:_Z15USBEventHandlerPvjjS_)
                  000065f4    00000004     main.obj (.text:_Z9TxHandlerPvjjS_)
                  000065f8    00000004     rtsv7M4_T_le_v4SPD16_eabi.lib : typeinfo.c.obj (.text:_ZN10__cxxabiv117__class_type_infoD1Ev)
                  000065fc    00000004                                   : typeinfo.c.obj (.text:_ZN10__cxxabiv120__si_class_type_infoD1Ev)
                  00006600    00000004     HardwareSerial.obj (.text:_ZN5Print17availableForWriteEv)
                  00006604    00000004     rtsv7M4_T_le_v4SPD16_eabi.lib : new.cpp.obj (.text:_ZdlPvj)
                  00006608    00000004                                   : error.c.obj (.text:__abort_execution)
                  0000660c    00000004                                   : pre_init.c.obj (.text:_system_pre_init)
                  00006610    00000004                                   : exit.c.obj (.text:abort:abort)

.const     0    00006614    00000720     
                  00006614    00000070     driverlib.lib : interrupt.obj (.const)
                  00006684    0000006c                   : sysctl.obj (.const:g_pui32Xtals)
                  000066f0    0000006a     USBKeyboardDevice.obj (.const:_ZN43_INTERNAL_21_USBKeyboardDevice_cpp_497fa7839usbdevice14g_pcUsageCodesE)
                  0000675a    00000002     main.obj (.const:.string:$P$T0$1)
                  0000675c    00000058     usblib.lib : usbdcdc.obj (.const)
                  000067b4    00000040     SPI.obj (.const:g_ulSSIConfig)
                  000067f4    0000003f     usblib.lib : usbdhidkeyb.obj (.const:.string:g_pui8KeybReportDescriptor)
                  00006833    00000036     usb_structs.obj (.const:.string:g_pui8ConfigString)
                  00006869    00000002     main.obj (.const:.string:$P$T3$4)
                  0000686b    00000001     --HOLE-- [fill = 0]
                  0000686c    00000034     usblib.lib : usbdenum.obj (.const:g_psUSBDStdRequests)
                  000068a0    00000034                : usbdhidkeyb.obj (.const)
                  000068d4    00000030                : usbdcdc.obj (.const:g_sCDCHandlers)
                  00006904    00000030                : usbdcomp.obj (.const:g_sCompHandlers)
                  00006934    00000030                : usbdhid.obj (.const:g_sHIDHandlers)
                  00006964    0000002e                : usbdcdc.obj (.const:.string)
                  00006992    0000002c     usb_structs.obj (.const:.string:g_pui8ControlInterfaceString)
                  000069be    00000025     rtsv7M4_T_le_v4SPD16_eabi.lib : typeinfo.c.obj (.const:.typeinfo:_ZTSN10__cxxabiv120__si_class_type_infoE)
                  000069e3    00000024     usb_structs.obj (.const:.string:g_pui8ManufacturerString)
                  00006a07    00000001     --HOLE-- [fill = 0]
                  00006a08    00000024     HardwareSerial.obj (.const:_ZTV14HardwareSerial)
                  00006a2c    00000024     HardwareSerial.obj (.const:_ZTV6Stream)
                  00006a50    00000024     Wire.obj (.const:_ZTV7TwoWire)
                  00006a74    00000023     usblib.lib : usbdcdc.obj (.const:.string:g_pui8CDCSerCommInterface)
                  00006a97    00000022     rtsv7M4_T_le_v4SPD16_eabi.lib : typeinfo.c.obj (.const:.typeinfo:_ZTSN10__cxxabiv117__class_type_infoE)
                  00006ab9    00000022     USBKeyboardDevice.obj (.const:_ZN43_INTERNAL_21_USBKeyboardDevice_cpp_497fa7839usbdevice19g_pcUsageCodesShiftE)
                  00006adb    00000001     --HOLE-- [fill = 0]
                  00006adc    00000020     HardwareSerial.obj (.const:g_ulUARTBase)
                  00006afc    00000020     HardwareSerial.obj (.const:g_ulUARTInt)
                  00006b1c    00000020     Wire.obj (.const:g_uli2cConfig)
                  00006b3c    0000001a     usb_structs.obj (.const:.string:g_pui8ProductString)
                  00006b56    00000002     --HOLE-- [fill = 0]
                  00006b58    00000018     Print.obj (.const:_ZTV5Print)
                  00006b70    00000018     usb_structs.obj (.const:g_pui8StringDescriptors)
                  00006b88    00000012     usb_structs.obj (.const:.string:g_pui8SerialNumberString)
                  00006b9a    00000011     HardwareSerial.obj (.const:.typeinfo:_ZTS14HardwareSerial)
                  00006bab    00000001     --HOLE-- [fill = 0]
                  00006bac    00000010     rtsv7M4_T_le_v4SPD16_eabi.lib : typeinfo.c.obj (.const:_ZTVN10__cxxabiv117__class_type_infoE)
                  00006bbc    00000010                                   : typeinfo.c.obj (.const:_ZTVN10__cxxabiv120__si_class_type_infoE)
                  00006bcc    00000010     SPI.obj (.const:g_ulSSIBase)
                  00006bdc    00000010     SPI.obj (.const:g_ulSSIPeriph)
                  00006bec    00000010     SPI.obj (.const:g_ulSSIPins)
                  00006bfc    00000010     SPI.obj (.const:g_ulSSIPort)
                  00006c0c    00000010     Wire.obj (.const:g_uli2cBase)
                  00006c1c    00000010     Wire.obj (.const:g_uli2cInt)
                  00006c2c    00000010     Wire.obj (.const:g_uli2cMasterBase)
                  00006c3c    00000010     Wire.obj (.const:g_uli2cPeriph)
                  00006c4c    00000010     Wire.obj (.const:g_uli2cSCLPins)
                  00006c5c    00000010     Wire.obj (.const:g_uli2cSDAPins)
                  00006c6c    00000010     Wire.obj (.const:g_uli2cSlaveBase)
                  00006c7c    0000000e     usblib.lib : usbdhidkeyb.obj (.const:.string)
                  00006c8a    0000000d     rtsv7M4_T_le_v4SPD16_eabi.lib : stdlib_typeinfo.cpp.obj (.const:.typeinfo:_ZTSSt9type_info)
                  00006c97    00000001     --HOLE-- [fill = 0]
                  00006c98    0000000c     HardwareSerial.obj (.const:.typeinfo:_ZTI14HardwareSerial)
                  00006ca4    0000000c     HardwareSerial.obj (.const:.typeinfo:_ZTI6Stream)
                  00006cb0    0000000c     Wire.obj (.const:.typeinfo:_ZTI7TwoWire)
                  00006cbc    0000000c     rtsv7M4_T_le_v4SPD16_eabi.lib : typeinfo.c.obj (.const:.typeinfo:_ZTIN10__cxxabiv117__class_type_infoE)
                  00006cc8    0000000c                                   : typeinfo.c.obj (.const:.typeinfo:_ZTIN10__cxxabiv120__si_class_type_infoE)
                  00006cd4    0000000c     uartstdio.obj (.const:g_ui32UARTInt)
                  00006ce0    0000000b     main.obj (.const)
                  00006ceb    00000009     usblib.lib : usbdcomp.obj (.const:.string)
                  00006cf4    00000009     Wire.obj (.const:.typeinfo:_ZTS7TwoWire)
                  00006cfd    00000003     --HOLE-- [fill = 0]
                  00006d00    00000008     Print.obj (.const:.typeinfo:_ZTI5Print)
                  00006d08    00000008     rtsv7M4_T_le_v4SPD16_eabi.lib : stdlib_typeinfo.cpp.obj (.const:.typeinfo:_ZTISt9type_info)
                  00006d10    00000008     HardwareSerial.obj (.const:.typeinfo:_ZTS6Stream)
                  00006d18    00000007     Print.obj (.const:.typeinfo:_ZTS5Print)
                  00006d1f    00000006     main.obj (.const:.string:$P$T1$2)
                  00006d25    00000006     main.obj (.const:.string:$P$T2$3)
                  00006d2b    00000004     usb_structs.obj (.const:.string:g_pui8LangDescriptor)
                  00006d2f    00000001     --HOLE-- [fill = 0]
                  00006d30    00000004     usb_structs.obj (.const)

.cinit     0    00006d40    000000e0     
                  00006d40    000000b5     (.cinit..data.load) [load image, compression = lzss]
                  00006df5    00000003     --HOLE-- [fill = 0]
                  00006df8    0000000c     (__TI_handler_table)
                  00006e04    00000004     --HOLE-- [fill = 0]
                  00006e08    00000008     (.cinit..bss.load) [load image, compression = zero_init]
                  00006e10    00000010     (__TI_cinit_table)

.init_array 
*          0    00006d34    0000000c     
                  00006d34    00000004     Wire.obj (.init_array)
                  00006d38    00000004     SPI.obj (.init_array)
                  00006d3c    00000004     HardwareSerial.obj (.init_array)

.bss       0    20000000    00000cd4     UNINITIALIZED
                  20000000    00000400     uartstdio.obj (.bss:g_pcUARTTxBuffer)
                  20000400    0000026c     USBSerialDevice.obj (.bss:instance$2)
                  2000066c    00000110     usblib.lib : usbdma.obj (.bss:g_psUSBDMAInst)
                  2000077c    000000f8     USBCompDevice.obj (.bss:instance$2)
                  20000874    000000a4     USBKeyboardDevice.obj (.bss:instance$2)
                  20000918    00000080     uartstdio.obj (.bss:g_pcUARTRxBuffer)
                  20000998    00000050     usblib.lib : usbdenum.obj (.bss:g_psDCDInst)
                  200009e8    00000040                : usbdenum.obj (.bss:g_pui8DataBufferIn)
                  20000a28    00000040     (.common:_ZN7TwoWire8rxBufferE)
                  20000a68    00000040     (.common:_ZN7TwoWire8txBufferE)
                  20000aa8    00000038     HardwareSerial.obj (.bss:Serial1)
                  20000ae0    00000038     HardwareSerial.obj (.bss:Serial2)
                  20000b18    00000038     HardwareSerial.obj (.bss:Serial3)
                  20000b50    00000038     HardwareSerial.obj (.bss:Serial4)
                  20000b88    00000038     HardwareSerial.obj (.bss:Serial5)
                  20000bc0    00000038     HardwareSerial.obj (.bss:Serial6)
                  20000bf8    00000038     HardwareSerial.obj (.bss:Serial7)
                  20000c30    00000038     HardwareSerial.obj (.bss:Serial)
                  20000c68    00000018     (.common:g_pfnTickHandlers)
                  20000c80    00000018     (.common:g_pvTickInstance)
                  20000c98    00000010     Wire.obj (.bss:Wire)
                  20000ca8    00000008     uartstdio.obj (.bss)
                  20000cb0    00000004     USBCompDevice.obj (.bss)
                  20000cb4    00000004     USBKeyboardDevice.obj (.bss)
                  20000cb8    00000004     USBSerialDevice.obj (.bss)
                  20000cbc    00000004     (.common:g_pfnUSBModeCallback)
                  20000cc0    00000004     (.common:g_ppCompConfigDescriptors)
                  20000cc4    00000004     (.common:g_ppsDevInfo)
                  20000cc8    00000004     (.common:g_ui32ULPISupport)
                  20000ccc    00000004     (.common:ui32TxCount)
                  20000cd0    00000002     SPI.obj (.bss:SPI)
                  20000cd2    00000002     (.common:_ZN9usbdevice16g_sKeyboardStateE)

.stack     0    20000cd8    00000400     UNINITIALIZED
                  20000cd8    00000004     rtsv7M4_T_le_v4SPD16_eabi.lib : boot_cortex_m.c.obj (.stack)
                  20000cdc    000003fc     --HOLE--

.data      0    200010d8    00000144     UNINITIALIZED
                  200010d8    0000005e     usblib.lib : usbdcdc.obj (.data)
                  20001136    00000002     --HOLE--
                  20001138    00000038                : usbdhidkeyb.obj (.data)
                  20001170    00000015     uartstdio.obj (.data)
                  20001185    00000012     usblib.lib : usbdcomp.obj (.data)
                  20001197    00000012                : usbdhid.obj (.data)
                  200011a9    00000003     buttons.obj (.data)
                  200011ac    00000010     USBKeyboardDevice.obj (.data)
                  200011bc    0000000c     rtsv7M4_T_le_v4SPD16_eabi.lib : memory.c.obj (.data:$O1$$)
                  200011c8    0000000c     USBSerialDevice.obj (.data)
                  200011d4    0000000c     usblib.lib : usbtick.obj (.data)
                  200011e0    00000009     Wire.obj (.data)
                  200011e9    00000003     --HOLE--
                  200011ec    00000009     usblib.lib : usbmode.obj (.data)
                  200011f5    00000003     --HOLE--
                  200011f8    00000008     rtsv7M4_T_le_v4SPD16_eabi.lib : _lock.c.obj (.data:$O1$$)
                  20001200    00000008     usblib.lib : usbdenum.obj (.data)
                  20001208    00000006     main.obj (.data)
                  2000120e    00000002     --HOLE--
                  20001210    00000004     USBCompDevice.obj (.data)
                  20001214    00000004     main.obj (.data:currentUid)
                  20001218    00000004     tm4c123gh6pm_startup_ccs.obj (.data)

.sysmem    0    20001220    00000008     UNINITIALIZED
                  20001220    00000008     rtsv7M4_T_le_v4SPD16_eabi.lib : memory.c.obj (.sysmem)

MODULE SUMMARY

       Module                         code    ro data   rw data
       ------                         ----    -------   -------
    .\drivers\
       buttons.obj                    104     0         3      
    +--+------------------------------+-------+---------+---------+
       Total:                         104     0         3      
                                                               
    .\src\
       main.obj                       1716    27        16     
       tm4c123gh6pm_startup_ccs.obj   28      620       4      
    +--+------------------------------+-------+---------+---------+
       Total:                         1744    647       20     
                                                               
    .\src\energia\
       Wire.obj                       1258    205       153    
       HardwareSerial.obj             572     189       448    
       SPI.obj                        364     132       2      
       Print.obj                      46      39        0      
    +--+------------------------------+-------+---------+---------+
       Total:                         2240    565       603    
                                                               
    .\src\rfid\
       MFRC522.obj                    2002    0         0      
    +--+------------------------------+-------+---------+---------+
       Total:                         2002    0         0      
                                                               
    .\src\usb\
       USBSerialDevice.obj            1039    0         636    
       USBKeyboardDevice.obj          632     140       184    
       USBCompDevice.obj              212     0         256    
       usb_structs.obj                0       210       0      
    +--+------------------------------+-------+---------+---------+
       Total:                         1883    350       1076   
                                                               
    .\utils\
       uartstdio.obj                  698     12        1181   
    +--+------------------------------+-------+---------+---------+
       Total:                         698     12        1181   
                                                               
    C:/ti/tivaware_c_series_2_1_4_178/driverlib/ccs/Debug/driverlib.lib
       usb.obj                        1354    0         0      
       sysctl.obj                     430     108       0      
       interrupt.obj                  340     112       0      
       udma.obj                       328     0         0      
       i2c.obj                        48      0         0      
       cpu.obj                        24      0         0      
    +--+------------------------------+-------+---------+---------+
       Total:                         2524    220       0      
                                                               
    C:/ti/tivaware_c_series_2_1_4_178/usblib/ccs/Debug/usblib.lib
       usbdenum.obj                   2904    52        160    
       usbdcdc.obj                    2008    217       94     
       usbdma.obj                     2008    0         272    
       usbdhid.obj                    1770    48        18     
       usbdcomp.obj                   1624    57        22     
       usbdhidkeyb.obj                652     129       56     
       usbbuffer.obj                  646     0         0      
       usbdconfig.obj                 576     0         0      
       usbdcdesc.obj                  356     0         0      
       usbringbuf.obj                 350     0         0      
       usbtick.obj                    160     0         60     
       usbdesc.obj                    86      0         0      
       usbulpi.obj                    82      0         0      
       usbmode.obj                    36      0         13     
       usbdhandler.obj                24      0         0      
    +--+------------------------------+-------+---------+---------+
       Total:                         13282   503       695    
                                                               
    C:\ti\ccsv8\tools\compiler\ti-cgt-arm_18.1.3.LTS\lib\rtsv7M4_T_le_v4SPD16_eabi.lib
       memory.c.obj                   372     0         12     
       typeinfo.c.obj                 36      127       0      
       memcpy_t2.asm.obj              156     0         0      
       memset_t2.asm.obj              122     0         0      
       copy_decompress_lzss.c.obj     104     0         0      
       autoinit.c.obj                 96      0         0      
       boot_cortex_m.c.obj            56      0         0      
       stdlib_typeinfo.cpp.obj        2       21        0      
       guard.c.obj                    22      0         0      
       copy_decompress_none.c.obj     14      0         0      
       copy_zero_init.c.obj           12      0         0      
       new.cpp.obj                    12      0         0      
       _lock.c.obj                    2       0         8      
       pure_virt.c.obj                6       0         0      
       error.c.obj                    4       0         0      
       exit.c.obj                     4       0         0      
       pre_init.c.obj                 4       0         0      
    +--+------------------------------+-------+---------+---------+
       Total:                         1024    148       20     
                                                               
       Heap:                          0       0         8      
       Stack:                         0       0         1024   
       Linker Generated:              0       217       0      
    +--+------------------------------+-------+---------+---------+
       Grand Total:                   25501   2662      4630   


LINKER GENERATED COPY TABLES

__TI_cinit_table @ 00006e10 records: 2, size/record: 8, table size: 16
	.data: load addr=00006d40, load size=000000b5 bytes, run addr=200010d8, run size=00000144 bytes, compression=lzss
	.bss: load addr=00006e08, load size=00000008 bytes, run addr=20000000, run size=00000cd4 bytes, compression=zero_init


LINKER GENERATED HANDLER TABLE

__TI_handler_table @ 00006df8 records: 3, size/record: 4, table size: 12
	index: 0, handler: __TI_decompress_lzss
	index: 1, handler: __TI_decompress_none
	index: 2, handler: __TI_zero_init


GLOBAL SYMBOLS: SORTED ALPHABETICALLY BY Name 

address   name                                                                  
-------   ----                                                                  
0000097b  BuildCompositeDescriptor                                              
00003a09  ButtonsInit                                                           
00006611  C$$EXIT                                                               
00006465  CPUcpsid                                                              
00006471  CPUcpsie                                                              
000065a3  I2CSlaveDataPut                                                       
0000634d  I2CSlaveEnable                                                        
000063cb  I2CSlaveInit                                                          
0000647d  I2CSlaveIntEnableEx                                                   
00003a71  IntDisable                                                            
00003ad9  IntEnable                                                             
00003da1  IntIsEnabled                                                          
0000635d  IntMasterDisable                                                      
0000636d  IntMasterEnable                                                       
00004f8d  InternalUSBRegisterTickHandler                                        
00004fc5  InternalUSBStartOfFrameTick                                           
00005665  InternalUSBTickInit                                                   
00006d30  NUM_STRING_DESCRIPTORS                                                
00003701  ProcessDataFromHost                                                   
000038c5  ProcessDataToHost                                                     
0000553b  ProcessNotificationToHost                                             
000065a9  ResetISR                                                              
00006d34  SHT$$INIT_ARRAY$$Base                                                 
00006d40  SHT$$INIT_ARRAY$$Limit                                                
20000cd0  SPI                                                                   
20000c30  Serial                                                                
20000aa8  Serial1                                                               
20000ae0  Serial2                                                               
20000b18  Serial3                                                               
20000b50  Serial4                                                               
20000b88  Serial5                                                               
20000bc0  Serial6                                                               
20000bf8  Serial7                                                               
00001861  SysCtlClockGet                                                        
000065af  SysCtlDelay                                                           
00005339  SysCtlPeripheralEnable                                                
00004495  SysCtlPeripheralReset                                                 
000061f9  SysCtlUSBPLLEnable                                                    
0000637d  SysTickIntHandler                                                     
00000d11  UARTStdioIntHandler                                                   
00002865  UARTwrite                                                             
00004441  ULPIConfigSet                                                         
0000605d  USB0DeviceIntHandler                                                  
00003e05  USBBufferEventCallback                                                
000065b5  USBBufferFlush                                                        
00006075  USBBufferInit                                                         
000059af  USBBufferRead                                                         
00005723  USBBufferWrite                                                        
00006519  USBClockEnable                                                        
00006523  USBControllerVersion                                                  
00001e1d  USBDCDCCompositeInit                                                  
00002d41  USBDCDCPacketRead                                                     
00004051  USBDCDCPacketWrite                                                    
00005751  USBDCDCRxPacketAvailable                                              
0000620d  USBDCDCTxPacketAvailable                                              
000044e5  USBDCDConfigDescGet                                                   
000058b7  USBDCDConfigDescGetNum                                                
00005fc5  USBDCDConfigDescGetSize                                               
00005eb1  USBDCDConfigGetInterface                                              
000050dd  USBDCDConfigGetInterfaceEndpoint                                      
00004b5d  USBDCDDeviceInfoInit                                                  
0000608d  USBDCDFeatureGet                                                      
00000fd1  USBDCDInit                                                            
00006221  USBDCDRequestDataEP0                                                  
00006235  USBDCDSendDataEP0                                                     
00005ecd  USBDCDStallEP0                                                        
00002251  USBDCompositeInit                                                     
00001d3d  USBDHIDCompositeInit                                                  
000029b5  USBDHIDKeyboardCompositeInit                                          
00003119  USBDHIDKeyboardKeyStateChange                                         
000048cf  USBDHIDReportWrite                                                    
000063e7  USBDHIDTxPacketAvailable                                              
0000652d  USBDMAChannelAddressSet                                               
00006249  USBDMAChannelConfigSet                                                
00006537  USBDMAChannelCountSet                                                 
000062e1  USBDMAChannelDisable                                                  
000062f3  USBDMAChannelEnable                                                   
00006305  USBDMAChannelIntDisable                                               
00006317  USBDMAChannelIntEnable                                                
000065bb  USBDMAChannelIntStatus                                                
000063f5  USBDMAChannelStatus                                                   
00005807  USBDescGet                                                            
000058e1  USBDescGetNum                                                         
000065ed  USBDevAddrSet                                                         
00006541  USBDevConnect                                                         
0000654b  USBDevDisconnect                                                      
00003431  USBDevEndpointConfigSet                                               
0000590b  USBDevEndpointDataAck                                                 
0000556d  USBDevEndpointStall                                                   
00004919  USBDevEndpointStallClear                                              
000041d1  USBDevEndpointStatusClear                                             
000065c1  USBDevLPMConfig                                                       
00006403  USBDevLPMDisable                                                      
00006411  USBDevLPMEnable                                                       
00006573  USBDevMode                                                            
000013c1  USBDeviceConfig                                                       
00002eed  USBDeviceConfigAlternate                                              
00001ef5  USBDeviceEnumHandler                                                  
000049f5  USBDeviceEnumResetHandler                                             
00001271  USBDeviceIntHandlerInternal                                           
00004535  USBDeviceResumeTickHandler                                            
00005fdf  USBEndpointDMAChannel                                                 
0000470d  USBEndpointDMAConfigSet                                               
00005b37  USBEndpointDMADisable                                                 
00005b5b  USBEndpointDMAEnable                                                  
00005ee9  USBEndpointDataAvail                                                  
00004b15  USBEndpointDataGet                                                    
00005299  USBEndpointDataPut                                                    
0000536d  USBEndpointDataSend                                                   
00006489  USBEndpointPacketCountSet                                             
0000638d  USBEndpointStatus                                                     
0000657b  USBFIFOAddrGet                                                        
00004f1b  USBFIFOConfigSet                                                      
0000625d  USBHostResume                                                         
00005a01  USBIntEnableControl                                                   
00006149  USBIntEnableEndpoint                                                  
00005115  USBIntStatusControl                                                   
00006555  USBIntStatusEndpoint                                                  
00006495  USBLPMIntEnable                                                       
000065c7  USBLPMIntStatus                                                       
00000e71  USBLibDMAInit                                                         
00006583  USBOTGMode                                                            
00005d81  USBRingBufAdvanceRead                                                 
0000514d  USBRingBufAdvanceWrite                                                
00005e01  USBRingBufContigFree                                                  
0000639d  USBRingBufContigUsed                                                  
0000615f  USBRingBufFlush                                                       
00006329  USBRingBufFree                                                        
000064a1  USBRingBufInit                                                        
00005f05  USBRingBufRead                                                        
00006175  USBRingBufReadOne                                                     
0000618b  USBRingBufUsed                                                        
00005f21  USBRingBufWrite                                                       
000063ad  USBRingBufWriteOne                                                    
00005b81  USBStackModeSet                                                       
0000641f  USBULPIDisable                                                        
0000642d  USBULPIEnable                                                         
00005e1f  USBULPIRegRead                                                        
00005e3d  USBULPIRegWrite                                                       
20000c98  Wire                                                                  
00001631  _Z12configureUSBv                                                     
0000368d  _Z14ControlHandlerPvjjS_                                              
000065f1  _Z15USBEventHandlerPvjjS_                                             
00005a29  _Z18USBKeyboardHandlerPvjjS_                                          
00005ba5  _Z5delayi                                                             
00004be5  _Z9RxHandlerPvjjS_                                                    
000065f5  _Z9TxHandlerPvjjS_                                                    
0000643b  _ZN10__cxxabiv117__class_type_infoD0Ev                                
000065f9  _ZN10__cxxabiv117__class_type_infoD1Ev                                
000065f9  _ZN10__cxxabiv117__class_type_infoD2Ev                                
00006449  _ZN10__cxxabiv120__si_class_type_infoD0Ev                             
000065fd  _ZN10__cxxabiv120__si_class_type_infoD1Ev                             
000065fd  _ZN10__cxxabiv120__si_class_type_infoD2Ev                             
000006f9  _ZN11rfid_reader7MFRC52211select_PICCEPNS_3UidEh                      
00003ba9  _ZN11rfid_reader7MFRC52212REQA_or_WUPAEhPhS1_                         
00003c0f  _ZN11rfid_reader7MFRC52212calculateCRCEPhhS1_                         
00002325  _ZN11rfid_reader7MFRC52212readRegisterENS_12PCD_RegisterEhPhh         
00004759  _ZN11rfid_reader7MFRC52212readRegisterEh                              
00004a3d  _ZN11rfid_reader7MFRC52213writeRegisterEhh                            
0000428d  _ZN11rfid_reader7MFRC52213writeRegisterEhhPh                          
00006285  _ZN11rfid_reader7MFRC52214readCardSerialEv                            
00005935  _ZN11rfid_reader7MFRC52214transceiveDataEPhhS1_S1_S1_hb               
00005da1  _ZN11rfid_reader7MFRC52216isNewCardPresentEv                          
000061a1  _ZN11rfid_reader7MFRC52218setRegisterBitMaskEhh                       
00001509  _ZN11rfid_reader7MFRC52219communicateWithPICCEhhPhhS1_S1_S1_hb        
00005ff9  _ZN11rfid_reader7MFRC52220clearRegisterBitMaskEhh                     
0000399d  _ZN11rfid_reader7MFRC5224initEv                                       
00005dc1  _ZN11rfid_reader7MFRC5225delayEi                                      
00005e5b  _ZN11rfid_reader7MFRC5229antennaOnEv                                  
00005f3d  _ZN11rfid_reader7MFRC5229softResetEv                                  
00004585  _ZN11rfid_reader7MFRC522C1Ev                                          
00004585  _ZN11rfid_reader7MFRC522C2Ev                                          
0000359d  _ZN14HardwareSerial13primeTransmitEm                                  
0000633b  _ZN14HardwareSerial4peekEv                                            
00005ac9  _ZN14HardwareSerial4readEv                                            
00005835  _ZN14HardwareSerial5flushEv                                           
00004111  _ZN14HardwareSerial5writeEh                                           
000061b7  _ZN14HardwareSerial9availableEv                                       
00004d31  _ZN14HardwareSerialC1Em                                               
00004d71  _ZN14HardwareSerialC1Ev                                               
00004d31  _ZN14HardwareSerialC2Em                                               
00004d71  _ZN14HardwareSerialC2Ev                                               
00006601  _ZN5Print17availableForWriteEv                                        
0000319f  _ZN5Print5flushEv                                                     
0000577f  _ZN5Print5writeEPKhj                                                  
200011e0  _ZN7TwoWire11rxReadIndexE                                             
200011e3  _ZN7TwoWire11txReadIndexE                                             
200011e8  _ZN7TwoWire12currentStateE                                            
200011e1  _ZN7TwoWire12rxWriteIndexE                                            
200011e6  _ZN7TwoWire12slaveAddressE                                            
200011e7  _ZN7TwoWire12transmittingE                                            
200011e4  _ZN7TwoWire12txWriteIndexE                                            
00005bc9  _ZN7TwoWire4peekEv                                                    
000053a1  _ZN7TwoWire4readEv                                                    
00001b6d  _ZN7TwoWire5beginEh                                                   
00000b71  _ZN7TwoWire5beginEv                                                   
00005de1  _ZN7TwoWire5flushEv                                                   
00005cbd  _ZN7TwoWire5writeEPKhj                                                
000031a1  _ZN7TwoWire5writeEh                                                   
20000a28  _ZN7TwoWire8rxBufferE                                                 
20000a68  _ZN7TwoWire8txBufferE                                                 
00005f59  _ZN7TwoWire9availableEv                                               
00001fcd  _ZN7TwoWire9forceStopEv                                               
200011e5  _ZN7TwoWire9i2cModuleE                                                
00005f75  _ZN7TwoWire9setModuleEm                                               
200011e2  _ZN7TwoWire9txAddressE                                                
00005bed  _ZN7TwoWireC1Ev                                                       
00005bed  _ZN7TwoWireC2Ev                                                       
00001971  _ZN8SPIClass5beginEv                                                  
00004a85  _ZN8SPIClass8transferEh                                               
000065cd  _ZN8SPIClass9setModuleEh                                              
0000655f  _ZN8SPIClassC1Ev                                                      
0000655f  _ZN8SPIClassC2Ev                                                      
000053d5  _ZN9usbdevice13USBCompDevice11getInstanceEv                           
20001210  _ZN9usbdevice13USBCompDevice12eventHandlerE                           
000064ad  _ZN9usbdevice13USBCompDevice20registerEventHandlerEPFYjPvjjS1_E       
00004e2d  _ZN9usbdevice13USBCompDevice4initEv                                   
000042e9  _ZN9usbdevice13USBCompDeviceC1EPFYjPvjjS1_E                           
000042e9  _ZN9usbdevice13USBCompDeviceC2EPFYjPvjjS1_E                           
000061cd  _ZN9usbdevice15USBSerialDevice10initBufferEv                          
00004def  _ZN9usbdevice15USBSerialDevice10readBufferEv                          
00004c29  _ZN9usbdevice15USBSerialDevice11getInstanceEv                         
00004c6d  _ZN9usbdevice15USBSerialDevice12disconnectedEv                        
00002f79  _ZN9usbdevice15USBSerialDevice13GetLineCodingEP11tLineCoding          
00003225  _ZN9usbdevice15USBSerialDevice13SetLineCodingEP11tLineCoding          
200011c8  _ZN9usbdevice15USBSerialDevice14controlHandlerE                       
00003773  _ZN9usbdevice15USBSerialDevice15getSerialDeviceEv                     
000057ad  _ZN9usbdevice15USBSerialDevice16popReceiveBufferEv                    
00005409  _ZN9usbdevice15USBSerialDevice17pushReceiveBufferEh                   
000064b9  _ZN9usbdevice15USBSerialDevice17registerRxHandlerEPFYjPvjjS1_E        
000064c5  _ZN9usbdevice15USBSerialDevice17registerTxHandlerEPFYjPvjjS1_E        
00003a07  _ZN9usbdevice15USBSerialDevice19SetControlLineStateEt                 
000045d5  _ZN9usbdevice15USBSerialDevice20USBUARTPrimeTransmitEv                
000064d1  _ZN9usbdevice15USBSerialDevice22registerControlHandlerEPFYjPvjjS1_E   
000065d3  _ZN9usbdevice15USBSerialDevice5writeEPhj                              
00005185  _ZN9usbdevice15USBSerialDevice9SendBreakEb                            
00004625  _ZN9usbdevice15USBSerialDevice9connectedEv                            
200011cc  _ZN9usbdevice15USBSerialDevice9rxHandlerE                             
200011d0  _ZN9usbdevice15USBSerialDevice9txHandlerE                             
000024b5  _ZN9usbdevice15USBSerialDeviceC1EPFYjPvjjS1_ES3_S3_                   
000024b5  _ZN9usbdevice15USBSerialDeviceC2EPFYjPvjjS1_ES3_S3_                   
20000cd2  _ZN9usbdevice16g_sKeyboardStateE                                      
0000543d  _ZN9usbdevice17USBKeyboardDevice11getInstanceEv                       
00005a51  _ZN9usbdevice17USBKeyboardDevice12GetUsageCodeEcb                     
00002575  _ZN9usbdevice17USBKeyboardDevice14USBWriteStringEPKci                 
200011ac  _ZN9usbdevice17USBKeyboardDevice15keyboardHandlerE                    
00003615  _ZN9usbdevice17USBKeyboardDevice17USBKeyboardUpdateEhhb               
0000428b  _ZN9usbdevice17USBKeyboardDevice17getKeyboardDeviceEv                 
000060d5  _ZN9usbdevice17USBKeyboardDevice17releaseSpecialKeyEv                 
00003005  _ZN9usbdevice17USBKeyboardDevice22USBPressKeyCombinationEhPKhi        
000064dd  _ZN9usbdevice17USBKeyboardDevice23registerKeyboardHandlerEPFYjPvjjS1_E
0000559f  _ZN9usbdevice17USBKeyboardDeviceC1EPFYjPvjjS1_E                       
0000559f  _ZN9usbdevice17USBKeyboardDeviceC2EPFYjPvjjS1_E                       
00004493  _ZNSt9type_infoD1Ev                                                   
00004493  _ZNSt9type_infoD2Ev                                                   
00006611  _ZSt17__throw_bad_allocv                                              
00006c98  _ZTI14HardwareSerial                                                  
00006d00  _ZTI5Print                                                            
00006ca4  _ZTI6Stream                                                           
00006cb0  _ZTI7TwoWire                                                          
00006cbc  _ZTIN10__cxxabiv117__class_type_infoE                                 
00006cc8  _ZTIN10__cxxabiv120__si_class_type_infoE                              
00006d08  _ZTISt9type_info                                                      
00006b9a  _ZTS14HardwareSerial                                                  
00006d18  _ZTS5Print                                                            
00006d10  _ZTS6Stream                                                           
00006cf4  _ZTS7TwoWire                                                          
00006a97  _ZTSN10__cxxabiv117__class_type_infoE                                 
000069be  _ZTSN10__cxxabiv120__si_class_type_infoE                              
00006c8a  _ZTSSt9type_info                                                      
00006a08  _ZTV14HardwareSerial                                                  
00006b58  _ZTV5Print                                                            
00006a2c  _ZTV6Stream                                                           
00006a50  _ZTV7TwoWire                                                          
00006bac  _ZTVN10__cxxabiv117__class_type_infoE                                 
00006bbc  _ZTVN10__cxxabiv120__si_class_type_infoE                              
0000658b  _ZdlPv                                                                
00006605  _ZdlPvj                                                               
200010d8  __STACK_END                                                           
00000400  __STACK_SIZE                                                          
20000ed8  __STACK_TOP                                                           
00000008  __SYSMEM_SIZE                                                         
00006e10  __TI_CINIT_Base                                                       
00006e20  __TI_CINIT_Limit                                                      
00006df8  __TI_Handler_Table_Base                                               
00006e04  __TI_Handler_Table_Limit                                              
00004171  __TI_auto_init_nobinit                                                
00003b41  __TI_decompress_lzss                                                  
00006457  __TI_decompress_none                                                  
ffffffff  __TI_pprof_out_hndl                                                   
ffffffff  __TI_prof_data_size                                                   
ffffffff  __TI_prof_data_start                                                  
00000000  __TI_static_base__                                                    
0000650d  __TI_zero_init                                                        
[...]
00005a29  _Z18USBKeyboardHandlerPvjjS_                                          
00005a51  _ZN9usbdevice17USBKeyboardDevice12GetUsageCodeEcb                     
00005aa1  uDMAChannelModeGet                                                    
00005ac9  _ZN14HardwareSerial4readEv                                            
00005b37  USBEndpointDMADisable                                                 
00005b5b  USBEndpointDMAEnable                                                  
00005b81  USBStackModeSet                                                       
00005ba5  _Z5delayi                                                             
00005bc9  _ZN7TwoWire4peekEv                                                    
00005bed  _ZN7TwoWireC1Ev                                                       
00005bed  _ZN7TwoWireC2Ev                                                       
00005c11  uDMAChannelControlSet                                                 
00005cbd  _ZN7TwoWire5writeEPKhj                                                
00005d81  USBRingBufAdvanceRead                                                 
00005da1  _ZN11rfid_reader7MFRC52216isNewCardPresentEv                          
00005dc1  _ZN11rfid_reader7MFRC5225delayEi                                      
00005de1  _ZN7TwoWire5flushEv                                                   
00005e01  USBRingBufContigFree                                                  
00005e1f  USBULPIRegRead                                                        
00005e3d  USBULPIRegWrite                                                       
00005e5b  _ZN11rfid_reader7MFRC5229antennaOnEv                                  
00005eb1  USBDCDConfigGetInterface                                              
00005ecd  USBDCDStallEP0                                                        
00005ee9  USBEndpointDataAvail                                                  
00005f05  USBRingBufRead                                                        
00005f21  USBRingBufWrite                                                       
00005f3d  _ZN11rfid_reader7MFRC5229softResetEv                                  
00005f59  _ZN7TwoWire9availableEv                                               
00005f75  _ZN7TwoWire9setModuleEm                                               
00005fc5  USBDCDConfigDescGetSize                                               
00005fdf  USBEndpointDMAChannel                                                 
00005ff9  _ZN11rfid_reader7MFRC52220clearRegisterBitMaskEhh                     
0000605d  USB0DeviceIntHandler                                                  
00006075  USBBufferInit                                                         
0000608d  USBDCDFeatureGet                                                      
000060d5  _ZN9usbdevice17USBKeyboardDevice17releaseSpecialKeyEv                 
000060ed  uDMAChannelDisable                                                    
00006105  uDMAChannelEnable                                                     
00006149  USBIntEnableEndpoint                                                  
0000615f  USBRingBufFlush                                                       
00006175  USBRingBufReadOne                                                     
0000618b  USBRingBufUsed                                                        
000061a1  _ZN11rfid_reader7MFRC52218setRegisterBitMaskEhh                       
000061b7  _ZN14HardwareSerial9availableEv                                       
000061cd  _ZN9usbdevice15USBSerialDevice10initBufferEv                          
000061f9  SysCtlUSBPLLEnable                                                    
0000620d  USBDCDCTxPacketAvailable                                              
00006221  USBDCDRequestDataEP0                                                  
00006235  USBDCDSendDataEP0                                                     
00006249  USBDMAChannelConfigSet                                                
0000625d  USBHostResume                                                         
00006285  _ZN11rfid_reader7MFRC52214readCardSerialEv                            
000062e1  USBDMAChannelDisable                                                  
000062f3  USBDMAChannelEnable                                                   
00006305  USBDMAChannelIntDisable                                               
00006317  USBDMAChannelIntEnable                                                
00006329  USBRingBufFree                                                        
0000633b  _ZN14HardwareSerial4peekEv                                            
0000634d  I2CSlaveEnable                                                        
0000635d  IntMasterDisable                                                      
0000636d  IntMasterEnable                                                       
0000637d  SysTickIntHandler                                                     
0000638d  USBEndpointStatus                                                     
0000639d  USBRingBufContigUsed                                                  
000063ad  USBRingBufWriteOne                                                    
000063cb  I2CSlaveInit                                                          
000063e7  USBDHIDTxPacketAvailable                                              
000063f5  USBDMAChannelStatus                                                   
00006403  USBDevLPMDisable                                                      
00006411  USBDevLPMEnable                                                       
0000641f  USBULPIDisable                                                        
0000642d  USBULPIEnable                                                         
0000643b  _ZN10__cxxabiv117__class_type_infoD0Ev                                
00006449  _ZN10__cxxabiv120__si_class_type_infoD0Ev                             
00006457  __TI_decompress_none                                                  
00006465  CPUcpsid                                                              
00006471  CPUcpsie                                                              
0000647d  I2CSlaveIntEnableEx                                                   
00006489  USBEndpointPacketCountSet                                             
00006495  USBLPMIntEnable                                                       
000064a1  USBRingBufInit                                                        
000064ad  _ZN9usbdevice13USBCompDevice20registerEventHandlerEPFYjPvjjS1_E       
000064b9  _ZN9usbdevice15USBSerialDevice17registerRxHandlerEPFYjPvjjS1_E        
000064c5  _ZN9usbdevice15USBSerialDevice17registerTxHandlerEPFYjPvjjS1_E        
000064d1  _ZN9usbdevice15USBSerialDevice22registerControlHandlerEPFYjPvjjS1_E   
000064dd  _ZN9usbdevice17USBKeyboardDevice23registerKeyboardHandlerEPFYjPvjjS1_E
000064e9  __cxa_guard_acquire                                                   
000064f5  __sti___7_SPI_cpp_230ca784                                            
00006501  __sti___8_Wire_cpp_4e348ebc                                           
0000650d  __TI_zero_init                                                        
00006519  USBClockEnable                                                        
00006523  USBControllerVersion                                                  
0000652d  USBDMAChannelAddressSet                                               
00006537  USBDMAChannelCountSet                                                 
00006541  USBDevConnect                                                         
0000654b  USBDevDisconnect                                                      
00006555  USBIntStatusEndpoint                                                  
0000655f  _ZN8SPIClassC1Ev                                                      
0000655f  _ZN8SPIClassC2Ev                                                      
00006569  __cxa_guard_release                                                   
00006573  USBDevMode                                                            
0000657b  USBFIFOAddrGet                                                        
00006583  USBOTGMode                                                            
0000658b  _ZdlPv                                                                
000065a3  I2CSlaveDataPut                                                       
000065a9  ResetISR                                                              
000065af  SysCtlDelay                                                           
000065b5  USBBufferFlush                                                        
000065bb  USBDMAChannelIntStatus                                                
000065c1  USBDevLPMConfig                                                       
000065c7  USBLPMIntStatus                                                       
000065cd  _ZN8SPIClass9setModuleEh                                              
000065d3  _ZN9usbdevice15USBSerialDevice5writeEPhj                              
000065d9  __cxa_pure_virtual                                                    
000065ed  USBDevAddrSet                                                         
000065f1  _Z15USBEventHandlerPvjjS_                                             
000065f5  _Z9TxHandlerPvjjS_                                                    
000065f9  _ZN10__cxxabiv117__class_type_infoD1Ev                                
000065f9  _ZN10__cxxabiv117__class_type_infoD2Ev                                
000065fd  _ZN10__cxxabiv120__si_class_type_infoD1Ev                             
000065fd  _ZN10__cxxabiv120__si_class_type_infoD2Ev                             
00006601  _ZN5Print17availableForWriteEv                                        
00006605  _ZdlPvj                                                               
00006609  __abort_execution                                                     
0000660d  _system_pre_init                                                      
00006611  C$$EXIT                                                               
00006611  _ZSt17__throw_bad_allocv                                              
00006611  abort                                                                 
0000675c  g_sCDCSerConfigSection                                                
00006764  g_sIADSerConfigSection                                                
0000676c  g_sCDCSerCommInterfaceSection                                         
00006774  g_sCDCSerDataInterfaceSection                                         
0000677c  g_sCDCSerDataInterfaceSectionHS                                       
00006784  g_sCDCSerConfigHeader                                                 
0000678c  g_sCDCSerConfigHeaderHS                                               
00006794  g_sCDCCompSerConfigHeader                                             
0000679c  g_sCDCCompSerConfigHeaderHS                                           
000067a4  g_ppCDCSerConfigDescriptors                                           
000067a8  g_ppCDCSerConfigDescriptorsHS                                         
000067ac  g_pCDCCompSerConfigDescriptors                                        
000067b0  g_pCDCCompSerConfigDescriptorsHS                                      
00006833  g_pui8ConfigString                                                    
000068d4  g_sCDCHandlers                                                        
00006904  g_sCompHandlers                                                       
00006934  g_sHIDHandlers                                                        
00006964  g_pui8CDCSerDataInterface                                             
0000697b  g_pui8CDCSerDataInterfaceHS                                           
00006992  g_pui8ControlInterfaceString                                          
000069be  _ZTSN10__cxxabiv120__si_class_type_infoE                              
000069e3  g_pui8ManufacturerString                                              
00006a08  _ZTV14HardwareSerial                                                  
00006a2c  _ZTV6Stream                                                           
00006a50  _ZTV7TwoWire                                                          
00006a74  g_pui8CDCSerCommInterface                                             
00006a97  _ZTSN10__cxxabiv117__class_type_infoE                                 
00006b3c  g_pui8ProductString                                                   
00006b58  _ZTV5Print                                                            
00006b70  g_pui8StringDescriptors                                               
00006b88  g_pui8SerialNumberString                                              
00006b9a  _ZTS14HardwareSerial                                                  
00006bac  _ZTVN10__cxxabiv117__class_type_infoE                                 
00006bbc  _ZTVN10__cxxabiv120__si_class_type_infoE                              
00006c8a  _ZTSSt9type_info                                                      
00006c98  _ZTI14HardwareSerial                                                  
00006ca4  _ZTI6Stream                                                           
00006cb0  _ZTI7TwoWire                                                          
00006cbc  _ZTIN10__cxxabiv117__class_type_infoE                                 
00006cc8  _ZTIN10__cxxabiv120__si_class_type_infoE                              
00006cf4  _ZTS7TwoWire                                                          
00006d00  _ZTI5Print                                                            
00006d08  _ZTISt9type_info                                                      
00006d10  _ZTS6Stream                                                           
00006d18  _ZTS5Print                                                            
00006d2b  g_pui8LangDescriptor                                                  
00006d30  NUM_STRING_DESCRIPTORS                                                
00006d34  SHT$$INIT_ARRAY$$Base                                                 
00006d40  SHT$$INIT_ARRAY$$Limit                                                
00006df8  __TI_Handler_Table_Base                                               
00006e04  __TI_Handler_Table_Limit                                              
00006e10  __TI_CINIT_Base                                                       
00006e20  __TI_CINIT_Limit                                                      
20000998  g_psDCDInst                                                           
20000a28  _ZN7TwoWire8rxBufferE                                                 
20000a68  _ZN7TwoWire8txBufferE                                                 
20000aa8  Serial1                                                               
20000ae0  Serial2                                                               
20000b18  Serial3                                                               
20000b50  Serial4                                                               
20000b88  Serial5                                                               
20000bc0  Serial6                                                               
20000bf8  Serial7                                                               
20000c30  Serial                                                                
20000c68  g_pfnTickHandlers                                                     
20000c80  g_pvTickInstance                                                      
20000c98  Wire                                                                  
20000cc0  g_ppCompConfigDescriptors                                             
20000cc4  g_ppsDevInfo                                                          
20000ccc  ui32TxCount                                                           
20000cd0  SPI                                                                   
20000cd2  _ZN9usbdevice16g_sKeyboardStateE                                      
20000cd8  __stack                                                               
20000ed8  __STACK_TOP                                                           
200010d8  __STACK_END                                                           
200010d8  g_pui8CDCSerDeviceDescriptor                                          
200010ea  g_pui8CDCSerDescriptor                                                
200010f3  g_pui8IADSerDescriptor                                                
200010fc  g_psCDCSerSections                                                    
20001108  g_psCDCSerSectionsHS                                                  
20001114  g_psCDCCompSerSections                                                
20001124  g_psCDCCompSerSectionsHS                                              
20001197  g_pui8HIDDeviceDescriptor                                             
200011ac  _ZN9usbdevice17USBKeyboardDevice15keyboardHandlerE                    
200011c8  _ZN9usbdevice15USBSerialDevice14controlHandlerE                       
200011cc  _ZN9usbdevice15USBSerialDevice9rxHandlerE                             
200011d0  _ZN9usbdevice15USBSerialDevice9txHandlerE                             
200011d4  g_bUSBTimerInitialized                                                
200011d8  g_ui32CurrentUSBTick                                                  
200011dc  g_ui32USBSOFCount                                                     
200011e0  _ZN7TwoWire11rxReadIndexE                                             
200011e1  _ZN7TwoWire12rxWriteIndexE                                            
200011e2  _ZN7TwoWire9txAddressE                                                
200011e3  _ZN7TwoWire11txReadIndexE                                             
200011e4  _ZN7TwoWire12txWriteIndexE                                            
200011e5  _ZN7TwoWire9i2cModuleE                                                
200011e6  _ZN7TwoWire12slaveAddressE                                            
200011e7  _ZN7TwoWire12transmittingE                                            
200011e8  _ZN7TwoWire12currentStateE                                            
200011ec  g_iUSBMode                                                            
200011f0  g_ui32WaitTicks                                                       
200011f8  _lock                                                                 
200011fc  _unlock                                                               
20001208  cardMissing                                                           
2000120c  os                                                                    
2000120d  singleUser                                                            
20001210  _ZN9usbdevice13USBCompDevice12eventHandlerE                           
20001214  currentUid                                                            
20001218  g_ui32SysTickCount                                                    
20001220  _sys_memory                                                           
ffffffff  __TI_pprof_out_hndl                                                   
ffffffff  __TI_prof_data_size                                                   
ffffffff  __TI_prof_data_start                                                  
ffffffff  __binit__                                                             
ffffffff  __c_args__                                                            
ffffffff  binit                                                                 
UNDEFED   __mpu_init                                                            
UNDEFED   _system_post_cinit                                                    

[385 symbols]
