******************************************************************************
                  TI ARM Linker PC v18.1.3                     
******************************************************************************
>> Linked Tue Nov 20 17:35:46 2018

OUTPUT FILE NAME:   <usb_dev_gamepad.out>
ENTRY POINT SYMBOL: "_c_int00_noargs"  address: 00002e51


MEMORY CONFIGURATION

         name            origin    length      used     unused   attr    fill
----------------------  --------  ---------  --------  --------  ----  --------
  FLASH                 00000000   00040000  00003ca0  0003c360  R  X
  SRAM                  20000000   00008000  00000b9e  00007462  RW X


SEGMENT ALLOCATION MAP

run origin  load origin   length   init length attrs members
----------  ----------- ---------- ----------- ----- -------
00000000    00000000    00003ca8   00003ca8    r-x
  00000000    00000000    0000026c   0000026c    r-- .intvecs
  0000026c    0000026c    000036e2   000036e2    r-x .text
  00003950    00003950    000002b2   000002b2    r-- .const
  00003c08    00003c08    000000a0   000000a0    r-- .cinit
20000000    20000000    00000ba4   00000000    rw-
  20000000    20000000    0000066a   00000000    rw- .bss
  20000670    20000670    00000400   00000000    rw- .stack
  20000a70    20000a70    00000134   00000000    rw- .data


SECTION ALLOCATION MAP

 output                                  attributes/
section   page    origin      length       input sections
--------  ----  ----------  ----------   ----------------
.intvecs   0    00000000    0000026c     
                  00000000    0000026c     tm4c123gh6pm_startup_ccs.obj (.intvecs)

.text      0    0000026c    000036e2     
                  0000026c    000001ea     uartstdio.obj (.text:UARTvprintf)
                  00000456    00000002     tm4c123gh6pm_startup_ccs.obj (.text:FaultISR)
                  00000458    000001a0     main.obj (.text:main)
                  000005f8    00000160     uartstdio.obj (.text:UARTStdioIntHandler)
                  00000758    00000160     usblib.lib : usbdma.obj (.text:USBLibDMAInit)
                  000008b8    00000150                : usbdenum.obj (.text:USBDCDInit)
                  00000a08    00000150                : usbdenum.obj (.text:USBDEP0StateTxConfig)
                  00000b58    00000150                : usbdenum.obj (.text:USBDeviceIntHandlerInternal)
                  00000ca8    00000148                : usbdconfig.obj (.text:USBDeviceConfig)
                  00000df0    00000114                : usbdhid.obj (.text:HandleRequest)
                  00000f04    00000108     main.obj (.text:USBWriteString)
                  0000100c    000000f4     usblib.lib : usbdma.obj (.text:iDMAUSBTransfer)
                  00001100    000000e4                : usbdenum.obj (.text:USBDGetDescriptor)
                  000011e4    000000e0                : usbdhid.obj (.text:USBDHIDCompositeInit)
                  000012c4    000000d8                : usbdenum.obj (.text:USBDeviceEnumHandler)
                  0000139c    000000c4                : usbdma.obj (.text:uDMAUSBChannelAllocate)
                  00001460    000000bc                : usbdma.obj (.text:uDMAUSBTransfer)
                  0000151c    000000b0     uartstdio.obj (.text:UARTStdioConfig)
                  000015cc    000000a8     uartstdio.obj (.text:UARTwrite)
                  00001674    000000a6     usblib.lib : usbdhidkeyb.obj (.text:HIDKeyboardRxHandler)
                  0000171a    00000002     tm4c123gh6pm_startup_ccs.obj (.text:IntDefaultHandler)
                  0000171c    0000009c     usblib.lib : usbdhidkeyb.obj (.text:USBDHIDKeyboardCompositeInit)
                  000017b8    0000009c     rtsv7M4_T_le_v4SPD16_eabi.lib : memcpy_t2.asm.obj (.text)
                  00001854    00000098     usblib.lib : usbdenum.obj (.text:USBDSetInterface)
                  000018ec    00000090                : usbdenum.obj (.text:USBDSetConfiguration)
                  0000197c    0000008c     uartstdio.obj (.text:UARTPrimeTransmit)
                  00001a08    0000008c     usblib.lib : usbdconfig.obj (.text:USBDeviceConfigAlternate)
                  00001a94    00000088                : usbdhid.obj (.text:ProcessIdleTimers)
                  00001b1c    00000086                : usbdhidkeyb.obj (.text:USBDHIDKeyboardKeyStateChange)
                  00001ba2    00000084                : usbdma.obj (.text:iDMAUSBChannelAllocate)
                  00001c26    00000002     tm4c123gh6pm_startup_ccs.obj (.text:NmiSR)
                  00001c28    00000084     driverlib.lib : udma.obj (.text:uDMAChannelTransferSet)
                  00001cac    00000080     usblib.lib : usbdenum.obj (.text:USBDClearFeature)
                  00001d2c    00000080     usb_keyboard.obj (.text:USBKeyboardUpdate)
                  00001dac    0000007a     driverlib.lib : usb.obj (.text:USBDevEndpointConfigSet)
                  00001e26    0000007a     rtsv7M4_T_le_v4SPD16_eabi.lib : memset_t2.asm.obj (.text)
                  00001ea0    00000078     usblib.lib : usbdenum.obj (.text:USBDGetStatus)
                  00001f18    00000070                : usbdenum.obj (.text:USBDEP0StateTx)
                  00001f88    00000070                : usbdma.obj (.text:uDMAUSBArbSizeSet)
                  00001ff8    00000070                : usbdma.obj (.text:uDMAUSBUnitSizeSet)
                  00002068    0000006c                : usbdenum.obj (.text:USBDSetFeature)
                  000020d4    00000068     driverlib.lib : interrupt.obj (.text:IntDisable)
                  0000213c    00000068                   : interrupt.obj (.text:IntEnable)
                  000021a4    00000068     rtsv7M4_T_le_v4SPD16_eabi.lib : copy_decompress_lzss.c.obj (.text:decompress:lzss:__TI_decompress_lzss)
                  0000220c    00000064     main.obj (.text:ConfigureUART)
                  00002270    00000064     usblib.lib : usbdhid.obj (.text:HandleGetDescriptor)
                  000022d4    00000064     driverlib.lib : interrupt.obj (.text:IntIsEnabled)
                  00002338    00000064     usblib.lib : usbdma.obj (.text:uDMAUSBChannelEnable)
                  0000239c    00000060                : usbdhid.obj (.text:HandleDevice)
                  000023fc    00000060                : usbdhid.obj (.text:ProcessDataFromHost)
                  0000245c    00000060                : usbdenum.obj (.text:USBDReadAndDispatchRequest)
                  000024bc    0000005e     driverlib.lib : usb.obj (.text:USBDevEndpointStatusClear)
                  0000251a    0000005c     usblib.lib : usbdhid.obj (.text:FindHIDDescriptor)
                  00002576    00000056                : usbdhidkeyb.obj (.text:RemoveKeyFromPressedList)
                  000025cc    00000056                : usbdma.obj (.text:uDMAUSBChannelRelease)
                  00002622    00000054                : usbdhid.obj (.text:ProcessDataToHost)
                  00002676    00000052                : usbulpi.obj (.text:ULPIConfigSet)
                  000026c8    00000050     driverlib.lib : sysctl.obj (.text:SysCtlPeripheralReset)
                  00002718    00000050     usblib.lib : usbdcdesc.obj (.text:USBDCDConfigDescGet)
                  00002768    00000050                : usbdenum.obj (.text:USBDeviceResumeTickHandler)
                  000027b8    0000004c                : usbdconfig.obj (.text:GetEPDescriptorType)
                  00002804    0000004c                : usbdenum.obj (.text:USBDStringIndexFromRequest)
                  00002850    0000004c     driverlib.lib : usb.obj (.text:USBEndpointDMAConfigSet)
                  0000289c    0000004c     usblib.lib : usbdma.obj (.text:iDMAUSBChannelEnable)
                  000028e8    0000004a                : usbdcdesc.obj (.text:ConfigAlternateInterfaceGet)
                  00002932    0000004a                : usbdhid.obj (.text:USBDHIDReportWrite)
                  0000297c    0000004a     driverlib.lib : usb.obj (.text:USBDevEndpointStallClear)
                  000029c6    0000004a     usblib.lib : usbdma.obj (.text:uDMAUSBChannelDisable)
                  00002a10    00000048                : usbdhid.obj (.text:SetIdleTimeout)
                  00002a58    00000048                : usbdenum.obj (.text:USBDeviceEnumResetHandler)
                  00002aa0    00000048     driverlib.lib : udma.obj (.text:uDMAChannelAttributeDisable)
                  00002ae8    00000046                   : usb.obj (.text:USBEndpointDataGet)
                  00002b2e    00000002     usblib.lib : usbdma.obj (.text:iDMAUSBArbSizeSet)
                  00002b30    00000044                : usbdenum.obj (.text:USBDCDDeviceInfoInit)
                  00002b74    00000044                : usbdenum.obj (.text:USBDGetInterface)
                  00002bb8    00000044     rtsv7M4_T_le_v4SPD16_eabi.lib : autoinit.c.obj (.text:__TI_auto_init_nobinit_nopinit:__TI_auto_init_nobinit_nopinit)
                  00002bfc    00000040     usblib.lib : usbdhid.obj (.text:ScheduleReportTransmission)
                  00002c3c    00000040     rtsv7M4_T_le_v4SPD16_eabi.lib : u_divt2.asm.obj (.text)
                  00002c7c    0000003e     usblib.lib : usbdhidkeyb.obj (.text:HIDKeyboardTxHandler)
                  00002cba    00000002                : usbdma.obj (.text:iDMAUSBUnitSizeSet)
                  00002cbc    0000003c     uartstdio.obj (.text:UARTFlushTx)
                  00002cf8    0000003c     usblib.lib : usbdma.obj (.text:iDMAUSBChannelRelease)
                  00002d34    0000003a     driverlib.lib : usb.obj (.text:USBFIFOConfigSet)
                  00002d6e    00000002     rtsv7M4_T_le_v4SPD16_eabi.lib : div0.asm.obj (.text)
                  00002d70    00000038     usblib.lib : usbtick.obj (.text:InternalUSBRegisterTickHandler)
                  00002da8    00000038                : usbtick.obj (.text:InternalUSBStartOfFrameTick)
                  00002de0    00000038                : usbdcdesc.obj (.text:USBDCDConfigGetInterfaceEndpoint)
                  00002e18    00000038     driverlib.lib : usb.obj (.text:USBIntStatusControl)
                  00002e50    00000038     rtsv7M4_T_le_v4SPD16_eabi.lib : boot_cortex_m.c.obj (.text:_c_int00_noargs:_c_int00_noargs)
                  00002e88    00000036     usblib.lib : usbdhid.obj (.text:HandleEndpoints)
                  00002ebe    00000036     driverlib.lib : usb.obj (.text:USBEndpointDataPut)
                  00002ef4    00000034     usblib.lib : usbdhid.obj (.text:HIDTickHandler)
                  00002f28    00000034     driverlib.lib : sysctl.obj (.text:SysCtlPeripheralEnable)
                  00002f5c    00000034                   : usb.obj (.text:USBEndpointDataSend)
                  00002f90    00000034     usb_keyboard.obj (.text:USBKeyboardHandler)
                  00002fc4    00000034     usblib.lib : usbdma.obj (.text:iDMAUSBChannelStatus)
                  00002ff8    00000032                : usbdhid.obj (.text:ClearReportTimer)
                  0000302a    00000032                : usbdhid.obj (.text:HandleConfigChange)
                  0000305c    00000032                : usbdcdesc.obj (.text:NextConfigDescGet)
                  0000308e    00000032     driverlib.lib : usb.obj (.text:USBDevEndpointStall)
                  000030c0    00000032     usblib.lib : usbdma.obj (.text:iDMAUSBChannelDisable)
                  000030f2    00000030                : usbdhidkeyb.obj (.text:AddKeyToPressedList)
                  00003122    00000030                : usbdma.obj (.text:DMAUSBIntHandler)
                  00003152    00000002                : usbdma.obj (.text:uDMAUSBChannelIntDisable)
                  00003154    00000030                : usbtick.obj (.text:InternalUSBTickInit)
                  00003184    00000030                : usbdenum.obj (.text:USBDGetConfiguration)
                  000031b4    00000030                : usbdhidkeyb.obj (.text:USBDHIDKeyboardInit)
                  000031e4    0000002c     uartstdio.obj (.text:UARTFlushRx)
                  00003210    0000002c     usblib.lib : usbdesc.obj (.text:USBDescGet)
                  0000323c    0000002c                : usbdma.obj (.text:uDMAUSBIntStatus)
                  00003268    0000002a                : usbdcdesc.obj (.text:USBDCDConfigDescGetNum)
                  00003292    0000002a                : usbdesc.obj (.text:USBDescGetNum)
                  000032bc    0000002a     driverlib.lib : usb.obj (.text:USBDevEndpointDataAck)
                  000032e6    00000028     usblib.lib : usbdhid.obj (.text:GetIdleTimeout)
                  0000330e    00000002                : usbdma.obj (.text:uDMAUSBChannelIntEnable)
                  00003310    00000028     usb_keyboard.obj (.text:GetUsageCode)
                  00003338    00000028     usblib.lib : usbdhid.obj (.text:HandleEP0DataReceived)
                  00003360    00000028                : usbdenum.obj (.text:USBDSetAddress)
                  00003388    00000028     driverlib.lib : usb.obj (.text:USBIntEnableControl)
                  000033b0    00000028                   : udma.obj (.text:uDMAChannelModeGet)
                  000033d8    00000026     usblib.lib : usbdhid.obj (.text:USBDHIDInit)
                  000033fe    00000024     driverlib.lib : usb.obj (.text:USBEndpointDMADisable)
                  00003422    00000024                   : usb.obj (.text:USBEndpointDMAEnable)
                  00003446    00000002     --HOLE-- [fill = 0]
                  00003448    00000024     usblib.lib : usbmode.obj (.text:USBStackModeSet)
                  0000346c    00000024     driverlib.lib : udma.obj (.text:uDMAChannelControlSet)
                  00003490    00000022     usblib.lib : usbdhid.obj (.text:HandleDisconnect)
                  000034b2    00000022                : usbdma.obj (.text:uDMAUSBChannelStatus)
                  000034d4    00000020                : usbdconfig.obj (.text:GetEndpointFIFOSize)
                  000034f4    00000020                : usbdhid.obj (.text:HandleEP0DataSent)
                  00003514    0000001e     driverlib.lib : usb.obj (.text:USBULPIRegRead)
                  00003532    0000001e                   : usb.obj (.text:USBULPIRegWrite)
                  00003550    0000001c     usblib.lib : usbdcdesc.obj (.text:USBDCDConfigGetInterface)
                  0000356c    0000001c                : usbdenum.obj (.text:USBDCDStallEP0)
                  00003588    0000001c     driverlib.lib : usb.obj (.text:USBEndpointDataAvail)
                  000035a4    0000001a     usblib.lib : usbdhid.obj (.text:ClearIdleTimers)
                  000035be    0000001a     uartstdio.obj (.text:UARTprintf)
                  000035d8    0000001a     usblib.lib : usbdcdesc.obj (.text:USBDCDConfigDescGetSize)
                  000035f2    0000001a     driverlib.lib : usb.obj (.text:USBEndpointDMAChannel)
                  0000360c    00000018     uartstdio.obj (.text:IsBufferFull)
                  00003624    00000018     usblib.lib : usbdhid.obj (.text:SetDeferredOpFlag)
                  0000363c    00000018                : usbdhandler.obj (.text:USB0DeviceIntHandler)
                  00003654    00000018                : usbdenum.obj (.text:USBDSetDescriptor)
                  0000366c    00000018                : usbdenum.obj (.text:USBDSyncFrame)
                  00003684    00000018     driverlib.lib : udma.obj (.text:uDMAChannelDisable)
                  0000369c    00000018                   : udma.obj (.text:uDMAChannelEnable)
                  000036b4    00000016                   : usb.obj (.text:USBIntEnableEndpoint)
                  000036ca    00000002     --HOLE-- [fill = 0]
                  000036cc    00000014     usb_keyboard.obj (.text:IsKeyboardPending)
                  000036e0    00000014     driverlib.lib : sysctl.obj (.text:SysCtlUSBPLLEnable)
                  000036f4    00000014     usblib.lib : usbdenum.obj (.text:USBDCDRequestDataEP0)
                  00003708    00000014                : usbdenum.obj (.text:USBDCDSendDataEP0)
                  0000371c    00000014     driverlib.lib : usb.obj (.text:USBDMAChannelConfigSet)
                  00003730    00000014                   : usb.obj (.text:USBHostResume)
                  00003744    00000014                   : usb.obj (.text:_USBIndexWrite)
                  00003758    00000012     usblib.lib : usbdhid.obj (.text:HandleResume)
                  0000376a    00000012                : usbdhid.obj (.text:HandleSuspend)
                  0000377c    00000012     driverlib.lib : usb.obj (.text:USBDMAChannelDisable)
                  0000378e    00000012                   : usb.obj (.text:USBDMAChannelEnable)
                  000037a0    00000012                   : usb.obj (.text:USBDMAChannelIntDisable)
                  000037b2    00000012                   : usb.obj (.text:USBDMAChannelIntEnable)
                  000037c4    00000010                   : interrupt.obj (.text:IntMasterEnable)
                  000037d4    00000010     main.obj (.text:SysTickIntHandler)
                  000037e4    00000010     driverlib.lib : usb.obj (.text:USBEndpointStatus)
                  000037f4    0000000e     usblib.lib : usbdma.obj (.text:DMAUSBIntStatusClear)
                  00003802    0000000e     uartstdio.obj (.text:IsBufferEmpty)
                  00003810    0000000e     usblib.lib : usbdhid.obj (.text:USBDHIDTxPacketAvailable)
                  0000381e    0000000e     driverlib.lib : usb.obj (.text:USBDMAChannelStatus)
                  0000382c    0000000e                   : usb.obj (.text:USBDevLPMDisable)
                  0000383a    0000000e                   : usb.obj (.text:USBDevLPMEnable)
                  00003848    0000000e                   : usb.obj (.text:USBULPIDisable)
                  00003856    0000000e                   : usb.obj (.text:USBULPIEnable)
                  00003864    0000000e     rtsv7M4_T_le_v4SPD16_eabi.lib : copy_decompress_none.c.obj (.text:decompress:none:__TI_decompress_none)
                  00003872    0000000c     driverlib.lib : cpu.obj (.text:CPUcpsie)
                  0000387e    0000000c                   : usb.obj (.text:USBEndpointPacketCountSet)
                  0000388a    0000000c                   : usb.obj (.text:USBLPMIntEnable)
                  00003896    0000000c     rtsv7M4_T_le_v4SPD16_eabi.lib : copy_zero_init.c.obj (.text:decompress:ZI:__TI_zero_init)
                  000038a2    0000000a     driverlib.lib : usb.obj (.text:USBClockEnable)
                  000038ac    0000000a                   : usb.obj (.text:USBControllerVersion)
                  000038b6    0000000a                   : usb.obj (.text:USBDMAChannelAddressSet)
                  000038c0    0000000a                   : usb.obj (.text:USBDMAChannelCountSet)
                  000038ca    0000000a                   : usb.obj (.text:USBDevConnect)
                  000038d4    0000000a                   : usb.obj (.text:USBDevDisconnect)
                  000038de    0000000a                   : usb.obj (.text:USBIntStatusEndpoint)
                  000038e8    00000008                   : usb.obj (.text:USBDevMode)
                  000038f0    00000008                   : usb.obj (.text:USBFIFOAddrGet)
                  000038f8    00000008                   : usb.obj (.text:USBOTGMode)
                  00003900    00000008     usblib.lib : usbdma.obj (.text:iDMAUSBChannelIntDisable)
                  00003908    00000008                : usbdma.obj (.text:iDMAUSBChannelIntEnable)
                  00003910    00000006     driverlib.lib : gpio.obj (.text:GPIOPinWrite)
                  00003916    00000006     tm4c123gh6pm_startup_ccs.obj (.text:ResetISR)
                  0000391c    00000006     driverlib.lib : uart.obj (.text:UARTClockSourceSet)
                  00003922    00000006                   : usb.obj (.text:USBDMAChannelIntStatus)
                  00003928    00000006                   : usb.obj (.text:USBDevLPMConfig)
                  0000392e    00000006                   : usb.obj (.text:USBLPMIntStatus)
                  00003934    00000006     usblib.lib : usbdma.obj (.text:iDMAUSBIntStatus)
                  0000393a    00000004                : usbdma.obj (.text:DMAUSBStatus)
                  0000393e    00000004                : usbdhid.obj (.text:HandleReset)
                  00003942    00000004     driverlib.lib : usb.obj (.text:USBDevAddrSet)
                  00003946    00000004     rtsv7M4_T_le_v4SPD16_eabi.lib : pre_init.c.obj (.text:_system_pre_init)
                  0000394a    00000004                                   : exit.c.obj (.text:abort:abort)

.const     0    00003950    000002b2     
                  00003950    00000070     driverlib.lib : interrupt.obj (.const)
                  000039c0    00000068     usb_keyboard.obj (.const:g_pcUsageCodes)
                  00003a28    0000003f     usblib.lib : usbdhidkeyb.obj (.const:.string:g_pui8KeybReportDescriptor)
                  00003a67    00000001     main.obj (.const)
                  00003a68    00000034     usblib.lib : usbdenum.obj (.const:g_psUSBDStdRequests)
                  00003a9c    00000034                : usbdhidkeyb.obj (.const)
                  00003ad0    00000030                : usbdhid.obj (.const:g_sHIDHandlers)
                  00003b00    0000002e     main.obj (.const:.string:g_spooky_message)
                  00003b2e    00000024     usb_structs.obj (.const:.string:g_pui8ManufacturerString)
                  00003b52    00000022     usb_keyboard.obj (.const:g_pcUsageCodesShift)
                  00003b74    0000001c     usb_structs.obj (.const:.string:g_pui8ProductString)
                  00003b90    00000012     usb_structs.obj (.const:.string:g_pui8SerialNumberString)
                  00003ba2    00000002     --HOLE-- [fill = 0]
                  00003ba4    00000010     usb_structs.obj (.const:g_pui8StringDescriptors)
                  00003bb4    0000000e     usblib.lib : usbdhidkeyb.obj (.const:.string)
                  00003bc2    0000000c     main.obj (.const:.string:g_spooky_message1)
                  00003bce    00000002     --HOLE-- [fill = 0]
                  00003bd0    0000000c     uartstdio.obj (.const:g_ui32UARTBase)
                  00003bdc    0000000c     uartstdio.obj (.const:g_ui32UARTInt)
                  00003be8    0000000c     uartstdio.obj (.const:g_ui32UARTPeriph)
                  00003bf4    0000000a     main.obj (.const:.string:g_spooky_message2)
                  00003bfe    00000004     usb_structs.obj (.const:.string:g_pui8LangDescriptor)

.cinit     0    00003c08    000000a0     
                  00003c08    00000078     (.cinit..data.load) [load image, compression = lzss]
                  00003c80    0000000c     (__TI_handler_table)
                  00003c8c    00000004     --HOLE-- [fill = 0]
                  00003c90    00000008     (.cinit..bss.load) [load image, compression = zero_init]
                  00003c98    00000010     (__TI_cinit_table)

.init_array 
*          0    00000000    00000000     UNINITIALIZED

.bss       0    20000000    0000066a     UNINITIALIZED
                  20000000    00000400     uartstdio.obj (.bss:g_pcUARTTxBuffer)
                  20000400    00000110     usblib.lib : usbdma.obj (.bss:g_psUSBDMAInst)
                  20000510    00000080     uartstdio.obj (.bss:g_pcUARTRxBuffer)
                  20000590    00000050     usblib.lib : usbdenum.obj (.bss:g_psDCDInst)
                  200005e0    00000040                : usbdenum.obj (.bss:g_pui8DataBufferIn)
                  20000620    00000018     (.common:g_pfnTickHandlers)
                  20000638    00000018     (.common:g_pvTickInstance)
                  20000650    00000008     uartstdio.obj (.bss)
                  20000658    00000004     (.common:g_pfnUSBModeCallback)
                  2000065c    00000004     (.common:g_ppsDevInfo)
                  20000660    00000004     (.common:g_ui32SysTickCount)
                  20000664    00000004     (.common:g_ui32ULPISupport)
                  20000668    00000002     (.common:g_sKeyboardState)

.data      0    20000a70    00000134     UNINITIALIZED
                  20000a70    000000a4     usb_structs.obj (.data:g_sKeyboardDevice)
                  20000b14    00000038     usblib.lib : usbdhidkeyb.obj (.data)
                  20000b4c    00000015     uartstdio.obj (.data)
                  20000b61    00000012     usblib.lib : usbdhid.obj (.data)
                  20000b73    00000001     --HOLE--
                  20000b74    0000000d     main.obj (.data)
                  20000b81    00000003     --HOLE--
                  20000b84    0000000c     usblib.lib : usbtick.obj (.data)
                  20000b90    00000009                : usbmode.obj (.data)
                  20000b99    00000003     --HOLE--
                  20000b9c    00000008                : usbdenum.obj (.data)

.stack     0    20000670    00000400     UNINITIALIZED
                  20000670    00000004     rtsv7M4_T_le_v4SPD16_eabi.lib : boot_cortex_m.c.obj (.stack)
                  20000674    000003fc     --HOLE--

MODULE SUMMARY

       Module                         code    ro data   rw data
       ------                         ----    -------   -------
    .\
       main.obj                       796     69        17     
       tm4c123gh6pm_startup_ccs.obj   12      620       0      
       usb_keyboard.obj               240     138       2      
       usb_structs.obj                0       102       164    
    +--+------------------------------+-------+---------+---------+
       Total:                         1048    929       183    
                                                               
    .\utils\
       uartstdio.obj                  1494    36        1181   
    +--+------------------------------+-------+---------+---------+
       Total:                         1494    36        1181   
                                                               
    C:/ti/tivaware_c_series_2_1_4_178/driverlib/ccs/Debug/driverlib.lib
       usb.obj                        1354    0         0      
       interrupt.obj                  324     112       0      
       udma.obj                       328     0         0      
       sysctl.obj                     152     0         0      
       cpu.obj                        12      0         0      
       gpio.obj                       6       0         0      
       uart.obj                       6       0         0      
    +--+------------------------------+-------+---------+---------+
       Total:                         2182    112       0      
                                                               
    C:/ti/tivaware_c_series_2_1_4_178/usblib/ccs/Debug/usblib.lib
       usbdenum.obj                   2880    52        160    
       usbdma.obj                     2008    0         272    
       usbdhid.obj                    1808    48        18     
       usbdhidkeyb.obj                700     129       56     
       usbdconfig.obj                 576     0         0      
       usbdcdesc.obj                  356     0         0      
       usbtick.obj                    160     0         60     
       usbdesc.obj                    86      0         0      
       usbulpi.obj                    82      0         0      
       usbmode.obj                    36      0         13     
       usbdhandler.obj                24      0         0      
    +--+------------------------------+-------+---------+---------+
       Total:                         8716    229       579    
                                                               
    C:\ti\ccsv8\tools\compiler\ti-cgt-arm_18.1.3.LTS\lib\rtsv7M4_T_le_v4SPD16_eabi.lib
       memcpy_t2.asm.obj              156     0         0      
       memset_t2.asm.obj              122     0         0      
       copy_decompress_lzss.c.obj     104     0         0      
       autoinit.c.obj                 68      0         0      
       u_divt2.asm.obj                64      0         0      
       boot_cortex_m.c.obj            56      0         0      
       copy_decompress_none.c.obj     14      0         0      
       copy_zero_init.c.obj           12      0         0      
       exit.c.obj                     4       0         0      
       pre_init.c.obj                 4       0         0      
       div0.asm.obj                   2       0         0      
    +--+------------------------------+-------+---------+---------+
       Total:                         606     0         0      
                                                               
       Stack:                         0       0         1024   
       Linker Generated:              0       156       0      
    +--+------------------------------+-------+---------+---------+
       Grand Total:                   14046   1462      2967   


LINKER GENERATED COPY TABLES

__TI_cinit_table @ 00003c98 records: 2, size/record: 8, table size: 16
	.data: load addr=00003c08, load size=00000078 bytes, run addr=20000a70, run size=00000134 bytes, compression=lzss
	.bss: load addr=00003c90, load size=00000008 bytes, run addr=20000000, run size=0000066a bytes, compression=zero_init


LINKER GENERATED HANDLER TABLE

__TI_handler_table @ 00003c80 records: 3, size/record: 4, table size: 12
	index: 0, handler: __TI_decompress_lzss
	index: 1, handler: __TI_decompress_none
	index: 2, handler: __TI_zero_init


GLOBAL SYMBOLS: SORTED ALPHABETICALLY BY Name 

address   name                            
-------   ----                            
0000394b  C$$EXIT                         
00003873  CPUcpsie                        
0000220d  ConfigureUART                   
00003a67  ENTER                           
00003911  GPIOPinWrite                    
000020d5  IntDisable                      
0000213d  IntEnable                       
000022d5  IntIsEnabled                    
000037c5  IntMasterEnable                 
00002d71  InternalUSBRegisterTickHandler  
00002da9  InternalUSBStartOfFrameTick     
00003155  InternalUSBTickInit             
000036cd  IsKeyboardPending               
00003917  ResetISR                        
00002f29  SysCtlPeripheralEnable          
000026c9  SysCtlPeripheralReset           
000036e1  SysCtlUSBPLLEnable              
000037d5  SysTickIntHandler               
0000391d  UARTClockSourceSet              
000031e5  UARTFlushRx                     
00002cbd  UARTFlushTx                     
0000151d  UARTStdioConfig                 
000005f9  UARTStdioIntHandler             
000035bf  UARTprintf                      
0000026d  UARTvprintf                     
000015cd  UARTwrite                       
00002677  ULPIConfigSet                   
0000363d  USB0DeviceIntHandler            
000038a3  USBClockEnable                  
000038ad  USBControllerVersion            
00002719  USBDCDConfigDescGet             
00003269  USBDCDConfigDescGetNum          
000035d9  USBDCDConfigDescGetSize         
00003551  USBDCDConfigGetInterface        
00002de1  USBDCDConfigGetInterfaceEndpoint
00002b31  USBDCDDeviceInfoInit            
000008b9  USBDCDInit                      
000036f5  USBDCDRequestDataEP0            
00003709  USBDCDSendDataEP0               
0000356d  USBDCDStallEP0                  
000011e5  USBDHIDCompositeInit            
000033d9  USBDHIDInit                     
0000171d  USBDHIDKeyboardCompositeInit    
000031b5  USBDHIDKeyboardInit             
00001b1d  USBDHIDKeyboardKeyStateChange   
00002933  USBDHIDReportWrite              
00003811  USBDHIDTxPacketAvailable        
000038b7  USBDMAChannelAddressSet         
0000371d  USBDMAChannelConfigSet          
000038c1  USBDMAChannelCountSet           
0000377d  USBDMAChannelDisable            
0000378f  USBDMAChannelEnable             
000037a1  USBDMAChannelIntDisable         
000037b3  USBDMAChannelIntEnable          
00003923  USBDMAChannelIntStatus          
0000381f  USBDMAChannelStatus             
00003211  USBDescGet                      
00003293  USBDescGetNum                   
00003943  USBDevAddrSet                   
000038cb  USBDevConnect                   
000038d5  USBDevDisconnect                
00001dad  USBDevEndpointConfigSet         
000032bd  USBDevEndpointDataAck           
0000308f  USBDevEndpointStall             
0000297d  USBDevEndpointStallClear        
000024bd  USBDevEndpointStatusClear       
00003929  USBDevLPMConfig                 
0000382d  USBDevLPMDisable                
0000383b  USBDevLPMEnable                 
000038e9  USBDevMode                      
00000ca9  USBDeviceConfig                 
00001a09  USBDeviceConfigAlternate        
000012c5  USBDeviceEnumHandler            
00002a59  USBDeviceEnumResetHandler       
00000b59  USBDeviceIntHandlerInternal     
00002769  USBDeviceResumeTickHandler      
000035f3  USBEndpointDMAChannel           
00002851  USBEndpointDMAConfigSet         
000033ff  USBEndpointDMADisable           
00003423  USBEndpointDMAEnable            
00003589  USBEndpointDataAvail            
00002ae9  USBEndpointDataGet              
00002ebf  USBEndpointDataPut              
00002f5d  USBEndpointDataSend             
0000387f  USBEndpointPacketCountSet       
000037e5  USBEndpointStatus               
000038f1  USBFIFOAddrGet                  
00002d35  USBFIFOConfigSet                
00003731  USBHostResume                   
00003389  USBIntEnableControl             
000036b5  USBIntEnableEndpoint            
00002e19  USBIntStatusControl             
000038df  USBIntStatusEndpoint            
00002f91  USBKeyboardHandler              
00001d2d  USBKeyboardUpdate               
0000388b  USBLPMIntEnable                 
0000392f  USBLPMIntStatus                 
00000759  USBLibDMAInit                   
000038f9  USBOTGMode                      
00003449  USBStackModeSet                 
00003849  USBULPIDisable                  
00003857  USBULPIEnable                   
00003515  USBULPIRegRead                  
00003533  USBULPIRegWrite                 
00000f05  USBWriteString                  
20000a70  __STACK_END                     
00000400  __STACK_SIZE                    
20000870  __STACK_TOP                     
00003c98  __TI_CINIT_Base                 
00003ca8  __TI_CINIT_Limit                
00003c80  __TI_Handler_Table_Base         
00003c8c  __TI_Handler_Table_Limit        
00002bb9  __TI_auto_init_nobinit_nopinit  
000021a5  __TI_decompress_lzss            
00003865  __TI_decompress_none            
ffffffff  __TI_pprof_out_hndl             
ffffffff  __TI_prof_data_size             
ffffffff  __TI_prof_data_start            
00000000  __TI_static_base__              
00003897  __TI_zero_init                  
00002d6f  __aeabi_idiv0                   
00002d6f  __aeabi_ldiv0                   
00001e27  __aeabi_memclr                  
00001e27  __aeabi_memclr4                 
00001e27  __aeabi_memclr8                 
000017b9  __aeabi_memcpy                  
000017b9  __aeabi_memcpy4                 
000017b9  __aeabi_memcpy8                 
00001e29  __aeabi_memset                  
00001e29  __aeabi_memset4                 
00001e29  __aeabi_memset8                 
00002c3d  __aeabi_uidiv                   
00002c3d  __aeabi_uidivmod                
ffffffff  __binit__                       
ffffffff  __c_args__                      
UNDEFED   __mpu_init                      
20000670  __stack                         
00002e51  _c_int00_noargs                 
UNDEFED   _system_post_cinit              
00003947  _system_pre_init                
0000394b  abort                           
ffffffff  binit                           
20000b84  g_bUSBTimerInitialized          
20000b90  g_iUSBMode                      
20000b80  g_keyDown                       
20000b7c  g_keyTick                       
20000620  g_pfnTickHandlers               
00000000  g_pfnVectors                    
2000065c  g_ppsDevInfo                    
20000590  g_psDCDInst                     
20000b61  g_pui8HIDDeviceDescriptor       
00003bfe  g_pui8LangDescriptor            
00003b2e  g_pui8ManufacturerString        
00003b74  g_pui8ProductString             
00003b90  g_pui8SerialNumberString        
00003ba4  g_pui8StringDescriptors         
20000638  g_pvTickInstance                
00003ad0  g_sHIDHandlers                  
20000a70  g_sKeyboardDevice               
20000668  g_sKeyboardState                
20000b78  g_spooky_last_tick              
00003b00  g_spooky_message                
00003bc2  g_spooky_message1               
00003bf4  g_spooky_message2               
20000b74  g_spooky_message_index          
20000b88  g_ui32CurrentUSBTick            
20000660  g_ui32SysTickCount              
20000b8c  g_ui32USBSOFCount               
20000b94  g_ui32WaitTicks                 
00000459  main                            
000017b9  memcpy                          
00001e2f  memset                          
00002aa1  uDMAChannelAttributeDisable     
0000346d  uDMAChannelControlSet           
00003685  uDMAChannelDisable              
0000369d  uDMAChannelEnable               
000033b1  uDMAChannelModeGet              
00001c29  uDMAChannelTransferSet          


GLOBAL SYMBOLS: SORTED BY Symbol Address 

address   name                            
-------   ----                            
00000000  __TI_static_base__              
00000000  g_pfnVectors                    
0000026d  UARTvprintf                     
00000400  __STACK_SIZE                    
00000459  main                            
000005f9  UARTStdioIntHandler             
00000759  USBLibDMAInit                   
000008b9  USBDCDInit                      
00000b59  USBDeviceIntHandlerInternal     
00000ca9  USBDeviceConfig                 
00000f05  USBWriteString                  
000011e5  USBDHIDCompositeInit            
000012c5  USBDeviceEnumHandler            
0000151d  UARTStdioConfig                 
000015cd  UARTwrite                       
0000171d  USBDHIDKeyboardCompositeInit    
000017b9  __aeabi_memcpy                  
000017b9  __aeabi_memcpy4                 
000017b9  __aeabi_memcpy8                 
000017b9  memcpy                          
00001a09  USBDeviceConfigAlternate        
00001b1d  USBDHIDKeyboardKeyStateChange   
00001c29  uDMAChannelTransferSet          
00001d2d  USBKeyboardUpdate               
00001dad  USBDevEndpointConfigSet         
00001e27  __aeabi_memclr                  
00001e27  __aeabi_memclr4                 
00001e27  __aeabi_memclr8                 
00001e29  __aeabi_memset                  
00001e29  __aeabi_memset4                 
00001e29  __aeabi_memset8                 
00001e2f  memset                          
000020d5  IntDisable                      
0000213d  IntEnable                       
000021a5  __TI_decompress_lzss            
0000220d  ConfigureUART                   
000022d5  IntIsEnabled                    
000024bd  USBDevEndpointStatusClear       
00002677  ULPIConfigSet                   
000026c9  SysCtlPeripheralReset           
00002719  USBDCDConfigDescGet             
00002769  USBDeviceResumeTickHandler      
00002851  USBEndpointDMAConfigSet         
00002933  USBDHIDReportWrite              
0000297d  USBDevEndpointStallClear        
00002a59  USBDeviceEnumResetHandler       
00002aa1  uDMAChannelAttributeDisable     
00002ae9  USBEndpointDataGet              
00002b31  USBDCDDeviceInfoInit            
00002bb9  __TI_auto_init_nobinit_nopinit  
00002c3d  __aeabi_uidiv                   
00002c3d  __aeabi_uidivmod                
00002cbd  UARTFlushTx                     
00002d35  USBFIFOConfigSet                
00002d6f  __aeabi_idiv0                   
00002d6f  __aeabi_ldiv0                   
00002d71  InternalUSBRegisterTickHandler  
00002da9  InternalUSBStartOfFrameTick     
00002de1  USBDCDConfigGetInterfaceEndpoint
00002e19  USBIntStatusControl             
00002e51  _c_int00_noargs                 
00002ebf  USBEndpointDataPut              
00002f29  SysCtlPeripheralEnable          
00002f5d  USBEndpointDataSend             
00002f91  USBKeyboardHandler              
0000308f  USBDevEndpointStall             
00003155  InternalUSBTickInit             
000031b5  USBDHIDKeyboardInit             
000031e5  UARTFlushRx                     
00003211  USBDescGet                      
00003269  USBDCDConfigDescGetNum          
00003293  USBDescGetNum                   
000032bd  USBDevEndpointDataAck           
00003389  USBIntEnableControl             
000033b1  uDMAChannelModeGet              
000033d9  USBDHIDInit                     
000033ff  USBEndpointDMADisable           
00003423  USBEndpointDMAEnable            
00003449  USBStackModeSet                 
0000346d  uDMAChannelControlSet           
00003515  USBULPIRegRead                  
00003533  USBULPIRegWrite                 
00003551  USBDCDConfigGetInterface        
0000356d  USBDCDStallEP0                  
00003589  USBEndpointDataAvail            
000035bf  UARTprintf                      
000035d9  USBDCDConfigDescGetSize         
000035f3  USBEndpointDMAChannel           
0000363d  USB0DeviceIntHandler            
00003685  uDMAChannelDisable              
0000369d  uDMAChannelEnable               
000036b5  USBIntEnableEndpoint            
000036cd  IsKeyboardPending               
000036e1  SysCtlUSBPLLEnable              
000036f5  USBDCDRequestDataEP0            
00003709  USBDCDSendDataEP0               
0000371d  USBDMAChannelConfigSet          
00003731  USBHostResume                   
0000377d  USBDMAChannelDisable            
0000378f  USBDMAChannelEnable             
000037a1  USBDMAChannelIntDisable         
000037b3  USBDMAChannelIntEnable          
000037c5  IntMasterEnable                 
000037d5  SysTickIntHandler               
000037e5  USBEndpointStatus               
00003811  USBDHIDTxPacketAvailable        
0000381f  USBDMAChannelStatus             
0000382d  USBDevLPMDisable                
0000383b  USBDevLPMEnable                 
00003849  USBULPIDisable                  
00003857  USBULPIEnable                   
00003865  __TI_decompress_none            
00003873  CPUcpsie                        
0000387f  USBEndpointPacketCountSet       
0000388b  USBLPMIntEnable                 
00003897  __TI_zero_init                  
000038a3  USBClockEnable                  
000038ad  USBControllerVersion            
000038b7  USBDMAChannelAddressSet         
000038c1  USBDMAChannelCountSet           
000038cb  USBDevConnect                   
000038d5  USBDevDisconnect                
000038df  USBIntStatusEndpoint            
000038e9  USBDevMode                      
000038f1  USBFIFOAddrGet                  
000038f9  USBOTGMode                      
00003911  GPIOPinWrite                    
00003917  ResetISR                        
0000391d  UARTClockSourceSet              
00003923  USBDMAChannelIntStatus          
00003929  USBDevLPMConfig                 
0000392f  USBLPMIntStatus                 
00003943  USBDevAddrSet                   
00003947  _system_pre_init                
0000394b  C$$EXIT                         
0000394b  abort                           
00003a67  ENTER                           
00003ad0  g_sHIDHandlers                  
00003b00  g_spooky_message                
00003b2e  g_pui8ManufacturerString        
00003b74  g_pui8ProductString             
00003b90  g_pui8SerialNumberString        
00003ba4  g_pui8StringDescriptors         
00003bc2  g_spooky_message1               
00003bf4  g_spooky_message2               
00003bfe  g_pui8LangDescriptor            
00003c80  __TI_Handler_Table_Base         
00003c8c  __TI_Handler_Table_Limit        
00003c98  __TI_CINIT_Base                 
00003ca8  __TI_CINIT_Limit                
20000590  g_psDCDInst                     
20000620  g_pfnTickHandlers               
20000638  g_pvTickInstance                
2000065c  g_ppsDevInfo                    
20000660  g_ui32SysTickCount              
20000668  g_sKeyboardState                
20000670  __stack                         
20000870  __STACK_TOP                     
20000a70  __STACK_END                     
20000a70  g_sKeyboardDevice               
20000b61  g_pui8HIDDeviceDescriptor       
20000b74  g_spooky_message_index          
20000b78  g_spooky_last_tick              
20000b7c  g_keyTick                       
20000b80  g_keyDown                       
20000b84  g_bUSBTimerInitialized          
20000b88  g_ui32CurrentUSBTick            
20000b8c  g_ui32USBSOFCount               
20000b90  g_iUSBMode                      
20000b94  g_ui32WaitTicks                 
ffffffff  __TI_pprof_out_hndl             
ffffffff  __TI_prof_data_size             
ffffffff  __TI_prof_data_start            
ffffffff  __binit__                       
ffffffff  __c_args__                      
ffffffff  binit                           
UNDEFED   __mpu_init                      
UNDEFED   _system_post_cinit              

[178 symbols]
