******************************************************************************
                  TI ARM Linker PC v18.1.3                     
******************************************************************************
>> Linked Tue Nov 20 16:13:33 2018

OUTPUT FILE NAME:   <usb_dev_gamepad.out>
ENTRY POINT SYMBOL: "_c_int00_noargs"  address: 000030f5


MEMORY CONFIGURATION

         name            origin    length      used     unused   attr    fill
----------------------  --------  ---------  --------  --------  ----  --------
  FLASH                 00000000   00040000  00004059  0003bfa7  R  X
  SRAM                  20000000   00008000  00002e7b  00005185  RW X


SEGMENT ALLOCATION MAP

run origin  load origin   length   init length attrs members
----------  ----------- ---------- ----------- ----- -------
00000000    00000000    00004060   00004060    r-x
  00000000    00000000    0000026c   0000026c    r-- .intvecs
  0000026c    0000026c    000039aa   000039aa    r-x .text
  00003c18    00003c18    0000039b   0000039b    r-- .const
  00003fb8    00003fb8    000000a8   000000a8    r-- .cinit
20000000    20000000    00002e81   00000000    rw-
  20000000    20000000    000026aa   00000000    rw- .bss
  200026b0    200026b0    00000400   00000000    rw- .stack
  20002ab0    20002ab0    000003d1   00000000    rw- .data


SECTION ALLOCATION MAP

 output                                  attributes/
section   page    origin      length       input sections
--------  ----  ----------  ----------   ----------------
.intvecs   0    00000000    0000026c     
                  00000000    0000026c     tm4c123gh6pm_startup_ccs.obj (.intvecs)

.text      0    0000026c    000039aa     
                  0000026c    00000328     main.obj (.text:ADC00IntHandler)
                  00000594    00000224     main.obj (.text:main)
                  000007b8    000001ea     uartstdio.obj (.text:UARTvprintf)
                  000009a2    00000002     tm4c123gh6pm_startup_ccs.obj (.text:FaultISR)
                  000009a4    00000160     uartstdio.obj (.text:UARTStdioIntHandler)
                  00000b04    00000160     usblib.lib : usbdma.obj (.text:USBLibDMAInit)
                  00000c64    00000150                : usbdenum.obj (.text:USBDCDInit)
                  00000db4    00000150                : usbdenum.obj (.text:USBDEP0StateTxConfig)
                  00000f04    00000150                : usbdenum.obj (.text:USBDeviceIntHandlerInternal)
                  00001054    00000148                : usbdconfig.obj (.text:USBDeviceConfig)
                  0000119c    00000114                : usbdhid.obj (.text:HandleRequest)
                  000012b0    000000f4                : usbdma.obj (.text:iDMAUSBTransfer)
                  000013a4    000000e4                : usbdenum.obj (.text:USBDGetDescriptor)
                  00001488    000000e0                : usbdhid.obj (.text:USBDHIDCompositeInit)
                  00001568    000000d8                : usbdenum.obj (.text:USBDeviceEnumHandler)
                  00001640    000000c4                : usbdma.obj (.text:uDMAUSBChannelAllocate)
                  00001704    000000bc                : usbdma.obj (.text:uDMAUSBTransfer)
                  000017c0    000000b0     uartstdio.obj (.text:UARTStdioConfig)
                  00001870    000000a8     uartstdio.obj (.text:UARTwrite)
                  00001918    000000a6     usblib.lib : usbdhidkeyb.obj (.text:HIDKeyboardRxHandler)
                  000019be    00000002     tm4c123gh6pm_startup_ccs.obj (.text:IntDefaultHandler)
                  000019c0    0000009c     usblib.lib : usbdhidkeyb.obj (.text:USBDHIDKeyboardCompositeInit)
                  00001a5c    0000009c     rtsv7M4_T_le_v4SPD16_eabi.lib : memcpy_t2.asm.obj (.text)
                  00001af8    00000098     usblib.lib : usbdenum.obj (.text:USBDSetInterface)
                  00001b90    00000090                : usbdenum.obj (.text:USBDSetConfiguration)
                  00001c20    0000008c     uartstdio.obj (.text:UARTPrimeTransmit)
                  00001cac    0000008c     usblib.lib : usbdconfig.obj (.text:USBDeviceConfigAlternate)
                  00001d38    00000088                : usbdhid.obj (.text:ProcessIdleTimers)
                  00001dc0    00000086                : usbdhidkeyb.obj (.text:USBDHIDKeyboardKeyStateChange)
                  00001e46    00000084                : usbdma.obj (.text:iDMAUSBChannelAllocate)
                  00001eca    00000002     tm4c123gh6pm_startup_ccs.obj (.text:NmiSR)
                  00001ecc    00000084     driverlib.lib : udma.obj (.text:uDMAChannelTransferSet)
                  00001f50    00000080     usblib.lib : usbdenum.obj (.text:USBDClearFeature)
                  00001fd0    00000080     usb_keyboard.obj (.text:USBKeyboardUpdate)
                  00002050    0000007a     driverlib.lib : usb.obj (.text:USBDevEndpointConfigSet)
                  000020ca    0000007a     rtsv7M4_T_le_v4SPD16_eabi.lib : memset_t2.asm.obj (.text)
                  00002144    00000078     usblib.lib : usbdenum.obj (.text:USBDGetStatus)
                  000021bc    00000070                : usbdenum.obj (.text:USBDEP0StateTx)
                  0000222c    00000070                : usbdma.obj (.text:uDMAUSBArbSizeSet)
                  0000229c    00000070                : usbdma.obj (.text:uDMAUSBUnitSizeSet)
                  0000230c    0000006c                : usbdenum.obj (.text:USBDSetFeature)
                  00002378    00000068     driverlib.lib : interrupt.obj (.text:IntDisable)
                  000023e0    00000068                   : interrupt.obj (.text:IntEnable)
                  00002448    00000068     rtsv7M4_T_le_v4SPD16_eabi.lib : copy_decompress_lzss.c.obj (.text:decompress:lzss:__TI_decompress_lzss)
                  000024b0    00000064     main.obj (.text:ConfigureUART)
                  00002514    00000064     usblib.lib : usbdhid.obj (.text:HandleGetDescriptor)
                  00002578    00000064     driverlib.lib : interrupt.obj (.text:IntIsEnabled)
                  000025dc    00000064     usblib.lib : usbdma.obj (.text:uDMAUSBChannelEnable)
                  00002640    00000060                : usbdhid.obj (.text:HandleDevice)
                  000026a0    00000060                : usbdhid.obj (.text:ProcessDataFromHost)
                  00002700    00000060                : usbdenum.obj (.text:USBDReadAndDispatchRequest)
                  00002760    0000005e     driverlib.lib : usb.obj (.text:USBDevEndpointStatusClear)
                  000027be    0000005c     usblib.lib : usbdhid.obj (.text:FindHIDDescriptor)
                  0000281a    00000056                : usbdhidkeyb.obj (.text:RemoveKeyFromPressedList)
                  00002870    00000056                : usbdma.obj (.text:uDMAUSBChannelRelease)
                  000028c6    00000054                : usbdhid.obj (.text:ProcessDataToHost)
                  0000291a    00000052                : usbulpi.obj (.text:ULPIConfigSet)
                  0000296c    00000050     driverlib.lib : sysctl.obj (.text:SysCtlPeripheralReset)
                  000029bc    00000050     usblib.lib : usbdcdesc.obj (.text:USBDCDConfigDescGet)
                  00002a0c    00000050                : usbdenum.obj (.text:USBDeviceResumeTickHandler)
                  00002a5c    0000004c                : usbdconfig.obj (.text:GetEPDescriptorType)
                  00002aa8    0000004c                : usbdenum.obj (.text:USBDStringIndexFromRequest)
                  00002af4    0000004c     driverlib.lib : usb.obj (.text:USBEndpointDMAConfigSet)
                  00002b40    0000004c     usblib.lib : usbdma.obj (.text:iDMAUSBChannelEnable)
                  00002b8c    0000004a                : usbdcdesc.obj (.text:ConfigAlternateInterfaceGet)
                  00002bd6    0000004a                : usbdhid.obj (.text:USBDHIDReportWrite)
                  00002c20    0000004a     driverlib.lib : usb.obj (.text:USBDevEndpointStallClear)
                  00002c6a    0000004a     usblib.lib : usbdma.obj (.text:uDMAUSBChannelDisable)
                  00002cb4    00000048                : usbdhid.obj (.text:SetIdleTimeout)
                  00002cfc    00000048                : usbdenum.obj (.text:USBDeviceEnumResetHandler)
                  00002d44    00000048     driverlib.lib : udma.obj (.text:uDMAChannelAttributeDisable)
                  00002d8c    00000046                   : usb.obj (.text:USBEndpointDataGet)
                  00002dd2    00000002     usblib.lib : usbdma.obj (.text:iDMAUSBArbSizeSet)
                  00002dd4    00000044                : usbdenum.obj (.text:USBDCDDeviceInfoInit)
                  00002e18    00000044                : usbdenum.obj (.text:USBDGetInterface)
                  00002e5c    00000044     rtsv7M4_T_le_v4SPD16_eabi.lib : autoinit.c.obj (.text:__TI_auto_init_nobinit_nopinit:__TI_auto_init_nobinit_nopinit)
                  00002ea0    00000040     usblib.lib : usbdhid.obj (.text:ScheduleReportTransmission)
                  00002ee0    00000040     rtsv7M4_T_le_v4SPD16_eabi.lib : u_divt2.asm.obj (.text)
                  00002f20    0000003e     usblib.lib : usbdhidkeyb.obj (.text:HIDKeyboardTxHandler)
                  00002f5e    00000002                : usbdma.obj (.text:iDMAUSBUnitSizeSet)
                  00002f60    0000003c     uartstdio.obj (.text:UARTFlushTx)
                  00002f9c    0000003c     usblib.lib : usbdma.obj (.text:iDMAUSBChannelRelease)
                  00002fd8    0000003a     driverlib.lib : usb.obj (.text:USBFIFOConfigSet)
                  00003012    00000002     rtsv7M4_T_le_v4SPD16_eabi.lib : div0.asm.obj (.text)
                  00003014    00000038     usblib.lib : usbtick.obj (.text:InternalUSBRegisterTickHandler)
                  0000304c    00000038                : usbtick.obj (.text:InternalUSBStartOfFrameTick)
                  00003084    00000038                : usbdcdesc.obj (.text:USBDCDConfigGetInterfaceEndpoint)
                  000030bc    00000038     driverlib.lib : usb.obj (.text:USBIntStatusControl)
                  000030f4    00000038     rtsv7M4_T_le_v4SPD16_eabi.lib : boot_cortex_m.c.obj (.text:_c_int00_noargs:_c_int00_noargs)
                  0000312c    00000036     usblib.lib : usbdhid.obj (.text:HandleEndpoints)
                  00003162    00000036     driverlib.lib : usb.obj (.text:USBEndpointDataPut)
                  00003198    00000034     usblib.lib : usbdhid.obj (.text:HIDTickHandler)
                  000031cc    00000034     driverlib.lib : sysctl.obj (.text:SysCtlPeripheralEnable)
                  00003200    00000034                   : usb.obj (.text:USBEndpointDataSend)
                  00003234    00000034     usb_keyboard.obj (.text:USBKeyboardHandler)
                  00003268    00000034     usblib.lib : usbdma.obj (.text:iDMAUSBChannelStatus)
                  0000329c    00000032                : usbdhid.obj (.text:ClearReportTimer)
                  000032ce    00000032                : usbdhid.obj (.text:HandleConfigChange)
                  00003300    00000032                : usbdcdesc.obj (.text:NextConfigDescGet)
                  00003332    00000032     driverlib.lib : usb.obj (.text:USBDevEndpointStall)
                  00003364    00000032     usblib.lib : usbdma.obj (.text:iDMAUSBChannelDisable)
                  00003396    00000030                : usbdhidkeyb.obj (.text:AddKeyToPressedList)
                  000033c6    00000030                : usbdma.obj (.text:DMAUSBIntHandler)
                  000033f6    00000002                : usbdma.obj (.text:uDMAUSBChannelIntDisable)
                  000033f8    00000030                : usbtick.obj (.text:InternalUSBTickInit)
                  00003428    00000030                : usbdenum.obj (.text:USBDGetConfiguration)
                  00003458    00000030                : usbdhidkeyb.obj (.text:USBDHIDKeyboardInit)
                  00003488    0000002c     uartstdio.obj (.text:UARTFlushRx)
                  000034b4    0000002c     usblib.lib : usbdesc.obj (.text:USBDescGet)
                  000034e0    0000002c                : usbdma.obj (.text:uDMAUSBIntStatus)
                  0000350c    0000002a                : usbdcdesc.obj (.text:USBDCDConfigDescGetNum)
                  00003536    0000002a                : usbdesc.obj (.text:USBDescGetNum)
                  00003560    0000002a     driverlib.lib : usb.obj (.text:USBDevEndpointDataAck)
                  0000358a    00000028     usblib.lib : usbdhid.obj (.text:GetIdleTimeout)
                  000035b2    00000002                : usbdma.obj (.text:uDMAUSBChannelIntEnable)
                  000035b4    00000028     usb_keyboard.obj (.text:GetUsageCode)
                  000035dc    00000028     usblib.lib : usbdhid.obj (.text:HandleEP0DataReceived)
                  00003604    00000028                : usbdenum.obj (.text:USBDSetAddress)
                  0000362c    00000028     driverlib.lib : usb.obj (.text:USBIntEnableControl)
                  00003654    00000028                   : udma.obj (.text:uDMAChannelModeGet)
                  0000367c    00000026     usblib.lib : usbdhid.obj (.text:USBDHIDInit)
                  000036a2    00000024     driverlib.lib : usb.obj (.text:USBEndpointDMADisable)
                  000036c6    00000024                   : usb.obj (.text:USBEndpointDMAEnable)
                  000036ea    00000002     --HOLE-- [fill = 0]
                  000036ec    00000024     usblib.lib : usbmode.obj (.text:USBStackModeSet)
                  00003710    00000024     driverlib.lib : udma.obj (.text:uDMAChannelControlSet)
                  00003734    00000024     main.obj (.text:uDMAErrorHandler)
                  00003758    00000022     usblib.lib : usbdhid.obj (.text:HandleDisconnect)
                  0000377a    00000022                : usbdma.obj (.text:uDMAUSBChannelStatus)
                  0000379c    00000020                : usbdconfig.obj (.text:GetEndpointFIFOSize)
                  000037bc    00000020                : usbdhid.obj (.text:HandleEP0DataSent)
                  000037dc    0000001e     driverlib.lib : usb.obj (.text:USBULPIRegRead)
                  000037fa    0000001e                   : usb.obj (.text:USBULPIRegWrite)
                  00003818    0000001c     usblib.lib : usbdcdesc.obj (.text:USBDCDConfigGetInterface)
                  00003834    0000001c                : usbdenum.obj (.text:USBDCDStallEP0)
                  00003850    0000001c     driverlib.lib : usb.obj (.text:USBEndpointDataAvail)
                  0000386c    0000001a     usblib.lib : usbdhid.obj (.text:ClearIdleTimers)
                  00003886    0000001a     uartstdio.obj (.text:UARTprintf)
                  000038a0    0000001a     usblib.lib : usbdcdesc.obj (.text:USBDCDConfigDescGetSize)
                  000038ba    0000001a     driverlib.lib : usb.obj (.text:USBEndpointDMAChannel)
                  000038d4    00000018     uartstdio.obj (.text:IsBufferFull)
                  000038ec    00000018     usblib.lib : usbdhid.obj (.text:SetDeferredOpFlag)
                  00003904    00000018                : usbdhandler.obj (.text:USB0DeviceIntHandler)
                  0000391c    00000018                : usbdenum.obj (.text:USBDSetDescriptor)
                  00003934    00000018                : usbdenum.obj (.text:USBDSyncFrame)
                  0000394c    00000018     driverlib.lib : udma.obj (.text:uDMAChannelDisable)
                  00003964    00000018                   : udma.obj (.text:uDMAChannelEnable)
                  0000397c    00000016                   : usb.obj (.text:USBIntEnableEndpoint)
                  00003992    00000002     --HOLE-- [fill = 0]
                  00003994    00000014     usb_keyboard.obj (.text:IsKeyboardPending)
                  000039a8    00000014     driverlib.lib : sysctl.obj (.text:SysCtlUSBPLLEnable)
                  000039bc    00000014     usblib.lib : usbdenum.obj (.text:USBDCDRequestDataEP0)
                  000039d0    00000014                : usbdenum.obj (.text:USBDCDSendDataEP0)
                  000039e4    00000014     driverlib.lib : usb.obj (.text:USBDMAChannelConfigSet)
                  000039f8    00000014                   : usb.obj (.text:USBHostResume)
                  00003a0c    00000014                   : usb.obj (.text:_USBIndexWrite)
                  00003a20    00000012     usblib.lib : usbdhid.obj (.text:HandleResume)
                  00003a32    00000012                : usbdhid.obj (.text:HandleSuspend)
                  00003a44    00000012     driverlib.lib : usb.obj (.text:USBDMAChannelDisable)
                  00003a56    00000012                   : usb.obj (.text:USBDMAChannelEnable)
                  00003a68    00000012                   : usb.obj (.text:USBDMAChannelIntDisable)
                  00003a7a    00000012                   : usb.obj (.text:USBDMAChannelIntEnable)
                  00003a8c    00000010                   : interrupt.obj (.text:IntMasterEnable)
                  00003a9c    00000010     main.obj (.text:SysTickIntHandler)
                  00003aac    00000010     driverlib.lib : usb.obj (.text:USBEndpointStatus)
                  00003abc    0000000e     usblib.lib : usbdma.obj (.text:DMAUSBIntStatusClear)
                  00003aca    0000000e     uartstdio.obj (.text:IsBufferEmpty)
                  00003ad8    0000000e     usblib.lib : usbdhid.obj (.text:USBDHIDTxPacketAvailable)
                  00003ae6    0000000e     driverlib.lib : usb.obj (.text:USBDMAChannelStatus)
                  00003af4    0000000e                   : usb.obj (.text:USBDevLPMDisable)
                  00003b02    0000000e                   : usb.obj (.text:USBDevLPMEnable)
                  00003b10    0000000e                   : usb.obj (.text:USBULPIDisable)
                  00003b1e    0000000e                   : usb.obj (.text:USBULPIEnable)
                  00003b2c    0000000e     rtsv7M4_T_le_v4SPD16_eabi.lib : copy_decompress_none.c.obj (.text:decompress:none:__TI_decompress_none)
                  00003b3a    0000000c     driverlib.lib : cpu.obj (.text:CPUcpsie)
                  00003b46    0000000c                   : usb.obj (.text:USBEndpointPacketCountSet)
                  00003b52    0000000c                   : usb.obj (.text:USBLPMIntEnable)
                  00003b5e    0000000c     rtsv7M4_T_le_v4SPD16_eabi.lib : copy_zero_init.c.obj (.text:decompress:ZI:__TI_zero_init)
                  00003b6a    0000000a     driverlib.lib : usb.obj (.text:USBClockEnable)
                  00003b74    0000000a                   : usb.obj (.text:USBControllerVersion)
                  00003b7e    0000000a                   : usb.obj (.text:USBDMAChannelAddressSet)
                  00003b88    0000000a                   : usb.obj (.text:USBDMAChannelCountSet)
                  00003b92    0000000a                   : usb.obj (.text:USBDevConnect)
                  00003b9c    0000000a                   : usb.obj (.text:USBDevDisconnect)
                  00003ba6    0000000a                   : usb.obj (.text:USBIntStatusEndpoint)
                  00003bb0    00000008                   : usb.obj (.text:USBDevMode)
                  00003bb8    00000008                   : usb.obj (.text:USBFIFOAddrGet)
                  00003bc0    00000008                   : usb.obj (.text:USBOTGMode)
                  00003bc8    00000008     usblib.lib : usbdma.obj (.text:iDMAUSBChannelIntDisable)
                  00003bd0    00000008                : usbdma.obj (.text:iDMAUSBChannelIntEnable)
                  00003bd8    00000006     driverlib.lib : gpio.obj (.text:GPIOPinWrite)
                  00003bde    00000006     tm4c123gh6pm_startup_ccs.obj (.text:ResetISR)
                  00003be4    00000006     driverlib.lib : uart.obj (.text:UARTClockSourceSet)
                  00003bea    00000006                   : usb.obj (.text:USBDMAChannelIntStatus)
                  00003bf0    00000006                   : usb.obj (.text:USBDevLPMConfig)
                  00003bf6    00000006                   : usb.obj (.text:USBLPMIntStatus)
                  00003bfc    00000006     usblib.lib : usbdma.obj (.text:iDMAUSBIntStatus)
                  00003c02    00000004                : usbdma.obj (.text:DMAUSBStatus)
                  00003c06    00000004                : usbdhid.obj (.text:HandleReset)
                  00003c0a    00000004     driverlib.lib : usb.obj (.text:USBDevAddrSet)
                  00003c0e    00000004     rtsv7M4_T_le_v4SPD16_eabi.lib : pre_init.c.obj (.text:_system_pre_init)
                  00003c12    00000004                                   : exit.c.obj (.text:abort:abort)

.const     0    00003c18    0000039b     
                  00003c18    00000128     data.obj (.const:g_filter)
                  00003d40    00000070     driverlib.lib : interrupt.obj (.const)
                  00003db0    00000068     usb_keyboard.obj (.const:g_pcUsageCodes)
                  00003e18    0000003f     usblib.lib : usbdhidkeyb.obj (.const:.string:g_pui8KeybReportDescriptor)
                  00003e57    00000001     --HOLE-- [fill = 0]
                  00003e58    00000034                : usbdenum.obj (.const:g_psUSBDStdRequests)
                  00003e8c    00000034                : usbdhidkeyb.obj (.const)
                  00003ec0    00000030                : usbdhid.obj (.const:g_sHIDHandlers)
                  00003ef0    00000024     usb_structs.obj (.const:.string:g_pui8ManufacturerString)
                  00003f14    00000022     usb_keyboard.obj (.const:g_pcUsageCodesShift)
                  00003f36    0000001c     usb_structs.obj (.const:.string:g_pui8ProductString)
                  00003f52    00000012     usb_structs.obj (.const:.string:g_pui8SerialNumberString)
                  00003f64    00000010     usb_structs.obj (.const:g_pui8StringDescriptors)
                  00003f74    0000000e     usblib.lib : usbdhidkeyb.obj (.const:.string)
                  00003f82    00000002     --HOLE-- [fill = 0]
                  00003f84    0000000c     uartstdio.obj (.const:g_ui32UARTBase)
                  00003f90    0000000c     uartstdio.obj (.const:g_ui32UARTInt)
                  00003f9c    0000000c     uartstdio.obj (.const:g_ui32UARTPeriph)
                  00003fa8    00000007     main.obj (.const:.string:g_spooky_message)
                  00003faf    00000004     usb_structs.obj (.const:.string:g_pui8LangDescriptor)

.cinit     0    00003fb8    000000a8     
                  00003fb8    00000082     (.cinit..data.load) [load image, compression = lzss]
                  0000403a    00000002     --HOLE-- [fill = 0]
                  0000403c    0000000c     (__TI_handler_table)
                  00004048    00000008     (.cinit..bss.load) [load image, compression = zero_init]
                  00004050    00000010     (__TI_cinit_table)

.init_array 
*          0    00000000    00000000     UNINITIALIZED

.bss       0    20000000    000026aa     UNINITIALIZED
                  20000000    00002000     main.obj (.bss:g_adcBuffer)
                  20002000    00000400     uartstdio.obj (.bss:g_pcUARTTxBuffer)
                  20002400    00000110     usblib.lib : usbdma.obj (.bss:g_psUSBDMAInst)
                  20002510    00000080     uartstdio.obj (.bss:g_pcUARTRxBuffer)
                  20002590    00000050     usblib.lib : usbdenum.obj (.bss:g_psDCDInst)
                  200025e0    00000040                : usbdenum.obj (.bss:g_pui8DataBufferIn)
                  20002620    00000020     main.obj (.bss:g_adcPing)
                  20002640    00000020     main.obj (.bss:g_adcPong)
                  20002660    00000018     (.common:g_pfnTickHandlers)
                  20002678    00000018     (.common:g_pvTickInstance)
                  20002690    00000008     uartstdio.obj (.bss)
                  20002698    00000004     (.common:g_pfnUSBModeCallback)
                  2000269c    00000004     (.common:g_ppsDevInfo)
                  200026a0    00000004     (.common:g_ui32SysTickCount)
                  200026a4    00000004     (.common:g_ui32ULPISupport)
                  200026a8    00000002     (.common:g_sKeyboardState)

.data      0    20002ab0    000003d1     UNINITIALIZED
                  20002ab0    00000138     main.obj (.data:g_filterBufferImag)
                  20002be8    00000008     usblib.lib : usbdenum.obj (.data)
                  20002bf0    00000138     main.obj (.data:g_filterBufferReal)
                  20002d28    000000a4     usb_structs.obj (.data:g_sKeyboardDevice)
                  20002dcc    0000003d     main.obj (.data)
                  20002e09    00000003     --HOLE--
                  20002e0c    00000038     usblib.lib : usbdhidkeyb.obj (.data)
                  20002e44    00000015     uartstdio.obj (.data)
                  20002e59    00000012     usblib.lib : usbdhid.obj (.data)
                  20002e6b    00000001     --HOLE--
                  20002e6c    0000000c                : usbtick.obj (.data)
                  20002e78    00000009                : usbmode.obj (.data)

.stack     0    200026b0    00000400     UNINITIALIZED
                  200026b0    00000004     rtsv7M4_T_le_v4SPD16_eabi.lib : boot_cortex_m.c.obj (.stack)
                  200026b4    000003fc     --HOLE--

MODULE SUMMARY

       Module                         code    ro data   rw data
       ------                         ----    -------   -------
    .\
       main.obj                       1508    7         8945   
       tm4c123gh6pm_startup_ccs.obj   12      620       0      
       usb_keyboard.obj               240     138       2      
       data.obj                       0       296       0      
       usb_structs.obj                0       102       164    
    +--+------------------------------+-------+---------+---------+
       Total:                         1760    1163      9111   
                                                               
    .\utils\
       uartstdio.obj                  1494    36        1181   
    +--+------------------------------+-------+---------+---------+
       Total:                         1494    36        1181   
                                                               
    C:/ti/tivaware_c_series_2_1_4_178/driverlib/ccs/Debug/driverlib.lib
       usb.obj                        1354    0         0      
       interrupt.obj                  324     112       0      
       udma.obj                       328     0         0      
       sysctl.obj                     152     0         0      
       cpu.obj                        12      0         0      
       gpio.obj                       6       0         0      
       uart.obj                       6       0         0      
    +--+------------------------------+-------+---------+---------+
       Total:                         2182    112       0      
                                                               
    C:/ti/tivaware_c_series_2_1_4_178/usblib/ccs/Debug/usblib.lib
       usbdenum.obj                   2880    52        160    
       usbdma.obj                     2008    0         272    
       usbdhid.obj                    1808    48        18     
       usbdhidkeyb.obj                700     129       56     
       usbdconfig.obj                 576     0         0      
       usbdcdesc.obj                  356     0         0      
       usbtick.obj                    160     0         60     
       usbdesc.obj                    86      0         0      
       usbulpi.obj                    82      0         0      
       usbmode.obj                    36      0         13     
       usbdhandler.obj                24      0         0      
    +--+------------------------------+-------+---------+---------+
       Total:                         8716    229       579    
                                                               
    C:\ti\ccsv8\tools\compiler\ti-cgt-arm_18.1.3.LTS\lib\rtsv7M4_T_le_v4SPD16_eabi.lib
       memcpy_t2.asm.obj              156     0         0      
       memset_t2.asm.obj              122     0         0      
       copy_decompress_lzss.c.obj     104     0         0      
       autoinit.c.obj                 68      0         0      
       u_divt2.asm.obj                64      0         0      
       boot_cortex_m.c.obj            56      0         0      
       copy_decompress_none.c.obj     14      0         0      
       copy_zero_init.c.obj           12      0         0      
       exit.c.obj                     4       0         0      
       pre_init.c.obj                 4       0         0      
       div0.asm.obj                   2       0         0      
    +--+------------------------------+-------+---------+---------+
       Total:                         606     0         0      
                                                               
       Stack:                         0       0         1024   
       Linker Generated:              0       166       0      
    +--+------------------------------+-------+---------+---------+
       Grand Total:                   14758   1706      11895  


LINKER GENERATED COPY TABLES

__TI_cinit_table @ 00004050 records: 2, size/record: 8, table size: 16
	.data: load addr=00003fb8, load size=00000082 bytes, run addr=20002ab0, run size=000003d1 bytes, compression=lzss
	.bss: load addr=00004048, load size=00000008 bytes, run addr=20000000, run size=000026aa bytes, compression=zero_init


LINKER GENERATED HANDLER TABLE

__TI_handler_table @ 0000403c records: 3, size/record: 4, table size: 12
	index: 0, handler: __TI_decompress_lzss
	index: 1, handler: __TI_decompress_none
	index: 2, handler: __TI_zero_init


GLOBAL SYMBOLS: SORTED ALPHABETICALLY BY Name 

address   name                            
-------   ----                            
0000026d  ADC00IntHandler                 
00003c13  C$$EXIT                         
00003b3b  CPUcpsie                        
000024b1  ConfigureUART                   
00003bd9  GPIOPinWrite                    
00002379  IntDisable                      
000023e1  IntEnable                       
00002579  IntIsEnabled                    
00003a8d  IntMasterEnable                 
00003015  InternalUSBRegisterTickHandler  
0000304d  InternalUSBStartOfFrameTick     
000033f9  InternalUSBTickInit             
00003995  IsKeyboardPending               
00003bdf  ResetISR                        
000031cd  SysCtlPeripheralEnable          
0000296d  SysCtlPeripheralReset           
000039a9  SysCtlUSBPLLEnable              
00003a9d  SysTickIntHandler               
00003be5  UARTClockSourceSet              
00003489  UARTFlushRx                     
00002f61  UARTFlushTx                     
000017c1  UARTStdioConfig                 
000009a5  UARTStdioIntHandler             
00003887  UARTprintf                      
000007b9  UARTvprintf                     
00001871  UARTwrite                       
0000291b  ULPIConfigSet                   
00003905  USB0DeviceIntHandler            
00003b6b  USBClockEnable                  
00003b75  USBControllerVersion            
000029bd  USBDCDConfigDescGet             
0000350d  USBDCDConfigDescGetNum          
000038a1  USBDCDConfigDescGetSize         
00003819  USBDCDConfigGetInterface        
00003085  USBDCDConfigGetInterfaceEndpoint
00002dd5  USBDCDDeviceInfoInit            
00000c65  USBDCDInit                      
000039bd  USBDCDRequestDataEP0            
000039d1  USBDCDSendDataEP0               
00003835  USBDCDStallEP0                  
00001489  USBDHIDCompositeInit            
0000367d  USBDHIDInit                     
000019c1  USBDHIDKeyboardCompositeInit    
00003459  USBDHIDKeyboardInit             
00001dc1  USBDHIDKeyboardKeyStateChange   
00002bd7  USBDHIDReportWrite              
00003ad9  USBDHIDTxPacketAvailable        
00003b7f  USBDMAChannelAddressSet         
000039e5  USBDMAChannelConfigSet          
00003b89  USBDMAChannelCountSet           
00003a45  USBDMAChannelDisable            
00003a57  USBDMAChannelEnable             
00003a69  USBDMAChannelIntDisable         
00003a7b  USBDMAChannelIntEnable          
00003beb  USBDMAChannelIntStatus          
00003ae7  USBDMAChannelStatus             
000034b5  USBDescGet                      
00003537  USBDescGetNum                   
00003c0b  USBDevAddrSet                   
00003b93  USBDevConnect                   
00003b9d  USBDevDisconnect                
00002051  USBDevEndpointConfigSet         
00003561  USBDevEndpointDataAck           
00003333  USBDevEndpointStall             
00002c21  USBDevEndpointStallClear        
00002761  USBDevEndpointStatusClear       
00003bf1  USBDevLPMConfig                 
00003af5  USBDevLPMDisable                
00003b03  USBDevLPMEnable                 
00003bb1  USBDevMode                      
00001055  USBDeviceConfig                 
00001cad  USBDeviceConfigAlternate        
00001569  USBDeviceEnumHandler            
00002cfd  USBDeviceEnumResetHandler       
00000f05  USBDeviceIntHandlerInternal     
00002a0d  USBDeviceResumeTickHandler      
000038bb  USBEndpointDMAChannel           
00002af5  USBEndpointDMAConfigSet         
000036a3  USBEndpointDMADisable           
000036c7  USBEndpointDMAEnable            
00003851  USBEndpointDataAvail            
00002d8d  USBEndpointDataGet              
00003163  USBEndpointDataPut              
00003201  USBEndpointDataSend             
00003b47  USBEndpointPacketCountSet       
00003aad  USBEndpointStatus               
00003bb9  USBFIFOAddrGet                  
00002fd9  USBFIFOConfigSet                
000039f9  USBHostResume                   
0000362d  USBIntEnableControl             
0000397d  USBIntEnableEndpoint            
000030bd  USBIntStatusControl             
00003ba7  USBIntStatusEndpoint            
00003235  USBKeyboardHandler              
00001fd1  USBKeyboardUpdate               
00003b53  USBLPMIntEnable                 
00003bf7  USBLPMIntStatus                 
00000b05  USBLibDMAInit                   
00003bc1  USBOTGMode                      
000036ed  USBStackModeSet                 
00003b11  USBULPIDisable                  
00003b1f  USBULPIEnable                   
000037dd  USBULPIRegRead                  
000037fb  USBULPIRegWrite                 
20002ab0  __STACK_END                     
00000400  __STACK_SIZE                    
200028b0  __STACK_TOP                     
00004050  __TI_CINIT_Base                 
00004060  __TI_CINIT_Limit                
0000403c  __TI_Handler_Table_Base         
00004048  __TI_Handler_Table_Limit        
00002e5d  __TI_auto_init_nobinit_nopinit  
00002449  __TI_decompress_lzss            
00003b2d  __TI_decompress_none            
ffffffff  __TI_pprof_out_hndl             
ffffffff  __TI_prof_data_size             
ffffffff  __TI_prof_data_start            
00000000  __TI_static_base__              
00003b5f  __TI_zero_init                  
00003013  __aeabi_idiv0                   
00003013  __aeabi_ldiv0                   
000020cb  __aeabi_memclr                  
000020cb  __aeabi_memclr4                 
000020cb  __aeabi_memclr8                 
00001a5d  __aeabi_memcpy                  
00001a5d  __aeabi_memcpy4                 
00001a5d  __aeabi_memcpy8                 
000020cd  __aeabi_memset                  
000020cd  __aeabi_memset4                 
000020cd  __aeabi_memset8                 
00002ee1  __aeabi_uidiv                   
00002ee1  __aeabi_uidivmod                
ffffffff  __binit__                       
ffffffff  __c_args__                      
UNDEFED   __mpu_init                      
200026b0  __stack                         
000030f5  _c_int00_noargs                 
UNDEFED   _system_post_cinit              
00003c0f  _system_pre_init                
00003c13  abort                           
ffffffff  binit                           
20002e6c  g_bUSBTimerInitialized          
00003c18  g_filter                        
20002e78  g_iUSBMode                      
20002e08  g_keyDown                       
20002e04  g_keyTick                       
20002df9  g_message_index                 
20002df8  g_message_last_char             
20002660  g_pfnTickHandlers               
00000000  g_pfnVectors                    
2000269c  g_ppsDevInfo                    
20002590  g_psDCDInst                     
20002e59  g_pui8HIDDeviceDescriptor       
00003faf  g_pui8LangDescriptor            
00003ef0  g_pui8ManufacturerString        
00003f36  g_pui8ProductString             
00003f52  g_pui8SerialNumberString        
00003f64  g_pui8StringDescriptors         
20002678  g_pvTickInstance                
00003ec0  g_sHIDHandlers                  
20002d28  g_sKeyboardDevice               
200026a8  g_sKeyboardState                
20002e00  g_spooky_last_tick              
00003fa8  g_spooky_message                
20002dfc  g_spooky_message_index          
20002e70  g_ui32CurrentUSBTick            
200026a0  g_ui32SysTickCount              
20002e74  g_ui32USBSOFCount               
20002e7c  g_ui32WaitTicks                 
00000595  main                            
00001a5d  memcpy                          
000020d3  memset                          
00002d45  uDMAChannelAttributeDisable     
00003711  uDMAChannelControlSet           
0000394d  uDMAChannelDisable              
00003965  uDMAChannelEnable               
00003655  uDMAChannelModeGet              
00001ecd  uDMAChannelTransferSet          
00003735  uDMAErrorHandler                


GLOBAL SYMBOLS: SORTED BY Symbol Address 

address   name                            
-------   ----                            
00000000  __TI_static_base__              
00000000  g_pfnVectors                    
0000026d  ADC00IntHandler                 
00000400  __STACK_SIZE                    
00000595  main                            
000007b9  UARTvprintf                     
000009a5  UARTStdioIntHandler             
00000b05  USBLibDMAInit                   
00000c65  USBDCDInit                      
00000f05  USBDeviceIntHandlerInternal     
00001055  USBDeviceConfig                 
00001489  USBDHIDCompositeInit            
00001569  USBDeviceEnumHandler            
000017c1  UARTStdioConfig                 
00001871  UARTwrite                       
000019c1  USBDHIDKeyboardCompositeInit    
00001a5d  __aeabi_memcpy                  
00001a5d  __aeabi_memcpy4                 
00001a5d  __aeabi_memcpy8                 
00001a5d  memcpy                          
00001cad  USBDeviceConfigAlternate        
00001dc1  USBDHIDKeyboardKeyStateChange   
00001ecd  uDMAChannelTransferSet          
00001fd1  USBKeyboardUpdate               
00002051  USBDevEndpointConfigSet         
000020cb  __aeabi_memclr                  
000020cb  __aeabi_memclr4                 
000020cb  __aeabi_memclr8                 
000020cd  __aeabi_memset                  
000020cd  __aeabi_memset4                 
000020cd  __aeabi_memset8                 
000020d3  memset                          
00002379  IntDisable                      
000023e1  IntEnable                       
00002449  __TI_decompress_lzss            
000024b1  ConfigureUART                   
00002579  IntIsEnabled                    
00002761  USBDevEndpointStatusClear       
0000291b  ULPIConfigSet                   
0000296d  SysCtlPeripheralReset           
000029bd  USBDCDConfigDescGet             
00002a0d  USBDeviceResumeTickHandler      
00002af5  USBEndpointDMAConfigSet         
00002bd7  USBDHIDReportWrite              
00002c21  USBDevEndpointStallClear        
00002cfd  USBDeviceEnumResetHandler       
00002d45  uDMAChannelAttributeDisable     
00002d8d  USBEndpointDataGet              
00002dd5  USBDCDDeviceInfoInit            
00002e5d  __TI_auto_init_nobinit_nopinit  
00002ee1  __aeabi_uidiv                   
00002ee1  __aeabi_uidivmod                
00002f61  UARTFlushTx                     
00002fd9  USBFIFOConfigSet                
00003013  __aeabi_idiv0                   
00003013  __aeabi_ldiv0                   
00003015  InternalUSBRegisterTickHandler  
0000304d  InternalUSBStartOfFrameTick     
00003085  USBDCDConfigGetInterfaceEndpoint
000030bd  USBIntStatusControl             
000030f5  _c_int00_noargs                 
00003163  USBEndpointDataPut              
000031cd  SysCtlPeripheralEnable          
00003201  USBEndpointDataSend             
00003235  USBKeyboardHandler              
00003333  USBDevEndpointStall             
000033f9  InternalUSBTickInit             
00003459  USBDHIDKeyboardInit             
00003489  UARTFlushRx                     
000034b5  USBDescGet                      
0000350d  USBDCDConfigDescGetNum          
00003537  USBDescGetNum                   
00003561  USBDevEndpointDataAck           
0000362d  USBIntEnableControl             
00003655  uDMAChannelModeGet              
0000367d  USBDHIDInit                     
000036a3  USBEndpointDMADisable           
000036c7  USBEndpointDMAEnable            
000036ed  USBStackModeSet                 
00003711  uDMAChannelControlSet           
00003735  uDMAErrorHandler                
000037dd  USBULPIRegRead                  
000037fb  USBULPIRegWrite                 
00003819  USBDCDConfigGetInterface        
00003835  USBDCDStallEP0                  
00003851  USBEndpointDataAvail            
00003887  UARTprintf                      
000038a1  USBDCDConfigDescGetSize         
000038bb  USBEndpointDMAChannel           
00003905  USB0DeviceIntHandler            
0000394d  uDMAChannelDisable              
00003965  uDMAChannelEnable               
0000397d  USBIntEnableEndpoint            
00003995  IsKeyboardPending               
000039a9  SysCtlUSBPLLEnable              
000039bd  USBDCDRequestDataEP0            
000039d1  USBDCDSendDataEP0               
000039e5  USBDMAChannelConfigSet          
000039f9  USBHostResume                   
00003a45  USBDMAChannelDisable            
00003a57  USBDMAChannelEnable             
00003a69  USBDMAChannelIntDisable         
00003a7b  USBDMAChannelIntEnable          
00003a8d  IntMasterEnable                 
00003a9d  SysTickIntHandler               
00003aad  USBEndpointStatus               
00003ad9  USBDHIDTxPacketAvailable        
00003ae7  USBDMAChannelStatus             
00003af5  USBDevLPMDisable                
00003b03  USBDevLPMEnable                 
00003b11  USBULPIDisable                  
00003b1f  USBULPIEnable                   
00003b2d  __TI_decompress_none            
00003b3b  CPUcpsie                        
00003b47  USBEndpointPacketCountSet       
00003b53  USBLPMIntEnable                 
00003b5f  __TI_zero_init                  
00003b6b  USBClockEnable                  
00003b75  USBControllerVersion            
00003b7f  USBDMAChannelAddressSet         
00003b89  USBDMAChannelCountSet           
00003b93  USBDevConnect                   
00003b9d  USBDevDisconnect                
00003ba7  USBIntStatusEndpoint            
00003bb1  USBDevMode                      
00003bb9  USBFIFOAddrGet                  
00003bc1  USBOTGMode                      
00003bd9  GPIOPinWrite                    
00003bdf  ResetISR                        
00003be5  UARTClockSourceSet              
00003beb  USBDMAChannelIntStatus          
00003bf1  USBDevLPMConfig                 
00003bf7  USBLPMIntStatus                 
00003c0b  USBDevAddrSet                   
00003c0f  _system_pre_init                
00003c13  C$$EXIT                         
00003c13  abort                           
00003c18  g_filter                        
00003ec0  g_sHIDHandlers                  
00003ef0  g_pui8ManufacturerString        
00003f36  g_pui8ProductString             
00003f52  g_pui8SerialNumberString        
00003f64  g_pui8StringDescriptors         
00003fa8  g_spooky_message                
00003faf  g_pui8LangDescriptor            
0000403c  __TI_Handler_Table_Base         
00004048  __TI_Handler_Table_Limit        
00004050  __TI_CINIT_Base                 
00004060  __TI_CINIT_Limit                
20002590  g_psDCDInst                     
20002660  g_pfnTickHandlers               
20002678  g_pvTickInstance                
2000269c  g_ppsDevInfo                    
200026a0  g_ui32SysTickCount              
200026a8  g_sKeyboardState                
200026b0  __stack                         
200028b0  __STACK_TOP                     
20002ab0  __STACK_END                     
20002d28  g_sKeyboardDevice               
20002df8  g_message_last_char             
20002df9  g_message_index                 
20002dfc  g_spooky_message_index          
20002e00  g_spooky_last_tick              
20002e04  g_keyTick                       
20002e08  g_keyDown                       
20002e59  g_pui8HIDDeviceDescriptor       
20002e6c  g_bUSBTimerInitialized          
20002e70  g_ui32CurrentUSBTick            
20002e74  g_ui32USBSOFCount               
20002e78  g_iUSBMode                      
20002e7c  g_ui32WaitTicks                 
ffffffff  __TI_pprof_out_hndl             
ffffffff  __TI_prof_data_size             
ffffffff  __TI_prof_data_start            
ffffffff  __binit__                       
ffffffff  __c_args__                      
ffffffff  binit                           
UNDEFED   __mpu_init                      
UNDEFED   _system_post_cinit              

[179 symbols]
