******************************************************************************
                  TI ARM Linker PC v18.1.3                     
******************************************************************************
>> Linked Tue Nov 20 16:18:04 2018

OUTPUT FILE NAME:   <usb_dev_gamepad.out>
ENTRY POINT SYMBOL: "_c_int00_noargs"  address: 000030fd


MEMORY CONFIGURATION

         name            origin    length      used     unused   attr    fill
----------------------  --------  ---------  --------  --------  ----  --------
  FLASH                 00000000   00040000  00004061  0003bf9f  R  X
  SRAM                  20000000   00008000  00002e7b  00005185  RW X


SEGMENT ALLOCATION MAP

run origin  load origin   length   init length attrs members
----------  ----------- ---------- ----------- ----- -------
00000000    00000000    00004068   00004068    r-x
  00000000    00000000    0000026c   0000026c    r-- .intvecs
  0000026c    0000026c    000039b2   000039b2    r-x .text
  00003c20    00003c20    0000039b   0000039b    r-- .const
  00003fc0    00003fc0    000000a8   000000a8    r-- .cinit
20000000    20000000    00002e81   00000000    rw-
  20000000    20000000    000026aa   00000000    rw- .bss
  200026b0    200026b0    00000400   00000000    rw- .stack
  20002ab0    20002ab0    000003d1   00000000    rw- .data


SECTION ALLOCATION MAP

 output                                  attributes/
section   page    origin      length       input sections
--------  ----  ----------  ----------   ----------------
.intvecs   0    00000000    0000026c     
                  00000000    0000026c     tm4c123gh6pm_startup_ccs.obj (.intvecs)

.text      0    0000026c    000039b2     
                  0000026c    00000328     main.obj (.text:ADC00IntHandler)
                  00000594    0000022c     main.obj (.text:main)
                  000007c0    000001ea     uartstdio.obj (.text:UARTvprintf)
                  000009aa    00000002     tm4c123gh6pm_startup_ccs.obj (.text:FaultISR)
                  000009ac    00000160     uartstdio.obj (.text:UARTStdioIntHandler)
                  00000b0c    00000160     usblib.lib : usbdma.obj (.text:USBLibDMAInit)
                  00000c6c    00000150                : usbdenum.obj (.text:USBDCDInit)
                  00000dbc    00000150                : usbdenum.obj (.text:USBDEP0StateTxConfig)
                  00000f0c    00000150                : usbdenum.obj (.text:USBDeviceIntHandlerInternal)
                  0000105c    00000148                : usbdconfig.obj (.text:USBDeviceConfig)
                  000011a4    00000114                : usbdhid.obj (.text:HandleRequest)
                  000012b8    000000f4                : usbdma.obj (.text:iDMAUSBTransfer)
                  000013ac    000000e4                : usbdenum.obj (.text:USBDGetDescriptor)
                  00001490    000000e0                : usbdhid.obj (.text:USBDHIDCompositeInit)
                  00001570    000000d8                : usbdenum.obj (.text:USBDeviceEnumHandler)
                  00001648    000000c4                : usbdma.obj (.text:uDMAUSBChannelAllocate)
                  0000170c    000000bc                : usbdma.obj (.text:uDMAUSBTransfer)
                  000017c8    000000b0     uartstdio.obj (.text:UARTStdioConfig)
                  00001878    000000a8     uartstdio.obj (.text:UARTwrite)
                  00001920    000000a6     usblib.lib : usbdhidkeyb.obj (.text:HIDKeyboardRxHandler)
                  000019c6    00000002     tm4c123gh6pm_startup_ccs.obj (.text:IntDefaultHandler)
                  000019c8    0000009c     usblib.lib : usbdhidkeyb.obj (.text:USBDHIDKeyboardCompositeInit)
                  00001a64    0000009c     rtsv7M4_T_le_v4SPD16_eabi.lib : memcpy_t2.asm.obj (.text)
                  00001b00    00000098     usblib.lib : usbdenum.obj (.text:USBDSetInterface)
                  00001b98    00000090                : usbdenum.obj (.text:USBDSetConfiguration)
                  00001c28    0000008c     uartstdio.obj (.text:UARTPrimeTransmit)
                  00001cb4    0000008c     usblib.lib : usbdconfig.obj (.text:USBDeviceConfigAlternate)
                  00001d40    00000088                : usbdhid.obj (.text:ProcessIdleTimers)
                  00001dc8    00000086                : usbdhidkeyb.obj (.text:USBDHIDKeyboardKeyStateChange)
                  00001e4e    00000084                : usbdma.obj (.text:iDMAUSBChannelAllocate)
                  00001ed2    00000002     tm4c123gh6pm_startup_ccs.obj (.text:NmiSR)
                  00001ed4    00000084     driverlib.lib : udma.obj (.text:uDMAChannelTransferSet)
                  00001f58    00000080     usblib.lib : usbdenum.obj (.text:USBDClearFeature)
                  00001fd8    00000080     usb_keyboard.obj (.text:USBKeyboardUpdate)
                  00002058    0000007a     driverlib.lib : usb.obj (.text:USBDevEndpointConfigSet)
                  000020d2    0000007a     rtsv7M4_T_le_v4SPD16_eabi.lib : memset_t2.asm.obj (.text)
                  0000214c    00000078     usblib.lib : usbdenum.obj (.text:USBDGetStatus)
                  000021c4    00000070                : usbdenum.obj (.text:USBDEP0StateTx)
                  00002234    00000070                : usbdma.obj (.text:uDMAUSBArbSizeSet)
                  000022a4    00000070                : usbdma.obj (.text:uDMAUSBUnitSizeSet)
                  00002314    0000006c                : usbdenum.obj (.text:USBDSetFeature)
                  00002380    00000068     driverlib.lib : interrupt.obj (.text:IntDisable)
                  000023e8    00000068                   : interrupt.obj (.text:IntEnable)
                  00002450    00000068     rtsv7M4_T_le_v4SPD16_eabi.lib : copy_decompress_lzss.c.obj (.text:decompress:lzss:__TI_decompress_lzss)
                  000024b8    00000064     main.obj (.text:ConfigureUART)
                  0000251c    00000064     usblib.lib : usbdhid.obj (.text:HandleGetDescriptor)
                  00002580    00000064     driverlib.lib : interrupt.obj (.text:IntIsEnabled)
                  000025e4    00000064     usblib.lib : usbdma.obj (.text:uDMAUSBChannelEnable)
                  00002648    00000060                : usbdhid.obj (.text:HandleDevice)
                  000026a8    00000060                : usbdhid.obj (.text:ProcessDataFromHost)
                  00002708    00000060                : usbdenum.obj (.text:USBDReadAndDispatchRequest)
                  00002768    0000005e     driverlib.lib : usb.obj (.text:USBDevEndpointStatusClear)
                  000027c6    0000005c     usblib.lib : usbdhid.obj (.text:FindHIDDescriptor)
                  00002822    00000056                : usbdhidkeyb.obj (.text:RemoveKeyFromPressedList)
                  00002878    00000056                : usbdma.obj (.text:uDMAUSBChannelRelease)
                  000028ce    00000054                : usbdhid.obj (.text:ProcessDataToHost)
                  00002922    00000052                : usbulpi.obj (.text:ULPIConfigSet)
                  00002974    00000050     driverlib.lib : sysctl.obj (.text:SysCtlPeripheralReset)
                  000029c4    00000050     usblib.lib : usbdcdesc.obj (.text:USBDCDConfigDescGet)
                  00002a14    00000050                : usbdenum.obj (.text:USBDeviceResumeTickHandler)
                  00002a64    0000004c                : usbdconfig.obj (.text:GetEPDescriptorType)
                  00002ab0    0000004c                : usbdenum.obj (.text:USBDStringIndexFromRequest)
                  00002afc    0000004c     driverlib.lib : usb.obj (.text:USBEndpointDMAConfigSet)
                  00002b48    0000004c     usblib.lib : usbdma.obj (.text:iDMAUSBChannelEnable)
                  00002b94    0000004a                : usbdcdesc.obj (.text:ConfigAlternateInterfaceGet)
                  00002bde    0000004a                : usbdhid.obj (.text:USBDHIDReportWrite)
                  00002c28    0000004a     driverlib.lib : usb.obj (.text:USBDevEndpointStallClear)
                  00002c72    0000004a     usblib.lib : usbdma.obj (.text:uDMAUSBChannelDisable)
                  00002cbc    00000048                : usbdhid.obj (.text:SetIdleTimeout)
                  00002d04    00000048                : usbdenum.obj (.text:USBDeviceEnumResetHandler)
                  00002d4c    00000048     driverlib.lib : udma.obj (.text:uDMAChannelAttributeDisable)
                  00002d94    00000046                   : usb.obj (.text:USBEndpointDataGet)
                  00002dda    00000002     usblib.lib : usbdma.obj (.text:iDMAUSBArbSizeSet)
                  00002ddc    00000044                : usbdenum.obj (.text:USBDCDDeviceInfoInit)
                  00002e20    00000044                : usbdenum.obj (.text:USBDGetInterface)
                  00002e64    00000044     rtsv7M4_T_le_v4SPD16_eabi.lib : autoinit.c.obj (.text:__TI_auto_init_nobinit_nopinit:__TI_auto_init_nobinit_nopinit)
                  00002ea8    00000040     usblib.lib : usbdhid.obj (.text:ScheduleReportTransmission)
                  00002ee8    00000040     rtsv7M4_T_le_v4SPD16_eabi.lib : u_divt2.asm.obj (.text)
                  00002f28    0000003e     usblib.lib : usbdhidkeyb.obj (.text:HIDKeyboardTxHandler)
                  00002f66    00000002                : usbdma.obj (.text:iDMAUSBUnitSizeSet)
                  00002f68    0000003c     uartstdio.obj (.text:UARTFlushTx)
                  00002fa4    0000003c     usblib.lib : usbdma.obj (.text:iDMAUSBChannelRelease)
                  00002fe0    0000003a     driverlib.lib : usb.obj (.text:USBFIFOConfigSet)
                  0000301a    00000002     rtsv7M4_T_le_v4SPD16_eabi.lib : div0.asm.obj (.text)
                  0000301c    00000038     usblib.lib : usbtick.obj (.text:InternalUSBRegisterTickHandler)
                  00003054    00000038                : usbtick.obj (.text:InternalUSBStartOfFrameTick)
                  0000308c    00000038                : usbdcdesc.obj (.text:USBDCDConfigGetInterfaceEndpoint)
                  000030c4    00000038     driverlib.lib : usb.obj (.text:USBIntStatusControl)
                  000030fc    00000038     rtsv7M4_T_le_v4SPD16_eabi.lib : boot_cortex_m.c.obj (.text:_c_int00_noargs:_c_int00_noargs)
                  00003134    00000036     usblib.lib : usbdhid.obj (.text:HandleEndpoints)
                  0000316a    00000036     driverlib.lib : usb.obj (.text:USBEndpointDataPut)
                  000031a0    00000034     usblib.lib : usbdhid.obj (.text:HIDTickHandler)
                  000031d4    00000034     driverlib.lib : sysctl.obj (.text:SysCtlPeripheralEnable)
                  00003208    00000034                   : usb.obj (.text:USBEndpointDataSend)
                  0000323c    00000034     usb_keyboard.obj (.text:USBKeyboardHandler)
                  00003270    00000034     usblib.lib : usbdma.obj (.text:iDMAUSBChannelStatus)
                  000032a4    00000032                : usbdhid.obj (.text:ClearReportTimer)
                  000032d6    00000032                : usbdhid.obj (.text:HandleConfigChange)
                  00003308    00000032                : usbdcdesc.obj (.text:NextConfigDescGet)
                  0000333a    00000032     driverlib.lib : usb.obj (.text:USBDevEndpointStall)
                  0000336c    00000032     usblib.lib : usbdma.obj (.text:iDMAUSBChannelDisable)
                  0000339e    00000030                : usbdhidkeyb.obj (.text:AddKeyToPressedList)
                  000033ce    00000030                : usbdma.obj (.text:DMAUSBIntHandler)
                  000033fe    00000002                : usbdma.obj (.text:uDMAUSBChannelIntDisable)
                  00003400    00000030                : usbtick.obj (.text:InternalUSBTickInit)
                  00003430    00000030                : usbdenum.obj (.text:USBDGetConfiguration)
                  00003460    00000030                : usbdhidkeyb.obj (.text:USBDHIDKeyboardInit)
                  00003490    0000002c     uartstdio.obj (.text:UARTFlushRx)
                  000034bc    0000002c     usblib.lib : usbdesc.obj (.text:USBDescGet)
                  000034e8    0000002c                : usbdma.obj (.text:uDMAUSBIntStatus)
                  00003514    0000002a                : usbdcdesc.obj (.text:USBDCDConfigDescGetNum)
                  0000353e    0000002a                : usbdesc.obj (.text:USBDescGetNum)
                  00003568    0000002a     driverlib.lib : usb.obj (.text:USBDevEndpointDataAck)
                  00003592    00000028     usblib.lib : usbdhid.obj (.text:GetIdleTimeout)
                  000035ba    00000002                : usbdma.obj (.text:uDMAUSBChannelIntEnable)
                  000035bc    00000028     usb_keyboard.obj (.text:GetUsageCode)
                  000035e4    00000028     usblib.lib : usbdhid.obj (.text:HandleEP0DataReceived)
                  0000360c    00000028                : usbdenum.obj (.text:USBDSetAddress)
                  00003634    00000028     driverlib.lib : usb.obj (.text:USBIntEnableControl)
                  0000365c    00000028                   : udma.obj (.text:uDMAChannelModeGet)
                  00003684    00000026     usblib.lib : usbdhid.obj (.text:USBDHIDInit)
                  000036aa    00000024     driverlib.lib : usb.obj (.text:USBEndpointDMADisable)
                  000036ce    00000024                   : usb.obj (.text:USBEndpointDMAEnable)
                  000036f2    00000002     --HOLE-- [fill = 0]
                  000036f4    00000024     usblib.lib : usbmode.obj (.text:USBStackModeSet)
                  00003718    00000024     driverlib.lib : udma.obj (.text:uDMAChannelControlSet)
                  0000373c    00000024     main.obj (.text:uDMAErrorHandler)
                  00003760    00000022     usblib.lib : usbdhid.obj (.text:HandleDisconnect)
                  00003782    00000022                : usbdma.obj (.text:uDMAUSBChannelStatus)
                  000037a4    00000020                : usbdconfig.obj (.text:GetEndpointFIFOSize)
                  000037c4    00000020                : usbdhid.obj (.text:HandleEP0DataSent)
                  000037e4    0000001e     driverlib.lib : usb.obj (.text:USBULPIRegRead)
                  00003802    0000001e                   : usb.obj (.text:USBULPIRegWrite)
                  00003820    0000001c     usblib.lib : usbdcdesc.obj (.text:USBDCDConfigGetInterface)
                  0000383c    0000001c                : usbdenum.obj (.text:USBDCDStallEP0)
                  00003858    0000001c     driverlib.lib : usb.obj (.text:USBEndpointDataAvail)
                  00003874    0000001a     usblib.lib : usbdhid.obj (.text:ClearIdleTimers)
                  0000388e    0000001a     uartstdio.obj (.text:UARTprintf)
                  000038a8    0000001a     usblib.lib : usbdcdesc.obj (.text:USBDCDConfigDescGetSize)
                  000038c2    0000001a     driverlib.lib : usb.obj (.text:USBEndpointDMAChannel)
                  000038dc    00000018     uartstdio.obj (.text:IsBufferFull)
                  000038f4    00000018     usblib.lib : usbdhid.obj (.text:SetDeferredOpFlag)
                  0000390c    00000018                : usbdhandler.obj (.text:USB0DeviceIntHandler)
                  00003924    00000018                : usbdenum.obj (.text:USBDSetDescriptor)
                  0000393c    00000018                : usbdenum.obj (.text:USBDSyncFrame)
                  00003954    00000018     driverlib.lib : udma.obj (.text:uDMAChannelDisable)
                  0000396c    00000018                   : udma.obj (.text:uDMAChannelEnable)
                  00003984    00000016                   : usb.obj (.text:USBIntEnableEndpoint)
                  0000399a    00000002     --HOLE-- [fill = 0]
                  0000399c    00000014     usb_keyboard.obj (.text:IsKeyboardPending)
                  000039b0    00000014     driverlib.lib : sysctl.obj (.text:SysCtlUSBPLLEnable)
                  000039c4    00000014     usblib.lib : usbdenum.obj (.text:USBDCDRequestDataEP0)
                  000039d8    00000014                : usbdenum.obj (.text:USBDCDSendDataEP0)
                  000039ec    00000014     driverlib.lib : usb.obj (.text:USBDMAChannelConfigSet)
                  00003a00    00000014                   : usb.obj (.text:USBHostResume)
                  00003a14    00000014                   : usb.obj (.text:_USBIndexWrite)
                  00003a28    00000012     usblib.lib : usbdhid.obj (.text:HandleResume)
                  00003a3a    00000012                : usbdhid.obj (.text:HandleSuspend)
                  00003a4c    00000012     driverlib.lib : usb.obj (.text:USBDMAChannelDisable)
                  00003a5e    00000012                   : usb.obj (.text:USBDMAChannelEnable)
                  00003a70    00000012                   : usb.obj (.text:USBDMAChannelIntDisable)
                  00003a82    00000012                   : usb.obj (.text:USBDMAChannelIntEnable)
                  00003a94    00000010                   : interrupt.obj (.text:IntMasterEnable)
                  00003aa4    00000010     main.obj (.text:SysTickIntHandler)
                  00003ab4    00000010     driverlib.lib : usb.obj (.text:USBEndpointStatus)
                  00003ac4    0000000e     usblib.lib : usbdma.obj (.text:DMAUSBIntStatusClear)
                  00003ad2    0000000e     uartstdio.obj (.text:IsBufferEmpty)
                  00003ae0    0000000e     usblib.lib : usbdhid.obj (.text:USBDHIDTxPacketAvailable)
                  00003aee    0000000e     driverlib.lib : usb.obj (.text:USBDMAChannelStatus)
                  00003afc    0000000e                   : usb.obj (.text:USBDevLPMDisable)
                  00003b0a    0000000e                   : usb.obj (.text:USBDevLPMEnable)
                  00003b18    0000000e                   : usb.obj (.text:USBULPIDisable)
                  00003b26    0000000e                   : usb.obj (.text:USBULPIEnable)
                  00003b34    0000000e     rtsv7M4_T_le_v4SPD16_eabi.lib : copy_decompress_none.c.obj (.text:decompress:none:__TI_decompress_none)
                  00003b42    0000000c     driverlib.lib : cpu.obj (.text:CPUcpsie)
                  00003b4e    0000000c                   : usb.obj (.text:USBEndpointPacketCountSet)
                  00003b5a    0000000c                   : usb.obj (.text:USBLPMIntEnable)
                  00003b66    0000000c     rtsv7M4_T_le_v4SPD16_eabi.lib : copy_zero_init.c.obj (.text:decompress:ZI:__TI_zero_init)
                  00003b72    0000000a     driverlib.lib : usb.obj (.text:USBClockEnable)
                  00003b7c    0000000a                   : usb.obj (.text:USBControllerVersion)
                  00003b86    0000000a                   : usb.obj (.text:USBDMAChannelAddressSet)
                  00003b90    0000000a                   : usb.obj (.text:USBDMAChannelCountSet)
                  00003b9a    0000000a                   : usb.obj (.text:USBDevConnect)
                  00003ba4    0000000a                   : usb.obj (.text:USBDevDisconnect)
                  00003bae    0000000a                   : usb.obj (.text:USBIntStatusEndpoint)
                  00003bb8    00000008                   : usb.obj (.text:USBDevMode)
                  00003bc0    00000008                   : usb.obj (.text:USBFIFOAddrGet)
                  00003bc8    00000008                   : usb.obj (.text:USBOTGMode)
                  00003bd0    00000008     usblib.lib : usbdma.obj (.text:iDMAUSBChannelIntDisable)
                  00003bd8    00000008                : usbdma.obj (.text:iDMAUSBChannelIntEnable)
                  00003be0    00000006     driverlib.lib : gpio.obj (.text:GPIOPinWrite)
                  00003be6    00000006     tm4c123gh6pm_startup_ccs.obj (.text:ResetISR)
                  00003bec    00000006     driverlib.lib : uart.obj (.text:UARTClockSourceSet)
                  00003bf2    00000006                   : usb.obj (.text:USBDMAChannelIntStatus)
                  00003bf8    00000006                   : usb.obj (.text:USBDevLPMConfig)
                  00003bfe    00000006                   : usb.obj (.text:USBLPMIntStatus)
                  00003c04    00000006     usblib.lib : usbdma.obj (.text:iDMAUSBIntStatus)
                  00003c0a    00000004                : usbdma.obj (.text:DMAUSBStatus)
                  00003c0e    00000004                : usbdhid.obj (.text:HandleReset)
                  00003c12    00000004     driverlib.lib : usb.obj (.text:USBDevAddrSet)
                  00003c16    00000004     rtsv7M4_T_le_v4SPD16_eabi.lib : pre_init.c.obj (.text:_system_pre_init)
                  00003c1a    00000004                                   : exit.c.obj (.text:abort:abort)

.const     0    00003c20    0000039b     
                  00003c20    00000128     data.obj (.const:g_filter)
                  00003d48    00000070     driverlib.lib : interrupt.obj (.const)
                  00003db8    00000068     usb_keyboard.obj (.const:g_pcUsageCodes)
                  00003e20    0000003f     usblib.lib : usbdhidkeyb.obj (.const:.string:g_pui8KeybReportDescriptor)
                  00003e5f    00000001     --HOLE-- [fill = 0]
                  00003e60    00000034                : usbdenum.obj (.const:g_psUSBDStdRequests)
                  00003e94    00000034                : usbdhidkeyb.obj (.const)
                  00003ec8    00000030                : usbdhid.obj (.const:g_sHIDHandlers)
                  00003ef8    00000024     usb_structs.obj (.const:.string:g_pui8ManufacturerString)
                  00003f1c    00000022     usb_keyboard.obj (.const:g_pcUsageCodesShift)
                  00003f3e    0000001c     usb_structs.obj (.const:.string:g_pui8ProductString)
                  00003f5a    00000012     usb_structs.obj (.const:.string:g_pui8SerialNumberString)
                  00003f6c    00000010     usb_structs.obj (.const:g_pui8StringDescriptors)
                  00003f7c    0000000e     usblib.lib : usbdhidkeyb.obj (.const:.string)
                  00003f8a    00000002     --HOLE-- [fill = 0]
                  00003f8c    0000000c     uartstdio.obj (.const:g_ui32UARTBase)
                  00003f98    0000000c     uartstdio.obj (.const:g_ui32UARTInt)
                  00003fa4    0000000c     uartstdio.obj (.const:g_ui32UARTPeriph)
                  00003fb0    00000007     main.obj (.const:.string:g_spooky_message)
                  00003fb7    00000004     usb_structs.obj (.const:.string:g_pui8LangDescriptor)

.cinit     0    00003fc0    000000a8     
                  00003fc0    00000082     (.cinit..data.load) [load image, compression = lzss]
                  00004042    00000002     --HOLE-- [fill = 0]
                  00004044    0000000c     (__TI_handler_table)
                  00004050    00000008     (.cinit..bss.load) [load image, compression = zero_init]
                  00004058    00000010     (__TI_cinit_table)

.init_array 
*          0    00000000    00000000     UNINITIALIZED

.bss       0    20000000    000026aa     UNINITIALIZED
                  20000000    00002000     main.obj (.bss:g_adcBuffer)
                  20002000    00000400     uartstdio.obj (.bss:g_pcUARTTxBuffer)
                  20002400    00000110     usblib.lib : usbdma.obj (.bss:g_psUSBDMAInst)
                  20002510    00000080     uartstdio.obj (.bss:g_pcUARTRxBuffer)
                  20002590    00000050     usblib.lib : usbdenum.obj (.bss:g_psDCDInst)
                  200025e0    00000040                : usbdenum.obj (.bss:g_pui8DataBufferIn)
                  20002620    00000020     main.obj (.bss:g_adcPing)
                  20002640    00000020     main.obj (.bss:g_adcPong)
                  20002660    00000018     (.common:g_pfnTickHandlers)
                  20002678    00000018     (.common:g_pvTickInstance)
                  20002690    00000008     uartstdio.obj (.bss)
                  20002698    00000004     (.common:g_pfnUSBModeCallback)
                  2000269c    00000004     (.common:g_ppsDevInfo)
                  200026a0    00000004     (.common:g_ui32SysTickCount)
                  200026a4    00000004     (.common:g_ui32ULPISupport)
                  200026a8    00000002     (.common:g_sKeyboardState)

.data      0    20002ab0    000003d1     UNINITIALIZED
                  20002ab0    00000138     main.obj (.data:g_filterBufferImag)
                  20002be8    00000008     usblib.lib : usbdenum.obj (.data)
                  20002bf0    00000138     main.obj (.data:g_filterBufferReal)
                  20002d28    000000a4     usb_structs.obj (.data:g_sKeyboardDevice)
                  20002dcc    0000003d     main.obj (.data)
                  20002e09    00000003     --HOLE--
                  20002e0c    00000038     usblib.lib : usbdhidkeyb.obj (.data)
                  20002e44    00000015     uartstdio.obj (.data)
                  20002e59    00000012     usblib.lib : usbdhid.obj (.data)
                  20002e6b    00000001     --HOLE--
                  20002e6c    0000000c                : usbtick.obj (.data)
                  20002e78    00000009                : usbmode.obj (.data)

.stack     0    200026b0    00000400     UNINITIALIZED
                  200026b0    00000004     rtsv7M4_T_le_v4SPD16_eabi.lib : boot_cortex_m.c.obj (.stack)
                  200026b4    000003fc     --HOLE--

MODULE SUMMARY

       Module                         code    ro data   rw data
       ------                         ----    -------   -------
    .\
       main.obj                       1516    7         8945   
       tm4c123gh6pm_startup_ccs.obj   12      620       0      
       usb_keyboard.obj               240     138       2      
       data.obj                       0       296       0      
       usb_structs.obj                0       102       164    
    +--+------------------------------+-------+---------+---------+
       Total:                         1768    1163      9111   
                                                               
    .\utils\
       uartstdio.obj                  1494    36        1181   
    +--+------------------------------+-------+---------+---------+
       Total:                         1494    36        1181   
                                                               
    C:/ti/tivaware_c_series_2_1_4_178/driverlib/ccs/Debug/driverlib.lib
       usb.obj                        1354    0         0      
       interrupt.obj                  324     112       0      
       udma.obj                       328     0         0      
       sysctl.obj                     152     0         0      
       cpu.obj                        12      0         0      
       gpio.obj                       6       0         0      
       uart.obj                       6       0         0      
    +--+------------------------------+-------+---------+---------+
       Total:                         2182    112       0      
                                                               
    C:/ti/tivaware_c_series_2_1_4_178/usblib/ccs/Debug/usblib.lib
       usbdenum.obj                   2880    52        160    
       usbdma.obj                     2008    0         272    
       usbdhid.obj                    1808    48        18     
       usbdhidkeyb.obj                700     129       56     
       usbdconfig.obj                 576     0         0      
       usbdcdesc.obj                  356     0         0      
       usbtick.obj                    160     0         60     
       usbdesc.obj                    86      0         0      
       usbulpi.obj                    82      0         0      
       usbmode.obj                    36      0         13     
       usbdhandler.obj                24      0         0      
    +--+------------------------------+-------+---------+---------+
       Total:                         8716    229       579    
                                                               
    C:\ti\ccsv8\tools\compiler\ti-cgt-arm_18.1.3.LTS\lib\rtsv7M4_T_le_v4SPD16_eabi.lib
       memcpy_t2.asm.obj              156     0         0      
       memset_t2.asm.obj              122     0         0      
       copy_decompress_lzss.c.obj     104     0         0      
       autoinit.c.obj                 68      0         0      
       u_divt2.asm.obj                64      0         0      
       boot_cortex_m.c.obj            56      0         0      
       copy_decompress_none.c.obj     14      0         0      
       copy_zero_init.c.obj           12      0         0      
       exit.c.obj                     4       0         0      
       pre_init.c.obj                 4       0         0      
       div0.asm.obj                   2       0         0      
    +--+------------------------------+-------+---------+---------+
       Total:                         606     0         0      
                                                               
       Stack:                         0       0         1024   
       Linker Generated:              0       166       0      
    +--+------------------------------+-------+---------+---------+
       Grand Total:                   14766   1706      11895  


LINKER GENERATED COPY TABLES

__TI_cinit_table @ 00004058 records: 2, size/record: 8, table size: 16
	.data: load addr=00003fc0, load size=00000082 bytes, run addr=20002ab0, run size=000003d1 bytes, compression=lzss
	.bss: load addr=00004050, load size=00000008 bytes, run addr=20000000, run size=000026aa bytes, compression=zero_init


LINKER GENERATED HANDLER TABLE

__TI_handler_table @ 00004044 records: 3, size/record: 4, table size: 12
	index: 0, handler: __TI_decompress_lzss
	index: 1, handler: __TI_decompress_none
	index: 2, handler: __TI_zero_init


GLOBAL SYMBOLS: SORTED ALPHABETICALLY BY Name 

address   name                            
-------   ----                            
0000026d  ADC00IntHandler                 
00003c1b  C$$EXIT                         
00003b43  CPUcpsie                        
000024b9  ConfigureUART                   
00003be1  GPIOPinWrite                    
00002381  IntDisable                      
000023e9  IntEnable                       
00002581  IntIsEnabled                    
00003a95  IntMasterEnable                 
0000301d  InternalUSBRegisterTickHandler  
00003055  InternalUSBStartOfFrameTick     
00003401  InternalUSBTickInit             
0000399d  IsKeyboardPending               
00003be7  ResetISR                        
000031d5  SysCtlPeripheralEnable          
00002975  SysCtlPeripheralReset           
000039b1  SysCtlUSBPLLEnable              
00003aa5  SysTickIntHandler               
00003bed  UARTClockSourceSet              
00003491  UARTFlushRx                     
00002f69  UARTFlushTx                     
000017c9  UARTStdioConfig                 
000009ad  UARTStdioIntHandler             
0000388f  UARTprintf                      
000007c1  UARTvprintf                     
00001879  UARTwrite                       
00002923  ULPIConfigSet                   
0000390d  USB0DeviceIntHandler            
00003b73  USBClockEnable                  
00003b7d  USBControllerVersion            
000029c5  USBDCDConfigDescGet             
00003515  USBDCDConfigDescGetNum          
000038a9  USBDCDConfigDescGetSize         
00003821  USBDCDConfigGetInterface        
0000308d  USBDCDConfigGetInterfaceEndpoint
00002ddd  USBDCDDeviceInfoInit            
00000c6d  USBDCDInit                      
000039c5  USBDCDRequestDataEP0            
000039d9  USBDCDSendDataEP0               
0000383d  USBDCDStallEP0                  
00001491  USBDHIDCompositeInit            
00003685  USBDHIDInit                     
000019c9  USBDHIDKeyboardCompositeInit    
00003461  USBDHIDKeyboardInit             
00001dc9  USBDHIDKeyboardKeyStateChange   
00002bdf  USBDHIDReportWrite              
00003ae1  USBDHIDTxPacketAvailable        
00003b87  USBDMAChannelAddressSet         
000039ed  USBDMAChannelConfigSet          
00003b91  USBDMAChannelCountSet           
00003a4d  USBDMAChannelDisable            
00003a5f  USBDMAChannelEnable             
00003a71  USBDMAChannelIntDisable         
00003a83  USBDMAChannelIntEnable          
00003bf3  USBDMAChannelIntStatus          
00003aef  USBDMAChannelStatus             
000034bd  USBDescGet                      
0000353f  USBDescGetNum                   
00003c13  USBDevAddrSet                   
00003b9b  USBDevConnect                   
00003ba5  USBDevDisconnect                
00002059  USBDevEndpointConfigSet         
00003569  USBDevEndpointDataAck           
0000333b  USBDevEndpointStall             
00002c29  USBDevEndpointStallClear        
00002769  USBDevEndpointStatusClear       
00003bf9  USBDevLPMConfig                 
00003afd  USBDevLPMDisable                
00003b0b  USBDevLPMEnable                 
00003bb9  USBDevMode                      
0000105d  USBDeviceConfig                 
00001cb5  USBDeviceConfigAlternate        
00001571  USBDeviceEnumHandler            
00002d05  USBDeviceEnumResetHandler       
00000f0d  USBDeviceIntHandlerInternal     
00002a15  USBDeviceResumeTickHandler      
000038c3  USBEndpointDMAChannel           
00002afd  USBEndpointDMAConfigSet         
000036ab  USBEndpointDMADisable           
000036cf  USBEndpointDMAEnable            
00003859  USBEndpointDataAvail            
00002d95  USBEndpointDataGet              
0000316b  USBEndpointDataPut              
00003209  USBEndpointDataSend             
00003b4f  USBEndpointPacketCountSet       
00003ab5  USBEndpointStatus               
00003bc1  USBFIFOAddrGet                  
00002fe1  USBFIFOConfigSet                
00003a01  USBHostResume                   
00003635  USBIntEnableControl             
00003985  USBIntEnableEndpoint            
000030c5  USBIntStatusControl             
00003baf  USBIntStatusEndpoint            
0000323d  USBKeyboardHandler              
00001fd9  USBKeyboardUpdate               
00003b5b  USBLPMIntEnable                 
00003bff  USBLPMIntStatus                 
00000b0d  USBLibDMAInit                   
00003bc9  USBOTGMode                      
000036f5  USBStackModeSet                 
00003b19  USBULPIDisable                  
00003b27  USBULPIEnable                   
000037e5  USBULPIRegRead                  
00003803  USBULPIRegWrite                 
20002ab0  __STACK_END                     
00000400  __STACK_SIZE                    
200028b0  __STACK_TOP                     
00004058  __TI_CINIT_Base                 
00004068  __TI_CINIT_Limit                
00004044  __TI_Handler_Table_Base         
00004050  __TI_Handler_Table_Limit        
00002e65  __TI_auto_init_nobinit_nopinit  
00002451  __TI_decompress_lzss            
00003b35  __TI_decompress_none            
ffffffff  __TI_pprof_out_hndl             
ffffffff  __TI_prof_data_size             
ffffffff  __TI_prof_data_start            
00000000  __TI_static_base__              
00003b67  __TI_zero_init                  
0000301b  __aeabi_idiv0                   
0000301b  __aeabi_ldiv0                   
000020d3  __aeabi_memclr                  
000020d3  __aeabi_memclr4                 
000020d3  __aeabi_memclr8                 
00001a65  __aeabi_memcpy                  
00001a65  __aeabi_memcpy4                 
00001a65  __aeabi_memcpy8                 
000020d5  __aeabi_memset                  
000020d5  __aeabi_memset4                 
000020d5  __aeabi_memset8                 
00002ee9  __aeabi_uidiv                   
00002ee9  __aeabi_uidivmod                
ffffffff  __binit__                       
ffffffff  __c_args__                      
UNDEFED   __mpu_init                      
200026b0  __stack                         
000030fd  _c_int00_noargs                 
UNDEFED   _system_post_cinit              
00003c17  _system_pre_init                
00003c1b  abort                           
ffffffff  binit                           
20002e6c  g_bUSBTimerInitialized          
00003c20  g_filter                        
20002e78  g_iUSBMode                      
20002e08  g_keyDown                       
20002e04  g_keyTick                       
20002df9  g_message_index                 
20002df8  g_message_last_char             
20002660  g_pfnTickHandlers               
00000000  g_pfnVectors                    
2000269c  g_ppsDevInfo                    
20002590  g_psDCDInst                     
20002e59  g_pui8HIDDeviceDescriptor       
00003fb7  g_pui8LangDescriptor            
00003ef8  g_pui8ManufacturerString        
00003f3e  g_pui8ProductString             
00003f5a  g_pui8SerialNumberString        
00003f6c  g_pui8StringDescriptors         
20002678  g_pvTickInstance                
00003ec8  g_sHIDHandlers                  
20002d28  g_sKeyboardDevice               
200026a8  g_sKeyboardState                
20002e00  g_spooky_last_tick              
00003fb0  g_spooky_message                
20002dfc  g_spooky_message_index          
20002e70  g_ui32CurrentUSBTick            
200026a0  g_ui32SysTickCount              
20002e74  g_ui32USBSOFCount               
20002e7c  g_ui32WaitTicks                 
00000595  main                            
00001a65  memcpy                          
000020db  memset                          
00002d4d  uDMAChannelAttributeDisable     
00003719  uDMAChannelControlSet           
00003955  uDMAChannelDisable              
0000396d  uDMAChannelEnable               
0000365d  uDMAChannelModeGet              
00001ed5  uDMAChannelTransferSet          
0000373d  uDMAErrorHandler                


GLOBAL SYMBOLS: SORTED BY Symbol Address 

address   name                            
-------   ----                            
00000000  __TI_static_base__              
00000000  g_pfnVectors                    
0000026d  ADC00IntHandler                 
00000400  __STACK_SIZE                    
00000595  main                            
000007c1  UARTvprintf                     
000009ad  UARTStdioIntHandler             
00000b0d  USBLibDMAInit                   
00000c6d  USBDCDInit                      
00000f0d  USBDeviceIntHandlerInternal     
0000105d  USBDeviceConfig                 
00001491  USBDHIDCompositeInit            
00001571  USBDeviceEnumHandler            
000017c9  UARTStdioConfig                 
00001879  UARTwrite                       
000019c9  USBDHIDKeyboardCompositeInit    
00001a65  __aeabi_memcpy                  
00001a65  __aeabi_memcpy4                 
00001a65  __aeabi_memcpy8                 
00001a65  memcpy                          
00001cb5  USBDeviceConfigAlternate        
00001dc9  USBDHIDKeyboardKeyStateChange   
00001ed5  uDMAChannelTransferSet          
00001fd9  USBKeyboardUpdate               
00002059  USBDevEndpointConfigSet         
000020d3  __aeabi_memclr                  
000020d3  __aeabi_memclr4                 
000020d3  __aeabi_memclr8                 
000020d5  __aeabi_memset                  
000020d5  __aeabi_memset4                 
000020d5  __aeabi_memset8                 
000020db  memset                          
00002381  IntDisable                      
000023e9  IntEnable                       
00002451  __TI_decompress_lzss            
000024b9  ConfigureUART                   
00002581  IntIsEnabled                    
00002769  USBDevEndpointStatusClear       
00002923  ULPIConfigSet                   
00002975  SysCtlPeripheralReset           
000029c5  USBDCDConfigDescGet             
00002a15  USBDeviceResumeTickHandler      
00002afd  USBEndpointDMAConfigSet         
00002bdf  USBDHIDReportWrite              
00002c29  USBDevEndpointStallClear        
00002d05  USBDeviceEnumResetHandler       
00002d4d  uDMAChannelAttributeDisable     
00002d95  USBEndpointDataGet              
00002ddd  USBDCDDeviceInfoInit            
00002e65  __TI_auto_init_nobinit_nopinit  
00002ee9  __aeabi_uidiv                   
00002ee9  __aeabi_uidivmod                
00002f69  UARTFlushTx                     
00002fe1  USBFIFOConfigSet                
0000301b  __aeabi_idiv0                   
0000301b  __aeabi_ldiv0                   
0000301d  InternalUSBRegisterTickHandler  
00003055  InternalUSBStartOfFrameTick     
0000308d  USBDCDConfigGetInterfaceEndpoint
000030c5  USBIntStatusControl             
000030fd  _c_int00_noargs                 
0000316b  USBEndpointDataPut              
000031d5  SysCtlPeripheralEnable          
00003209  USBEndpointDataSend             
0000323d  USBKeyboardHandler              
0000333b  USBDevEndpointStall             
00003401  InternalUSBTickInit             
00003461  USBDHIDKeyboardInit             
00003491  UARTFlushRx                     
000034bd  USBDescGet                      
00003515  USBDCDConfigDescGetNum          
0000353f  USBDescGetNum                   
00003569  USBDevEndpointDataAck           
00003635  USBIntEnableControl             
0000365d  uDMAChannelModeGet              
00003685  USBDHIDInit                     
000036ab  USBEndpointDMADisable           
000036cf  USBEndpointDMAEnable            
000036f5  USBStackModeSet                 
00003719  uDMAChannelControlSet           
0000373d  uDMAErrorHandler                
000037e5  USBULPIRegRead                  
00003803  USBULPIRegWrite                 
00003821  USBDCDConfigGetInterface        
0000383d  USBDCDStallEP0                  
00003859  USBEndpointDataAvail            
0000388f  UARTprintf                      
000038a9  USBDCDConfigDescGetSize         
000038c3  USBEndpointDMAChannel           
0000390d  USB0DeviceIntHandler            
00003955  uDMAChannelDisable              
0000396d  uDMAChannelEnable               
00003985  USBIntEnableEndpoint            
0000399d  IsKeyboardPending               
000039b1  SysCtlUSBPLLEnable              
000039c5  USBDCDRequestDataEP0            
000039d9  USBDCDSendDataEP0               
000039ed  USBDMAChannelConfigSet          
00003a01  USBHostResume                   
00003a4d  USBDMAChannelDisable            
00003a5f  USBDMAChannelEnable             
00003a71  USBDMAChannelIntDisable         
00003a83  USBDMAChannelIntEnable          
00003a95  IntMasterEnable                 
00003aa5  SysTickIntHandler               
00003ab5  USBEndpointStatus               
00003ae1  USBDHIDTxPacketAvailable        
00003aef  USBDMAChannelStatus             
00003afd  USBDevLPMDisable                
00003b0b  USBDevLPMEnable                 
00003b19  USBULPIDisable                  
00003b27  USBULPIEnable                   
00003b35  __TI_decompress_none            
00003b43  CPUcpsie                        
00003b4f  USBEndpointPacketCountSet       
00003b5b  USBLPMIntEnable                 
00003b67  __TI_zero_init                  
00003b73  USBClockEnable                  
00003b7d  USBControllerVersion            
00003b87  USBDMAChannelAddressSet         
00003b91  USBDMAChannelCountSet           
00003b9b  USBDevConnect                   
00003ba5  USBDevDisconnect                
00003baf  USBIntStatusEndpoint            
00003bb9  USBDevMode                      
00003bc1  USBFIFOAddrGet                  
00003bc9  USBOTGMode                      
00003be1  GPIOPinWrite                    
00003be7  ResetISR                        
00003bed  UARTClockSourceSet              
00003bf3  USBDMAChannelIntStatus          
00003bf9  USBDevLPMConfig                 
00003bff  USBLPMIntStatus                 
00003c13  USBDevAddrSet                   
00003c17  _system_pre_init                
00003c1b  C$$EXIT                         
00003c1b  abort                           
00003c20  g_filter                        
00003ec8  g_sHIDHandlers                  
00003ef8  g_pui8ManufacturerString        
00003f3e  g_pui8ProductString             
00003f5a  g_pui8SerialNumberString        
00003f6c  g_pui8StringDescriptors         
00003fb0  g_spooky_message                
00003fb7  g_pui8LangDescriptor            
00004044  __TI_Handler_Table_Base         
00004050  __TI_Handler_Table_Limit        
00004058  __TI_CINIT_Base                 
00004068  __TI_CINIT_Limit                
20002590  g_psDCDInst                     
20002660  g_pfnTickHandlers               
20002678  g_pvTickInstance                
2000269c  g_ppsDevInfo                    
200026a0  g_ui32SysTickCount              
200026a8  g_sKeyboardState                
200026b0  __stack                         
200028b0  __STACK_TOP                     
20002ab0  __STACK_END                     
20002d28  g_sKeyboardDevice               
20002df8  g_message_last_char             
20002df9  g_message_index                 
20002dfc  g_spooky_message_index          
20002e00  g_spooky_last_tick              
20002e04  g_keyTick                       
20002e08  g_keyDown                       
20002e59  g_pui8HIDDeviceDescriptor       
20002e6c  g_bUSBTimerInitialized          
20002e70  g_ui32CurrentUSBTick            
20002e74  g_ui32USBSOFCount               
20002e78  g_iUSBMode                      
20002e7c  g_ui32WaitTicks                 
ffffffff  __TI_pprof_out_hndl             
ffffffff  __TI_prof_data_size             
ffffffff  __TI_prof_data_start            
ffffffff  __binit__                       
ffffffff  __c_args__                      
ffffffff  binit                           
UNDEFED   __mpu_init                      
UNDEFED   _system_post_cinit              

[179 symbols]
