******************************************************************************
                  TI ARM Linker PC v18.1.3                     
******************************************************************************
>> Linked Fri Dec 14 14:05:41 2018

OUTPUT FILE NAME:   <usb_keyb_dev.out>
ENTRY POINT SYMBOL: "_c_int00_noargs"  address: 00003ea1


MEMORY CONFIGURATION

         name            origin    length      used     unused   attr    fill
----------------------  --------  ---------  --------  --------  ----  --------
  FLASH                 00000000   00040000  00005426  0003abda  R  X
  SRAM                  20000000   00008000  0000111c  00006ee4  RW X


SEGMENT ALLOCATION MAP

run origin  load origin   length   init length attrs members
----------  ----------- ---------- ----------- ----- -------
00000000    00000000    00005428   00005428    r-x
  00000000    00000000    0000026c   0000026c    r-- .intvecs
  0000026c    0000026c    00004d16   00004d16    r-x .text
  00004f84    00004f84    000003e0   000003e0    r-- .const
  00005364    00005364    00000004   00000004    r-- .init_array
  00005368    00005368    000000c0   000000c0    r-- .cinit
20000000    20000000    00001120   00000000    rw-
  20000000    20000000    00000c04   00000000    rw- .bss
  20000c08    20000c08    00000400   00000000    rw- .stack
  20001008    20001008    00000118   00000000    rw- .data


SECTION ALLOCATION MAP

 output                                  attributes/
section   page    origin      length       input sections
--------  ----  ----------  ----------   ----------------
.intvecs   0    00000000    0000026c     
                  00000000    0000026c     tm4c123gh6pm_startup_ccs.obj (.intvecs)

.text      0    0000026c    00004d16     
                  0000026c    000001f6     usblib.lib : usbdcomp.obj (.text:BuildCompositeDescriptor)
                  00000462    00000002     tm4c123gh6pm_startup_ccs.obj (.text:FaultISR)
                  00000464    00000160     uartstdio.obj (.text:UARTStdioIntHandler)
                  000005c4    00000160     usblib.lib : usbdma.obj (.text:USBLibDMAInit)
                  00000724    00000150                : usbdenum.obj (.text:USBDCDInit)
                  00000874    00000150                : usbdenum.obj (.text:USBDEP0StateTxConfig)
                  000009c4    00000150                : usbdenum.obj (.text:USBDeviceIntHandlerInternal)
                  00000b14    00000150     main.obj (.text:main)
                  00000c64    00000148     usblib.lib : usbdconfig.obj (.text:USBDeviceConfig)
                  00000dac    00000124     main.obj (.text:_Z12configureUSBv)
                  00000ed0    00000114     usblib.lib : usbdhid.obj (.text:HandleRequest)
                  00000fe4    000000f4                : usbdma.obj (.text:iDMAUSBTransfer)
                  000010d8    000000e4                : usbdenum.obj (.text:USBDGetDescriptor)
                  000011bc    000000e0                : usbdhid.obj (.text:USBDHIDCompositeInit)
                  0000129c    000000d8                : usbdcdc.obj (.text:USBDCDCCompositeInit)
                  00001374    000000d8                : usbdenum.obj (.text:USBDeviceEnumHandler)
                  0000144c    000000d4                : usbdcdc.obj (.text:HandleRequests)
                  00001520    000000d4                : usbdcomp.obj (.text:USBDCompositeInit)
                  000015f4    000000c4                : usbdma.obj (.text:uDMAUSBChannelAllocate)
                  000016b8    000000be                : usbbuffer.obj (.text:HandleRxAvailable)
                  00001776    00000002     tm4c123gh6pm_startup_ccs.obj (.text:IntDefaultHandler)
                  00001778    000000bc     USBSerialDevice.obj (.text:_ZN9usbdevice15USBSerialDeviceC1EPFYjPvjjS1_ES3_S3_)
                  00001834    000000bc     usblib.lib : usbdma.obj (.text:uDMAUSBTransfer)
                  000018f0    000000b4                : usbdcdc.obj (.text:HandleDevice)
                  000019a4    000000a8     uartstdio.obj (.text:UARTwrite)
                  00001a4c    000000a6     usblib.lib : usbdhidkeyb.obj (.text:HIDKeyboardRxHandler)
                  00001af2    00000002     tm4c123gh6pm_startup_ccs.obj (.text:NmiSR)
                  00001af4    0000009c     usblib.lib : usbdhidkeyb.obj (.text:USBDHIDKeyboardCompositeInit)
                  00001b90    0000009c     rtsv7M4_T_le_v4SPD16_eabi.lib : memcpy_t2.asm.obj (.text)
                  00001c2c    00000098     usblib.lib : usbdenum.obj (.text:USBDSetInterface)
                  00001cc4    00000098     USBKeyboardDevice.obj (.text:_ZN9usbdevice17USBKeyboardDevice14USBWriteStringEPKci)
                  00001d5c    00000096     usblib.lib : usbdcdc.obj (.text:CDCTickHandler)
                  00001df2    00000094                : usbdcdc.obj (.text:SendSerialState)
                  00001e86    00000092                : usbbuffer.obj (.text:ScheduleNextTransmission)
                  00001f18    00000090                : usbdcdc.obj (.text:USBDCDCPacketRead)
                  00001fa8    00000090                : usbdenum.obj (.text:USBDSetConfiguration)
                  00002038    0000008c     uartstdio.obj (.text:UARTPrimeTransmit)
                  000020c4    0000008c     usblib.lib : usbdconfig.obj (.text:USBDeviceConfigAlternate)
                  00002150    0000008c     USBSerialDevice.obj (.text:_ZN9usbdevice15USBSerialDevice13GetLineCodingEP11tLineCoding)
                  000021dc    0000008c     USBKeyboardDevice.obj (.text:_ZN9usbdevice17USBKeyboardDevice22USBPressKeyCombinationEhPKhi)
                  00002268    00000088     buttons.obj (.text:ButtonsPoll)
                  000022f0    00000088     usblib.lib : usbdhid.obj (.text:ProcessIdleTimers)
                  00002378    00000086                : usbdhidkeyb.obj (.text:USBDHIDKeyboardKeyStateChange)
                  000023fe    00000002     USBSerialDevice.obj (.text:_ZN9usbdevice15USBSerialDevice15getSerialDeviceEv)
                  00002400    00000084     USBSerialDevice.obj (.text:_ZN9usbdevice15USBSerialDevice13SetLineCodingEP11tLineCoding)
                  00002484    00000084     usblib.lib : usbdma.obj (.text:iDMAUSBChannelAllocate)
                  00002508    00000084     driverlib.lib : udma.obj (.text:uDMAChannelTransferSet)
                  0000258c    00000080     usblib.lib : usbdenum.obj (.text:USBDClearFeature)
                  0000260c    0000007a     driverlib.lib : usb.obj (.text:USBDevEndpointConfigSet)
                  00002686    0000007a     rtsv7M4_T_le_v4SPD16_eabi.lib : memset_t2.asm.obj (.text)
                  00002700    00000078     usblib.lib : usbdenum.obj (.text:USBDGetStatus)
                  00002778    00000078     USBKeyboardDevice.obj (.text:_ZN9usbdevice17USBKeyboardDevice17USBKeyboardUpdateEhhb)
                  000027f0    00000074     main.obj (.text:_Z14ControlHandlerPvjjS_)
                  00002864    00000072     usblib.lib : usbdcdc.obj (.text:ProcessDataFromHost)
                  000028d6    00000002     USBSerialDevice.obj (.text:_ZN9usbdevice15USBSerialDevice19SetControlLineStateEt)
                  000028d8    00000070     usblib.lib : usbdenum.obj (.text:USBDEP0StateTx)
                  00002948    00000070                : usbdma.obj (.text:uDMAUSBArbSizeSet)
                  000029b8    00000070                : usbdma.obj (.text:uDMAUSBUnitSizeSet)
                  00002a28    0000006c                : usbdcdc.obj (.text:ProcessDataToHost)
                  00002a94    0000006c                : usbdenum.obj (.text:USBDSetFeature)
                  00002b00    00000068     buttons.obj (.text:ButtonsInit)
                  00002b68    00000068     driverlib.lib : interrupt.obj (.text:IntDisable)
                  00002bd0    00000068                   : interrupt.obj (.text:IntEnable)
                  00002c38    00000068     rtsv7M4_T_le_v4SPD16_eabi.lib : copy_decompress_lzss.c.obj (.text:decompress:lzss:__TI_decompress_lzss)
                  00002ca0    00000064     usblib.lib : usbdcomp.obj (.text:GetDescriptor)
                  00002d04    00000064                : usbdhid.obj (.text:HandleGetDescriptor)
                  00002d68    00000064                : usbdcomp.obj (.text:HandleRequests)
                  00002dcc    00000064     driverlib.lib : interrupt.obj (.text:IntIsEnabled)
                  00002e30    00000064     usblib.lib : usbbuffer.obj (.text:USBBufferEventCallback)
                  00002e94    00000064                : usbdma.obj (.text:uDMAUSBChannelEnable)
                  00002ef8    00000060                : usbdcomp.obj (.text:HandleDevice)
                  00002f58    00000060                : usbdhid.obj (.text:HandleDevice)
                  00002fb8    00000060                : usbdhid.obj (.text:ProcessDataFromHost)
                  00003018    00000060                : usbdcdc.obj (.text:USBDCDCPacketWrite)
                  00003078    00000060                : usbdenum.obj (.text:USBDReadAndDispatchRequest)
                  000030d8    00000060     rtsv7M4_T_le_v4SPD16_eabi.lib : autoinit.c.obj (.text:__TI_auto_init_nobinit:__TI_auto_init_nobinit)
                  00003138    0000005e     driverlib.lib : usb.obj (.text:USBDevEndpointStatusClear)
                  00003196    0000005c     usblib.lib : usbdhid.obj (.text:FindHIDDescriptor)
                  000031f2    00000002     USBKeyboardDevice.obj (.text:_ZN9usbdevice17USBKeyboardDevice17getKeyboardDeviceEv)
                  000031f4    00000058     USBCompDevice.obj (.text:_ZN9usbdevice13USBCompDeviceC1EPFYjPvjjS1_E)
                  0000324c    00000056     usblib.lib : usbdhidkeyb.obj (.text:RemoveKeyFromPressedList)
                  000032a2    00000056                : usbdma.obj (.text:uDMAUSBChannelRelease)
                  000032f8    00000054                : usbdhid.obj (.text:ProcessDataToHost)
                  0000334c    00000052                : usbulpi.obj (.text:ULPIConfigSet)
                  0000339e    00000002                : usbdma.obj (.text:iDMAUSBArbSizeSet)
                  000033a0    00000050     driverlib.lib : sysctl.obj (.text:SysCtlPeripheralReset)
                  000033f0    00000050     usblib.lib : usbdcdesc.obj (.text:USBDCDConfigDescGet)
                  00003440    00000050                : usbdenum.obj (.text:USBDeviceResumeTickHandler)
                  00003490    00000050     USBSerialDevice.obj (.text:_ZN9usbdevice15USBSerialDevice20USBUARTPrimeTransmitEv)
                  000034e0    0000004e     USBSerialDevice.obj (.text:_ZN9usbdevice15USBSerialDevice9connectedEv)
                  0000352e    0000004c     usblib.lib : usbdconfig.obj (.text:GetEPDescriptorType)
                  0000357a    00000002                : usbdma.obj (.text:iDMAUSBUnitSizeSet)
                  0000357c    0000004c                : usbdenum.obj (.text:USBDStringIndexFromRequest)
                  000035c8    0000004c     driverlib.lib : usb.obj (.text:USBEndpointDMAConfigSet)
                  00003614    0000004c     usblib.lib : usbdma.obj (.text:iDMAUSBChannelEnable)
                  00003660    0000004a                : usbdcdesc.obj (.text:ConfigAlternateInterfaceGet)
                  000036aa    0000004a                : usbdcdc.obj (.text:HandleEP0Data)
                  000036f4    0000004a                : usbdcdc.obj (.text:HandleEndpoints)
                  0000373e    0000004a                : usbdhid.obj (.text:USBDHIDReportWrite)
                  00003788    0000004a     driverlib.lib : usb.obj (.text:USBDevEndpointStallClear)
                  000037d2    0000004a     usblib.lib : usbdma.obj (.text:uDMAUSBChannelDisable)
                  0000381c    00000048                : usbdhid.obj (.text:SetIdleTimeout)
                  00003864    00000048                : usbdenum.obj (.text:USBDeviceEnumResetHandler)
                  000038ac    00000048     driverlib.lib : udma.obj (.text:uDMAChannelAttributeDisable)
                  000038f4    00000046                   : usb.obj (.text:USBEndpointDataGet)
                  0000393a    00000002     usblib.lib : usbdma.obj (.text:uDMAUSBChannelIntDisable)
                  0000393c    00000044                : usbdenum.obj (.text:USBDCDDeviceInfoInit)
                  00003980    00000044                : usbdenum.obj (.text:USBDGetInterface)
                  000039c4    00000044     main.obj (.text:_Z9RxHandlerPvjjS_)
                  00003a08    00000044     USBSerialDevice.obj (.text:_ZN9usbdevice15USBSerialDevice11getInstanceEv)
                  00003a4c    00000041     USBSerialDevice.obj (.text:_ZN9usbdevice15USBSerialDevice12disconnectedEv)
                  00003a8d    00000001     --HOLE-- [fill = 0]
                  00003a8e    00000040     usblib.lib : usbdcomp.obj (.text:ConfigChangeHandler)
                  00003ace    00000040                : usbdhid.obj (.text:ScheduleReportTransmission)
                  00003b0e    0000003e                : usbdhidkeyb.obj (.text:HIDKeyboardTxHandler)
                  00003b4c    0000003c     USBCompDevice.obj (.text:_ZN9usbdevice13USBCompDevice4initEv)
                  00003b88    0000003c     usblib.lib : usbdma.obj (.text:iDMAUSBChannelRelease)
                  00003bc4    0000003a                : usbdcomp.obj (.text:EndpointToIndex)
                  00003bfe    0000003a     driverlib.lib : usb.obj (.text:USBFIFOConfigSet)
                  00003c38    00000038     usblib.lib : usbdcomp.obj (.text:HandleDisconnect)
                  00003c70    00000038                : usbtick.obj (.text:InternalUSBRegisterTickHandler)
                  00003ca8    00000038                : usbtick.obj (.text:InternalUSBStartOfFrameTick)
                  00003ce0    00000038                : usbdcomp.obj (.text:ResetHandler)
                  00003d18    00000038                : usbdcomp.obj (.text:ResumeHandler)
                  00003d50    00000038                : usbdcdc.obj (.text:SendBreak)
                  00003d88    00000038                : usbdcomp.obj (.text:SuspendHandler)
                  00003dc0    00000038                : usbdcdesc.obj (.text:USBDCDConfigGetInterfaceEndpoint)
                  00003df8    00000038     driverlib.lib : usb.obj (.text:USBIntStatusControl)
                  00003e30    00000038     usblib.lib : usbringbuf.obj (.text:USBRingBufAdvanceWrite)
                  00003e68    00000038     USBSerialDevice.obj (.text:_ZN9usbdevice15USBSerialDevice9SendBreakEb)
                  00003ea0    00000038     rtsv7M4_T_le_v4SPD16_eabi.lib : boot_cortex_m.c.obj (.text:_c_int00_noargs:_c_int00_noargs)
                  00003ed8    00000036     usblib.lib : usbdhid.obj (.text:HandleEndpoints)
                  00003f0e    00000036                : usbdcomp.obj (.text:InterfaceChange)
                  00003f44    00000036     driverlib.lib : usb.obj (.text:USBEndpointDataPut)
                  00003f7a    00000002     usblib.lib : usbdma.obj (.text:uDMAUSBChannelIntEnable)
                  00003f7c    00000034                : usbdhid.obj (.text:HIDTickHandler)
                  00003fb0    00000034                : usbdcdc.obj (.text:HandleConfigChange)
                  00003fe4    00000034     driverlib.lib : sysctl.obj (.text:SysCtlPeripheralEnable)
                  00004018    00000034                   : usb.obj (.text:USBEndpointDataSend)
                  0000404c    00000034     USBCompDevice.obj (.text:_ZN9usbdevice13USBCompDevice11getInstanceEv)
                  00004080    00000034     USBKeyboardDevice.obj (.text:_ZN9usbdevice17USBKeyboardDevice11getInstanceEv)
                  000040b4    00000034     usblib.lib : usbdma.obj (.text:iDMAUSBChannelStatus)
                  000040e8    00000032                : usbdhid.obj (.text:ClearReportTimer)
                  0000411a    00000032                : usbdhid.obj (.text:HandleConfigChange)
                  0000414c    00000032                : usbdcdesc.obj (.text:NextConfigDescGet)
                  0000417e    00000032                : usbdcdc.obj (.text:ProcessNotificationToHost)
                  000041b0    00000032     driverlib.lib : usb.obj (.text:USBDevEndpointStall)
                  000041e2    00000032     USBKeyboardDevice.obj (.text:_ZN9usbdevice17USBKeyboardDeviceC1EPFYjPvjjS1_E)
                  00004214    00000032     usblib.lib : usbdma.obj (.text:iDMAUSBChannelDisable)
                  00004246    00000030                : usbdhidkeyb.obj (.text:AddKeyToPressedList)
                  00004276    00000030                : usbdma.obj (.text:DMAUSBIntHandler)
                  000042a6    00000002     --HOLE-- [fill = 0]
                  000042a8    00000030                : usbtick.obj (.text:InternalUSBTickInit)
                  000042d8    00000030                : usbdenum.obj (.text:USBDGetConfiguration)
                  00004308    00000030                : usbringbuf.obj (.text:UpdateIndexAtomic)
                  00004338    0000002e                : usbdcomp.obj (.text:HandleEndpoints)
                  00004366    0000002e                : usbbuffer.obj (.text:USBBufferWrite)
                  00004394    0000002e                : usbdcdc.obj (.text:USBDCDCRxPacketAvailable)
                  000043c2    0000002e     USBSerialDevice.obj (.text:_ZN9usbdevice15USBSerialDevice10readBufferEv)
                  000043f0    0000002c     usblib.lib : usbdcomp.obj (.text:InterfaceToIndex)
                  0000441c    0000002c                : usbdesc.obj (.text:USBDescGet)
                  00004448    0000002c                : usbdma.obj (.text:uDMAUSBIntStatus)
                  00004474    0000002a                : usbbuffer.obj (.text:HandleRequestBuffer)
                  0000449e    0000002a                : usbdcdesc.obj (.text:USBDCDConfigDescGetNum)
                  000044c8    0000002a                : usbdesc.obj (.text:USBDescGetNum)
                  000044f2    0000002a     driverlib.lib : usb.obj (.text:USBDevEndpointDataAck)
                  0000451c    00000028     usblib.lib : usbdhid.obj (.text:GetIdleTimeout)
                  00004544    00000028                : usbdhid.obj (.text:HandleEP0DataReceived)
                  0000456c    00000028                : usbbuffer.obj (.text:USBBufferRead)
                  00004594    00000028                : usbdenum.obj (.text:USBDSetAddress)
                  000045bc    00000028     driverlib.lib : usb.obj (.text:USBIntEnableControl)
                  000045e4    00000028     main.obj (.text:_Z18USBKeyboardHandlerPvjjS_)
                  0000460c    00000028     USBKeyboardDevice.obj (.text:_ZN9usbdevice17USBKeyboardDevice12GetUsageCodeEcb)
                  00004634    00000028     driverlib.lib : udma.obj (.text:uDMAChannelModeGet)
                  0000465c    00000024     usblib.lib : usbdcdc.obj (.text:HandleDisconnect)
                  00004680    00000024                : usbdcdc.obj (.text:SendLineStateChange)
                  000046a4    00000024     driverlib.lib : usb.obj (.text:USBEndpointDMADisable)
                  000046c8    00000024                   : usb.obj (.text:USBEndpointDMAEnable)
                  000046ec    00000024     usblib.lib : usbmode.obj (.text:USBStackModeSet)
                  00004710    00000024     main.obj (.text:_Z5delayi)
                  00004734    00000024     driverlib.lib : udma.obj (.text:uDMAChannelControlSet)
                  00004758    00000022     usblib.lib : usbdcomp.obj (.text:DataReceived)
                  0000477a    00000022                : usbdcomp.obj (.text:DataSent)
                  0000479c    00000022                : usbdhid.obj (.text:HandleDisconnect)
                  000047be    00000022                : usbdcdc.obj (.text:SendLineCodingChange)
                  000047e0    00000022                : usbdma.obj (.text:uDMAUSBChannelStatus)
                  00004802    00000020                : usbdcdc.obj (.text:CheckAndSendBreak)
                  00004822    00000020                : usbdconfig.obj (.text:GetEndpointFIFOSize)
                  00004842    00000020                : usbbuffer.obj (.text:HandleDataRemaining)
                  00004862    00000020                : usbdhid.obj (.text:HandleEP0DataSent)
                  00004882    00000020                : usbringbuf.obj (.text:USBRingBufAdvanceRead)
                  000048a2    0000001e                : usbringbuf.obj (.text:USBRingBufContigFree)
                  000048c0    0000001e     driverlib.lib : usb.obj (.text:USBULPIRegRead)
                  000048de    0000001e                   : usb.obj (.text:USBULPIRegWrite)
                  000048fc    0000001c     usblib.lib : usbdcomp.obj (.text:CompositeEPChange)
                  00004918    0000001c                : usbdcomp.obj (.text:CompositeIfaceChange)
                  00004934    0000001c                : usbdcdesc.obj (.text:USBDCDConfigGetInterface)
                  00004950    0000001c                : usbdenum.obj (.text:USBDCDStallEP0)
                  0000496c    0000001c     driverlib.lib : usb.obj (.text:USBEndpointDataAvail)
                  00004988    0000001c     usblib.lib : usbringbuf.obj (.text:USBRingBufRead)
                  000049a4    0000001c                : usbringbuf.obj (.text:USBRingBufWrite)
                  000049c0    0000001a                : usbdhid.obj (.text:ClearIdleTimers)
                  000049da    0000001a                : usbdcdc.obj (.text:DeviceConsumedAllData)
                  000049f4    0000001a                : usbdcdesc.obj (.text:USBDCDConfigDescGetSize)
                  00004a0e    0000001a     driverlib.lib : usb.obj (.text:USBEndpointDMAChannel)
                  00004a28    00000018     uartstdio.obj (.text:IsBufferFull)
                  00004a40    00000018     usblib.lib : usbdcdc.obj (.text:SetDeferredOpFlag)
                  00004a58    00000018                : usbdhid.obj (.text:SetDeferredOpFlag)
                  00004a70    00000018                : usbdhandler.obj (.text:USB0DeviceIntHandler)
                  00004a88    00000018                : usbbuffer.obj (.text:USBBufferInit)
                  00004aa0    00000018                : usbdenum.obj (.text:USBDCDFeatureGet)
                  00004ab8    00000018                : usbdenum.obj (.text:USBDSetDescriptor)
                  00004ad0    00000018                : usbdenum.obj (.text:USBDSyncFrame)
                  00004ae8    00000018     USBKeyboardDevice.obj (.text:_ZN9usbdevice17USBKeyboardDevice17releaseSpecialKeyEv)
                  00004b00    00000018     driverlib.lib : udma.obj (.text:uDMAChannelDisable)
                  00004b18    00000018                   : udma.obj (.text:uDMAChannelEnable)
                  00004b30    00000016     usblib.lib : usbdcdc.obj (.text:CheckAndSendLineCodingChange)
                  00004b46    00000016                : usbdcdc.obj (.text:CheckAndSendLineStateChange)
                  00004b5c    00000016     driverlib.lib : usb.obj (.text:USBIntEnableEndpoint)
                  00004b72    00000016     usblib.lib : usbringbuf.obj (.text:USBRingBufFlush)
                  00004b88    00000016                : usbringbuf.obj (.text:USBRingBufReadOne)
                  00004b9e    00000016                : usbringbuf.obj (.text:USBRingBufUsed)
                  00004bb4    00000016     USBSerialDevice.obj (.text:_ZN9usbdevice15USBSerialDevice10initBufferEv)
                  00004bca    00000014     usblib.lib : usbbuffer.obj (.text:HandleTxComplete)
                  00004bde    00000002     --HOLE-- [fill = 0]
                  00004be0    00000014     driverlib.lib : sysctl.obj (.text:SysCtlUSBPLLEnable)
                  00004bf4    00000014     usblib.lib : usbdcdc.obj (.text:USBDCDCTxPacketAvailable)
                  00004c08    00000014                : usbdenum.obj (.text:USBDCDRequestDataEP0)
                  00004c1c    00000014                : usbdenum.obj (.text:USBDCDSendDataEP0)
                  00004c30    00000014     driverlib.lib : usb.obj (.text:USBDMAChannelConfigSet)
                  00004c44    00000014                   : usb.obj (.text:USBHostResume)
                  00004c58    00000014                   : usb.obj (.text:_USBIndexWrite)
                  00004c6c    00000012     usblib.lib : usbdcdc.obj (.text:HandleResume)
                  00004c7e    00000012                : usbdhid.obj (.text:HandleResume)
                  00004c90    00000012                : usbdcdc.obj (.text:HandleSuspend)
                  00004ca2    00000012                : usbdhid.obj (.text:HandleSuspend)
                  00004cb4    00000012     driverlib.lib : usb.obj (.text:USBDMAChannelDisable)
                  00004cc6    00000012                   : usb.obj (.text:USBDMAChannelEnable)
                  00004cd8    00000012                   : usb.obj (.text:USBDMAChannelIntDisable)
                  00004cea    00000012                   : usb.obj (.text:USBDMAChannelIntEnable)
                  00004cfc    00000012     usblib.lib : usbringbuf.obj (.text:USBRingBufFree)
                  00004d0e    00000010     driverlib.lib : interrupt.obj (.text:IntMasterDisable)
                  00004d1e    00000010                   : interrupt.obj (.text:IntMasterEnable)
                  00004d2e    00000002     --HOLE-- [fill = 0]
                  00004d30    00000010     tm4c123gh6pm_startup_ccs.obj (.text:SysTickIntHandler)
                  00004d40    00000010     driverlib.lib : usb.obj (.text:USBEndpointStatus)
                  00004d50    00000010     usblib.lib : usbringbuf.obj (.text:USBRingBufContigUsed)
                  00004d60    00000010                : usbringbuf.obj (.text:USBRingBufWriteOne)
                  00004d70    0000000e                : usbdma.obj (.text:DMAUSBIntStatusClear)
                  00004d7e    0000000e     uartstdio.obj (.text:IsBufferEmpty)
                  00004d8c    0000000e     usblib.lib : usbdhid.obj (.text:USBDHIDTxPacketAvailable)
                  00004d9a    0000000e     driverlib.lib : usb.obj (.text:USBDMAChannelStatus)
                  00004da8    0000000e                   : usb.obj (.text:USBDevLPMDisable)
                  00004db6    0000000e                   : usb.obj (.text:USBDevLPMEnable)
                  00004dc4    0000000e                   : usb.obj (.text:USBULPIDisable)
                  00004dd2    0000000e                   : usb.obj (.text:USBULPIEnable)
                  00004de0    0000000e     USBSerialDevice.obj (.text:_ZN9usbdevice15USBSerialDevice22resetCommandStatusFlagEv)
                  00004dee    0000000e     rtsv7M4_T_le_v4SPD16_eabi.lib : copy_decompress_none.c.obj (.text:decompress:none:__TI_decompress_none)
                  00004dfc    0000000c     driverlib.lib : cpu.obj (.text:CPUcpsid)
                  00004e08    0000000c                   : cpu.obj (.text:CPUcpsie)
                  00004e14    0000000c                   : usb.obj (.text:USBEndpointPacketCountSet)
                  00004e20    0000000c                   : usb.obj (.text:USBLPMIntEnable)
                  00004e2c    0000000c     usblib.lib : usbringbuf.obj (.text:USBRingBufInit)
                  00004e38    0000000c     USBCompDevice.obj (.text:_ZN9usbdevice13USBCompDevice20registerEventHandlerEPFYjPvjjS1_E)
                  00004e44    0000000c     USBSerialDevice.obj (.text:_ZN9usbdevice15USBSerialDevice17registerRxHandlerEPFYjPvjjS1_E)
                  00004e50    0000000c     USBSerialDevice.obj (.text:_ZN9usbdevice15USBSerialDevice17registerTxHandlerEPFYjPvjjS1_E)
                  00004e5c    0000000c     USBSerialDevice.obj (.text:_ZN9usbdevice15USBSerialDevice22registerControlHandlerEPFYjPvjjS1_E)
                  00004e68    0000000c     USBKeyboardDevice.obj (.text:_ZN9usbdevice17USBKeyboardDevice23registerKeyboardHandlerEPFYjPvjjS1_E)
                  00004e74    0000000c     rtsv7M4_T_le_v4SPD16_eabi.lib : guard.c.obj (.text:__cxa_guard_acquire)
                  00004e80    0000000c     SPI.obj (.text:__sti___7_SPI_cpp_230ca784)
                  00004e8c    0000000c     rtsv7M4_T_le_v4SPD16_eabi.lib : copy_zero_init.c.obj (.text:decompress:ZI:__TI_zero_init)
                  00004e98    0000000a     driverlib.lib : usb.obj (.text:USBClockEnable)
                  00004ea2    0000000a                   : usb.obj (.text:USBControllerVersion)
                  00004eac    0000000a                   : usb.obj (.text:USBDMAChannelAddressSet)
                  00004eb6    0000000a                   : usb.obj (.text:USBDMAChannelCountSet)
                  00004ec0    0000000a                   : usb.obj (.text:USBDevConnect)
                  00004eca    0000000a                   : usb.obj (.text:USBDevDisconnect)
                  00004ed4    0000000a                   : usb.obj (.text:USBIntStatusEndpoint)
                  00004ede    0000000a     SPI.obj (.text:_ZN8SPIClassC1Ev)
                  00004ee8    0000000a     USBSerialDevice.obj (.text:_ZN9usbdevice15USBSerialDevice20commandStatusUpdatedEv)
                  00004ef2    0000000a     rtsv7M4_T_le_v4SPD16_eabi.lib : guard.c.obj (.text:__cxa_guard_release)
                  00004efc    00000008     driverlib.lib : usb.obj (.text:USBDevMode)
                  00004f04    00000008                   : usb.obj (.text:USBFIFOAddrGet)
                  00004f0c    00000008                   : usb.obj (.text:USBOTGMode)
                  00004f14    00000008     usblib.lib : usbdma.obj (.text:iDMAUSBChannelIntDisable)
                  00004f1c    00000008                : usbdma.obj (.text:iDMAUSBChannelIntEnable)
                  00004f24    00000006     tm4c123gh6pm_startup_ccs.obj (.text:ResetISR)
                  00004f2a    00000006     driverlib.lib : sysctl.obj (.text:SysCtlDelay)
                  00004f30    00000006     usblib.lib : usbbuffer.obj (.text:USBBufferFlush)
                  00004f36    00000006     driverlib.lib : usb.obj (.text:USBDMAChannelIntStatus)
                  00004f3c    00000006                   : usb.obj (.text:USBDevLPMConfig)
                  00004f42    00000006                   : usb.obj (.text:USBLPMIntStatus)
                  00004f48    00000006     USBSerialDevice.obj (.text:_ZN9usbdevice15USBSerialDevice15getRxEventCountEv)
                  00004f4e    00000006     USBSerialDevice.obj (.text:_ZN9usbdevice15USBSerialDevice16getReceiveBufferEv)
                  00004f54    00000006     USBSerialDevice.obj (.text:_ZN9usbdevice15USBSerialDevice19getReceiveBufferEndEv)
                  00004f5a    00000006     USBSerialDevice.obj (.text:_ZN9usbdevice15USBSerialDevice5writeEPhj)
                  00004f60    00000006     usblib.lib : usbdma.obj (.text:iDMAUSBIntStatus)
                  00004f66    00000004                : usbdma.obj (.text:DMAUSBStatus)
                  00004f6a    00000004                : usbdhid.obj (.text:HandleReset)
                  00004f6e    00000004     driverlib.lib : usb.obj (.text:USBDevAddrSet)
                  00004f72    00000004     main.obj (.text:_Z15USBEventHandlerPvjjS_)
                  00004f76    00000004     main.obj (.text:_Z9TxHandlerPvjjS_)
                  00004f7a    00000004     rtsv7M4_T_le_v4SPD16_eabi.lib : pre_init.c.obj (.text:_system_pre_init)
                  00004f7e    00000004                                   : exit.c.obj (.text:abort:abort)

.const     0    00004f84    000003e0     
                  00004f84    00000070     driverlib.lib : interrupt.obj (.const)
                  00004ff4    00000068     USBKeyboardDevice.obj (.const:_ZN43_INTERNAL_21_USBKeyboardDevice_cpp_497fa7839usbdevice14g_pcUsageCodesE)
                  0000505c    00000058     usblib.lib : usbdcdc.obj (.const)
                  000050b4    0000003f                : usbdhidkeyb.obj (.const:.string:g_pui8KeybReportDescriptor)
                  000050f3    00000036     usb_structs.obj (.const:.string:g_pui8ConfigString)
                  00005129    00000002     main.obj (.const)
                  0000512b    00000001     --HOLE-- [fill = 0]
                  0000512c    00000034     usblib.lib : usbdenum.obj (.const:g_psUSBDStdRequests)
                  00005160    00000034                : usbdhidkeyb.obj (.const)
                  00005194    00000030                : usbdcdc.obj (.const:g_sCDCHandlers)
                  000051c4    00000030                : usbdcomp.obj (.const:g_sCompHandlers)
                  000051f4    00000030                : usbdhid.obj (.const:g_sHIDHandlers)
                  00005224    0000002e                : usbdcdc.obj (.const:.string)
                  00005252    0000002c     usb_structs.obj (.const:.string:g_pui8ControlInterfaceString)
                  0000527e    00000024     usb_structs.obj (.const:.string:g_pui8ManufacturerString)
                  000052a2    00000023     usblib.lib : usbdcdc.obj (.const:.string:g_pui8CDCSerCommInterface)
                  000052c5    00000022     USBKeyboardDevice.obj (.const:_ZN43_INTERNAL_21_USBKeyboardDevice_cpp_497fa7839usbdevice19g_pcUsageCodesShiftE)
                  000052e7    0000001c     usb_structs.obj (.const:.string:g_pui8ProductString)
                  00005303    00000001     --HOLE-- [fill = 0]
                  00005304    00000018     usb_structs.obj (.const:g_pui8StringDescriptors)
                  0000531c    00000012     usb_structs.obj (.const:.string:g_pui8SerialNumberString)
                  0000532e    0000000e     usblib.lib : usbdhidkeyb.obj (.const:.string)
                  0000533c    0000000c     uartstdio.obj (.const:g_ui32UARTInt)
                  00005348    00000009     main.obj (.const:.string:password)
                  00005351    00000009     usblib.lib : usbdcomp.obj (.const:.string)
                  0000535a    00000004     usb_structs.obj (.const:.string:g_pui8LangDescriptor)
                  0000535e    00000002     --HOLE-- [fill = 0]
                  00005360    00000004     usb_structs.obj (.const)

.cinit     0    00005368    000000c0     
                  00005368    0000009c     (.cinit..data.load) [load image, compression = lzss]
                  00005404    0000000c     (__TI_handler_table)
                  00005410    00000008     (.cinit..bss.load) [load image, compression = zero_init]
                  00005418    00000010     (__TI_cinit_table)

.init_array 
*          0    00005364    00000004     
                  00005364    00000004     SPI.obj (.init_array)

.bss       0    20000000    00000c04     UNINITIALIZED
                  20000000    00000400     uartstdio.obj (.bss:g_pcUARTTxBuffer)
                  20000400    000003e8     USBSerialDevice.obj (.bss:instance$2)
                  200007e8    00000110     usblib.lib : usbdma.obj (.bss:g_psUSBDMAInst)
                  200008f8    000000f8     USBCompDevice.obj (.bss:instance$2)
                  200009f0    000000a4     USBKeyboardDevice.obj (.bss:instance$2)
                  20000a94    00000080     uartstdio.obj (.bss:g_pcUARTRxBuffer)
                  20000b14    00000050     usblib.lib : usbdenum.obj (.bss:g_psDCDInst)
                  20000b64    00000040                : usbdenum.obj (.bss:g_pui8DataBufferIn)
                  20000ba4    00000018     (.common:g_pfnTickHandlers)
                  20000bbc    00000018     (.common:g_pvTickInstance)
                  20000bd4    00000008     uartstdio.obj (.bss)
                  20000bdc    00000004     USBCompDevice.obj (.bss)
                  20000be0    00000004     USBKeyboardDevice.obj (.bss)
                  20000be4    00000004     USBSerialDevice.obj (.bss)
                  20000be8    00000004     (.common:g_pfnUSBModeCallback)
                  20000bec    00000004     (.common:g_ppCompConfigDescriptors)
                  20000bf0    00000004     (.common:g_ppsDevInfo)
                  20000bf4    00000004     (.common:g_ui32ULPISupport)
                  20000bf8    00000004     (.common:ui32RxCount)
                  20000bfc    00000004     (.common:ui32TxCount)
                  20000c00    00000002     SPI.obj (.bss:SPI)
                  20000c02    00000002     (.common:_ZN9usbdevice16g_sKeyboardStateE)

.data      0    20001008    00000118     UNINITIALIZED
                  20001008    0000005e     usblib.lib : usbdcdc.obj (.data)
                  20001066    00000002     --HOLE--
                  20001068    00000038                : usbdhidkeyb.obj (.data)
                  200010a0    00000015     uartstdio.obj (.data)
                  200010b5    00000012     usblib.lib : usbdcomp.obj (.data)
                  200010c7    00000012                : usbdhid.obj (.data)
                  200010d9    00000003     buttons.obj (.data)
                  200010dc    00000010     USBKeyboardDevice.obj (.data)
                  200010ec    0000000c     USBSerialDevice.obj (.data)
                  200010f8    0000000c     usblib.lib : usbtick.obj (.data)
                  20001104    00000009                : usbmode.obj (.data)
                  2000110d    00000003     --HOLE--
                  20001110    00000008                : usbdenum.obj (.data)
                  20001118    00000004     USBCompDevice.obj (.data)
                  2000111c    00000004     tm4c123gh6pm_startup_ccs.obj (.data)

.stack     0    20000c08    00000400     UNINITIALIZED
                  20000c08    00000004     rtsv7M4_T_le_v4SPD16_eabi.lib : boot_cortex_m.c.obj (.stack)
                  20000c0c    000003fc     --HOLE--

MODULE SUMMARY

       Module                         code    ro data   rw data
       ------                         ----    -------   -------
    .\drivers\
       buttons.obj                    240     0         3      
    +--+------------------------------+-------+---------+---------+
       Total:                         240     0         3      
                                                               
    .\src\
       main.obj                       896     11        10     
       tm4c123gh6pm_startup_ccs.obj   28      620       4      
    +--+------------------------------+-------+---------+---------+
       Total:                         924     631       14     
                                                               
    .\src\rfid\
       SPI.obj                        22      4         2      
    +--+------------------------------+-------+---------+---------+
       Total:                         22      4         2      
                                                               
    .\src\usb\
       USBSerialDevice.obj            963     0         1016   
       USBKeyboardDevice.obj          592     138       184    
       USBCompDevice.obj              212     0         256    
       usb_structs.obj                0       212       0      
    +--+------------------------------+-------+---------+---------+
       Total:                         1767    350       1456   
                                                               
    .\utils\
       uartstdio.obj                  698     12        1181   
    +--+------------------------------+-------+---------+---------+
       Total:                         698     12        1181   
                                                               
    C:/ti/tivaware_c_series_2_1_4_178/driverlib/ccs/Debug/driverlib.lib
       usb.obj                        1354    0         0      
       interrupt.obj                  340     112       0      
       udma.obj                       328     0         0      
       sysctl.obj                     158     0         0      
       cpu.obj                        24      0         0      
    +--+------------------------------+-------+---------+---------+
       Total:                         2204    112       0      
                                                               
    C:/ti/tivaware_c_series_2_1_4_178/usblib/ccs/Debug/usblib.lib
       usbdenum.obj                   2904    52        160    
       usbdcdc.obj                    2008    217       94     
       usbdma.obj                     2008    0         272    
       usbdhid.obj                    1770    48        18     
       usbdcomp.obj                   1624    57        22     
       usbdhidkeyb.obj                652     129       56     
       usbbuffer.obj                  646     0         0      
       usbdconfig.obj                 576     0         0      
       usbdcdesc.obj                  356     0         0      
       usbringbuf.obj                 350     0         0      
       usbtick.obj                    160     0         60     
       usbdesc.obj                    86      0         0      
       usbulpi.obj                    82      0         0      
       usbmode.obj                    36      0         13     
       usbdhandler.obj                24      0         0      
    +--+------------------------------+-------+---------+---------+
       Total:                         13282   503       695    
                                                               
    C:\ti\ccsv8\tools\compiler\ti-cgt-arm_18.1.3.LTS\lib\rtsv7M4_T_le_v4SPD16_eabi.lib
       memcpy_t2.asm.obj              156     0         0      
       memset_t2.asm.obj              122     0         0      
       copy_decompress_lzss.c.obj     104     0         0      
       autoinit.c.obj                 96      0         0      
       boot_cortex_m.c.obj            56      0         0      
       guard.c.obj                    22      0         0      
       copy_decompress_none.c.obj     14      0         0      
       copy_zero_init.c.obj           12      0         0      
       exit.c.obj                     4       0         0      
       pre_init.c.obj                 4       0         0      
    +--+------------------------------+-------+---------+---------+
       Total:                         590     0         0      
                                                               
       Stack:                         0       0         1024   
       Linker Generated:              0       192       0      
    +--+------------------------------+-------+---------+---------+
       Grand Total:                   19727   1804      4375   


LINKER GENERATED COPY TABLES

__TI_cinit_table @ 00005418 records: 2, size/record: 8, table size: 16
	.data: load addr=00005368, load size=0000009c bytes, run addr=20001008, run size=00000118 bytes, compression=lzss
	.bss: load addr=00005410, load size=00000008 bytes, run addr=20000000, run size=00000c04 bytes, compression=zero_init


LINKER GENERATED HANDLER TABLE

__TI_handler_table @ 00005404 records: 3, size/record: 4, table size: 12
	index: 0, handler: __TI_decompress_lzss
	index: 1, handler: __TI_decompress_none
	index: 2, handler: __TI_zero_init


GLOBAL SYMBOLS: SORTED ALPHABETICALLY BY Name 

address   name                                                                  
-------   ----                                                                  
0000026d  BuildCompositeDescriptor                                              
00002b01  ButtonsInit                                                           
00002269  ButtonsPoll                                                           
00004f7f  C$$EXIT                                                               
00004dfd  CPUcpsid                                                              
00004e09  CPUcpsie                                                              
00002b69  IntDisable                                                            
00002bd1  IntEnable                                                             
00002dcd  IntIsEnabled                                                          
00004d0f  IntMasterDisable                                                      
00004d1f  IntMasterEnable                                                       
00003c71  InternalUSBRegisterTickHandler                                        
00003ca9  InternalUSBStartOfFrameTick                                           
000042a9  InternalUSBTickInit                                                   
00005360  NUM_STRING_DESCRIPTORS                                                
00002865  ProcessDataFromHost                                                   
00002a29  ProcessDataToHost                                                     
0000417f  ProcessNotificationToHost                                             
00004f25  ResetISR                                                              
00005364  SHT$$INIT_ARRAY$$Base                                                 
00005368  SHT$$INIT_ARRAY$$Limit                                                
20000c00  SPI                                                                   
00004f2b  SysCtlDelay                                                           
00003fe5  SysCtlPeripheralEnable                                                
000033a1  SysCtlPeripheralReset                                                 
00004be1  SysCtlUSBPLLEnable                                                    
00004d31  SysTickIntHandler                                                     
00000465  UARTStdioIntHandler                                                   
000019a5  UARTwrite                                                             
0000334d  ULPIConfigSet                                                         
00004a71  USB0DeviceIntHandler                                                  
00002e31  USBBufferEventCallback                                                
00004f31  USBBufferFlush                                                        
00004a89  USBBufferInit                                                         
0000456d  USBBufferRead                                                         
00004367  USBBufferWrite                                                        
00004e99  USBClockEnable                                                        
00004ea3  USBControllerVersion                                                  
0000129d  USBDCDCCompositeInit                                                  
00001f19  USBDCDCPacketRead                                                     
00003019  USBDCDCPacketWrite                                                    
00004395  USBDCDCRxPacketAvailable                                              
00004bf5  USBDCDCTxPacketAvailable                                              
000033f1  USBDCDConfigDescGet                                                   
0000449f  USBDCDConfigDescGetNum                                                
000049f5  USBDCDConfigDescGetSize                                               
00004935  USBDCDConfigGetInterface                                              
00003dc1  USBDCDConfigGetInterfaceEndpoint                                      
0000393d  USBDCDDeviceInfoInit                                                  
00004aa1  USBDCDFeatureGet                                                      
00000725  USBDCDInit                                                            
00004c09  USBDCDRequestDataEP0                                                  
00004c1d  USBDCDSendDataEP0                                                     
00004951  USBDCDStallEP0                                                        
00001521  USBDCompositeInit                                                     
000011bd  USBDHIDCompositeInit                                                  
00001af5  USBDHIDKeyboardCompositeInit                                          
00002379  USBDHIDKeyboardKeyStateChange                                         
0000373f  USBDHIDReportWrite                                                    
00004d8d  USBDHIDTxPacketAvailable                                              
00004ead  USBDMAChannelAddressSet                                               
00004c31  USBDMAChannelConfigSet                                                
00004eb7  USBDMAChannelCountSet                                                 
00004cb5  USBDMAChannelDisable                                                  
00004cc7  USBDMAChannelEnable                                                   
00004cd9  USBDMAChannelIntDisable                                               
00004ceb  USBDMAChannelIntEnable                                                
00004f37  USBDMAChannelIntStatus                                                
00004d9b  USBDMAChannelStatus                                                   
0000441d  USBDescGet                                                            
000044c9  USBDescGetNum                                                         
00004f6f  USBDevAddrSet                                                         
00004ec1  USBDevConnect                                                         
00004ecb  USBDevDisconnect                                                      
0000260d  USBDevEndpointConfigSet                                               
000044f3  USBDevEndpointDataAck                                                 
000041b1  USBDevEndpointStall                                                   
00003789  USBDevEndpointStallClear                                              
00003139  USBDevEndpointStatusClear                                             
00004f3d  USBDevLPMConfig                                                       
00004da9  USBDevLPMDisable                                                      
00004db7  USBDevLPMEnable                                                       
00004efd  USBDevMode                                                            
00000c65  USBDeviceConfig                                                       
000020c5  USBDeviceConfigAlternate                                              
00001375  USBDeviceEnumHandler                                                  
00003865  USBDeviceEnumResetHandler                                             
000009c5  USBDeviceIntHandlerInternal                                           
00003441  USBDeviceResumeTickHandler                                            
00004a0f  USBEndpointDMAChannel                                                 
000035c9  USBEndpointDMAConfigSet                                               
000046a5  USBEndpointDMADisable                                                 
000046c9  USBEndpointDMAEnable                                                  
0000496d  USBEndpointDataAvail                                                  
000038f5  USBEndpointDataGet                                                    
00003f45  USBEndpointDataPut                                                    
00004019  USBEndpointDataSend                                                   
00004e15  USBEndpointPacketCountSet                                             
00004d41  USBEndpointStatus                                                     
00004f05  USBFIFOAddrGet                                                        
00003bff  USBFIFOConfigSet                                                      
00004c45  USBHostResume                                                         
000045bd  USBIntEnableControl                                                   
00004b5d  USBIntEnableEndpoint                                                  
00003df9  USBIntStatusControl                                                   
00004ed5  USBIntStatusEndpoint                                                  
00004e21  USBLPMIntEnable                                                       
00004f43  USBLPMIntStatus                                                       
000005c5  USBLibDMAInit                                                         
00004f0d  USBOTGMode                                                            
00004883  USBRingBufAdvanceRead                                                 
00003e31  USBRingBufAdvanceWrite                                                
000048a3  USBRingBufContigFree                                                  
00004d51  USBRingBufContigUsed                                                  
00004b73  USBRingBufFlush                                                       
00004cfd  USBRingBufFree                                                        
00004e2d  USBRingBufInit                                                        
00004989  USBRingBufRead                                                        
00004b89  USBRingBufReadOne                                                     
00004b9f  USBRingBufUsed                                                        
000049a5  USBRingBufWrite                                                       
00004d61  USBRingBufWriteOne                                                    
000046ed  USBStackModeSet                                                       
00004dc5  USBULPIDisable                                                        
00004dd3  USBULPIEnable                                                         
000048c1  USBULPIRegRead                                                        
000048df  USBULPIRegWrite                                                       
00000dad  _Z12configureUSBv                                                     
000027f1  _Z14ControlHandlerPvjjS_                                              
00004f73  _Z15USBEventHandlerPvjjS_                                             
000045e5  _Z18USBKeyboardHandlerPvjjS_                                          
00004711  _Z5delayi                                                             
000039c5  _Z9RxHandlerPvjjS_                                                    
00004f77  _Z9TxHandlerPvjjS_                                                    
00004edf  _ZN8SPIClassC1Ev                                                      
00004edf  _ZN8SPIClassC2Ev                                                      
0000404d  _ZN9usbdevice13USBCompDevice11getInstanceEv                           
20001118  _ZN9usbdevice13USBCompDevice12eventHandlerE                           
00004e39  _ZN9usbdevice13USBCompDevice20registerEventHandlerEPFYjPvjjS1_E       
00003b4d  _ZN9usbdevice13USBCompDevice4initEv                                   
000031f5  _ZN9usbdevice13USBCompDeviceC1EPFYjPvjjS1_E                           
000031f5  _ZN9usbdevice13USBCompDeviceC2EPFYjPvjjS1_E                           
00004bb5  _ZN9usbdevice15USBSerialDevice10initBufferEv                          
000043c3  _ZN9usbdevice15USBSerialDevice10readBufferEv                          
00003a09  _ZN9usbdevice15USBSerialDevice11getInstanceEv                         
00003a4d  _ZN9usbdevice15USBSerialDevice12disconnectedEv                        
00002151  _ZN9usbdevice15USBSerialDevice13GetLineCodingEP11tLineCoding          
00002401  _ZN9usbdevice15USBSerialDevice13SetLineCodingEP11tLineCoding          
200010ec  _ZN9usbdevice15USBSerialDevice14controlHandlerE                       
00004f49  _ZN9usbdevice15USBSerialDevice15getRxEventCountEv                     
000023ff  _ZN9usbdevice15USBSerialDevice15getSerialDeviceEv                     
00004f4f  _ZN9usbdevice15USBSerialDevice16getReceiveBufferEv                    
00004e45  _ZN9usbdevice15USBSerialDevice17registerRxHandlerEPFYjPvjjS1_E        
00004e51  _ZN9usbdevice15USBSerialDevice17registerTxHandlerEPFYjPvjjS1_E        
000028d7  _ZN9usbdevice15USBSerialDevice19SetControlLineStateEt                 
00004f55  _ZN9usbdevice15USBSerialDevice19getReceiveBufferEndEv                 
00003491  _ZN9usbdevice15USBSerialDevice20USBUARTPrimeTransmitEv                
00004ee9  _ZN9usbdevice15USBSerialDevice20commandStatusUpdatedEv                
00004e5d  _ZN9usbdevice15USBSerialDevice22registerControlHandlerEPFYjPvjjS1_E   
00004de1  _ZN9usbdevice15USBSerialDevice22resetCommandStatusFlagEv              
00004f5b  _ZN9usbdevice15USBSerialDevice5writeEPhj                              
00003e69  _ZN9usbdevice15USBSerialDevice9SendBreakEb                            
000034e1  _ZN9usbdevice15USBSerialDevice9connectedEv                            
200010f0  _ZN9usbdevice15USBSerialDevice9rxHandlerE                             
200010f4  _ZN9usbdevice15USBSerialDevice9txHandlerE                             
00001779  _ZN9usbdevice15USBSerialDeviceC1EPFYjPvjjS1_ES3_S3_                   
00001779  _ZN9usbdevice15USBSerialDeviceC2EPFYjPvjjS1_ES3_S3_                   
20000c02  _ZN9usbdevice16g_sKeyboardStateE                                      
00004081  _ZN9usbdevice17USBKeyboardDevice11getInstanceEv                       
0000460d  _ZN9usbdevice17USBKeyboardDevice12GetUsageCodeEcb                     
00001cc5  _ZN9usbdevice17USBKeyboardDevice14USBWriteStringEPKci                 
200010dc  _ZN9usbdevice17USBKeyboardDevice15keyboardHandlerE                    
00002779  _ZN9usbdevice17USBKeyboardDevice17USBKeyboardUpdateEhhb               
000031f3  _ZN9usbdevice17USBKeyboardDevice17getKeyboardDeviceEv                 
00004ae9  _ZN9usbdevice17USBKeyboardDevice17releaseSpecialKeyEv                 
000021dd  _ZN9usbdevice17USBKeyboardDevice22USBPressKeyCombinationEhPKhi        
00004e69  _ZN9usbdevice17USBKeyboardDevice23registerKeyboardHandlerEPFYjPvjjS1_E
000041e3  _ZN9usbdevice17USBKeyboardDeviceC1EPFYjPvjjS1_E                       
000041e3  _ZN9usbdevice17USBKeyboardDeviceC2EPFYjPvjjS1_E                       
20001008  __STACK_END                                                           
00000400  __STACK_SIZE                                                          
20000e08  __STACK_TOP                                                           
00005418  __TI_CINIT_Base                                                       
00005428  __TI_CINIT_Limit                                                      
00005404  __TI_Handler_Table_Base                                               
00005410  __TI_Handler_Table_Limit                                              
000030d9  __TI_auto_init_nobinit                                                
00002c39  __TI_decompress_lzss                                                  
00004def  __TI_decompress_none                                                  
ffffffff  __TI_pprof_out_hndl                                                   
ffffffff  __TI_prof_data_size                                                   
ffffffff  __TI_prof_data_start                                                  
00000000  __TI_static_base__                                                    
00004e8d  __TI_zero_init                                                        
00002687  __aeabi_memclr                                                        
00002687  __aeabi_memclr4                                                       
00002687  __aeabi_memclr8                                                       
00001b91  __aeabi_memcpy                                                        
00001b91  __aeabi_memcpy4                                                       
00001b91  __aeabi_memcpy8                                                       
00002689  __aeabi_memset                                                        
00002689  __aeabi_memset4                                                       
00002689  __aeabi_memset8                                                       
ffffffff  __binit__                                                             
ffffffff  __c_args__                                                            
00004e75  __cxa_guard_acquire                                                   
00004ef3  __cxa_guard_release                                                   
UNDEFED   __mpu_init                                                            
20000c08  __stack                                                               
00004e81  __sti___7_SPI_cpp_230ca784                                            
00003ea1  _c_int00_noargs                                                       
UNDEFED   _system_post_cinit                                                    
00004f7b  _system_pre_init                                                      
00004f7f  abort                                                                 
ffffffff  binit                                                                 
200010f8  g_bUSBTimerInitialized                                                
20001104  g_iUSBMode                                                            
000050ac  g_pCDCCompSerConfigDescriptors                                        
000050b0  g_pCDCCompSerConfigDescriptorsHS                                      
20000ba4  g_pfnTickHandlers                                                     
00000000  g_pfnVectors                                                          
000050a4  g_ppCDCSerConfigDescriptors                                           
000050a8  g_ppCDCSerConfigDescriptorsHS                                         
20000bec  g_ppCompConfigDescriptors                                             
20000bf0  g_ppsDevInfo                                                          
20001044  g_psCDCCompSerSections                                                
20001054  g_psCDCCompSerSectionsHS                                              
2000102c  g_psCDCSerSections                                                    
20001038  g_psCDCSerSectionsHS                                                  
20000b14  g_psDCDInst                                                           
000052a2  g_pui8CDCSerCommInterface                                             
00005224  g_pui8CDCSerDataInterface                                             
0000523b  g_pui8CDCSerDataInterfaceHS                                           
2000101a  g_pui8CDCSerDescriptor                                                
20001008  g_pui8CDCSerDeviceDescriptor                                          
000050f3  g_pui8ConfigString                                                    
00005252  g_pui8ControlInterfaceString                                          
200010c7  g_pui8HIDDeviceDescriptor                                             
20001023  g_pui8IADSerDescriptor                                                
0000535a  g_pui8LangDescriptor                                                  
0000527e  g_pui8ManufacturerString                                              
000052e7  g_pui8ProductString                                                   
0000531c  g_pui8SerialNumberString                                              
00005304  g_pui8StringDescriptors                                               
20000bbc  g_pvTickInstance                                                      
00005094  g_sCDCCompSerConfigHeader                                             
0000509c  g_sCDCCompSerConfigHeaderHS                                           
00005194  g_sCDCHandlers                                                        
0000506c  g_sCDCSerCommInterfaceSection                                         
00005084  g_sCDCSerConfigHeader                                                 
0000508c  g_sCDCSerConfigHeaderHS                                               
0000505c  g_sCDCSerConfigSection                                                
00005074  g_sCDCSerDataInterfaceSection                                         
0000507c  g_sCDCSerDataInterfaceSectionHS                                       
000051c4  g_sCompHandlers                                                       
000051f4  g_sHIDHandlers                                                        
00005064  g_sIADSerConfigSection                                                
200010fc  g_ui32CurrentUSBTick                                                  
2000111c  g_ui32SysTickCount                                                    
20001100  g_ui32USBSOFCount                                                     
20001108  g_ui32WaitTicks                                                       
00000b15  main                                                                  
00001b91  memcpy                                                                
0000268f  memset                                                                
000038ad  uDMAChannelAttributeDisable                                           
00004735  uDMAChannelControlSet                                                 
00004b01  uDMAChannelDisable                                                    
00004b19  uDMAChannelEnable                                                     
00004635  uDMAChannelModeGet                                                    
00002509  uDMAChannelTransferSet                                                
20000bf8  ui32RxCount                                                           
20000bfc  ui32TxCount                                                           


GLOBAL SYMBOLS: SORTED BY Symbol Address 

address   name                                                                  
-------   ----                                                                  
00000000  __TI_static_base__                                                    
00000000  g_pfnVectors                                                          
0000026d  BuildCompositeDescriptor                                              
00000400  __STACK_SIZE                                                          
00000465  UARTStdioIntHandler                                                   
000005c5  USBLibDMAInit                                                         
00000725  USBDCDInit                                                            
000009c5  USBDeviceIntHandlerInternal                                           
00000b15  main                                                                  
00000c65  USBDeviceConfig                                                       
00000dad  _Z12configureUSBv                                                     
000011bd  USBDHIDCompositeInit                                                  
0000129d  USBDCDCCompositeInit                                                  
00001375  USBDeviceEnumHandler                                                  
00001521  USBDCompositeInit                                                     
00001779  _ZN9usbdevice15USBSerialDeviceC1EPFYjPvjjS1_ES3_S3_                   
00001779  _ZN9usbdevice15USBSerialDeviceC2EPFYjPvjjS1_ES3_S3_                   
000019a5  UARTwrite                                                             
00001af5  USBDHIDKeyboardCompositeInit                                          
00001b91  __aeabi_memcpy                                                        
00001b91  __aeabi_memcpy4                                                       
00001b91  __aeabi_memcpy8                                                       
00001b91  memcpy                                                                
00001cc5  _ZN9usbdevice17USBKeyboardDevice14USBWriteStringEPKci                 
00001f19  USBDCDCPacketRead                                                     
000020c5  USBDeviceConfigAlternate                                              
00002151  _ZN9usbdevice15USBSerialDevice13GetLineCodingEP11tLineCoding          
000021dd  _ZN9usbdevice17USBKeyboardDevice22USBPressKeyCombinationEhPKhi        
00002269  ButtonsPoll                                                           
00002379  USBDHIDKeyboardKeyStateChange                                         
000023ff  _ZN9usbdevice15USBSerialDevice15getSerialDeviceEv                     
00002401  _ZN9usbdevice15USBSerialDevice13SetLineCodingEP11tLineCoding          
00002509  uDMAChannelTransferSet                                                
0000260d  USBDevEndpointConfigSet                                               
00002687  __aeabi_memclr                                                        
00002687  __aeabi_memclr4                                                       
00002687  __aeabi_memclr8                                                       
00002689  __aeabi_memset                                                        
00002689  __aeabi_memset4                                                       
00002689  __aeabi_memset8                                                       
0000268f  memset                                                                
00002779  _ZN9usbdevice17USBKeyboardDevice17USBKeyboardUpdateEhhb               
000027f1  _Z14ControlHandlerPvjjS_                                              
00002865  ProcessDataFromHost                                                   
000028d7  _ZN9usbdevice15USBSerialDevice19SetControlLineStateEt                 
00002a29  ProcessDataToHost                                                     
00002b01  ButtonsInit                                                           
00002b69  IntDisable                                                            
00002bd1  IntEnable                                                             
00002c39  __TI_decompress_lzss                                                  
00002dcd  IntIsEnabled                                                          
00002e31  USBBufferEventCallback                                                
00003019  USBDCDCPacketWrite                                                    
000030d9  __TI_auto_init_nobinit                                                
00003139  USBDevEndpointStatusClear                                             
000031f3  _ZN9usbdevice17USBKeyboardDevice17getKeyboardDeviceEv                 
000031f5  _ZN9usbdevice13USBCompDeviceC1EPFYjPvjjS1_E                           
000031f5  _ZN9usbdevice13USBCompDeviceC2EPFYjPvjjS1_E                           
0000334d  ULPIConfigSet                                                         
000033a1  SysCtlPeripheralReset                                                 
000033f1  USBDCDConfigDescGet                                                   
00003441  USBDeviceResumeTickHandler                                            
00003491  _ZN9usbdevice15USBSerialDevice20USBUARTPrimeTransmitEv                
000034e1  _ZN9usbdevice15USBSerialDevice9connectedEv                            
000035c9  USBEndpointDMAConfigSet                                               
0000373f  USBDHIDReportWrite                                                    
00003789  USBDevEndpointStallClear                                              
00003865  USBDeviceEnumResetHandler                                             
000038ad  uDMAChannelAttributeDisable                                           
000038f5  USBEndpointDataGet                                                    
0000393d  USBDCDDeviceInfoInit                                                  
000039c5  _Z9RxHandlerPvjjS_                                                    
00003a09  _ZN9usbdevice15USBSerialDevice11getInstanceEv                         
00003a4d  _ZN9usbdevice15USBSerialDevice12disconnectedEv                        
00003b4d  _ZN9usbdevice13USBCompDevice4initEv                                   
00003bff  USBFIFOConfigSet                                                      
00003c71  InternalUSBRegisterTickHandler                                        
00003ca9  InternalUSBStartOfFrameTick                                           
00003dc1  USBDCDConfigGetInterfaceEndpoint                                      
00003df9  USBIntStatusControl                                                   
00003e31  USBRingBufAdvanceWrite                                                
00003e69  _ZN9usbdevice15USBSerialDevice9SendBreakEb                            
00003ea1  _c_int00_noargs                                                       
00003f45  USBEndpointDataPut                                                    
00003fe5  SysCtlPeripheralEnable                                                
00004019  USBEndpointDataSend                                                   
0000404d  _ZN9usbdevice13USBCompDevice11getInstanceEv                           
00004081  _ZN9usbdevice17USBKeyboardDevice11getInstanceEv                       
0000417f  ProcessNotificationToHost                                             
000041b1  USBDevEndpointStall                                                   
000041e3  _ZN9usbdevice17USBKeyboardDeviceC1EPFYjPvjjS1_E                       
000041e3  _ZN9usbdevice17USBKeyboardDeviceC2EPFYjPvjjS1_E                       
000042a9  InternalUSBTickInit                                                   
00004367  USBBufferWrite                                                        
00004395  USBDCDCRxPacketAvailable                                              
000043c3  _ZN9usbdevice15USBSerialDevice10readBufferEv                          
0000441d  USBDescGet                                                            
0000449f  USBDCDConfigDescGetNum                                                
000044c9  USBDescGetNum                                                         
000044f3  USBDevEndpointDataAck                                                 
0000456d  USBBufferRead                                                         
000045bd  USBIntEnableControl                                                   
000045e5  _Z18USBKeyboardHandlerPvjjS_                                          
0000460d  _ZN9usbdevice17USBKeyboardDevice12GetUsageCodeEcb                     
00004635  uDMAChannelModeGet                                                    
000046a5  USBEndpointDMADisable                                                 
000046c9  USBEndpointDMAEnable                                                  
000046ed  USBStackModeSet                                                       
00004711  _Z5delayi                                                             
00004735  uDMAChannelControlSet                                                 
00004883  USBRingBufAdvanceRead                                                 
000048a3  USBRingBufContigFree                                                  
000048c1  USBULPIRegRead                                                        
000048df  USBULPIRegWrite                                                       
00004935  USBDCDConfigGetInterface                                              
00004951  USBDCDStallEP0                                                        
0000496d  USBEndpointDataAvail                                                  
00004989  USBRingBufRead                                                        
000049a5  USBRingBufWrite                                                       
000049f5  USBDCDConfigDescGetSize                                               
00004a0f  USBEndpointDMAChannel                                                 
00004a71  USB0DeviceIntHandler                                                  
00004a89  USBBufferInit                                                         
00004aa1  USBDCDFeatureGet                                                      
00004ae9  _ZN9usbdevice17USBKeyboardDevice17releaseSpecialKeyEv                 
00004b01  uDMAChannelDisable                                                    
00004b19  uDMAChannelEnable                                                     
00004b5d  USBIntEnableEndpoint                                                  
00004b73  USBRingBufFlush                                                       
00004b89  USBRingBufReadOne                                                     
00004b9f  USBRingBufUsed                                                        
00004bb5  _ZN9usbdevice15USBSerialDevice10initBufferEv                          
00004be1  SysCtlUSBPLLEnable                                                    
00004bf5  USBDCDCTxPacketAvailable                                              
00004c09  USBDCDRequestDataEP0                                                  
00004c1d  USBDCDSendDataEP0                                                     
00004c31  USBDMAChannelConfigSet                                                
00004c45  USBHostResume                                                         
00004cb5  USBDMAChannelDisable                                                  
00004cc7  USBDMAChannelEnable                                                   
00004cd9  USBDMAChannelIntDisable                                               
00004ceb  USBDMAChannelIntEnable                                                
00004cfd  USBRingBufFree                                                        
00004d0f  IntMasterDisable                                                      
00004d1f  IntMasterEnable                                                       
00004d31  SysTickIntHandler                                                     
00004d41  USBEndpointStatus                                                     
00004d51  USBRingBufContigUsed                                                  
00004d61  USBRingBufWriteOne                                                    
00004d8d  USBDHIDTxPacketAvailable                                              
00004d9b  USBDMAChannelStatus                                                   
00004da9  USBDevLPMDisable                                                      
00004db7  USBDevLPMEnable                                                       
00004dc5  USBULPIDisable                                                        
00004dd3  USBULPIEnable                                                         
00004de1  _ZN9usbdevice15USBSerialDevice22resetCommandStatusFlagEv              
00004def  __TI_decompress_none                                                  
00004dfd  CPUcpsid                                                              
00004e09  CPUcpsie                                                              
00004e15  USBEndpointPacketCountSet                                             
00004e21  USBLPMIntEnable                                                       
00004e2d  USBRingBufInit                                                        
00004e39  _ZN9usbdevice13USBCompDevice20registerEventHandlerEPFYjPvjjS1_E       
00004e45  _ZN9usbdevice15USBSerialDevice17registerRxHandlerEPFYjPvjjS1_E        
00004e51  _ZN9usbdevice15USBSerialDevice17registerTxHandlerEPFYjPvjjS1_E        
00004e5d  _ZN9usbdevice15USBSerialDevice22registerControlHandlerEPFYjPvjjS1_E   
00004e69  _ZN9usbdevice17USBKeyboardDevice23registerKeyboardHandlerEPFYjPvjjS1_E
00004e75  __cxa_guard_acquire                                                   
00004e81  __sti___7_SPI_cpp_230ca784                                            
00004e8d  __TI_zero_init                                                        
00004e99  USBClockEnable                                                        
00004ea3  USBControllerVersion                                                  
00004ead  USBDMAChannelAddressSet                                               
00004eb7  USBDMAChannelCountSet                                                 
00004ec1  USBDevConnect                                                         
00004ecb  USBDevDisconnect                                                      
00004ed5  USBIntStatusEndpoint                                                  
00004edf  _ZN8SPIClassC1Ev                                                      
00004edf  _ZN8SPIClassC2Ev                                                      
00004ee9  _ZN9usbdevice15USBSerialDevice20commandStatusUpdatedEv                
00004ef3  __cxa_guard_release                                                   
00004efd  USBDevMode                                                            
00004f05  USBFIFOAddrGet                                                        
00004f0d  USBOTGMode                                                            
00004f25  ResetISR                                                              
00004f2b  SysCtlDelay                                                           
00004f31  USBBufferFlush                                                        
00004f37  USBDMAChannelIntStatus                                                
00004f3d  USBDevLPMConfig                                                       
00004f43  USBLPMIntStatus                                                       
00004f49  _ZN9usbdevice15USBSerialDevice15getRxEventCountEv                     
00004f4f  _ZN9usbdevice15USBSerialDevice16getReceiveBufferEv                    
00004f55  _ZN9usbdevice15USBSerialDevice19getReceiveBufferEndEv                 
00004f5b  _ZN9usbdevice15USBSerialDevice5writeEPhj                              
00004f6f  USBDevAddrSet                                                         
00004f73  _Z15USBEventHandlerPvjjS_                                             
00004f77  _Z9TxHandlerPvjjS_                                                    
00004f7b  _system_pre_init                                                      
00004f7f  C$$EXIT                                                               
00004f7f  abort                                                                 
0000505c  g_sCDCSerConfigSection                                                
00005064  g_sIADSerConfigSection                                                
0000506c  g_sCDCSerCommInterfaceSection                                         
00005074  g_sCDCSerDataInterfaceSection                                         
0000507c  g_sCDCSerDataInterfaceSectionHS                                       
00005084  g_sCDCSerConfigHeader                                                 
0000508c  g_sCDCSerConfigHeaderHS                                               
00005094  g_sCDCCompSerConfigHeader                                             
0000509c  g_sCDCCompSerConfigHeaderHS                                           
000050a4  g_ppCDCSerConfigDescriptors                                           
000050a8  g_ppCDCSerConfigDescriptorsHS                                         
000050ac  g_pCDCCompSerConfigDescriptors                                        
000050b0  g_pCDCCompSerConfigDescriptorsHS                                      
000050f3  g_pui8ConfigString                                                    
00005194  g_sCDCHandlers                                                        
000051c4  g_sCompHandlers                                                       
000051f4  g_sHIDHandlers                                                        
00005224  g_pui8CDCSerDataInterface                                             
0000523b  g_pui8CDCSerDataInterfaceHS                                           
00005252  g_pui8ControlInterfaceString                                          
0000527e  g_pui8ManufacturerString                                              
000052a2  g_pui8CDCSerCommInterface                                             
000052e7  g_pui8ProductString                                                   
00005304  g_pui8StringDescriptors                                               
0000531c  g_pui8SerialNumberString                                              
0000535a  g_pui8LangDescriptor                                                  
00005360  NUM_STRING_DESCRIPTORS                                                
00005364  SHT$$INIT_ARRAY$$Base                                                 
00005368  SHT$$INIT_ARRAY$$Limit                                                
00005404  __TI_Handler_Table_Base                                               
00005410  __TI_Handler_Table_Limit                                              
00005418  __TI_CINIT_Base                                                       
00005428  __TI_CINIT_Limit                                                      
20000b14  g_psDCDInst                                                           
20000ba4  g_pfnTickHandlers                                                     
20000bbc  g_pvTickInstance                                                      
20000bec  g_ppCompConfigDescriptors                                             
20000bf0  g_ppsDevInfo                                                          
20000bf8  ui32RxCount                                                           
20000bfc  ui32TxCount                                                           
20000c00  SPI                                                                   
20000c02  _ZN9usbdevice16g_sKeyboardStateE                                      
20000c08  __stack                                                               
20000e08  __STACK_TOP                                                           
20001008  __STACK_END                                                           
20001008  g_pui8CDCSerDeviceDescriptor                                          
2000101a  g_pui8CDCSerDescriptor                                                
20001023  g_pui8IADSerDescriptor                                                
2000102c  g_psCDCSerSections                                                    
20001038  g_psCDCSerSectionsHS                                                  
20001044  g_psCDCCompSerSections                                                
20001054  g_psCDCCompSerSectionsHS                                              
200010c7  g_pui8HIDDeviceDescriptor                                             
200010dc  _ZN9usbdevice17USBKeyboardDevice15keyboardHandlerE                    
200010ec  _ZN9usbdevice15USBSerialDevice14controlHandlerE                       
200010f0  _ZN9usbdevice15USBSerialDevice9rxHandlerE                             
200010f4  _ZN9usbdevice15USBSerialDevice9txHandlerE                             
200010f8  g_bUSBTimerInitialized                                                
200010fc  g_ui32CurrentUSBTick                                                  
20001100  g_ui32USBSOFCount                                                     
20001104  g_iUSBMode                                                            
20001108  g_ui32WaitTicks                                                       
20001118  _ZN9usbdevice13USBCompDevice12eventHandlerE                           
2000111c  g_ui32SysTickCount                                                    
ffffffff  __TI_pprof_out_hndl                                                   
ffffffff  __TI_prof_data_size                                                   
ffffffff  __TI_prof_data_start                                                  
ffffffff  __binit__                                                             
ffffffff  __c_args__                                                            
ffffffff  binit                                                                 
UNDEFED   __mpu_init                                                            
UNDEFED   _system_post_cinit                                                    

[272 symbols]
