******************************************************************************
                  TI ARM Linker PC v18.1.3                     
******************************************************************************
>> Linked Wed Jan 16 11:54:14 2019

OUTPUT FILE NAME:   <usb_keyb_dev.out>
ENTRY POINT SYMBOL: "_c_int00_noargs"  address: 000051cd


MEMORY CONFIGURATION

         name            origin    length      used     unused   attr    fill
----------------------  --------  ---------  --------  --------  ----  --------
  FLASH                 00000000   00040000  00006e30  000391d0  R  X
  SRAM                  20000000   00008000  00001220  00006de0  RW X


SEGMENT ALLOCATION MAP

run origin  load origin   length   init length attrs members
----------  ----------- ---------- ----------- ----- -------
00000000    00000000    00006e30   00006e30    r-x
  00000000    00000000    0000026c   0000026c    r-- .intvecs
  0000026c    0000026c    000063b8   000063b8    r-x .text
  00006624    00006624    00000720   00000720    r-- .const
  00006d44    00006d44    0000000c   0000000c    r-- .init_array
  00006d50    00006d50    000000e0   000000e0    r-- .cinit
20000000    20000000    00001228   00000000    rw-
  20000000    20000000    00000cd4   00000000    rw- .bss
  20000cd8    20000cd8    00000400   00000000    rw- .stack
  200010d8    200010d8    00000144   00000000    rw- .data
  20001220    20001220    00000008   00000000    rw- .sysmem


SECTION ALLOCATION MAP

 output                                  attributes/
section   page    origin      length       input sections
--------  ----  ----------  ----------   ----------------
.intvecs   0    00000000    0000026c     
                  00000000    0000026c     tm4c123gh6pm_startup_ccs.obj (.intvecs)

.text      0    0000026c    000063b8     
                  0000026c    000003f0     main.obj (.text:main)
                  0000065c    00000282     MFRC522.obj (.text:_ZN11rfid_reader7MFRC52211select_PICCEPNS_3UidEh)
                  000008de    000001f6     usblib.lib : usbdcomp.obj (.text:BuildCompositeDescriptor)
                  00000ad4    000001a0     Wire.obj (.text:_ZN7TwoWire5beginEv)
                  00000c74    00000160     uartstdio.obj (.text:UARTStdioIntHandler)
                  00000dd4    00000160     usblib.lib : usbdma.obj (.text:USBLibDMAInit)
                  00000f34    00000150                : usbdenum.obj (.text:USBDCDInit)
                  00001084    00000150                : usbdenum.obj (.text:USBDEP0StateTxConfig)
                  000011d4    00000150                : usbdenum.obj (.text:USBDeviceIntHandlerInternal)
                  00001324    00000148                : usbdconfig.obj (.text:USBDeviceConfig)
                  0000146c    00000126     MFRC522.obj (.text:_ZN11rfid_reader7MFRC52219communicateWithPICCEhhPhhS1_S1_S1_hb)
                  00001592    00000002     tm4c123gh6pm_startup_ccs.obj (.text:FaultISR)
                  00001594    0000011c     main.obj (.text:_Z12configureUSBv)
                  000016b0    00000114     usblib.lib : usbdhid.obj (.text:HandleRequest)
                  000017c4    00000110     driverlib.lib : sysctl.obj (.text:SysCtlClockGet)
                  000018d4    00000108     SPI.obj (.text:_ZN8SPIClass5beginEv)
                  000019dc    000000f4     usblib.lib : usbdma.obj (.text:iDMAUSBTransfer)
                  00001ad0    000000ec     Wire.obj (.text:_ZN7TwoWire5beginEh)
                  00001bbc    000000e4     usblib.lib : usbdenum.obj (.text:USBDGetDescriptor)
                  00001ca0    000000e0                : usbdhid.obj (.text:USBDHIDCompositeInit)
                  00001d80    000000d8                : usbdcdc.obj (.text:USBDCDCCompositeInit)
                  00001e58    000000d8                : usbdenum.obj (.text:USBDeviceEnumHandler)
                  00001f30    000000d8     Wire.obj (.text:_ZN7TwoWire9forceStopEv)
                  00002008    000000d8     rtsv7M4_T_le_v4SPD16_eabi.lib : memory.c.obj (.text:free)
                  000020e0    000000d4     usblib.lib : usbdcdc.obj (.text:HandleRequests)
                  000021b4    000000d4                : usbdcomp.obj (.text:USBDCompositeInit)
                  00002288    000000cc     MFRC522.obj (.text:_ZN11rfid_reader7MFRC52212readRegisterENS_12PCD_RegisterEhPhh)
                  00002354    000000c4     usblib.lib : usbdma.obj (.text:uDMAUSBChannelAllocate)
                  00002418    000000c0     USBSerialDevice.obj (.text:_ZN9usbdevice15USBSerialDeviceC1EPFYjPvjjS1_ES3_S3_)
                  000024d8    000000c0     USBKeyboardDevice.obj (.text:_ZN9usbdevice17USBKeyboardDevice14USBWriteStringEPKci)
                  00002598    000000be     usblib.lib : usbbuffer.obj (.text:HandleRxAvailable)
                  00002656    000000bc                : usbdma.obj (.text:uDMAUSBTransfer)
                  00002712    00000002     tm4c123gh6pm_startup_ccs.obj (.text:IntDefaultHandler)
                  00002714    000000b8     main.obj (.text:_Z21handleGeneralRequestsPhP5State)
                  000027cc    000000b4     usblib.lib : usbdcdc.obj (.text:HandleDevice)
                  00002880    000000a8     uartstdio.obj (.text:UARTwrite)
                  00002928    000000a6     usblib.lib : usbdhidkeyb.obj (.text:HIDKeyboardRxHandler)
                  000029ce    00000002     tm4c123gh6pm_startup_ccs.obj (.text:NmiSR)
                  000029d0    0000009c     usblib.lib : usbdhidkeyb.obj (.text:USBDHIDKeyboardCompositeInit)
                  00002a6c    0000009c     rtsv7M4_T_le_v4SPD16_eabi.lib : memcpy_t2.asm.obj (.text)
                  00002b08    00000098     usblib.lib : usbdenum.obj (.text:USBDSetInterface)
                  00002ba0    00000096                : usbdcdc.obj (.text:CDCTickHandler)
                  00002c36    00000094                : usbdcdc.obj (.text:SendSerialState)
                  00002cca    00000092                : usbbuffer.obj (.text:ScheduleNextTransmission)
                  00002d5c    00000090                : usbdcdc.obj (.text:USBDCDCPacketRead)
                  00002dec    00000090                : usbdenum.obj (.text:USBDSetConfiguration)
                  00002e7c    0000008c     uartstdio.obj (.text:UARTPrimeTransmit)
                  00002f08    0000008c     usblib.lib : usbdconfig.obj (.text:USBDeviceConfigAlternate)
                  00002f94    0000008c     USBSerialDevice.obj (.text:_ZN9usbdevice15USBSerialDevice13GetLineCodingEP11tLineCoding)
                  00003020    00000088     usblib.lib : usbdhid.obj (.text:ProcessIdleTimers)
                  000030a8    00000086                : usbdhidkeyb.obj (.text:USBDHIDKeyboardKeyStateChange)
                  0000312e    00000002     HardwareSerial.obj (.text:_ZN5Print5flushEv)
                  00003130    00000084     Wire.obj (.text:_ZN7TwoWire5writeEh)
                  000031b4    00000084     USBSerialDevice.obj (.text:_ZN9usbdevice15USBSerialDevice13SetLineCodingEP11tLineCoding)
                  00003238    00000084     usblib.lib : usbdma.obj (.text:iDMAUSBChannelAllocate)
                  000032bc    00000084     driverlib.lib : udma.obj (.text:uDMAChannelTransferSet)
                  00003340    00000080     usblib.lib : usbdenum.obj (.text:USBDClearFeature)
                  000033c0    00000080     USBKeyboardDevice.obj (.text:_ZN9usbdevice17USBKeyboardDevice22USBPressKeyCombinationEhPKhi)
                  00003440    0000007a     driverlib.lib : usb.obj (.text:USBDevEndpointConfigSet)
                  000034ba    0000007a     rtsv7M4_T_le_v4SPD16_eabi.lib : memset_t2.asm.obj (.text)
                  00003534    00000078     usblib.lib : usbdenum.obj (.text:USBDGetStatus)
                  000035ac    00000078     HardwareSerial.obj (.text:_ZN14HardwareSerial13primeTransmitEm)
                  00003624    00000078     USBKeyboardDevice.obj (.text:_ZN9usbdevice17USBKeyboardDevice17USBKeyboardUpdateEhhb)
                  0000369c    00000074     main.obj (.text:_Z14ControlHandlerPvjjS_)
                  00003710    00000072     usblib.lib : usbdcdc.obj (.text:ProcessDataFromHost)
                  00003782    00000002     USBSerialDevice.obj (.text:_ZN9usbdevice15USBSerialDevice15getSerialDeviceEv)
                  00003784    00000070     usblib.lib : usbdenum.obj (.text:USBDEP0StateTx)
                  000037f4    00000070                : usbdma.obj (.text:uDMAUSBArbSizeSet)
                  00003864    00000070                : usbdma.obj (.text:uDMAUSBUnitSizeSet)
                  000038d4    0000006c                : usbdcdc.obj (.text:ProcessDataToHost)
                  00003940    0000006c                : usbdenum.obj (.text:USBDSetFeature)
                  000039ac    0000006a     MFRC522.obj (.text:_ZN11rfid_reader7MFRC5224initEv)
                  00003a16    00000002     USBSerialDevice.obj (.text:_ZN9usbdevice15USBSerialDevice19SetControlLineStateEt)
                  00003a18    00000068     buttons.obj (.text:ButtonsInit)
                  00003a80    00000068     driverlib.lib : interrupt.obj (.text:IntDisable)
                  00003ae8    00000068                   : interrupt.obj (.text:IntEnable)
                  00003b50    00000068     rtsv7M4_T_le_v4SPD16_eabi.lib : copy_decompress_lzss.c.obj (.text:decompress:lzss:__TI_decompress_lzss)
                  00003bb8    00000066     MFRC522.obj (.text:_ZN11rfid_reader7MFRC52212REQA_or_WUPAEhPhS1_)
                  00003c1e    00000066     MFRC522.obj (.text:_ZN11rfid_reader7MFRC52212calculateCRCEPhhS1_)
                  00003c84    00000064     usblib.lib : usbdcomp.obj (.text:GetDescriptor)
                  00003ce8    00000064                : usbdhid.obj (.text:HandleGetDescriptor)
                  00003d4c    00000064                : usbdcomp.obj (.text:HandleRequests)
                  00003db0    00000064     driverlib.lib : interrupt.obj (.text:IntIsEnabled)
                  00003e14    00000064     usblib.lib : usbbuffer.obj (.text:USBBufferEventCallback)
                  00003e78    00000064     HardwareSerial.obj (.text:__sti___18_HardwareSerial_cpp_5fc7db02)
                  00003edc    00000064     usblib.lib : usbdma.obj (.text:uDMAUSBChannelEnable)
                  00003f40    00000060                : usbdcomp.obj (.text:HandleDevice)
                  00003fa0    00000060                : usbdhid.obj (.text:HandleDevice)
                  00004000    00000060                : usbdhid.obj (.text:ProcessDataFromHost)
                  00004060    00000060                : usbdcdc.obj (.text:USBDCDCPacketWrite)
                  000040c0    00000060                : usbdenum.obj (.text:USBDReadAndDispatchRequest)
                  00004120    00000060     HardwareSerial.obj (.text:_ZN14HardwareSerial5writeEh)
                  00004180    00000060     rtsv7M4_T_le_v4SPD16_eabi.lib : autoinit.c.obj (.text:__TI_auto_init_nobinit:__TI_auto_init_nobinit)
                  000041e0    0000005e     driverlib.lib : usb.obj (.text:USBDevEndpointStatusClear)
                  0000423e    0000005c     usblib.lib : usbdhid.obj (.text:FindHIDDescriptor)
                  0000429a    00000002     USBKeyboardDevice.obj (.text:_ZN9usbdevice17USBKeyboardDevice17getKeyboardDeviceEv)
                  0000429c    0000005c     MFRC522.obj (.text:_ZN11rfid_reader7MFRC52213writeRegisterENS_12PCD_RegisterEhPh)
                  000042f8    00000058     USBCompDevice.obj (.text:_ZN9usbdevice13USBCompDeviceC1EPFYjPvjjS1_E)
                  00004350    00000056     usblib.lib : usbdhidkeyb.obj (.text:RemoveKeyFromPressedList)
                  000043a6    00000056                : usbdma.obj (.text:uDMAUSBChannelRelease)
                  000043fc    00000054                : usbdhid.obj (.text:ProcessDataToHost)
                  00004450    00000052                : usbulpi.obj (.text:ULPIConfigSet)
                  000044a2    00000002     rtsv7M4_T_le_v4SPD16_eabi.lib : stdlib_typeinfo.cpp.obj (.text:_ZNSt9type_infoD1Ev)
                  000044a4    00000050     driverlib.lib : sysctl.obj (.text:SysCtlPeripheralReset)
                  000044f4    00000050     usblib.lib : usbdcdesc.obj (.text:USBDCDConfigDescGet)
                  00004544    00000050                : usbdenum.obj (.text:USBDeviceResumeTickHandler)
                  00004594    00000050     MFRC522.obj (.text:_ZN11rfid_reader7MFRC522C1Ev)
                  000045e4    00000050     USBSerialDevice.obj (.text:_ZN9usbdevice15USBSerialDevice20USBUARTPrimeTransmitEv)
                  00004634    0000004e     USBSerialDevice.obj (.text:_ZN9usbdevice15USBSerialDevice9connectedEv)
                  00004682    0000004c     usblib.lib : usbdconfig.obj (.text:GetEPDescriptorType)
                  000046ce    00000002     rtsv7M4_T_le_v4SPD16_eabi.lib : _lock.c.obj (.text:_nop)
                  000046d0    0000004c     usblib.lib : usbdenum.obj (.text:USBDStringIndexFromRequest)
                  0000471c    0000004c     driverlib.lib : usb.obj (.text:USBEndpointDMAConfigSet)
                  00004768    0000004c     MFRC522.obj (.text:_ZN11rfid_reader7MFRC52212readRegisterENS_12PCD_RegisterE)
                  000047b4    0000004c     usblib.lib : usbdma.obj (.text:iDMAUSBChannelEnable)
                  00004800    0000004a                : usbdcdesc.obj (.text:ConfigAlternateInterfaceGet)
                  0000484a    0000004a                : usbdcdc.obj (.text:HandleEP0Data)
                  00004894    0000004a                : usbdcdc.obj (.text:HandleEndpoints)
                  000048de    0000004a                : usbdhid.obj (.text:USBDHIDReportWrite)
                  00004928    0000004a     driverlib.lib : usb.obj (.text:USBDevEndpointStallClear)
                  00004972    0000004a     usblib.lib : usbdma.obj (.text:uDMAUSBChannelDisable)
                  000049bc    00000048                : usbdhid.obj (.text:SetIdleTimeout)
                  00004a04    00000048                : usbdenum.obj (.text:USBDeviceEnumResetHandler)
                  00004a4c    00000048     MFRC522.obj (.text:_ZN11rfid_reader7MFRC52213writeRegisterENS_12PCD_RegisterEh)
                  00004a94    00000048     SPI.obj (.text:_ZN8SPIClass8transferEh)
                  00004adc    00000048     driverlib.lib : udma.obj (.text:uDMAChannelAttributeDisable)
                  00004b24    00000046                   : usb.obj (.text:USBEndpointDataGet)
                  00004b6a    00000002     usblib.lib : usbdma.obj (.text:iDMAUSBArbSizeSet)
                  00004b6c    00000044                : usbdenum.obj (.text:USBDCDDeviceInfoInit)
                  00004bb0    00000044                : usbdenum.obj (.text:USBDGetInterface)
                  00004bf4    00000044     main.obj (.text:_Z9RxHandlerPvjjS_)
                  00004c38    00000044     USBSerialDevice.obj (.text:_ZN9usbdevice15USBSerialDevice11getInstanceEv)
                  00004c7c    00000041     USBSerialDevice.obj (.text:_ZN9usbdevice15USBSerialDevice12disconnectedEv)
                  00004cbd    00000001     --HOLE-- [fill = 0]
                  00004cbe    00000040     usblib.lib : usbdcomp.obj (.text:ConfigChangeHandler)
                  00004cfe    00000040                : usbdhid.obj (.text:ScheduleReportTransmission)
                  00004d3e    00000002                : usbdma.obj (.text:iDMAUSBUnitSizeSet)
                  00004d40    00000040     HardwareSerial.obj (.text:_ZN14HardwareSerialC1Em)
                  00004d80    00000040     HardwareSerial.obj (.text:_ZN14HardwareSerialC1Ev)
                  00004dc0    0000003e     usblib.lib : usbdhidkeyb.obj (.text:HIDKeyboardTxHandler)
                  00004dfe    0000003e     USBSerialDevice.obj (.text:_ZN9usbdevice15USBSerialDevice10readBufferEv)
                  00004e3c    0000003c     USBCompDevice.obj (.text:_ZN9usbdevice13USBCompDevice4initEv)
                  00004e78    0000003c     usblib.lib : usbdma.obj (.text:iDMAUSBChannelRelease)
                  00004eb4    0000003c     rtsv7M4_T_le_v4SPD16_eabi.lib : memory.c.obj (.text:minsert)
                  00004ef0    0000003a     usblib.lib : usbdcomp.obj (.text:EndpointToIndex)
                  00004f2a    0000003a     driverlib.lib : usb.obj (.text:USBFIFOConfigSet)
                  00004f64    00000038     usblib.lib : usbdcomp.obj (.text:HandleDisconnect)
                  00004f9c    00000038                : usbtick.obj (.text:InternalUSBRegisterTickHandler)
                  00004fd4    00000038                : usbtick.obj (.text:InternalUSBStartOfFrameTick)
                  0000500c    00000038                : usbdcomp.obj (.text:ResetHandler)
                  00005044    00000038                : usbdcomp.obj (.text:ResumeHandler)
                  0000507c    00000038                : usbdcdc.obj (.text:SendBreak)
                  000050b4    00000038                : usbdcomp.obj (.text:SuspendHandler)
                  000050ec    00000038                : usbdcdesc.obj (.text:USBDCDConfigGetInterfaceEndpoint)
                  00005124    00000038     driverlib.lib : usb.obj (.text:USBIntStatusControl)
                  0000515c    00000038     usblib.lib : usbringbuf.obj (.text:USBRingBufAdvanceWrite)
                  00005194    00000038     USBSerialDevice.obj (.text:_ZN9usbdevice15USBSerialDevice9SendBreakEb)
                  000051cc    00000038     rtsv7M4_T_le_v4SPD16_eabi.lib : boot_cortex_m.c.obj (.text:_c_int00_noargs:_c_int00_noargs)
                  00005204    00000038                                   : memory.c.obj (.text:minit)
                  0000523c    00000036     usblib.lib : usbdhid.obj (.text:HandleEndpoints)
                  00005272    00000036                : usbdcomp.obj (.text:InterfaceChange)
                  000052a8    00000036     driverlib.lib : usb.obj (.text:USBEndpointDataPut)
                  000052de    00000002     usblib.lib : usbdma.obj (.text:uDMAUSBChannelIntDisable)
                  000052e0    00000034                : usbdhid.obj (.text:HIDTickHandler)
                  00005314    00000034                : usbdcdc.obj (.text:HandleConfigChange)
                  00005348    00000034     driverlib.lib : sysctl.obj (.text:SysCtlPeripheralEnable)
                  0000537c    00000034                   : usb.obj (.text:USBEndpointDataSend)
                  000053b0    00000034     Wire.obj (.text:_ZN7TwoWire4readEv)
                  000053e4    00000034     USBCompDevice.obj (.text:_ZN9usbdevice13USBCompDevice11getInstanceEv)
                  00005418    00000034     USBSerialDevice.obj (.text:_ZN9usbdevice15USBSerialDevice17pushReceiveBufferEh)
                  0000544c    00000034     USBKeyboardDevice.obj (.text:_ZN9usbdevice17USBKeyboardDevice11getInstanceEv)
                  00005480    00000034     usblib.lib : usbdma.obj (.text:iDMAUSBChannelStatus)
                  000054b4    00000032                : usbdhid.obj (.text:ClearReportTimer)
                  000054e6    00000032                : usbdhid.obj (.text:HandleConfigChange)
                  00005518    00000032                : usbdcdesc.obj (.text:NextConfigDescGet)
                  0000554a    00000032                : usbdcdc.obj (.text:ProcessNotificationToHost)
                  0000557c    00000032     driverlib.lib : usb.obj (.text:USBDevEndpointStall)
                  000055ae    00000032     USBKeyboardDevice.obj (.text:_ZN9usbdevice17USBKeyboardDeviceC1EPFYjPvjjS1_E)
                  000055e0    00000032     usblib.lib : usbdma.obj (.text:iDMAUSBChannelDisable)
                  00005612    00000030                : usbdhidkeyb.obj (.text:AddKeyToPressedList)
                  00005642    00000030                : usbdma.obj (.text:DMAUSBIntHandler)
                  00005672    00000002                : usbdma.obj (.text:uDMAUSBChannelIntEnable)
                  00005674    00000030                : usbtick.obj (.text:InternalUSBTickInit)
                  000056a4    00000030                : usbdenum.obj (.text:USBDGetConfiguration)
                  000056d4    00000030                : usbringbuf.obj (.text:UpdateIndexAtomic)
                  00005704    0000002e                : usbdcomp.obj (.text:HandleEndpoints)
                  00005732    0000002e                : usbbuffer.obj (.text:USBBufferWrite)
                  00005760    0000002e                : usbdcdc.obj (.text:USBDCDCRxPacketAvailable)
                  0000578e    0000002e     Print.obj (.text:_ZN5Print5writeEPKhj)
                  000057bc    0000002e     USBSerialDevice.obj (.text:_ZN9usbdevice15USBSerialDevice16popReceiveBufferEv)
                  000057ea    0000002c     usblib.lib : usbdcomp.obj (.text:InterfaceToIndex)
                  00005816    0000002c                : usbdesc.obj (.text:USBDescGet)
                  00005842    00000002     --HOLE-- [fill = 0]
                  00005844    0000002c     HardwareSerial.obj (.text:_ZN14HardwareSerial5flushEv)
                  00005870    0000002c     usblib.lib : usbdma.obj (.text:uDMAUSBIntStatus)
                  0000589c    0000002a                : usbbuffer.obj (.text:HandleRequestBuffer)
                  000058c6    0000002a                : usbdcdesc.obj (.text:USBDCDConfigDescGetNum)
                  000058f0    0000002a                : usbdesc.obj (.text:USBDescGetNum)
                  0000591a    0000002a     driverlib.lib : usb.obj (.text:USBDevEndpointDataAck)
                  00005944    0000002a     MFRC522.obj (.text:_ZN11rfid_reader7MFRC52214transceiveDataEPhhS1_S1_S1_hb)
                  0000596e    00000028     usblib.lib : usbdhid.obj (.text:GetIdleTimeout)
                  00005996    00000028                : usbdhid.obj (.text:HandleEP0DataReceived)
                  000059be    00000028                : usbbuffer.obj (.text:USBBufferRead)
                  000059e6    00000002     --HOLE-- [fill = 0]
                  000059e8    00000028                : usbdenum.obj (.text:USBDSetAddress)
                  00005a10    00000028     driverlib.lib : usb.obj (.text:USBIntEnableControl)
                  00005a38    00000028     main.obj (.text:_Z18USBKeyboardHandlerPvjjS_)
                  00005a60    00000028     USBKeyboardDevice.obj (.text:_ZN9usbdevice17USBKeyboardDevice12GetUsageCodeEcb)
                  00005a88    00000028     rtsv7M4_T_le_v4SPD16_eabi.lib : memory.c.obj (.text:mremove)
                  00005ab0    00000028     driverlib.lib : udma.obj (.text:uDMAChannelModeGet)
                  00005ad8    00000026     HardwareSerial.obj (.text:_ZN14HardwareSerial4readEv)
                  00005afe    00000024     usblib.lib : usbdcdc.obj (.text:HandleDisconnect)
                  00005b22    00000024                : usbdcdc.obj (.text:SendLineStateChange)
                  00005b46    00000024     driverlib.lib : usb.obj (.text:USBEndpointDMADisable)
                  00005b6a    00000024                   : usb.obj (.text:USBEndpointDMAEnable)
                  00005b8e    00000002     --HOLE-- [fill = 0]
                  00005b90    00000024     usblib.lib : usbmode.obj (.text:USBStackModeSet)
                  00005bb4    00000024     main.obj (.text:_Z5delayi)
                  00005bd8    00000024     Wire.obj (.text:_ZN7TwoWire4peekEv)
                  00005bfc    00000024     Wire.obj (.text:_ZN7TwoWireC1Ev)
                  00005c20    00000024     driverlib.lib : udma.obj (.text:uDMAChannelControlSet)
                  00005c44    00000022     usblib.lib : usbdcomp.obj (.text:DataReceived)
                  00005c66    00000022                : usbdcomp.obj (.text:DataSent)
                  00005c88    00000022                : usbdhid.obj (.text:HandleDisconnect)
                  00005caa    00000022                : usbdcdc.obj (.text:SendLineCodingChange)
                  00005ccc    00000022     Wire.obj (.text:_ZN7TwoWire5writeEPKhj)
                  00005cee    00000022     usblib.lib : usbdma.obj (.text:uDMAUSBChannelStatus)
                  00005d10    00000020                : usbdcdc.obj (.text:CheckAndSendBreak)
                  00005d30    00000020                : usbdconfig.obj (.text:GetEndpointFIFOSize)
                  00005d50    00000020                : usbbuffer.obj (.text:HandleDataRemaining)
                  00005d70    00000020                : usbdhid.obj (.text:HandleEP0DataSent)
                  00005d90    00000020                : usbringbuf.obj (.text:USBRingBufAdvanceRead)
                  00005db0    00000020     MFRC522.obj (.text:_ZN11rfid_reader7MFRC52216isNewCardPresentEv)
                  00005dd0    00000020     MFRC522.obj (.text:_ZN11rfid_reader7MFRC5225delayEi)
                  00005df0    00000020     Wire.obj (.text:_ZN7TwoWire5flushEv)
                  00005e10    0000001e     usblib.lib : usbringbuf.obj (.text:USBRingBufContigFree)
                  00005e2e    0000001e     driverlib.lib : usb.obj (.text:USBULPIRegRead)
                  00005e4c    0000001e                   : usb.obj (.text:USBULPIRegWrite)
                  00005e6a    0000001e     MFRC522.obj (.text:_ZN11rfid_reader7MFRC5229antennaOnEv)
                  00005e88    0000001c     usblib.lib : usbdcomp.obj (.text:CompositeEPChange)
                  00005ea4    0000001c                : usbdcomp.obj (.text:CompositeIfaceChange)
                  00005ec0    0000001c                : usbdcdesc.obj (.text:USBDCDConfigGetInterface)
                  00005edc    0000001c                : usbdenum.obj (.text:USBDCDStallEP0)
                  00005ef8    0000001c     driverlib.lib : usb.obj (.text:USBEndpointDataAvail)
                  00005f14    0000001c     usblib.lib : usbringbuf.obj (.text:USBRingBufRead)
                  00005f30    0000001c                : usbringbuf.obj (.text:USBRingBufWrite)
                  00005f4c    0000001c     MFRC522.obj (.text:_ZN11rfid_reader7MFRC5229softResetEv)
                  00005f68    0000001c     Wire.obj (.text:_ZN7TwoWire9availableEv)
                  00005f84    0000001c     Wire.obj (.text:_ZN7TwoWire9setModuleEm)
                  00005fa0    0000001a     usblib.lib : usbdhid.obj (.text:ClearIdleTimers)
                  00005fba    0000001a                : usbdcdc.obj (.text:DeviceConsumedAllData)
                  00005fd4    0000001a                : usbdcdesc.obj (.text:USBDCDConfigDescGetSize)
                  00005fee    0000001a     driverlib.lib : usb.obj (.text:USBEndpointDMAChannel)
                  00006008    0000001a     MFRC522.obj (.text:_ZN11rfid_reader7MFRC52220clearRegisterBitMaskENS_12PCD_RegisterEh)
                  00006022    00000018     uartstdio.obj (.text:IsBufferFull)
                  0000603a    00000018     usblib.lib : usbdcdc.obj (.text:SetDeferredOpFlag)
                  00006052    00000018                : usbdhid.obj (.text:SetDeferredOpFlag)
                  0000606a    00000002     --HOLE-- [fill = 0]
                  0000606c    00000018                : usbdhandler.obj (.text:USB0DeviceIntHandler)
                  00006084    00000018                : usbbuffer.obj (.text:USBBufferInit)
                  0000609c    00000018                : usbdenum.obj (.text:USBDCDFeatureGet)
                  000060b4    00000018                : usbdenum.obj (.text:USBDSetDescriptor)
                  000060cc    00000018                : usbdenum.obj (.text:USBDSyncFrame)
                  000060e4    00000018     USBKeyboardDevice.obj (.text:_ZN9usbdevice17USBKeyboardDevice17releaseSpecialKeyEv)
                  000060fc    00000018     driverlib.lib : udma.obj (.text:uDMAChannelDisable)
                  00006114    00000018                   : udma.obj (.text:uDMAChannelEnable)
                  0000612c    00000016     usblib.lib : usbdcdc.obj (.text:CheckAndSendLineCodingChange)
                  00006142    00000016                : usbdcdc.obj (.text:CheckAndSendLineStateChange)
                  00006158    00000016     driverlib.lib : usb.obj (.text:USBIntEnableEndpoint)
                  0000616e    00000016     usblib.lib : usbringbuf.obj (.text:USBRingBufFlush)
                  00006184    00000016                : usbringbuf.obj (.text:USBRingBufReadOne)
                  0000619a    00000016                : usbringbuf.obj (.text:USBRingBufUsed)
                  000061b0    00000016     MFRC522.obj (.text:_ZN11rfid_reader7MFRC52218setRegisterBitMaskENS_12PCD_RegisterEh)
                  000061c6    00000016     HardwareSerial.obj (.text:_ZN14HardwareSerial9availableEv)
                  000061dc    00000016     USBSerialDevice.obj (.text:_ZN9usbdevice15USBSerialDevice10initBufferEv)
                  000061f2    00000014     usblib.lib : usbbuffer.obj (.text:HandleTxComplete)
                  00006206    00000002     --HOLE-- [fill = 0]
                  00006208    00000014     driverlib.lib : sysctl.obj (.text:SysCtlUSBPLLEnable)
                  0000621c    00000014     usblib.lib : usbdcdc.obj (.text:USBDCDCTxPacketAvailable)
                  00006230    00000014                : usbdenum.obj (.text:USBDCDRequestDataEP0)
                  00006244    00000014                : usbdenum.obj (.text:USBDCDSendDataEP0)
                  00006258    00000014     driverlib.lib : usb.obj (.text:USBDMAChannelConfigSet)
                  0000626c    00000014                   : usb.obj (.text:USBHostResume)
                  00006280    00000014                   : usb.obj (.text:_USBIndexWrite)
                  00006294    00000014     MFRC522.obj (.text:_ZN11rfid_reader7MFRC52214readCardSerialEv)
                  000062a8    00000012     usblib.lib : usbdcdc.obj (.text:HandleResume)
                  000062ba    00000012                : usbdhid.obj (.text:HandleResume)
                  000062cc    00000012                : usbdcdc.obj (.text:HandleSuspend)
                  000062de    00000012                : usbdhid.obj (.text:HandleSuspend)
                  000062f0    00000012     driverlib.lib : usb.obj (.text:USBDMAChannelDisable)
                  00006302    00000012                   : usb.obj (.text:USBDMAChannelEnable)
                  00006314    00000012                   : usb.obj (.text:USBDMAChannelIntDisable)
                  00006326    00000012                   : usb.obj (.text:USBDMAChannelIntEnable)
                  00006338    00000012     usblib.lib : usbringbuf.obj (.text:USBRingBufFree)
                  0000634a    00000012     HardwareSerial.obj (.text:_ZN14HardwareSerial4peekEv)
                  0000635c    00000010     driverlib.lib : i2c.obj (.text:I2CSlaveEnable)
                  0000636c    00000010                   : interrupt.obj (.text:IntMasterDisable)
                  0000637c    00000010                   : interrupt.obj (.text:IntMasterEnable)
                  0000638c    00000010     tm4c123gh6pm_startup_ccs.obj (.text:SysTickIntHandler)
                  0000639c    00000010     driverlib.lib : usb.obj (.text:USBEndpointStatus)
                  000063ac    00000010     usblib.lib : usbringbuf.obj (.text:USBRingBufContigUsed)
                  000063bc    00000010                : usbringbuf.obj (.text:USBRingBufWriteOne)
                  000063cc    0000000e                : usbdma.obj (.text:DMAUSBIntStatusClear)
                  000063da    0000000e     driverlib.lib : i2c.obj (.text:I2CSlaveInit)
                  000063e8    0000000e     uartstdio.obj (.text:IsBufferEmpty)
                  000063f6    0000000e     usblib.lib : usbdhid.obj (.text:USBDHIDTxPacketAvailable)
                  00006404    0000000e     driverlib.lib : usb.obj (.text:USBDMAChannelStatus)
                  00006412    0000000e                   : usb.obj (.text:USBDevLPMDisable)
                  00006420    0000000e                   : usb.obj (.text:USBDevLPMEnable)
                  0000642e    0000000e                   : usb.obj (.text:USBULPIDisable)
                  0000643c    0000000e                   : usb.obj (.text:USBULPIEnable)
                  0000644a    0000000e     rtsv7M4_T_le_v4SPD16_eabi.lib : typeinfo.c.obj (.text:_ZN10__cxxabiv117__class_type_infoD0Ev)
                  00006458    0000000e                                   : typeinfo.c.obj (.text:_ZN10__cxxabiv120__si_class_type_infoD0Ev)
                  00006466    0000000e                                   : copy_decompress_none.c.obj (.text:decompress:none:__TI_decompress_none)
                  00006474    0000000c     driverlib.lib : cpu.obj (.text:CPUcpsid)
                  00006480    0000000c                   : cpu.obj (.text:CPUcpsie)
                  0000648c    0000000c                   : i2c.obj (.text:I2CSlaveIntEnableEx)
                  00006498    0000000c                   : usb.obj (.text:USBEndpointPacketCountSet)
                  000064a4    0000000c                   : usb.obj (.text:USBLPMIntEnable)
                  000064b0    0000000c     usblib.lib : usbringbuf.obj (.text:USBRingBufInit)
                  000064bc    0000000c     USBCompDevice.obj (.text:_ZN9usbdevice13USBCompDevice20registerEventHandlerEPFYjPvjjS1_E)
                  000064c8    0000000c     USBSerialDevice.obj (.text:_ZN9usbdevice15USBSerialDevice17registerRxHandlerEPFYjPvjjS1_E)
                  000064d4    0000000c     USBSerialDevice.obj (.text:_ZN9usbdevice15USBSerialDevice17registerTxHandlerEPFYjPvjjS1_E)
                  000064e0    0000000c     USBSerialDevice.obj (.text:_ZN9usbdevice15USBSerialDevice22registerControlHandlerEPFYjPvjjS1_E)
                  000064ec    0000000c     USBKeyboardDevice.obj (.text:_ZN9usbdevice17USBKeyboardDevice23registerKeyboardHandlerEPFYjPvjjS1_E)
                  000064f8    0000000c     rtsv7M4_T_le_v4SPD16_eabi.lib : guard.c.obj (.text:__cxa_guard_acquire)
                  00006504    0000000c     SPI.obj (.text:__sti___7_SPI_cpp_230ca784)
                  00006510    0000000c     Wire.obj (.text:__sti___8_Wire_cpp_4e348ebc)
                  0000651c    0000000c     rtsv7M4_T_le_v4SPD16_eabi.lib : copy_zero_init.c.obj (.text:decompress:ZI:__TI_zero_init)
                  00006528    0000000a     driverlib.lib : usb.obj (.text:USBClockEnable)
                  00006532    0000000a                   : usb.obj (.text:USBControllerVersion)
                  0000653c    0000000a                   : usb.obj (.text:USBDMAChannelAddressSet)
                  00006546    0000000a                   : usb.obj (.text:USBDMAChannelCountSet)
                  00006550    0000000a                   : usb.obj (.text:USBDevConnect)
                  0000655a    0000000a                   : usb.obj (.text:USBDevDisconnect)
                  00006564    0000000a                   : usb.obj (.text:USBIntStatusEndpoint)
                  0000656e    0000000a     SPI.obj (.text:_ZN8SPIClassC1Ev)
                  00006578    0000000a     rtsv7M4_T_le_v4SPD16_eabi.lib : guard.c.obj (.text:__cxa_guard_release)
                  00006582    00000008     driverlib.lib : usb.obj (.text:USBDevMode)
                  0000658a    00000008                   : usb.obj (.text:USBFIFOAddrGet)
                  00006592    00000008                   : usb.obj (.text:USBOTGMode)
                  0000659a    00000008     rtsv7M4_T_le_v4SPD16_eabi.lib : new.cpp.obj (.text:_ZdlPv)
                  000065a2    00000008     usblib.lib : usbdma.obj (.text:iDMAUSBChannelIntDisable)
                  000065aa    00000008                : usbdma.obj (.text:iDMAUSBChannelIntEnable)
                  000065b2    00000006     driverlib.lib : i2c.obj (.text:I2CSlaveDataPut)
                  000065b8    00000006     tm4c123gh6pm_startup_ccs.obj (.text:ResetISR)
                  000065be    00000006     driverlib.lib : sysctl.obj (.text:SysCtlDelay)
                  000065c4    00000006     usblib.lib : usbbuffer.obj (.text:USBBufferFlush)
                  000065ca    00000006     driverlib.lib : usb.obj (.text:USBDMAChannelIntStatus)
                  000065d0    00000006                   : usb.obj (.text:USBDevLPMConfig)
                  000065d6    00000006                   : usb.obj (.text:USBLPMIntStatus)
                  000065dc    00000006     SPI.obj (.text:_ZN8SPIClass9setModuleEh)
                  000065e2    00000006     USBSerialDevice.obj (.text:_ZN9usbdevice15USBSerialDevice5writeEPhj)
                  000065e8    00000006     rtsv7M4_T_le_v4SPD16_eabi.lib : pure_virt.c.obj (.text:__cxa_pure_virtual)
                  000065ee    00000006     usblib.lib : usbdma.obj (.text:iDMAUSBIntStatus)
                  000065f4    00000004                : usbdma.obj (.text:DMAUSBStatus)
                  000065f8    00000004                : usbdhid.obj (.text:HandleReset)
                  000065fc    00000004     driverlib.lib : usb.obj (.text:USBDevAddrSet)
                  00006600    00000004     main.obj (.text:_Z15USBEventHandlerPvjjS_)
                  00006604    00000004     main.obj (.text:_Z9TxHandlerPvjjS_)
                  00006608    00000004     rtsv7M4_T_le_v4SPD16_eabi.lib : typeinfo.c.obj (.text:_ZN10__cxxabiv117__class_type_infoD1Ev)
                  0000660c    00000004                                   : typeinfo.c.obj (.text:_ZN10__cxxabiv120__si_class_type_infoD1Ev)
                  00006610    00000004     HardwareSerial.obj (.text:_ZN5Print17availableForWriteEv)
                  00006614    00000004     rtsv7M4_T_le_v4SPD16_eabi.lib : new.cpp.obj (.text:_ZdlPvj)
                  00006618    00000004                                   : error.c.obj (.text:__abort_execution)
                  0000661c    00000004                                   : pre_init.c.obj (.text:_system_pre_init)
                  00006620    00000004                                   : exit.c.obj (.text:abort:abort)

.const     0    00006624    00000720     
                  00006624    00000070     driverlib.lib : interrupt.obj (.const)
                  00006694    0000006c                   : sysctl.obj (.const:g_pui32Xtals)
                  00006700    0000006a     USBKeyboardDevice.obj (.const:_ZN43_INTERNAL_21_USBKeyboardDevice_cpp_497fa7839usbdevice14g_pcUsageCodesE)
                  0000676a    00000002     main.obj (.const:.string:$P$T1$2)
                  0000676c    00000058     usblib.lib : usbdcdc.obj (.const)
                  000067c4    00000040     SPI.obj (.const:g_ulSSIConfig)
                  00006804    0000003f     usblib.lib : usbdhidkeyb.obj (.const:.string:g_pui8KeybReportDescriptor)
                  00006843    00000036     usb_structs.obj (.const:.string:g_pui8ConfigString)
                  00006879    00000002     main.obj (.const:.string:$P$T2$3)
                  0000687b    00000001     --HOLE-- [fill = 0]
                  0000687c    00000034     usblib.lib : usbdenum.obj (.const:g_psUSBDStdRequests)
                  000068b0    00000034                : usbdhidkeyb.obj (.const)
                  000068e4    00000030                : usbdcdc.obj (.const:g_sCDCHandlers)
                  00006914    00000030                : usbdcomp.obj (.const:g_sCompHandlers)
                  00006944    00000030                : usbdhid.obj (.const:g_sHIDHandlers)
                  00006974    0000002e                : usbdcdc.obj (.const:.string)
                  000069a2    0000002c     usb_structs.obj (.const:.string:g_pui8ControlInterfaceString)
                  000069ce    00000025     rtsv7M4_T_le_v4SPD16_eabi.lib : typeinfo.c.obj (.const:.typeinfo:_ZTSN10__cxxabiv120__si_class_type_infoE)
                  000069f3    00000024     usb_structs.obj (.const:.string:g_pui8ManufacturerString)
                  00006a17    00000001     --HOLE-- [fill = 0]
                  00006a18    00000024     HardwareSerial.obj (.const:_ZTV14HardwareSerial)
                  00006a3c    00000024     HardwareSerial.obj (.const:_ZTV6Stream)
                  00006a60    00000024     Wire.obj (.const:_ZTV7TwoWire)
                  00006a84    00000023     usblib.lib : usbdcdc.obj (.const:.string:g_pui8CDCSerCommInterface)
                  00006aa7    00000022     rtsv7M4_T_le_v4SPD16_eabi.lib : typeinfo.c.obj (.const:.typeinfo:_ZTSN10__cxxabiv117__class_type_infoE)
                  00006ac9    00000022     USBKeyboardDevice.obj (.const:_ZN43_INTERNAL_21_USBKeyboardDevice_cpp_497fa7839usbdevice19g_pcUsageCodesShiftE)
                  00006aeb    00000001     --HOLE-- [fill = 0]
                  00006aec    00000020     HardwareSerial.obj (.const:g_ulUARTBase)
                  00006b0c    00000020     HardwareSerial.obj (.const:g_ulUARTInt)
                  00006b2c    00000020     Wire.obj (.const:g_uli2cConfig)
                  00006b4c    0000001a     usb_structs.obj (.const:.string:g_pui8ProductString)
                  00006b66    00000002     --HOLE-- [fill = 0]
                  00006b68    00000018     Print.obj (.const:_ZTV5Print)
                  00006b80    00000018     usb_structs.obj (.const:g_pui8StringDescriptors)
                  00006b98    00000012     usb_structs.obj (.const:.string:g_pui8SerialNumberString)
                  00006baa    00000011     HardwareSerial.obj (.const:.typeinfo:_ZTS14HardwareSerial)
                  00006bbb    00000001     --HOLE-- [fill = 0]
                  00006bbc    00000010     rtsv7M4_T_le_v4SPD16_eabi.lib : typeinfo.c.obj (.const:_ZTVN10__cxxabiv117__class_type_infoE)
                  00006bcc    00000010                                   : typeinfo.c.obj (.const:_ZTVN10__cxxabiv120__si_class_type_infoE)
                  00006bdc    00000010     SPI.obj (.const:g_ulSSIBase)
                  00006bec    00000010     SPI.obj (.const:g_ulSSIPeriph)
                  00006bfc    00000010     SPI.obj (.const:g_ulSSIPins)
                  00006c0c    00000010     SPI.obj (.const:g_ulSSIPort)
                  00006c1c    00000010     Wire.obj (.const:g_uli2cBase)
                  00006c2c    00000010     Wire.obj (.const:g_uli2cInt)
                  00006c3c    00000010     Wire.obj (.const:g_uli2cMasterBase)
                  00006c4c    00000010     Wire.obj (.const:g_uli2cPeriph)
                  00006c5c    00000010     Wire.obj (.const:g_uli2cSCLPins)
                  00006c6c    00000010     Wire.obj (.const:g_uli2cSDAPins)
                  00006c7c    00000010     Wire.obj (.const:g_uli2cSlaveBase)
                  00006c8c    0000000e     usblib.lib : usbdhidkeyb.obj (.const:.string)
                  00006c9a    0000000d     rtsv7M4_T_le_v4SPD16_eabi.lib : stdlib_typeinfo.cpp.obj (.const:.typeinfo:_ZTSSt9type_info)
                  00006ca7    00000001     --HOLE-- [fill = 0]
                  00006ca8    0000000c     HardwareSerial.obj (.const:.typeinfo:_ZTI14HardwareSerial)
                  00006cb4    0000000c     HardwareSerial.obj (.const:.typeinfo:_ZTI6Stream)
                  00006cc0    0000000c     Wire.obj (.const:.typeinfo:_ZTI7TwoWire)
                  00006ccc    0000000c     rtsv7M4_T_le_v4SPD16_eabi.lib : typeinfo.c.obj (.const:.typeinfo:_ZTIN10__cxxabiv117__class_type_infoE)
                  00006cd8    0000000c                                   : typeinfo.c.obj (.const:.typeinfo:_ZTIN10__cxxabiv120__si_class_type_infoE)
                  00006ce4    0000000c     uartstdio.obj (.const:g_ui32UARTInt)
                  00006cf0    0000000b     main.obj (.const)
                  00006cfb    00000009     usblib.lib : usbdcomp.obj (.const:.string)
                  00006d04    00000009     Wire.obj (.const:.typeinfo:_ZTS7TwoWire)
                  00006d0d    00000003     --HOLE-- [fill = 0]
                  00006d10    00000008     Print.obj (.const:.typeinfo:_ZTI5Print)
                  00006d18    00000008     rtsv7M4_T_le_v4SPD16_eabi.lib : stdlib_typeinfo.cpp.obj (.const:.typeinfo:_ZTISt9type_info)
                  00006d20    00000008     HardwareSerial.obj (.const:.typeinfo:_ZTS6Stream)
                  00006d28    00000007     Print.obj (.const:.typeinfo:_ZTS5Print)
                  00006d2f    00000006     main.obj (.const:.string:$P$T0$1)
                  00006d35    00000006     main.obj (.const:.string:$P$T3$4)
                  00006d3b    00000004     usb_structs.obj (.const:.string:g_pui8LangDescriptor)
                  00006d3f    00000001     --HOLE-- [fill = 0]
                  00006d40    00000004     usb_structs.obj (.const)

.cinit     0    00006d50    000000e0     
                  00006d50    000000b5     (.cinit..data.load) [load image, compression = lzss]
                  00006e05    00000003     --HOLE-- [fill = 0]
                  00006e08    0000000c     (__TI_handler_table)
                  00006e14    00000004     --HOLE-- [fill = 0]
                  00006e18    00000008     (.cinit..bss.load) [load image, compression = zero_init]
                  00006e20    00000010     (__TI_cinit_table)

.init_array 
*          0    00006d44    0000000c     
                  00006d44    00000004     Wire.obj (.init_array)
                  00006d48    00000004     SPI.obj (.init_array)
                  00006d4c    00000004     HardwareSerial.obj (.init_array)

.bss       0    20000000    00000cd4     UNINITIALIZED
                  20000000    00000400     uartstdio.obj (.bss:g_pcUARTTxBuffer)
                  20000400    0000026c     USBSerialDevice.obj (.bss:instance$2)
                  2000066c    00000110     usblib.lib : usbdma.obj (.bss:g_psUSBDMAInst)
                  2000077c    000000f8     USBCompDevice.obj (.bss:instance$2)
                  20000874    000000a4     USBKeyboardDevice.obj (.bss:instance$2)
                  20000918    00000080     uartstdio.obj (.bss:g_pcUARTRxBuffer)
                  20000998    00000050     usblib.lib : usbdenum.obj (.bss:g_psDCDInst)
                  200009e8    00000040                : usbdenum.obj (.bss:g_pui8DataBufferIn)
                  20000a28    00000040     (.common:_ZN7TwoWire8rxBufferE)
                  20000a68    00000040     (.common:_ZN7TwoWire8txBufferE)
                  20000aa8    00000038     HardwareSerial.obj (.bss:Serial1)
                  20000ae0    00000038     HardwareSerial.obj (.bss:Serial2)
                  20000b18    00000038     HardwareSerial.obj (.bss:Serial3)
                  20000b50    00000038     HardwareSerial.obj (.bss:Serial4)
                  20000b88    00000038     HardwareSerial.obj (.bss:Serial5)
                  20000bc0    00000038     HardwareSerial.obj (.bss:Serial6)
                  20000bf8    00000038     HardwareSerial.obj (.bss:Serial7)
                  20000c30    00000038     HardwareSerial.obj (.bss:Serial)
                  20000c68    00000018     (.common:g_pfnTickHandlers)
                  20000c80    00000018     (.common:g_pvTickInstance)
                  20000c98    00000010     Wire.obj (.bss:Wire)
                  20000ca8    00000008     uartstdio.obj (.bss)
                  20000cb0    00000004     USBCompDevice.obj (.bss)
                  20000cb4    00000004     USBKeyboardDevice.obj (.bss)
                  20000cb8    00000004     USBSerialDevice.obj (.bss)
                  20000cbc    00000004     (.common:g_pfnUSBModeCallback)
                  20000cc0    00000004     (.common:g_ppCompConfigDescriptors)
                  20000cc4    00000004     (.common:g_ppsDevInfo)
                  20000cc8    00000004     (.common:g_ui32ULPISupport)
                  20000ccc    00000004     (.common:ui32TxCount)
                  20000cd0    00000002     SPI.obj (.bss:SPI)
                  20000cd2    00000002     (.common:_ZN9usbdevice16g_sKeyboardStateE)

.stack     0    20000cd8    00000400     UNINITIALIZED
                  20000cd8    00000004     rtsv7M4_T_le_v4SPD16_eabi.lib : boot_cortex_m.c.obj (.stack)
                  20000cdc    000003fc     --HOLE--

.data      0    200010d8    00000144     UNINITIALIZED
                  200010d8    0000005e     usblib.lib : usbdcdc.obj (.data)
                  20001136    00000002     --HOLE--
                  20001138    00000038                : usbdhidkeyb.obj (.data)
                  20001170    00000015     uartstdio.obj (.data)
                  20001185    00000012     usblib.lib : usbdcomp.obj (.data)
                  20001197    00000012                : usbdhid.obj (.data)
                  200011a9    00000003     buttons.obj (.data)
                  200011ac    00000010     USBKeyboardDevice.obj (.data)
                  200011bc    0000000c     rtsv7M4_T_le_v4SPD16_eabi.lib : memory.c.obj (.data:$O1$$)
                  200011c8    0000000c     USBSerialDevice.obj (.data)
                  200011d4    0000000c     usblib.lib : usbtick.obj (.data)
                  200011e0    00000009     Wire.obj (.data)
                  200011e9    00000003     --HOLE--
                  200011ec    00000009     usblib.lib : usbmode.obj (.data)
                  200011f5    00000003     --HOLE--
                  200011f8    00000008     rtsv7M4_T_le_v4SPD16_eabi.lib : _lock.c.obj (.data:$O1$$)
                  20001200    00000008     usblib.lib : usbdenum.obj (.data)
                  20001208    00000006     main.obj (.data)
                  2000120e    00000002     --HOLE--
                  20001210    00000004     USBCompDevice.obj (.data)
                  20001214    00000004     main.obj (.data:currentUid)
                  20001218    00000004     tm4c123gh6pm_startup_ccs.obj (.data)

.sysmem    0    20001220    00000008     UNINITIALIZED
                  20001220    00000008     rtsv7M4_T_le_v4SPD16_eabi.lib : memory.c.obj (.sysmem)

MODULE SUMMARY

       Module                         code    ro data   rw data
       ------                         ----    -------   -------
    .\drivers\
       buttons.obj                    104     0         3      
    +--+------------------------------+-------+---------+---------+
       Total:                         104     0         3      
                                                               
    .\src\
       main.obj                       1744    27        16     
       tm4c123gh6pm_startup_ccs.obj   28      620       4      
    +--+------------------------------+-------+---------+---------+
       Total:                         1772    647       20     
                                                               
    .\src\energia\
       Wire.obj                       1258    205       153    
       HardwareSerial.obj             572     189       448    
       SPI.obj                        364     132       2      
       Print.obj                      46      39        0      
    +--+------------------------------+-------+---------+---------+
       Total:                         2240    565       603    
                                                               
    .\src\rfid\
       MFRC522.obj                    2002    0         0      
    +--+------------------------------+-------+---------+---------+
       Total:                         2002    0         0      
                                                               
    .\src\usb\
       USBSerialDevice.obj            1039    0         636    
       USBKeyboardDevice.obj          620     140       184    
       USBCompDevice.obj              212     0         256    
       usb_structs.obj                0       210       0      
    +--+------------------------------+-------+---------+---------+
       Total:                         1871    350       1076   
                                                               
    .\utils\
       uartstdio.obj                  698     12        1181   
    +--+------------------------------+-------+---------+---------+
       Total:                         698     12        1181   
                                                               
    C:/ti/tivaware_c_series_2_1_4_178/driverlib/ccs/Debug/driverlib.lib
       usb.obj                        1354    0         0      
       sysctl.obj                     430     108       0      
       interrupt.obj                  340     112       0      
       udma.obj                       328     0         0      
       i2c.obj                        48      0         0      
       cpu.obj                        24      0         0      
    +--+------------------------------+-------+---------+---------+
       Total:                         2524    220       0      
                                                               
    C:/ti/tivaware_c_series_2_1_4_178/usblib/ccs/Debug/usblib.lib
       usbdenum.obj                   2904    52        160    
       usbdcdc.obj                    2008    217       94     
       usbdma.obj                     2008    0         272    
       usbdhid.obj                    1770    48        18     
       usbdcomp.obj                   1624    57        22     
       usbdhidkeyb.obj                652     129       56     
       usbbuffer.obj                  646     0         0      
       usbdconfig.obj                 576     0         0      
       usbdcdesc.obj                  356     0         0      
       usbringbuf.obj                 350     0         0      
       usbtick.obj                    160     0         60     
       usbdesc.obj                    86      0         0      
       usbulpi.obj                    82      0         0      
       usbmode.obj                    36      0         13     
       usbdhandler.obj                24      0         0      
    +--+------------------------------+-------+---------+---------+
       Total:                         13282   503       695    
                                                               
    C:\ti\ccsv8\tools\compiler\ti-cgt-arm_18.1.3.LTS\lib\rtsv7M4_T_le_v4SPD16_eabi.lib
       memory.c.obj                   372     0         12     
       typeinfo.c.obj                 36      127       0      
       memcpy_t2.asm.obj              156     0         0      
       memset_t2.asm.obj              122     0         0      
       copy_decompress_lzss.c.obj     104     0         0      
       autoinit.c.obj                 96      0         0      
       boot_cortex_m.c.obj            56      0         0      
       stdlib_typeinfo.cpp.obj        2       21        0      
       guard.c.obj                    22      0         0      
       copy_decompress_none.c.obj     14      0         0      
       copy_zero_init.c.obj           12      0         0      
       new.cpp.obj                    12      0         0      
       _lock.c.obj                    2       0         8      
       pure_virt.c.obj                6       0         0      
       error.c.obj                    4       0         0      
       exit.c.obj                     4       0         0      
       pre_init.c.obj                 4       0         0      
    +--+------------------------------+-------+---------+---------+
       Total:                         1024    148       20     
                                                               
       Heap:                          0       0         8      
       Stack:                         0       0         1024   
       Linker Generated:              0       217       0      
    +--+------------------------------+-------+---------+---------+
       Grand Total:                   25517   2662      4630   


LINKER GENERATED COPY TABLES

__TI_cinit_table @ 00006e20 records: 2, size/record: 8, table size: 16
	.data: load addr=00006d50, load size=000000b5 bytes, run addr=200010d8, run size=00000144 bytes, compression=lzss
	.bss: load addr=00006e18, load size=00000008 bytes, run addr=20000000, run size=00000cd4 bytes, compression=zero_init


LINKER GENERATED HANDLER TABLE

__TI_handler_table @ 00006e08 records: 3, size/record: 4, table size: 12
	index: 0, handler: __TI_decompress_lzss
	index: 1, handler: __TI_decompress_none
	index: 2, handler: __TI_zero_init


GLOBAL SYMBOLS: SORTED ALPHABETICALLY BY Name 

address   name                                                                  
-------   ----                                                                  
000008df  BuildCompositeDescriptor                                              
00003a19  ButtonsInit                                                           
00006621  C$$EXIT                                                               
00006475  CPUcpsid                                                              
00006481  CPUcpsie                                                              
000065b3  I2CSlaveDataPut                                                       
0000635d  I2CSlaveEnable                                                        
000063db  I2CSlaveInit                                                          
0000648d  I2CSlaveIntEnableEx                                                   
00003a81  IntDisable                                                            
00003ae9  IntEnable                                                             
00003db1  IntIsEnabled                                                          
0000636d  IntMasterDisable                                                      
0000637d  IntMasterEnable                                                       
00004f9d  InternalUSBRegisterTickHandler                                        
00004fd5  InternalUSBStartOfFrameTick                                           
00005675  InternalUSBTickInit                                                   
00006d40  NUM_STRING_DESCRIPTORS                                                
00003711  ProcessDataFromHost                                                   
000038d5  ProcessDataToHost                                                     
0000554b  ProcessNotificationToHost                                             
000065b9  ResetISR                                                              
00006d44  SHT$$INIT_ARRAY$$Base                                                 
00006d50  SHT$$INIT_ARRAY$$Limit                                                
20000cd0  SPI                                                                   
20000c30  Serial                                                                
20000aa8  Serial1                                                               
20000ae0  Serial2                                                               
20000b18  Serial3                                                               
20000b50  Serial4                                                               
20000b88  Serial5                                                               
20000bc0  Serial6                                                               
20000bf8  Serial7                                                               
000017c5  SysCtlClockGet                                                        
000065bf  SysCtlDelay                                                           
00005349  SysCtlPeripheralEnable                                                
000044a5  SysCtlPeripheralReset                                                 
00006209  SysCtlUSBPLLEnable                                                    
0000638d  SysTickIntHandler                                                     
00000c75  UARTStdioIntHandler                                                   
00002881  UARTwrite                                                             
00004451  ULPIConfigSet                                                         
0000606d  USB0DeviceIntHandler                                                  
00003e15  USBBufferEventCallback                                                
000065c5  USBBufferFlush                                                        
00006085  USBBufferInit                                                         
000059bf  USBBufferRead                                                         
00005733  USBBufferWrite                                                        
00006529  USBClockEnable                                                        
00006533  USBControllerVersion                                                  
00001d81  USBDCDCCompositeInit                                                  
00002d5d  USBDCDCPacketRead                                                     
00004061  USBDCDCPacketWrite                                                    
00005761  USBDCDCRxPacketAvailable                                              
0000621d  USBDCDCTxPacketAvailable                                              
000044f5  USBDCDConfigDescGet                                                   
000058c7  USBDCDConfigDescGetNum                                                
00005fd5  USBDCDConfigDescGetSize                                               
00005ec1  USBDCDConfigGetInterface                                              
000050ed  USBDCDConfigGetInterfaceEndpoint                                      
00004b6d  USBDCDDeviceInfoInit                                                  
0000609d  USBDCDFeatureGet                                                      
00000f35  USBDCDInit                                                            
00006231  USBDCDRequestDataEP0                                                  
00006245  USBDCDSendDataEP0                                                     
00005edd  USBDCDStallEP0                                                        
000021b5  USBDCompositeInit                                                     
00001ca1  USBDHIDCompositeInit                                                  
000029d1  USBDHIDKeyboardCompositeInit                                          
000030a9  USBDHIDKeyboardKeyStateChange                                         
000048df  USBDHIDReportWrite                                                    
000063f7  USBDHIDTxPacketAvailable                                              
0000653d  USBDMAChannelAddressSet                                               
00006259  USBDMAChannelConfigSet                                                
00006547  USBDMAChannelCountSet                                                 
000062f1  USBDMAChannelDisable                                                  
00006303  USBDMAChannelEnable                                                   
00006315  USBDMAChannelIntDisable                                               
00006327  USBDMAChannelIntEnable                                                
000065cb  USBDMAChannelIntStatus                                                
00006405  USBDMAChannelStatus                                                   
00005817  USBDescGet                                                            
000058f1  USBDescGetNum                                                         
000065fd  USBDevAddrSet                                                         
00006551  USBDevConnect                                                         
0000655b  USBDevDisconnect                                                      
00003441  USBDevEndpointConfigSet                                               
0000591b  USBDevEndpointDataAck                                                 
0000557d  USBDevEndpointStall                                                   
00004929  USBDevEndpointStallClear                                              
000041e1  USBDevEndpointStatusClear                                             
000065d1  USBDevLPMConfig                                                       
00006413  USBDevLPMDisable                                                      
00006421  USBDevLPMEnable                                                       
00006583  USBDevMode                                                            
00001325  USBDeviceConfig                                                       
00002f09  USBDeviceConfigAlternate                                              
00001e59  USBDeviceEnumHandler                                                  
00004a05  USBDeviceEnumResetHandler                                             
000011d5  USBDeviceIntHandlerInternal                                           
00004545  USBDeviceResumeTickHandler                                            
00005fef  USBEndpointDMAChannel                                                 
0000471d  USBEndpointDMAConfigSet                                               
00005b47  USBEndpointDMADisable                                                 
00005b6b  USBEndpointDMAEnable                                                  
00005ef9  USBEndpointDataAvail                                                  
00004b25  USBEndpointDataGet                                                    
000052a9  USBEndpointDataPut                                                    
0000537d  USBEndpointDataSend                                                   
00006499  USBEndpointPacketCountSet                                             
0000639d  USBEndpointStatus                                                     
0000658b  USBFIFOAddrGet                                                        
00004f2b  USBFIFOConfigSet                                                      
0000626d  USBHostResume                                                         
00005a11  USBIntEnableControl                                                   
00006159  USBIntEnableEndpoint                                                  
00005125  USBIntStatusControl                                                   
00006565  USBIntStatusEndpoint                                                  
000064a5  USBLPMIntEnable                                                       
000065d7  USBLPMIntStatus                                                       
00000dd5  USBLibDMAInit                                                         
00006593  USBOTGMode                                                            
00005d91  USBRingBufAdvanceRead                                                 
0000515d  USBRingBufAdvanceWrite                                                
00005e11  USBRingBufContigFree                                                  
000063ad  USBRingBufContigUsed                                                  
0000616f  USBRingBufFlush                                                       
00006339  USBRingBufFree                                                        
000064b1  USBRingBufInit                                                        
00005f15  USBRingBufRead                                                        
00006185  USBRingBufReadOne                                                     
0000619b  USBRingBufUsed                                                        
00005f31  USBRingBufWrite                                                       
000063bd  USBRingBufWriteOne                                                    
00005b91  USBStackModeSet                                                       
0000642f  USBULPIDisable                                                        
0000643d  USBULPIEnable                                                         
00005e2f  USBULPIRegRead                                                        
00005e4d  USBULPIRegWrite                                                       
20000c98  Wire                                                                  
00001595  _Z12configureUSBv                                                     
0000369d  _Z14ControlHandlerPvjjS_                                              
00006601  _Z15USBEventHandlerPvjjS_                                             
00005a39  _Z18USBKeyboardHandlerPvjjS_                                          
00002715  _Z21handleGeneralRequestsPhP5State                                    
00005bb5  _Z5delayi                                                             
00004bf5  _Z9RxHandlerPvjjS_                                                    
00006605  _Z9TxHandlerPvjjS_                                                    
0000644b  _ZN10__cxxabiv117__class_type_infoD0Ev                                
00006609  _ZN10__cxxabiv117__class_type_infoD1Ev                                
00006609  _ZN10__cxxabiv117__class_type_infoD2Ev                                
00006459  _ZN10__cxxabiv120__si_class_type_infoD0Ev                             
0000660d  _ZN10__cxxabiv120__si_class_type_infoD1Ev                             
0000660d  _ZN10__cxxabiv120__si_class_type_infoD2Ev                             
0000065d  _ZN11rfid_reader7MFRC52211select_PICCEPNS_3UidEh                      
00003bb9  _ZN11rfid_reader7MFRC52212REQA_or_WUPAEhPhS1_                         
00003c1f  _ZN11rfid_reader7MFRC52212calculateCRCEPhhS1_                         
00004769  _ZN11rfid_reader7MFRC52212readRegisterENS_12PCD_RegisterE             
00002289  _ZN11rfid_reader7MFRC52212readRegisterENS_12PCD_RegisterEhPhh         
00004a4d  _ZN11rfid_reader7MFRC52213writeRegisterENS_12PCD_RegisterEh           
0000429d  _ZN11rfid_reader7MFRC52213writeRegisterENS_12PCD_RegisterEhPh         
00006295  _ZN11rfid_reader7MFRC52214readCardSerialEv                            
00005945  _ZN11rfid_reader7MFRC52214transceiveDataEPhhS1_S1_S1_hb               
00005db1  _ZN11rfid_reader7MFRC52216isNewCardPresentEv                          
000061b1  _ZN11rfid_reader7MFRC52218setRegisterBitMaskENS_12PCD_RegisterEh      
0000146d  _ZN11rfid_reader7MFRC52219communicateWithPICCEhhPhhS1_S1_S1_hb        
00006009  _ZN11rfid_reader7MFRC52220clearRegisterBitMaskENS_12PCD_RegisterEh    
000039ad  _ZN11rfid_reader7MFRC5224initEv                                       
00005dd1  _ZN11rfid_reader7MFRC5225delayEi                                      
00005e6b  _ZN11rfid_reader7MFRC5229antennaOnEv                                  
00005f4d  _ZN11rfid_reader7MFRC5229softResetEv                                  
00004595  _ZN11rfid_reader7MFRC522C1Ev                                          
00004595  _ZN11rfid_reader7MFRC522C2Ev                                          
000035ad  _ZN14HardwareSerial13primeTransmitEm                                  
0000634b  _ZN14HardwareSerial4peekEv                                            
00005ad9  _ZN14HardwareSerial4readEv                                            
00005845  _ZN14HardwareSerial5flushEv                                           
00004121  _ZN14HardwareSerial5writeEh                                           
000061c7  _ZN14HardwareSerial9availableEv                                       
00004d41  _ZN14HardwareSerialC1Em                                               
00004d81  _ZN14HardwareSerialC1Ev                                               
00004d41  _ZN14HardwareSerialC2Em                                               
00004d81  _ZN14HardwareSerialC2Ev                                               
00006611  _ZN5Print17availableForWriteEv                                        
0000312f  _ZN5Print5flushEv                                                     
0000578f  _ZN5Print5writeEPKhj                                                  
200011e0  _ZN7TwoWire11rxReadIndexE                                             
200011e3  _ZN7TwoWire11txReadIndexE                                             
200011e8  _ZN7TwoWire12currentStateE                                            
200011e1  _ZN7TwoWire12rxWriteIndexE                                            
200011e6  _ZN7TwoWire12slaveAddressE                                            
200011e7  _ZN7TwoWire12transmittingE                                            
200011e4  _ZN7TwoWire12txWriteIndexE                                            
00005bd9  _ZN7TwoWire4peekEv                                                    
000053b1  _ZN7TwoWire4readEv                                                    
00001ad1  _ZN7TwoWire5beginEh                                                   
00000ad5  _ZN7TwoWire5beginEv                                                   
00005df1  _ZN7TwoWire5flushEv                                                   
00005ccd  _ZN7TwoWire5writeEPKhj                                                
00003131  _ZN7TwoWire5writeEh                                                   
20000a28  _ZN7TwoWire8rxBufferE                                                 
20000a68  _ZN7TwoWire8txBufferE                                                 
00005f69  _ZN7TwoWire9availableEv                                               
00001f31  _ZN7TwoWire9forceStopEv                                               
200011e5  _ZN7TwoWire9i2cModuleE                                                
00005f85  _ZN7TwoWire9setModuleEm                                               
200011e2  _ZN7TwoWire9txAddressE                                                
00005bfd  _ZN7TwoWireC1Ev                                                       
00005bfd  _ZN7TwoWireC2Ev                                                       
000018d5  _ZN8SPIClass5beginEv                                                  
00004a95  _ZN8SPIClass8transferEh                                               
000065dd  _ZN8SPIClass9setModuleEh                                              
0000656f  _ZN8SPIClassC1Ev                                                      
0000656f  _ZN8SPIClassC2Ev                                                      
000053e5  _ZN9usbdevice13USBCompDevice11getInstanceEv                           
20001210  _ZN9usbdevice13USBCompDevice12eventHandlerE                           
000064bd  _ZN9usbdevice13USBCompDevice20registerEventHandlerEPFYjPvjjS1_E       
00004e3d  _ZN9usbdevice13USBCompDevice4initEv                                   
000042f9  _ZN9usbdevice13USBCompDeviceC1EPFYjPvjjS1_E                           
000042f9  _ZN9usbdevice13USBCompDeviceC2EPFYjPvjjS1_E                           
000061dd  _ZN9usbdevice15USBSerialDevice10initBufferEv                          
00004dff  _ZN9usbdevice15USBSerialDevice10readBufferEv                          
00004c39  _ZN9usbdevice15USBSerialDevice11getInstanceEv                         
00004c7d  _ZN9usbdevice15USBSerialDevice12disconnectedEv                        
00002f95  _ZN9usbdevice15USBSerialDevice13GetLineCodingEP11tLineCoding          
000031b5  _ZN9usbdevice15USBSerialDevice13SetLineCodingEP11tLineCoding          
200011c8  _ZN9usbdevice15USBSerialDevice14controlHandlerE                       
00003783  _ZN9usbdevice15USBSerialDevice15getSerialDeviceEv                     
000057bd  _ZN9usbdevice15USBSerialDevice16popReceiveBufferEv                    
00005419  _ZN9usbdevice15USBSerialDevice17pushReceiveBufferEh                   
000064c9  _ZN9usbdevice15USBSerialDevice17registerRxHandlerEPFYjPvjjS1_E        
000064d5  _ZN9usbdevice15USBSerialDevice17registerTxHandlerEPFYjPvjjS1_E        
00003a17  _ZN9usbdevice15USBSerialDevice19SetControlLineStateEt                 
000045e5  _ZN9usbdevice15USBSerialDevice20USBUARTPrimeTransmitEv                
000064e1  _ZN9usbdevice15USBSerialDevice22registerControlHandlerEPFYjPvjjS1_E   
000065e3  _ZN9usbdevice15USBSerialDevice5writeEPhj                              
00005195  _ZN9usbdevice15USBSerialDevice9SendBreakEb                            
00004635  _ZN9usbdevice15USBSerialDevice9connectedEv                            
200011cc  _ZN9usbdevice15USBSerialDevice9rxHandlerE                             
200011d0  _ZN9usbdevice15USBSerialDevice9txHandlerE                             
00002419  _ZN9usbdevice15USBSerialDeviceC1EPFYjPvjjS1_ES3_S3_                   
00002419  _ZN9usbdevice15USBSerialDeviceC2EPFYjPvjjS1_ES3_S3_                   
20000cd2  _ZN9usbdevice16g_sKeyboardStateE                                      
0000544d  _ZN9usbdevice17USBKeyboardDevice11getInstanceEv                       
00005a61  _ZN9usbdevice17USBKeyboardDevice12GetUsageCodeEcb                     
000024d9  _ZN9usbdevice17USBKeyboardDevice14USBWriteStringEPKci                 
200011ac  _ZN9usbdevice17USBKeyboardDevice15keyboardHandlerE                    
00003625  _ZN9usbdevice17USBKeyboardDevice17USBKeyboardUpdateEhhb               
0000429b  _ZN9usbdevice17USBKeyboardDevice17getKeyboardDeviceEv                 
000060e5  _ZN9usbdevice17USBKeyboardDevice17releaseSpecialKeyEv                 
000033c1  _ZN9usbdevice17USBKeyboardDevice22USBPressKeyCombinationEhPKhi        
000064ed  _ZN9usbdevice17USBKeyboardDevice23registerKeyboardHandlerEPFYjPvjjS1_E
000055af  _ZN9usbdevice17USBKeyboardDeviceC1EPFYjPvjjS1_E                       
000055af  _ZN9usbdevice17USBKeyboardDeviceC2EPFYjPvjjS1_E                       
000044a3  _ZNSt9type_infoD1Ev                                                   
000044a3  _ZNSt9type_infoD2Ev                                                   
00006621  _ZSt17__throw_bad_allocv                                              
00006ca8  _ZTI14HardwareSerial                                                  
00006d10  _ZTI5Print                                                            
00006cb4  _ZTI6Stream                                                           
00006cc0  _ZTI7TwoWire                                                          
00006ccc  _ZTIN10__cxxabiv117__class_type_infoE                                 
00006cd8  _ZTIN10__cxxabiv120__si_class_type_infoE                              
00006d18  _ZTISt9type_info                                                      
00006baa  _ZTS14HardwareSerial                                                  
00006d28  _ZTS5Print                                                            
00006d20  _ZTS6Stream                                                           
00006d04  _ZTS7TwoWire                                                          
00006aa7  _ZTSN10__cxxabiv117__class_type_infoE                                 
000069ce  _ZTSN10__cxxabiv120__si_class_type_infoE                              
00006c9a  _ZTSSt9type_info                                                      
00006a18  _ZTV14HardwareSerial                                                  
00006b68  _ZTV5Print                                                            
00006a3c  _ZTV6Stream                                                           
00006a60  _ZTV7TwoWire                                                          
00006bbc  _ZTVN10__cxxabiv117__class_type_infoE                                 
00006bcc  _ZTVN10__cxxabiv120__si_class_type_infoE                              
0000659b  _ZdlPv                                                                
00006615  _ZdlPvj                                                               
200010d8  __STACK_END                                                           
00000400  __STACK_SIZE                                                          
20000ed8  __STACK_TOP                                                           
00000008  __SYSMEM_SIZE                                                         
00006e20  __TI_CINIT_Base                                                       
00006e30  __TI_CINIT_Limit                                                      
00006e08  __TI_Handler_Table_Base                                               
00006e14  __TI_Handler_Table_Limit                                              
00004181  __TI_auto_init_nobinit                                                
00003b51  __TI_decompress_lzss                                                  
00006467  __TI_decompress_none                                                  
ffffffff  __TI_pprof_out_hndl                                                   
ffffffff  __TI_prof_data_size                                                   
[...]
00005a39  _Z18USBKeyboardHandlerPvjjS_                                          
00005a61  _ZN9usbdevice17USBKeyboardDevice12GetUsageCodeEcb                     
00005ab1  uDMAChannelModeGet                                                    
00005ad9  _ZN14HardwareSerial4readEv                                            
00005b47  USBEndpointDMADisable                                                 
00005b6b  USBEndpointDMAEnable                                                  
00005b91  USBStackModeSet                                                       
00005bb5  _Z5delayi                                                             
00005bd9  _ZN7TwoWire4peekEv                                                    
00005bfd  _ZN7TwoWireC1Ev                                                       
00005bfd  _ZN7TwoWireC2Ev                                                       
00005c21  uDMAChannelControlSet                                                 
00005ccd  _ZN7TwoWire5writeEPKhj                                                
00005d91  USBRingBufAdvanceRead                                                 
00005db1  _ZN11rfid_reader7MFRC52216isNewCardPresentEv                          
00005dd1  _ZN11rfid_reader7MFRC5225delayEi                                      
00005df1  _ZN7TwoWire5flushEv                                                   
00005e11  USBRingBufContigFree                                                  
00005e2f  USBULPIRegRead                                                        
00005e4d  USBULPIRegWrite                                                       
00005e6b  _ZN11rfid_reader7MFRC5229antennaOnEv                                  
00005ec1  USBDCDConfigGetInterface                                              
00005edd  USBDCDStallEP0                                                        
00005ef9  USBEndpointDataAvail                                                  
00005f15  USBRingBufRead                                                        
00005f31  USBRingBufWrite                                                       
00005f4d  _ZN11rfid_reader7MFRC5229softResetEv                                  
00005f69  _ZN7TwoWire9availableEv                                               
00005f85  _ZN7TwoWire9setModuleEm                                               
00005fd5  USBDCDConfigDescGetSize                                               
00005fef  USBEndpointDMAChannel                                                 
00006009  _ZN11rfid_reader7MFRC52220clearRegisterBitMaskENS_12PCD_RegisterEh    
0000606d  USB0DeviceIntHandler                                                  
00006085  USBBufferInit                                                         
0000609d  USBDCDFeatureGet                                                      
000060e5  _ZN9usbdevice17USBKeyboardDevice17releaseSpecialKeyEv                 
000060fd  uDMAChannelDisable                                                    
00006115  uDMAChannelEnable                                                     
00006159  USBIntEnableEndpoint                                                  
0000616f  USBRingBufFlush                                                       
00006185  USBRingBufReadOne                                                     
0000619b  USBRingBufUsed                                                        
000061b1  _ZN11rfid_reader7MFRC52218setRegisterBitMaskENS_12PCD_RegisterEh      
000061c7  _ZN14HardwareSerial9availableEv                                       
000061dd  _ZN9usbdevice15USBSerialDevice10initBufferEv                          
00006209  SysCtlUSBPLLEnable                                                    
0000621d  USBDCDCTxPacketAvailable                                              
00006231  USBDCDRequestDataEP0                                                  
00006245  USBDCDSendDataEP0                                                     
00006259  USBDMAChannelConfigSet                                                
0000626d  USBHostResume                                                         
00006295  _ZN11rfid_reader7MFRC52214readCardSerialEv                            
000062f1  USBDMAChannelDisable                                                  
00006303  USBDMAChannelEnable                                                   
00006315  USBDMAChannelIntDisable                                               
00006327  USBDMAChannelIntEnable                                                
00006339  USBRingBufFree                                                        
0000634b  _ZN14HardwareSerial4peekEv                                            
0000635d  I2CSlaveEnable                                                        
0000636d  IntMasterDisable                                                      
0000637d  IntMasterEnable                                                       
0000638d  SysTickIntHandler                                                     
0000639d  USBEndpointStatus                                                     
000063ad  USBRingBufContigUsed                                                  
000063bd  USBRingBufWriteOne                                                    
000063db  I2CSlaveInit                                                          
000063f7  USBDHIDTxPacketAvailable                                              
00006405  USBDMAChannelStatus                                                   
00006413  USBDevLPMDisable                                                      
00006421  USBDevLPMEnable                                                       
0000642f  USBULPIDisable                                                        
0000643d  USBULPIEnable                                                         
0000644b  _ZN10__cxxabiv117__class_type_infoD0Ev                                
00006459  _ZN10__cxxabiv120__si_class_type_infoD0Ev                             
00006467  __TI_decompress_none                                                  
00006475  CPUcpsid                                                              
00006481  CPUcpsie                                                              
0000648d  I2CSlaveIntEnableEx                                                   
00006499  USBEndpointPacketCountSet                                             
000064a5  USBLPMIntEnable                                                       
000064b1  USBRingBufInit                                                        
000064bd  _ZN9usbdevice13USBCompDevice20registerEventHandlerEPFYjPvjjS1_E       
000064c9  _ZN9usbdevice15USBSerialDevice17registerRxHandlerEPFYjPvjjS1_E        
000064d5  _ZN9usbdevice15USBSerialDevice17registerTxHandlerEPFYjPvjjS1_E        
000064e1  _ZN9usbdevice15USBSerialDevice22registerControlHandlerEPFYjPvjjS1_E   
000064ed  _ZN9usbdevice17USBKeyboardDevice23registerKeyboardHandlerEPFYjPvjjS1_E
000064f9  __cxa_guard_acquire                                                   
00006505  __sti___7_SPI_cpp_230ca784                                            
00006511  __sti___8_Wire_cpp_4e348ebc                                           
0000651d  __TI_zero_init                                                        
00006529  USBClockEnable                                                        
00006533  USBControllerVersion                                                  
0000653d  USBDMAChannelAddressSet                                               
00006547  USBDMAChannelCountSet                                                 
00006551  USBDevConnect                                                         
0000655b  USBDevDisconnect                                                      
00006565  USBIntStatusEndpoint                                                  
0000656f  _ZN8SPIClassC1Ev                                                      
0000656f  _ZN8SPIClassC2Ev                                                      
00006579  __cxa_guard_release                                                   
00006583  USBDevMode                                                            
0000658b  USBFIFOAddrGet                                                        
00006593  USBOTGMode                                                            
0000659b  _ZdlPv                                                                
000065b3  I2CSlaveDataPut                                                       
000065b9  ResetISR                                                              
000065bf  SysCtlDelay                                                           
000065c5  USBBufferFlush                                                        
000065cb  USBDMAChannelIntStatus                                                
000065d1  USBDevLPMConfig                                                       
000065d7  USBLPMIntStatus                                                       
000065dd  _ZN8SPIClass9setModuleEh                                              
000065e3  _ZN9usbdevice15USBSerialDevice5writeEPhj                              
000065e9  __cxa_pure_virtual                                                    
000065fd  USBDevAddrSet                                                         
00006601  _Z15USBEventHandlerPvjjS_                                             
00006605  _Z9TxHandlerPvjjS_                                                    
00006609  _ZN10__cxxabiv117__class_type_infoD1Ev                                
00006609  _ZN10__cxxabiv117__class_type_infoD2Ev                                
0000660d  _ZN10__cxxabiv120__si_class_type_infoD1Ev                             
0000660d  _ZN10__cxxabiv120__si_class_type_infoD2Ev                             
00006611  _ZN5Print17availableForWriteEv                                        
00006615  _ZdlPvj                                                               
00006619  __abort_execution                                                     
0000661d  _system_pre_init                                                      
00006621  C$$EXIT                                                               
00006621  _ZSt17__throw_bad_allocv                                              
00006621  abort                                                                 
0000676c  g_sCDCSerConfigSection                                                
00006774  g_sIADSerConfigSection                                                
0000677c  g_sCDCSerCommInterfaceSection                                         
00006784  g_sCDCSerDataInterfaceSection                                         
0000678c  g_sCDCSerDataInterfaceSectionHS                                       
00006794  g_sCDCSerConfigHeader                                                 
0000679c  g_sCDCSerConfigHeaderHS                                               
000067a4  g_sCDCCompSerConfigHeader                                             
000067ac  g_sCDCCompSerConfigHeaderHS                                           
000067b4  g_ppCDCSerConfigDescriptors                                           
000067b8  g_ppCDCSerConfigDescriptorsHS                                         
000067bc  g_pCDCCompSerConfigDescriptors                                        
000067c0  g_pCDCCompSerConfigDescriptorsHS                                      
00006843  g_pui8ConfigString                                                    
000068e4  g_sCDCHandlers                                                        
00006914  g_sCompHandlers                                                       
00006944  g_sHIDHandlers                                                        
00006974  g_pui8CDCSerDataInterface                                             
0000698b  g_pui8CDCSerDataInterfaceHS                                           
000069a2  g_pui8ControlInterfaceString                                          
000069ce  _ZTSN10__cxxabiv120__si_class_type_infoE                              
000069f3  g_pui8ManufacturerString                                              
00006a18  _ZTV14HardwareSerial                                                  
00006a3c  _ZTV6Stream                                                           
00006a60  _ZTV7TwoWire                                                          
00006a84  g_pui8CDCSerCommInterface                                             
00006aa7  _ZTSN10__cxxabiv117__class_type_infoE                                 
00006b4c  g_pui8ProductString                                                   
00006b68  _ZTV5Print                                                            
00006b80  g_pui8StringDescriptors                                               
00006b98  g_pui8SerialNumberString                                              
00006baa  _ZTS14HardwareSerial                                                  
00006bbc  _ZTVN10__cxxabiv117__class_type_infoE                                 
00006bcc  _ZTVN10__cxxabiv120__si_class_type_infoE                              
00006c9a  _ZTSSt9type_info                                                      
00006ca8  _ZTI14HardwareSerial                                                  
00006cb4  _ZTI6Stream                                                           
00006cc0  _ZTI7TwoWire                                                          
00006ccc  _ZTIN10__cxxabiv117__class_type_infoE                                 
00006cd8  _ZTIN10__cxxabiv120__si_class_type_infoE                              
00006d04  _ZTS7TwoWire                                                          
00006d10  _ZTI5Print                                                            
00006d18  _ZTISt9type_info                                                      
00006d20  _ZTS6Stream                                                           
00006d28  _ZTS5Print                                                            
00006d3b  g_pui8LangDescriptor                                                  
00006d40  NUM_STRING_DESCRIPTORS                                                
00006d44  SHT$$INIT_ARRAY$$Base                                                 
00006d50  SHT$$INIT_ARRAY$$Limit                                                
00006e08  __TI_Handler_Table_Base                                               
00006e14  __TI_Handler_Table_Limit                                              
00006e20  __TI_CINIT_Base                                                       
00006e30  __TI_CINIT_Limit                                                      
20000998  g_psDCDInst                                                           
20000a28  _ZN7TwoWire8rxBufferE                                                 
20000a68  _ZN7TwoWire8txBufferE                                                 
20000aa8  Serial1                                                               
20000ae0  Serial2                                                               
20000b18  Serial3                                                               
20000b50  Serial4                                                               
20000b88  Serial5                                                               
20000bc0  Serial6                                                               
20000bf8  Serial7                                                               
20000c30  Serial                                                                
20000c68  g_pfnTickHandlers                                                     
20000c80  g_pvTickInstance                                                      
20000c98  Wire                                                                  
20000cc0  g_ppCompConfigDescriptors                                             
20000cc4  g_ppsDevInfo                                                          
20000ccc  ui32TxCount                                                           
20000cd0  SPI                                                                   
20000cd2  _ZN9usbdevice16g_sKeyboardStateE                                      
20000cd8  __stack                                                               
20000ed8  __STACK_TOP                                                           
200010d8  __STACK_END                                                           
200010d8  g_pui8CDCSerDeviceDescriptor                                          
200010ea  g_pui8CDCSerDescriptor                                                
200010f3  g_pui8IADSerDescriptor                                                
200010fc  g_psCDCSerSections                                                    
20001108  g_psCDCSerSectionsHS                                                  
20001114  g_psCDCCompSerSections                                                
20001124  g_psCDCCompSerSectionsHS                                              
20001197  g_pui8HIDDeviceDescriptor                                             
200011ac  _ZN9usbdevice17USBKeyboardDevice15keyboardHandlerE                    
200011c8  _ZN9usbdevice15USBSerialDevice14controlHandlerE                       
200011cc  _ZN9usbdevice15USBSerialDevice9rxHandlerE                             
200011d0  _ZN9usbdevice15USBSerialDevice9txHandlerE                             
200011d4  g_bUSBTimerInitialized                                                
200011d8  g_ui32CurrentUSBTick                                                  
200011dc  g_ui32USBSOFCount                                                     
200011e0  _ZN7TwoWire11rxReadIndexE                                             
200011e1  _ZN7TwoWire12rxWriteIndexE                                            
200011e2  _ZN7TwoWire9txAddressE                                                
200011e3  _ZN7TwoWire11txReadIndexE                                             
200011e4  _ZN7TwoWire12txWriteIndexE                                            
200011e5  _ZN7TwoWire9i2cModuleE                                                
200011e6  _ZN7TwoWire12slaveAddressE                                            
200011e7  _ZN7TwoWire12transmittingE                                            
200011e8  _ZN7TwoWire12currentStateE                                            
200011ec  g_iUSBMode                                                            
200011f0  g_ui32WaitTicks                                                       
200011f8  _lock                                                                 
200011fc  _unlock                                                               
20001208  cardMissing                                                           
2000120c  os                                                                    
2000120d  singleUser                                                            
20001210  _ZN9usbdevice13USBCompDevice12eventHandlerE                           
20001214  currentUid                                                            
20001218  g_ui32SysTickCount                                                    
20001220  _sys_memory                                                           
ffffffff  __TI_pprof_out_hndl                                                   
ffffffff  __TI_prof_data_size                                                   
ffffffff  __TI_prof_data_start                                                  
ffffffff  __binit__                                                             
ffffffff  __c_args__                                                            
ffffffff  binit                                                                 
UNDEFED   __mpu_init                                                            
UNDEFED   _system_post_cinit                                                    

[386 symbols]
